Archive member included to satisfy reference by file (symbol)

/usr/lib/gcc/arm-none-eabi/9.2.1/thumb/v7e-m/nofp/libgcc.a(_arm_mulsf3.o)
                              CMakeFiles/accelerotor.elf.dir/Core/Src/main.c.obj (__aeabi_fmul)
/usr/lib/gcc/arm-none-eabi/9.2.1/thumb/v7e-m/nofp/libgcc.a(_arm_addsubsf3.o)
                              CMakeFiles/accelerotor.elf.dir/Core/Src/main.c.obj (__aeabi_fsub)
/usr/lib/gcc/arm-none-eabi/9.2.1/thumb/v7e-m/nofp/libgcc.a(_arm_muldivsf3.o)
                              CMakeFiles/accelerotor.elf.dir/Core/Src/main.c.obj (__aeabi_fdiv)
/usr/lib/gcc/arm-none-eabi/9.2.1/thumb/v7e-m/nofp/libgcc.a(_arm_cmpsf2.o)
                              CMakeFiles/accelerotor.elf.dir/Core/Src/main.c.obj (__aeabi_fcmplt)
/usr/lib/gcc/arm-none-eabi/9.2.1/thumb/v7e-m/nofp/libgcc.a(_arm_fixsfsi.o)
                              CMakeFiles/accelerotor.elf.dir/Core/Src/main.c.obj (__aeabi_f2iz)
/usr/lib/gcc/arm-none-eabi/9.2.1/thumb/v7e-m/nofp/libgcc.a(_arm_fixunssfsi.o)
                              CMakeFiles/accelerotor.elf.dir/Core/Src/main.c.obj (__aeabi_f2uiz)
/usr/lib/gcc/arm-none-eabi/9.2.1/thumb/v7e-m/nofp/libgcc.a(_aeabi_uldivmod.o)
                              CMakeFiles/accelerotor.elf.dir/Drivers/STM32F4xx_HAL_Driver/Src/stm32f4xx_hal_rcc.c.obj (__aeabi_uldivmod)
/usr/lib/gcc/arm-none-eabi/9.2.1/thumb/v7e-m/nofp/libgcc.a(_udivmoddi4.o)
                              /usr/lib/gcc/arm-none-eabi/9.2.1/thumb/v7e-m/nofp/libgcc.a(_aeabi_uldivmod.o) (__udivmoddi4)
/usr/lib/gcc/arm-none-eabi/9.2.1/thumb/v7e-m/nofp/libgcc.a(_dvmd_tls.o)
                              /usr/lib/gcc/arm-none-eabi/9.2.1/thumb/v7e-m/nofp/libgcc.a(_aeabi_uldivmod.o) (__aeabi_ldiv0)
/usr/lib/gcc/arm-none-eabi/9.2.1/../../../arm-none-eabi/lib/thumb/v7e-m/nofp/libg_nano.a(lib_a-atexit.o)
                              /usr/lib/gcc/arm-none-eabi/9.2.1/../../../arm-none-eabi/lib/thumb/v7e-m/nofp/crt0.o (atexit)
/usr/lib/gcc/arm-none-eabi/9.2.1/../../../arm-none-eabi/lib/thumb/v7e-m/nofp/libg_nano.a(lib_a-errno.o)
                              CMakeFiles/accelerotor.elf.dir/Core/Src/syscalls.c.obj (__errno)
/usr/lib/gcc/arm-none-eabi/9.2.1/../../../arm-none-eabi/lib/thumb/v7e-m/nofp/libg_nano.a(lib_a-exit.o)
                              /usr/lib/gcc/arm-none-eabi/9.2.1/../../../arm-none-eabi/lib/thumb/v7e-m/nofp/crt0.o (exit)
/usr/lib/gcc/arm-none-eabi/9.2.1/../../../arm-none-eabi/lib/thumb/v7e-m/nofp/libg_nano.a(lib_a-fini.o)
                              /usr/lib/gcc/arm-none-eabi/9.2.1/../../../arm-none-eabi/lib/thumb/v7e-m/nofp/crt0.o (__libc_fini_array)
/usr/lib/gcc/arm-none-eabi/9.2.1/../../../arm-none-eabi/lib/thumb/v7e-m/nofp/libg_nano.a(lib_a-impure.o)
                              /usr/lib/gcc/arm-none-eabi/9.2.1/../../../arm-none-eabi/lib/thumb/v7e-m/nofp/libg_nano.a(lib_a-exit.o) (_global_impure_ptr)
/usr/lib/gcc/arm-none-eabi/9.2.1/../../../arm-none-eabi/lib/thumb/v7e-m/nofp/libg_nano.a(lib_a-init.o)
                              /usr/lib/gcc/arm-none-eabi/9.2.1/../../../arm-none-eabi/lib/thumb/v7e-m/nofp/crt0.o (__libc_init_array)
/usr/lib/gcc/arm-none-eabi/9.2.1/../../../arm-none-eabi/lib/thumb/v7e-m/nofp/libg_nano.a(lib_a-malloc.o)
                              CMakeFiles/accelerotor.elf.dir/Middlewares/ST/STM32_USB_Device_Library/Class/CDC/Src/usbd_cdc.c.obj (malloc)
/usr/lib/gcc/arm-none-eabi/9.2.1/../../../arm-none-eabi/lib/thumb/v7e-m/nofp/libg_nano.a(lib_a-memset.o)
                              /usr/lib/gcc/arm-none-eabi/9.2.1/../../../arm-none-eabi/lib/thumb/v7e-m/nofp/crt0.o (memset)
/usr/lib/gcc/arm-none-eabi/9.2.1/../../../arm-none-eabi/lib/thumb/v7e-m/nofp/libg_nano.a(lib_a-nano-freer.o)
                              /usr/lib/gcc/arm-none-eabi/9.2.1/../../../arm-none-eabi/lib/thumb/v7e-m/nofp/libg_nano.a(lib_a-malloc.o) (_free_r)
/usr/lib/gcc/arm-none-eabi/9.2.1/../../../arm-none-eabi/lib/thumb/v7e-m/nofp/libg_nano.a(lib_a-nano-mallocr.o)
                              /usr/lib/gcc/arm-none-eabi/9.2.1/../../../arm-none-eabi/lib/thumb/v7e-m/nofp/libg_nano.a(lib_a-malloc.o) (_malloc_r)
/usr/lib/gcc/arm-none-eabi/9.2.1/../../../arm-none-eabi/lib/thumb/v7e-m/nofp/libg_nano.a(lib_a-sbrkr.o)
                              /usr/lib/gcc/arm-none-eabi/9.2.1/../../../arm-none-eabi/lib/thumb/v7e-m/nofp/libg_nano.a(lib_a-nano-mallocr.o) (_sbrk_r)
/usr/lib/gcc/arm-none-eabi/9.2.1/../../../arm-none-eabi/lib/thumb/v7e-m/nofp/libg_nano.a(lib_a-__atexit.o)
                              /usr/lib/gcc/arm-none-eabi/9.2.1/../../../arm-none-eabi/lib/thumb/v7e-m/nofp/libg_nano.a(lib_a-atexit.o) (__register_exitproc)
/usr/lib/gcc/arm-none-eabi/9.2.1/../../../arm-none-eabi/lib/thumb/v7e-m/nofp/libg_nano.a(lib_a-__call_atexit.o)
                              /usr/lib/gcc/arm-none-eabi/9.2.1/../../../arm-none-eabi/lib/thumb/v7e-m/nofp/libg_nano.a(lib_a-__atexit.o) (__call_exitprocs)
/usr/lib/gcc/arm-none-eabi/9.2.1/../../../arm-none-eabi/lib/thumb/v7e-m/nofp/libg_nano.a(lib_a-mlock.o)
[...]
Memory Configuration

Name             Origin             Length             Attributes
RAM              0x0000000020000000 0x0000000000020000 xrw
FLASH            0x0000000008000000 0x0000000000080000 xr
*default*        0x0000000000000000 0xffffffffffffffff

Linker script and memory map

LOAD /usr/lib/gcc/arm-none-eabi/9.2.1/thumb/v7e-m/nofp/crti.o
LOAD /usr/lib/gcc/arm-none-eabi/9.2.1/thumb/v7e-m/nofp/crtbegin.o
LOAD /usr/lib/gcc/arm-none-eabi/9.2.1/../../../arm-none-eabi/lib/thumb/v7e-m/nofp/crt0.o
LOAD CMakeFiles/accelerotor.elf.dir/Core/Src/MPU6000.c.obj
LOAD CMakeFiles/accelerotor.elf.dir/Core/Src/main.c.obj
LOAD CMakeFiles/accelerotor.elf.dir/Core/Src/stm32f4xx_hal_msp.c.obj
LOAD CMakeFiles/accelerotor.elf.dir/Core/Src/stm32f4xx_it.c.obj
LOAD CMakeFiles/accelerotor.elf.dir/Core/Src/syscalls.c.obj
LOAD CMakeFiles/accelerotor.elf.dir/Core/Src/system_stm32f4xx.c.obj
LOAD CMakeFiles/accelerotor.elf.dir/Drivers/STM32F4xx_HAL_Driver/Src/stm32f4xx_hal.c.obj
LOAD CMakeFiles/accelerotor.elf.dir/Drivers/STM32F4xx_HAL_Driver/Src/stm32f4xx_hal_cortex.c.obj
LOAD CMakeFiles/accelerotor.elf.dir/Drivers/STM32F4xx_HAL_Driver/Src/stm32f4xx_hal_dma.c.obj
LOAD CMakeFiles/accelerotor.elf.dir/Drivers/STM32F4xx_HAL_Driver/Src/stm32f4xx_hal_dma_ex.c.obj
LOAD CMakeFiles/accelerotor.elf.dir/Drivers/STM32F4xx_HAL_Driver/Src/stm32f4xx_hal_exti.c.obj
LOAD CMakeFiles/accelerotor.elf.dir/Drivers/STM32F4xx_HAL_Driver/Src/stm32f4xx_hal_flash.c.obj
LOAD CMakeFiles/accelerotor.elf.dir/Drivers/STM32F4xx_HAL_Driver/Src/stm32f4xx_hal_flash_ex.c.obj
LOAD CMakeFiles/accelerotor.elf.dir/Drivers/STM32F4xx_HAL_Driver/Src/stm32f4xx_hal_flash_ramfunc.c.obj
LOAD CMakeFiles/accelerotor.elf.dir/Drivers/STM32F4xx_HAL_Driver/Src/stm32f4xx_hal_gpio.c.obj
LOAD CMakeFiles/accelerotor.elf.dir/Drivers/STM32F4xx_HAL_Driver/Src/stm32f4xx_hal_pcd.c.obj
LOAD CMakeFiles/accelerotor.elf.dir/Drivers/STM32F4xx_HAL_Driver/Src/stm32f4xx_hal_pcd_ex.c.obj
LOAD CMakeFiles/accelerotor.elf.dir/Drivers/STM32F4xx_HAL_Driver/Src/stm32f4xx_hal_pwr.c.obj
LOAD CMakeFiles/accelerotor.elf.dir/Drivers/STM32F4xx_HAL_Driver/Src/stm32f4xx_hal_pwr_ex.c.obj
LOAD CMakeFiles/accelerotor.elf.dir/Drivers/STM32F4xx_HAL_Driver/Src/stm32f4xx_hal_rcc.c.obj
LOAD CMakeFiles/accelerotor.elf.dir/Drivers/STM32F4xx_HAL_Driver/Src/stm32f4xx_hal_rcc_ex.c.obj
LOAD CMakeFiles/accelerotor.elf.dir/Drivers/STM32F4xx_HAL_Driver/Src/stm32f4xx_hal_spi.c.obj
LOAD CMakeFiles/accelerotor.elf.dir/Drivers/STM32F4xx_HAL_Driver/Src/stm32f4xx_hal_tim.c.obj
LOAD CMakeFiles/accelerotor.elf.dir/Drivers/STM32F4xx_HAL_Driver/Src/stm32f4xx_hal_tim_ex.c.obj
LOAD CMakeFiles/accelerotor.elf.dir/Drivers/STM32F4xx_HAL_Driver/Src/stm32f4xx_hal_uart.c.obj
LOAD CMakeFiles/accelerotor.elf.dir/Drivers/STM32F4xx_HAL_Driver/Src/stm32f4xx_ll_usb.c.obj
LOAD CMakeFiles/accelerotor.elf.dir/Middlewares/ST/STM32_USB_Device_Library/Class/CDC/Src/usbd_cdc.c.obj
LOAD CMakeFiles/accelerotor.elf.dir/Middlewares/ST/STM32_USB_Device_Library/Core/Src/usbd_core.c.obj
LOAD CMakeFiles/accelerotor.elf.dir/Middlewares/ST/STM32_USB_Device_Library/Core/Src/usbd_ctlreq.c.obj
LOAD CMakeFiles/accelerotor.elf.dir/Middlewares/ST/STM32_USB_Device_Library/Core/Src/usbd_ioreq.c.obj
LOAD CMakeFiles/accelerotor.elf.dir/USB_DEVICE/App/usb_device.c.obj
LOAD CMakeFiles/accelerotor.elf.dir/USB_DEVICE/App/usbd_cdc_if.c.obj
LOAD CMakeFiles/accelerotor.elf.dir/USB_DEVICE/App/usbd_desc.c.obj
LOAD CMakeFiles/accelerotor.elf.dir/USB_DEVICE/Target/usbd_conf.c.obj
LOAD CMakeFiles/accelerotor.elf.dir/startup/startup_stm32f411xe.s.obj
START GROUP
LOAD /usr/lib/gcc/arm-none-eabi/9.2.1/thumb/v7e-m/nofp/libgcc.a
LOAD /usr/lib/gcc/arm-none-eabi/9.2.1/../../../arm-none-eabi/lib/thumb/v7e-m/nofp/libg_nano.a
LOAD /usr/lib/gcc/arm-none-eabi/9.2.1/../../../arm-none-eabi/lib/thumb/v7e-m/nofp/libc_nano.a
END GROUP
START GROUP
LOAD /usr/lib/gcc/arm-none-eabi/9.2.1/thumb/v7e-m/nofp/libgcc.a
LOAD /usr/lib/gcc/arm-none-eabi/9.2.1/../../../arm-none-eabi/lib/thumb/v7e-m/nofp/libc_nano.a
LOAD /usr/lib/gcc/arm-none-eabi/9.2.1/../../../arm-none-eabi/lib/thumb/v7e-m/nofp/libnosys.a
END GROUP
START GROUP
LOAD /usr/lib/gcc/arm-none-eabi/9.2.1/thumb/v7e-m/nofp/libgcc.a
LOAD /usr/lib/gcc/arm-none-eabi/9.2.1/../../../arm-none-eabi/lib/thumb/v7e-m/nofp/libc_nano.a
LOAD /usr/lib/gcc/arm-none-eabi/9.2.1/../../../arm-none-eabi/lib/thumb/v7e-m/nofp/libnosys.a
END GROUP
LOAD /usr/lib/gcc/arm-none-eabi/9.2.1/thumb/v7e-m/nofp/crtend.o
LOAD /usr/lib/gcc/arm-none-eabi/9.2.1/thumb/v7e-m/nofp/crtn.o
                0x0000000020020000                _estack = 0x20020000
                0x0000000000000200                _Min_Heap_Size = 0x200
                0x0000000000000400                _Min_Stack_Size = 0x400

.isr_vector     0x0000000008000000      0x198
                0x0000000008000000                . = ALIGN (0x4)
 *(.isr_vector)
 .isr_vector    0x0000000008000000      0x198 CMakeFiles/accelerotor.elf.dir/startup/startup_stm32f411xe.s.obj
                0x0000000008000000                g_pfnVectors
                0x0000000008000198                . = ALIGN (0x4)

.text           0x0000000008000198     0xac58
                0x0000000008000198                . = ALIGN (0x4)
 *(.text)
 .text          0x0000000008000198       0x88 /usr/lib/gcc/arm-none-eabi/9.2.1/thumb/v7e-m/nofp/crtbegin.o
 .text          0x0000000008000220      0x21c /usr/lib/gcc/arm-none-eabi/9.2.1/thumb/v7e-m/nofp/libgcc.a(_arm_addsubsf3.o)
                0x0000000008000220                __aeabi_frsub
                0x0000000008000228                __subsf3
                0x0000000008000228                __aeabi_fsub
                0x000000000800022c                __aeabi_fadd
                0x000000000800022c                __addsf3
                0x000000000800038c                __aeabi_ui2f
                0x000000000800038c                __floatunsisf
                0x0000000008000394                __aeabi_i2f
                0x0000000008000394                __floatsisf
                0x00000000080003b0                __floatundisf
                0x00000000080003b0                __aeabi_ul2f
                0x00000000080003c0                __floatdisf
                0x00000000080003c0                __aeabi_l2f
 .text          0x000000000800043c      0x2a0 /usr/lib/gcc/arm-none-eabi/9.2.1/thumb/v7e-m/nofp/libgcc.a(_arm_muldivsf3.o)
                0x000000000800043c                __mulsf3
                0x000000000800043c                __aeabi_fmul
                0x00000000080005a4                __divsf3
                0x00000000080005a4                __aeabi_fdiv
 .text          0x00000000080006dc       0xec /usr/lib/gcc/arm-none-eabi/9.2.1/thumb/v7e-m/nofp/libgcc.a(_arm_cmpsf2.o)
                0x00000000080006dc                __gtsf2
                0x00000000080006dc                __gesf2
                0x00000000080006e4                __lesf2
                0x00000000080006e4                __ltsf2
                0x00000000080006ec                __nesf2
                0x00000000080006ec                __eqsf2
                0x00000000080006ec                __cmpsf2
                0x000000000800074c                __aeabi_cfrcmple
                0x0000000008000754                __aeabi_cfcmple
                0x0000000008000754                __aeabi_cfcmpeq
                0x0000000008000764                __aeabi_fcmpeq
                0x0000000008000778                __aeabi_fcmplt
                0x000000000800078c                __aeabi_fcmple
                0x00000000080007a0                __aeabi_fcmpge
                0x00000000080007b4                __aeabi_fcmpgt
 .text          0x00000000080007c8       0x4c /usr/lib/gcc/arm-none-eabi/9.2.1/thumb/v7e-m/nofp/libgcc.a(_arm_fixsfsi.o)
                0x00000000080007c8                __fixsfsi
                0x00000000080007c8                __aeabi_f2iz
 .text          0x0000000008000814       0x40 /usr/lib/gcc/arm-none-eabi/9.2.1/thumb/v7e-m/nofp/libgcc.a(_arm_fixunssfsi.o)
                0x0000000008000814                __aeabi_f2uiz
                0x0000000008000814                __fixunssfsi
 .text          0x0000000008000854       0x30 /usr/lib/gcc/arm-none-eabi/9.2.1/thumb/v7e-m/nofp/libgcc.a(_aeabi_uldivmod.o)
                0x0000000008000854                __aeabi_uldivmod
 .text          0x0000000008000884      0x2c0 /usr/lib/gcc/arm-none-eabi/9.2.1/thumb/v7e-m/nofp/libgcc.a(_udivmoddi4.o)
                0x0000000008000884                __udivmoddi4
 .text          0x0000000008000b44        0x4 /usr/lib/gcc/arm-none-eabi/9.2.1/thumb/v7e-m/nofp/libgcc.a(_dvmd_tls.o)
                0x0000000008000b44                __aeabi_ldiv0
                0x0000000008000b44                __aeabi_idiv0
 .text          0x0000000008000b48        0xc /usr/lib/gcc/arm-none-eabi/9.2.1/../../../arm-none-eabi/lib/thumb/v7e-m/nofp/libg_nano.a(lib_a-errno.o)
                0x0000000008000b48                __errno
 .text          0x0000000008000b54       0x48 /usr/lib/gcc/arm-none-eabi/9.2.1/../../../arm-none-eabi/lib/thumb/v7e-m/nofp/libg_nano.a(lib_a-init.o)
                0x0000000008000b54                __libc_init_array
 .text          0x0000000008000b9c       0x20 /usr/lib/gcc/arm-none-eabi/9.2.1/../../../arm-none-eabi/lib/thumb/v7e-m/nofp/libg_nano.a(lib_a-malloc.o)
                0x0000000008000b9c                malloc
                0x0000000008000bac                free
 .text          0x0000000008000bbc       0xa0 /usr/lib/gcc/arm-none-eabi/9.2.1/../../../arm-none-eabi/lib/thumb/v7e-m/nofp/libg_nano.a(lib_a-memset.o)
                0x0000000008000bbc                memset
 .text          0x0000000008000c5c       0xac /usr/lib/gcc/arm-none-eabi/9.2.1/../../../arm-none-eabi/lib/thumb/v7e-m/nofp/libg_nano.a(lib_a-nano-freer.o)
                0x0000000008000c5c                _free_r
 .text          0x0000000008000d08       0xc8 /usr/lib/gcc/arm-none-eabi/9.2.1/../../../arm-none-eabi/lib/thumb/v7e-m/nofp/libg_nano.a(lib_a-nano-mallocr.o)
                0x0000000008000d08                _malloc_r
 .text          0x0000000008000dd0       0x24 /usr/lib/gcc/arm-none-eabi/9.2.1/../../../arm-none-eabi/lib/thumb/v7e-m/nofp/libg_nano.a(lib_a-sbrkr.o)
                0x0000000008000dd0                _sbrk_r
 .text          0x0000000008000df4        0x8 /usr/lib/gcc/arm-none-eabi/9.2.1/../../../arm-none-eabi/lib/thumb/v7e-m/nofp/libg_nano.a(lib_a-mlock.o)
                0x0000000008000df4                __malloc_lock
                0x0000000008000df8                __malloc_unlock
 *(.text*)
 .text.HAL_UART_RxCpltCallback
                0x0000000008000dfc      0x294 CMakeFiles/accelerotor.elf.dir/Core/Src/main.c.obj
                0x0000000008000dfc                HAL_UART_RxCpltCallback
 .text.HAL_SPI_TxRxCpltCallback
                0x0000000008001090       0x3c CMakeFiles/accelerotor.elf.dir/Core/Src/main.c.obj
                0x0000000008001090                HAL_SPI_TxRxCpltCallback
 .text.main     0x00000000080010cc      0x1d8 CMakeFiles/accelerotor.elf.dir/Core/Src/main.c.obj
                0x00000000080010cc                main
 .text.SystemClock_Config
                0x00000000080012a4       0xd0 CMakeFiles/accelerotor.elf.dir/Core/Src/main.c.obj
                0x00000000080012a4                SystemClock_Config
 .text.MX_SPI1_Init
                0x0000000008001374       0x6c CMakeFiles/accelerotor.elf.dir/Core/Src/main.c.obj
 .text.MX_TIM2_Init
                0x00000000080013e0      0x100 CMakeFiles/accelerotor.elf.dir/Core/Src/main.c.obj
 .text.MX_TIM4_Init
                0x00000000080014e0      0x100 CMakeFiles/accelerotor.elf.dir/Core/Src/main.c.obj
 .text.MX_USART2_UART_Init
                0x00000000080015e0       0x5c CMakeFiles/accelerotor.elf.dir/Core/Src/main.c.obj
 .text.MX_DMA_Init
                0x000000000800163c       0xac CMakeFiles/accelerotor.elf.dir/Core/Src/main.c.obj
 .text.MX_GPIO_Init
                0x00000000080016e8       0xa0 CMakeFiles/accelerotor.elf.dir/Core/Src/main.c.obj
 .text.generate_DSHOT_bitstream
                0x0000000008001788       0x74 CMakeFiles/accelerotor.elf.dir/Core/Src/main.c.obj
                0x0000000008001788                generate_DSHOT_bitstream
 .text.set_DSHOT_PWM
                0x00000000080017fc      0x11c CMakeFiles/accelerotor.elf.dir/Core/Src/main.c.obj
                0x00000000080017fc                set_DSHOT_PWM
 .text.spin_motor
                0x0000000008001918       0x36 CMakeFiles/accelerotor.elf.dir/Core/Src/main.c.obj
                0x0000000008001918                spin_motor
 .text.arm_motors
                0x000000000800194e       0x68 CMakeFiles/accelerotor.elf.dir/Core/Src/main.c.obj
                0x000000000800194e                arm_motors
 *fill*         0x00000000080019b6        0x2 
 .text.MPU6000_select
                0x00000000080019b8       0x18 CMakeFiles/accelerotor.elf.dir/Core/Src/main.c.obj
                0x00000000080019b8                MPU6000_select
 .text.MPU6000_deselect
                0x00000000080019d0       0x18 CMakeFiles/accelerotor.elf.dir/Core/Src/main.c.obj
                0x00000000080019d0                MPU6000_deselect
 .text.MPU6000_start_transfer
                0x00000000080019e8       0x70 CMakeFiles/accelerotor.elf.dir/Core/Src/main.c.obj
                0x00000000080019e8                MPU6000_start_transfer
 .text.MPU6000_init
                0x0000000008001a58      0x110 CMakeFiles/accelerotor.elf.dir/Core/Src/main.c.obj
                0x0000000008001a58                MPU6000_init
 .text.MPU6000_read_gyro
                0x0000000008001b68       0x4c CMakeFiles/accelerotor.elf.dir/Core/Src/main.c.obj
                0x0000000008001b68                MPU6000_read_gyro
 .text.PID_loop
                0x0000000008001bb4      0x6a8 CMakeFiles/accelerotor.elf.dir/Core/Src/main.c.obj
                0x0000000008001bb4                PID_loop
 .text.Error_Handler
                0x000000000800225c        0xc CMakeFiles/accelerotor.elf.dir/Core/Src/main.c.obj
                0x000000000800225c                Error_Handler
 .text.HAL_MspInit
                0x0000000008002268       0x4c CMakeFiles/accelerotor.elf.dir/Core/Src/stm32f4xx_hal_msp.c.obj
                0x0000000008002268                HAL_MspInit
 .text.HAL_SPI_MspInit
                0x00000000080022b4      0x168 CMakeFiles/accelerotor.elf.dir/Core/Src/stm32f4xx_hal_msp.c.obj
                0x00000000080022b4                HAL_SPI_MspInit
 .text.HAL_TIM_Base_MspInit
                0x000000000800241c      0x21c CMakeFiles/accelerotor.elf.dir/Core/Src/stm32f4xx_hal_msp.c.obj
                0x000000000800241c                HAL_TIM_Base_MspInit
 .text.HAL_TIM_MspPostInit
                0x0000000008002638       0xfc CMakeFiles/accelerotor.elf.dir/Core/Src/stm32f4xx_hal_msp.c.obj
                0x0000000008002638                HAL_TIM_MspPostInit
 .text.HAL_UART_MspInit
                0x0000000008002734       0xa0 CMakeFiles/accelerotor.elf.dir/Core/Src/stm32f4xx_hal_msp.c.obj
                0x0000000008002734                HAL_UART_MspInit
 .text.NMI_Handler
                0x00000000080027d4        0xc CMakeFiles/accelerotor.elf.dir/Core/Src/stm32f4xx_it.c.obj
                0x00000000080027d4                NMI_Handler
 .text.HardFault_Handler
                0x00000000080027e0        0x6 CMakeFiles/accelerotor.elf.dir/Core/Src/stm32f4xx_it.c.obj
                0x00000000080027e0                HardFault_Handler
 .text.MemManage_Handler
                0x00000000080027e6        0x6 CMakeFiles/accelerotor.elf.dir/Core/Src/stm32f4xx_it.c.obj
                0x00000000080027e6                MemManage_Handler
 .text.BusFault_Handler
                0x00000000080027ec        0x6 CMakeFiles/accelerotor.elf.dir/Core/Src/stm32f4xx_it.c.obj
                0x00000000080027ec                BusFault_Handler
 .text.UsageFault_Handler
                0x00000000080027f2        0x6 CMakeFiles/accelerotor.elf.dir/Core/Src/stm32f4xx_it.c.obj
                0x00000000080027f2                UsageFault_Handler
 .text.SVC_Handler
                0x00000000080027f8        0xc CMakeFiles/accelerotor.elf.dir/Core/Src/stm32f4xx_it.c.obj
                0x00000000080027f8                SVC_Handler
 .text.DebugMon_Handler
                0x0000000008002804        0xc CMakeFiles/accelerotor.elf.dir/Core/Src/stm32f4xx_it.c.obj
                0x0000000008002804                DebugMon_Handler
 .text.PendSV_Handler
                0x0000000008002810        0xc CMakeFiles/accelerotor.elf.dir/Core/Src/stm32f4xx_it.c.obj
                0x0000000008002810                PendSV_Handler
 .text.SysTick_Handler
                0x000000000800281c        0xc CMakeFiles/accelerotor.elf.dir/Core/Src/stm32f4xx_it.c.obj
                0x000000000800281c                SysTick_Handler
 .text.DMA1_Stream0_IRQHandler
                0x0000000008002828       0x14 CMakeFiles/accelerotor.elf.dir/Core/Src/stm32f4xx_it.c.obj
                0x0000000008002828                DMA1_Stream0_IRQHandler
 .text.DMA1_Stream1_IRQHandler
                0x000000000800283c       0x14 CMakeFiles/accelerotor.elf.dir/Core/Src/stm32f4xx_it.c.obj
                0x000000000800283c                DMA1_Stream1_IRQHandler
 .text.DMA1_Stream3_IRQHandler
                0x0000000008002850       0x14 CMakeFiles/accelerotor.elf.dir/Core/Src/stm32f4xx_it.c.obj
                0x0000000008002850                DMA1_Stream3_IRQHandler
 .text.DMA1_Stream5_IRQHandler
                0x0000000008002864       0x14 CMakeFiles/accelerotor.elf.dir/Core/Src/stm32f4xx_it.c.obj
                0x0000000008002864                DMA1_Stream5_IRQHandler
 .text.SPI1_IRQHandler
                0x0000000008002878       0x14 CMakeFiles/accelerotor.elf.dir/Core/Src/stm32f4xx_it.c.obj
                0x0000000008002878                SPI1_IRQHandler
 .text.USART2_IRQHandler
                0x000000000800288c       0x14 CMakeFiles/accelerotor.elf.dir/Core/Src/stm32f4xx_it.c.obj
                0x000000000800288c                USART2_IRQHandler
 .text.DMA2_Stream0_IRQHandler
                0x00000000080028a0       0x14 CMakeFiles/accelerotor.elf.dir/Core/Src/stm32f4xx_it.c.obj
                0x00000000080028a0                DMA2_Stream0_IRQHandler
 .text.DMA2_Stream2_IRQHandler
                0x00000000080028b4       0x14 CMakeFiles/accelerotor.elf.dir/Core/Src/stm32f4xx_it.c.obj
                0x00000000080028b4                DMA2_Stream2_IRQHandler
 .text.OTG_FS_IRQHandler
                0x00000000080028c8       0x14 CMakeFiles/accelerotor.elf.dir/Core/Src/stm32f4xx_it.c.obj
                0x00000000080028c8                OTG_FS_IRQHandler
 .text._sbrk    0x00000000080028dc       0x58 CMakeFiles/accelerotor.elf.dir/Core/Src/syscalls.c.obj
                0x00000000080028dc                _sbrk
 .text.SystemInit
                0x0000000008002934       0x18 CMakeFiles/accelerotor.elf.dir/Core/Src/system_stm32f4xx.c.obj
                0x0000000008002934                SystemInit
 .text.HAL_Init
                0x000000000800294c       0x44 CMakeFiles/accelerotor.elf.dir/Drivers/STM32F4xx_HAL_Driver/Src/stm32f4xx_hal.c.obj
                0x000000000800294c                HAL_Init
 .text.HAL_InitTick
                0x0000000008002990       0x60 CMakeFiles/accelerotor.elf.dir/Drivers/STM32F4xx_HAL_Driver/Src/stm32f4xx_hal.c.obj
                0x0000000008002990                HAL_InitTick
 .text.HAL_IncTick
                0x00000000080029f0       0x24 CMakeFiles/accelerotor.elf.dir/Drivers/STM32F4xx_HAL_Driver/Src/stm32f4xx_hal.c.obj
                0x00000000080029f0                HAL_IncTick
 .text.HAL_GetTick
                0x0000000008002a14       0x14 CMakeFiles/accelerotor.elf.dir/Drivers/STM32F4xx_HAL_Driver/Src/stm32f4xx_hal.c.obj
                0x0000000008002a14                HAL_GetTick
 .text.HAL_Delay
                0x0000000008002a28       0x48 CMakeFiles/accelerotor.elf.dir/Drivers/STM32F4xx_HAL_Driver/Src/stm32f4xx_hal.c.obj
                0x0000000008002a28                HAL_Delay
 .text.__NVIC_SetPriorityGrouping
                0x0000000008002a70       0x48 CMakeFiles/accelerotor.elf.dir/Drivers/STM32F4xx_HAL_Driver/Src/stm32f4xx_hal_cortex.c.obj
 .text.__NVIC_GetPriorityGrouping
                0x0000000008002ab8       0x1c CMakeFiles/accelerotor.elf.dir/Drivers/STM32F4xx_HAL_Driver/Src/stm32f4xx_hal_cortex.c.obj
 .text.__NVIC_EnableIRQ
                0x0000000008002ad4       0x38 CMakeFiles/accelerotor.elf.dir/Drivers/STM32F4xx_HAL_Driver/Src/stm32f4xx_hal_cortex.c.obj
 .text.__NVIC_SetPriority
                0x0000000008002b0c       0x54 CMakeFiles/accelerotor.elf.dir/Drivers/STM32F4xx_HAL_Driver/Src/stm32f4xx_hal_cortex.c.obj
 .text.NVIC_EncodePriority
                0x0000000008002b60       0x64 CMakeFiles/accelerotor.elf.dir/Drivers/STM32F4xx_HAL_Driver/Src/stm32f4xx_hal_cortex.c.obj
 .text.SysTick_Config
                0x0000000008002bc4       0x44 CMakeFiles/accelerotor.elf.dir/Drivers/STM32F4xx_HAL_Driver/Src/stm32f4xx_hal_cortex.c.obj
 .text.HAL_NVIC_SetPriorityGrouping
                0x0000000008002c08       0x16 CMakeFiles/accelerotor.elf.dir/Drivers/STM32F4xx_HAL_Driver/Src/stm32f4xx_hal_cortex.c.obj
                0x0000000008002c08                HAL_NVIC_SetPriorityGrouping
 .text.HAL_NVIC_SetPriority
                0x0000000008002c1e       0x38 CMakeFiles/accelerotor.elf.dir/Drivers/STM32F4xx_HAL_Driver/Src/stm32f4xx_hal_cortex.c.obj
                0x0000000008002c1e                HAL_NVIC_SetPriority
 .text.HAL_NVIC_EnableIRQ
                0x0000000008002c56       0x1c CMakeFiles/accelerotor.elf.dir/Drivers/STM32F4xx_HAL_Driver/Src/stm32f4xx_hal_cortex.c.obj
                0x0000000008002c56                HAL_NVIC_EnableIRQ
 .text.HAL_SYSTICK_Config
                0x0000000008002c72       0x18 CMakeFiles/accelerotor.elf.dir/Drivers/STM32F4xx_HAL_Driver/Src/stm32f4xx_hal_cortex.c.obj
                0x0000000008002c72                HAL_SYSTICK_Config
 *fill*         0x0000000008002c8a        0x2 
 .text.HAL_DMA_Init
                0x0000000008002c8c      0x15c CMakeFiles/accelerotor.elf.dir/Drivers/STM32F4xx_HAL_Driver/Src/stm32f4xx_hal_dma.c.obj
                0x0000000008002c8c                HAL_DMA_Init
 .text.HAL_DMA_Start_IT
                0x0000000008002de8       0xb0 CMakeFiles/accelerotor.elf.dir/Drivers/STM32F4xx_HAL_Driver/Src/stm32f4xx_hal_dma.c.obj
                0x0000000008002de8                HAL_DMA_Start_IT
 .text.HAL_DMA_Abort_IT
                0x0000000008002e98       0x42 CMakeFiles/accelerotor.elf.dir/Drivers/STM32F4xx_HAL_Driver/Src/stm32f4xx_hal_dma.c.obj
                0x0000000008002e98                HAL_DMA_Abort_IT
 *fill*         0x0000000008002eda        0x2 
 .text.HAL_DMA_IRQHandler
                0x0000000008002edc      0x314 CMakeFiles/accelerotor.elf.dir/Drivers/STM32F4xx_HAL_Driver/Src/stm32f4xx_hal_dma.c.obj
                0x0000000008002edc                HAL_DMA_IRQHandler
 .text.DMA_SetConfig
                0x00000000080031f0       0x5a CMakeFiles/accelerotor.elf.dir/Drivers/STM32F4xx_HAL_Driver/Src/stm32f4xx_hal_dma.c.obj
 *fill*         0x000000000800324a        0x2 
 .text.DMA_CalcBaseAndBitshift
                0x000000000800324c       0x68 CMakeFiles/accelerotor.elf.dir/Drivers/STM32F4xx_HAL_Driver/Src/stm32f4xx_hal_dma.c.obj
 .text.DMA_CheckFifoParam
                0x00000000080032b4       0xf4 CMakeFiles/accelerotor.elf.dir/Drivers/STM32F4xx_HAL_Driver/Src/stm32f4xx_hal_dma.c.obj
 .text.HAL_GPIO_Init
                0x00000000080033a8      0x304 CMakeFiles/accelerotor.elf.dir/Drivers/STM32F4xx_HAL_Driver/Src/stm32f4xx_hal_gpio.c.obj
                0x00000000080033a8                HAL_GPIO_Init
 .text.HAL_GPIO_WritePin
                0x00000000080036ac       0x30 CMakeFiles/accelerotor.elf.dir/Drivers/STM32F4xx_HAL_Driver/Src/stm32f4xx_hal_gpio.c.obj
                0x00000000080036ac                HAL_GPIO_WritePin
 .text.HAL_PCD_Init
                0x00000000080036dc      0x23a CMakeFiles/accelerotor.elf.dir/Drivers/STM32F4xx_HAL_Driver/Src/stm32f4xx_hal_pcd.c.obj
                0x00000000080036dc                HAL_PCD_Init
 .text.HAL_PCD_Start
                0x0000000008003916       0x66 CMakeFiles/accelerotor.elf.dir/Drivers/STM32F4xx_HAL_Driver/Src/stm32f4xx_hal_pcd.c.obj
                0x0000000008003916                HAL_PCD_Start
 .text.HAL_PCD_IRQHandler
                0x000000000800397c      0x764 CMakeFiles/accelerotor.elf.dir/Drivers/STM32F4xx_HAL_Driver/Src/stm32f4xx_hal_pcd.c.obj
                0x000000000800397c                HAL_PCD_IRQHandler
 .text.HAL_PCD_SetAddress
                0x00000000080040e0       0x4a CMakeFiles/accelerotor.elf.dir/Drivers/STM32F4xx_HAL_Driver/Src/stm32f4xx_hal_pcd.c.obj
                0x00000000080040e0                HAL_PCD_SetAddress
 .text.HAL_PCD_EP_Open
                0x000000000800412a       0xd0 CMakeFiles/accelerotor.elf.dir/Drivers/STM32F4xx_HAL_Driver/Src/stm32f4xx_hal_pcd.c.obj
                0x000000000800412a                HAL_PCD_EP_Open
 .text.HAL_PCD_EP_Close
                0x00000000080041fa       0x94 CMakeFiles/accelerotor.elf.dir/Drivers/STM32F4xx_HAL_Driver/Src/stm32f4xx_hal_pcd.c.obj
                0x00000000080041fa                HAL_PCD_EP_Close
 .text.HAL_PCD_EP_Receive
                0x000000000800428e       0x96 CMakeFiles/accelerotor.elf.dir/Drivers/STM32F4xx_HAL_Driver/Src/stm32f4xx_hal_pcd.c.obj
                0x000000000800428e                HAL_PCD_EP_Receive
 .text.HAL_PCD_EP_GetRxCount
                0x0000000008004324       0x2e CMakeFiles/accelerotor.elf.dir/Drivers/STM32F4xx_HAL_Driver/Src/stm32f4xx_hal_pcd.c.obj
                0x0000000008004324                HAL_PCD_EP_GetRxCount
 .text.HAL_PCD_EP_Transmit
                0x0000000008004352       0x94 CMakeFiles/accelerotor.elf.dir/Drivers/STM32F4xx_HAL_Driver/Src/stm32f4xx_hal_pcd.c.obj
                0x0000000008004352                HAL_PCD_EP_Transmit
 .text.HAL_PCD_EP_SetStall
                0x00000000080043e6       0xc8 CMakeFiles/accelerotor.elf.dir/Drivers/STM32F4xx_HAL_Driver/Src/stm32f4xx_hal_pcd.c.obj
                0x00000000080043e6                HAL_PCD_EP_SetStall
 .text.HAL_PCD_EP_ClrStall
                0x00000000080044ae       0xac CMakeFiles/accelerotor.elf.dir/Drivers/STM32F4xx_HAL_Driver/Src/stm32f4xx_hal_pcd.c.obj
                0x00000000080044ae                HAL_PCD_EP_ClrStall
 .text.PCD_WriteEmptyTxFifo
                0x000000000800455a      0x11a CMakeFiles/accelerotor.elf.dir/Drivers/STM32F4xx_HAL_Driver/Src/stm32f4xx_hal_pcd.c.obj
 .text.PCD_EP_OutXfrComplete_int
                0x0000000008004674      0x218 CMakeFiles/accelerotor.elf.dir/Drivers/STM32F4xx_HAL_Driver/Src/stm32f4xx_hal_pcd.c.obj
 .text.PCD_EP_OutSetupPacket_int
                0x000000000800488c       0x8c CMakeFiles/accelerotor.elf.dir/Drivers/STM32F4xx_HAL_Driver/Src/stm32f4xx_hal_pcd.c.obj
 .text.HAL_PCDEx_SetTxFiFo
                0x0000000008004918       0x8c CMakeFiles/accelerotor.elf.dir/Drivers/STM32F4xx_HAL_Driver/Src/stm32f4xx_hal_pcd_ex.c.obj
                0x0000000008004918                HAL_PCDEx_SetTxFiFo
 .text.HAL_PCDEx_SetRxFiFo
                0x00000000080049a4       0x20 CMakeFiles/accelerotor.elf.dir/Drivers/STM32F4xx_HAL_Driver/Src/stm32f4xx_hal_pcd_ex.c.obj
                0x00000000080049a4                HAL_PCDEx_SetRxFiFo
 .text.HAL_PCDEx_LPM_Callback
                0x00000000080049c4       0x16 CMakeFiles/accelerotor.elf.dir/Drivers/STM32F4xx_HAL_Driver/Src/stm32f4xx_hal_pcd_ex.c.obj
                0x00000000080049c4                HAL_PCDEx_LPM_Callback
 *fill*         0x00000000080049da        0x2 
 .text.HAL_RCC_OscConfig
                0x00000000080049dc      0x4e0 CMakeFiles/accelerotor.elf.dir/Drivers/STM32F4xx_HAL_Driver/Src/stm32f4xx_hal_rcc.c.obj
                0x00000000080049dc                HAL_RCC_OscConfig
 .text.HAL_RCC_ClockConfig
                0x0000000008004ebc      0x1cc CMakeFiles/accelerotor.elf.dir/Drivers/STM32F4xx_HAL_Driver/Src/stm32f4xx_hal_rcc.c.obj
                0x0000000008004ebc                HAL_RCC_ClockConfig
 .text.HAL_RCC_GetSysClockFreq
                0x0000000008005088      0x1c4 CMakeFiles/accelerotor.elf.dir/Drivers/STM32F4xx_HAL_Driver/Src/stm32f4xx_hal_rcc.c.obj
                0x0000000008005088                HAL_RCC_GetSysClockFreq
 .text.HAL_RCC_GetHCLKFreq
                0x000000000800524c       0x14 CMakeFiles/accelerotor.elf.dir/Drivers/STM32F4xx_HAL_Driver/Src/stm32f4xx_hal_rcc.c.obj
                0x000000000800524c                HAL_RCC_GetHCLKFreq
 .text.HAL_RCC_GetPCLK1Freq
                0x0000000008005260       0x28 CMakeFiles/accelerotor.elf.dir/Drivers/STM32F4xx_HAL_Driver/Src/stm32f4xx_hal_rcc.c.obj
                0x0000000008005260                HAL_RCC_GetPCLK1Freq
 .text.HAL_RCC_GetPCLK2Freq
                0x0000000008005288       0x28 CMakeFiles/accelerotor.elf.dir/Drivers/STM32F4xx_HAL_Driver/Src/stm32f4xx_hal_rcc.c.obj
                0x0000000008005288                HAL_RCC_GetPCLK2Freq
 .text.HAL_SPI_Init
                0x00000000080052b0       0xc8 CMakeFiles/accelerotor.elf.dir/Drivers/STM32F4xx_HAL_Driver/Src/stm32f4xx_hal_spi.c.obj
                0x00000000080052b0                HAL_SPI_Init
 .text.HAL_SPI_TransmitReceive_DMA
                0x0000000008005378      0x204 CMakeFiles/accelerotor.elf.dir/Drivers/STM32F4xx_HAL_Driver/Src/stm32f4xx_hal_spi.c.obj
                0x0000000008005378                HAL_SPI_TransmitReceive_DMA
 .text.HAL_SPI_IRQHandler
                0x000000000800557c      0x200 CMakeFiles/accelerotor.elf.dir/Drivers/STM32F4xx_HAL_Driver/Src/stm32f4xx_hal_spi.c.obj
                0x000000000800557c                HAL_SPI_IRQHandler
 .text.HAL_SPI_RxCpltCallback
                0x000000000800577c       0x12 CMakeFiles/accelerotor.elf.dir/Drivers/STM32F4xx_HAL_Driver/Src/stm32f4xx_hal_spi.c.obj
                0x000000000800577c                HAL_SPI_RxCpltCallback
 .text.HAL_SPI_RxHalfCpltCallback
                0x000000000800578e       0x12 CMakeFiles/accelerotor.elf.dir/Drivers/STM32F4xx_HAL_Driver/Src/stm32f4xx_hal_spi.c.obj
                0x000000000800578e                HAL_SPI_RxHalfCpltCallback
 .text.HAL_SPI_TxRxHalfCpltCallback
                0x00000000080057a0       0x12 CMakeFiles/accelerotor.elf.dir/Drivers/STM32F4xx_HAL_Driver/Src/stm32f4xx_hal_spi.c.obj
                0x00000000080057a0                HAL_SPI_TxRxHalfCpltCallback
 .text.HAL_SPI_ErrorCallback
                0x00000000080057b2       0x12 CMakeFiles/accelerotor.elf.dir/Drivers/STM32F4xx_HAL_Driver/Src/stm32f4xx_hal_spi.c.obj
                0x00000000080057b2                HAL_SPI_ErrorCallback
 .text.SPI_DMAReceiveCplt
                0x00000000080057c4       0xa8 CMakeFiles/accelerotor.elf.dir/Drivers/STM32F4xx_HAL_Driver/Src/stm32f4xx_hal_spi.c.obj
 .text.SPI_DMATransmitReceiveCplt
                0x000000000800586c       0x90 CMakeFiles/accelerotor.elf.dir/Drivers/STM32F4xx_HAL_Driver/Src/stm32f4xx_hal_spi.c.obj
 .text.SPI_DMAHalfReceiveCplt
                0x00000000080058fc       0x1c CMakeFiles/accelerotor.elf.dir/Drivers/STM32F4xx_HAL_Driver/Src/stm32f4xx_hal_spi.c.obj
 .text.SPI_DMAHalfTransmitReceiveCplt
                0x0000000008005918       0x1c CMakeFiles/accelerotor.elf.dir/Drivers/STM32F4xx_HAL_Driver/Src/stm32f4xx_hal_spi.c.obj
 .text.SPI_DMAError
                0x0000000008005934       0x40 CMakeFiles/accelerotor.elf.dir/Drivers/STM32F4xx_HAL_Driver/Src/stm32f4xx_hal_spi.c.obj
 .text.SPI_DMAAbortOnError
                0x0000000008005974       0x28 CMakeFiles/accelerotor.elf.dir/Drivers/STM32F4xx_HAL_Driver/Src/stm32f4xx_hal_spi.c.obj
 .text.SPI_WaitFlagStateUntilTimeout
                0x000000000800599c       0xd4 CMakeFiles/accelerotor.elf.dir/Drivers/STM32F4xx_HAL_Driver/Src/stm32f4xx_hal_spi.c.obj
 .text.SPI_EndRxTransaction
                0x0000000008005a70       0xca CMakeFiles/accelerotor.elf.dir/Drivers/STM32F4xx_HAL_Driver/Src/stm32f4xx_hal_spi.c.obj
 *fill*         0x0000000008005b3a        0x2 
 .text.SPI_EndRxTxTransaction
                0x0000000008005b3c       0x84 CMakeFiles/accelerotor.elf.dir/Drivers/STM32F4xx_HAL_Driver/Src/stm32f4xx_hal_spi.c.obj
 .text.HAL_TIM_Base_Init
                0x0000000008005bc0       0x56 CMakeFiles/accelerotor.elf.dir/Drivers/STM32F4xx_HAL_Driver/Src/stm32f4xx_hal_tim.c.obj
                0x0000000008005bc0                HAL_TIM_Base_Init
 .text.HAL_TIM_PWM_Init
                0x0000000008005c16       0x56 CMakeFiles/accelerotor.elf.dir/Drivers/STM32F4xx_HAL_Driver/Src/stm32f4xx_hal_tim.c.obj
                0x0000000008005c16                HAL_TIM_PWM_Init
 .text.HAL_TIM_PWM_MspInit
                0x0000000008005c6c       0x12 CMakeFiles/accelerotor.elf.dir/Drivers/STM32F4xx_HAL_Driver/Src/stm32f4xx_hal_tim.c.obj
                0x0000000008005c6c                HAL_TIM_PWM_MspInit
 *fill*         0x0000000008005c7e        0x2 
 .text.HAL_TIM_PWM_Start_DMA
                0x0000000008005c80      0x20c CMakeFiles/accelerotor.elf.dir/Drivers/STM32F4xx_HAL_Driver/Src/stm32f4xx_hal_tim.c.obj
                0x0000000008005c80                HAL_TIM_PWM_Start_DMA
 .text.HAL_TIM_PWM_ConfigChannel
                0x0000000008005e8c      0x18c CMakeFiles/accelerotor.elf.dir/Drivers/STM32F4xx_HAL_Driver/Src/stm32f4xx_hal_tim.c.obj
                0x0000000008005e8c                HAL_TIM_PWM_ConfigChannel
 .text.HAL_TIM_ConfigClockSource
                0x0000000008006018      0x188 CMakeFiles/accelerotor.elf.dir/Drivers/STM32F4xx_HAL_Driver/Src/stm32f4xx_hal_tim.c.obj
                0x0000000008006018                HAL_TIM_ConfigClockSource
 .text.HAL_TIM_PWM_PulseFinishedCallback
                0x00000000080061a0       0x12 CMakeFiles/accelerotor.elf.dir/Drivers/STM32F4xx_HAL_Driver/Src/stm32f4xx_hal_tim.c.obj
                0x00000000080061a0                HAL_TIM_PWM_PulseFinishedCallback
 .text.HAL_TIM_PWM_PulseFinishedHalfCpltCallback
                0x00000000080061b2       0x12 CMakeFiles/accelerotor.elf.dir/Drivers/STM32F4xx_HAL_Driver/Src/stm32f4xx_hal_tim.c.obj
                0x00000000080061b2                HAL_TIM_PWM_PulseFinishedHalfCpltCallback
 .text.HAL_TIM_ErrorCallback
                0x00000000080061c4       0x12 CMakeFiles/accelerotor.elf.dir/Drivers/STM32F4xx_HAL_Driver/Src/stm32f4xx_hal_tim.c.obj
                0x00000000080061c4                HAL_TIM_ErrorCallback
 .text.TIM_DMAError
                0x00000000080061d6       0x24 CMakeFiles/accelerotor.elf.dir/Drivers/STM32F4xx_HAL_Driver/Src/stm32f4xx_hal_tim.c.obj
                0x00000000080061d6                TIM_DMAError
 .text.TIM_DMADelayPulseCplt
                0x00000000080061fa       0x70 CMakeFiles/accelerotor.elf.dir/Drivers/STM32F4xx_HAL_Driver/Src/stm32f4xx_hal_tim.c.obj
                0x00000000080061fa                TIM_DMADelayPulseCplt
 .text.TIM_DMADelayPulseHalfCplt
                0x000000000800626a       0x70 CMakeFiles/accelerotor.elf.dir/Drivers/STM32F4xx_HAL_Driver/Src/stm32f4xx_hal_tim.c.obj
                0x000000000800626a                TIM_DMADelayPulseHalfCplt
 *fill*         0x00000000080062da        0x2 
 .text.TIM_Base_SetConfig
                0x00000000080062dc       0xfc CMakeFiles/accelerotor.elf.dir/Drivers/STM32F4xx_HAL_Driver/Src/stm32f4xx_hal_tim.c.obj
                0x00000000080062dc                TIM_Base_SetConfig
 .text.TIM_OC1_SetConfig
                0x00000000080063d8       0xcc CMakeFiles/accelerotor.elf.dir/Drivers/STM32F4xx_HAL_Driver/Src/stm32f4xx_hal_tim.c.obj
 .text.TIM_OC2_SetConfig
                0x00000000080064a4       0xd4 CMakeFiles/accelerotor.elf.dir/Drivers/STM32F4xx_HAL_Driver/Src/stm32f4xx_hal_tim.c.obj
                0x00000000080064a4                TIM_OC2_SetConfig
 .text.TIM_OC3_SetConfig
                0x0000000008006578       0xd4 CMakeFiles/accelerotor.elf.dir/Drivers/STM32F4xx_HAL_Driver/Src/stm32f4xx_hal_tim.c.obj
 .text.TIM_OC4_SetConfig
                0x000000000800664c       0x9c CMakeFiles/accelerotor.elf.dir/Drivers/STM32F4xx_HAL_Driver/Src/stm32f4xx_hal_tim.c.obj
 .text.TIM_TI1_ConfigInputStage
                0x00000000080066e8       0x5c CMakeFiles/accelerotor.elf.dir/Drivers/STM32F4xx_HAL_Driver/Src/stm32f4xx_hal_tim.c.obj
 .text.TIM_TI2_ConfigInputStage
                0x0000000008006744       0x5e CMakeFiles/accelerotor.elf.dir/Drivers/STM32F4xx_HAL_Driver/Src/stm32f4xx_hal_tim.c.obj
 .text.TIM_ITRx_SetConfig
                0x00000000080067a2       0x34 CMakeFiles/accelerotor.elf.dir/Drivers/STM32F4xx_HAL_Driver/Src/stm32f4xx_hal_tim.c.obj
 .text.TIM_ETR_SetConfig
                0x00000000080067d6       0x3e CMakeFiles/accelerotor.elf.dir/Drivers/STM32F4xx_HAL_Driver/Src/stm32f4xx_hal_tim.c.obj
                0x00000000080067d6                TIM_ETR_SetConfig
 .text.TIM_CCxChannelCmd
                0x0000000008006814       0x48 CMakeFiles/accelerotor.elf.dir/Drivers/STM32F4xx_HAL_Driver/Src/stm32f4xx_hal_tim.c.obj
                0x0000000008006814                TIM_CCxChannelCmd
 .text.HAL_TIMEx_MasterConfigSynchronization
                0x000000000800685c       0xd8 CMakeFiles/accelerotor.elf.dir/Drivers/STM32F4xx_HAL_Driver/Src/stm32f4xx_hal_tim_ex.c.obj
                0x000000000800685c                HAL_TIMEx_MasterConfigSynchronization
 .text.HAL_UART_Init
                0x0000000008006934       0x9a CMakeFiles/accelerotor.elf.dir/Drivers/STM32F4xx_HAL_Driver/Src/stm32f4xx_hal_uart.c.obj
                0x0000000008006934                HAL_UART_Init
 .text.HAL_UART_Receive_IT
                0x00000000080069ce       0xa8 CMakeFiles/accelerotor.elf.dir/Drivers/STM32F4xx_HAL_Driver/Src/stm32f4xx_hal_uart.c.obj
                0x00000000080069ce                HAL_UART_Receive_IT
 *fill*         0x0000000008006a76        0x2 
 .text.HAL_UART_IRQHandler
                0x0000000008006a78      0x200 CMakeFiles/accelerotor.elf.dir/Drivers/STM32F4xx_HAL_Driver/Src/stm32f4xx_hal_uart.c.obj
                0x0000000008006a78                HAL_UART_IRQHandler
 .text.HAL_UART_TxCpltCallback
                0x0000000008006c78       0x12 CMakeFiles/accelerotor.elf.dir/Drivers/STM32F4xx_HAL_Driver/Src/stm32f4xx_hal_uart.c.obj
                0x0000000008006c78                HAL_UART_TxCpltCallback
 .text.HAL_UART_ErrorCallback
                0x0000000008006c8a       0x12 CMakeFiles/accelerotor.elf.dir/Drivers/STM32F4xx_HAL_Driver/Src/stm32f4xx_hal_uart.c.obj
                0x0000000008006c8a                HAL_UART_ErrorCallback
 .text.UART_EndRxTransfer
                0x0000000008006c9c       0x3a CMakeFiles/accelerotor.elf.dir/Drivers/STM32F4xx_HAL_Driver/Src/stm32f4xx_hal_uart.c.obj
 .text.UART_DMAAbortOnError
                0x0000000008006cd6       0x28 CMakeFiles/accelerotor.elf.dir/Drivers/STM32F4xx_HAL_Driver/Src/stm32f4xx_hal_uart.c.obj
 .text.UART_Transmit_IT
                0x0000000008006cfe       0xaa CMakeFiles/accelerotor.elf.dir/Drivers/STM32F4xx_HAL_Driver/Src/stm32f4xx_hal_uart.c.obj
 .text.UART_EndTransmit_IT
                0x0000000008006da8       0x30 CMakeFiles/accelerotor.elf.dir/Drivers/STM32F4xx_HAL_Driver/Src/stm32f4xx_hal_uart.c.obj
 .text.UART_Receive_IT
                0x0000000008006dd8      0x102 CMakeFiles/accelerotor.elf.dir/Drivers/STM32F4xx_HAL_Driver/Src/stm32f4xx_hal_uart.c.obj
 *fill*         0x0000000008006eda        0x2 
 .text.UART_SetConfig
                0x0000000008006edc      0x740 CMakeFiles/accelerotor.elf.dir/Drivers/STM32F4xx_HAL_Driver/Src/stm32f4xx_hal_uart.c.obj
 .text.USB_CoreInit
                0x000000000800761c       0xc2 CMakeFiles/accelerotor.elf.dir/Drivers/STM32F4xx_HAL_Driver/Src/stm32f4xx_ll_usb.c.obj
                0x000000000800761c                USB_CoreInit
 *fill*         0x00000000080076de        0x2 
 .text.USB_SetTurnaroundTime
                0x00000000080076e0      0x144 CMakeFiles/accelerotor.elf.dir/Drivers/STM32F4xx_HAL_Driver/Src/stm32f4xx_ll_usb.c.obj
                0x00000000080076e0                USB_SetTurnaroundTime
 .text.USB_EnableGlobalInt
                0x0000000008007824       0x20 CMakeFiles/accelerotor.elf.dir/Drivers/STM32F4xx_HAL_Driver/Src/stm32f4xx_ll_usb.c.obj
                0x0000000008007824                USB_EnableGlobalInt
 .text.USB_DisableGlobalInt
                0x0000000008007844       0x20 CMakeFiles/accelerotor.elf.dir/Drivers/STM32F4xx_HAL_Driver/Src/stm32f4xx_ll_usb.c.obj
                0x0000000008007844                USB_DisableGlobalInt
 .text.USB_SetCurrentMode
                0x0000000008007864       0x54 CMakeFiles/accelerotor.elf.dir/Drivers/STM32F4xx_HAL_Driver/Src/stm32f4xx_ll_usb.c.obj
                0x0000000008007864                USB_SetCurrentMode
 .text.USB_DevInit
                0x00000000080078b8      0x2c8 CMakeFiles/accelerotor.elf.dir/Drivers/STM32F4xx_HAL_Driver/Src/stm32f4xx_ll_usb.c.obj
                0x00000000080078b8                USB_DevInit
 .text.USB_FlushTxFifo
                0x0000000008007b80       0x48 CMakeFiles/accelerotor.elf.dir/Drivers/STM32F4xx_HAL_Driver/Src/stm32f4xx_ll_usb.c.obj
                0x0000000008007b80                USB_FlushTxFifo
 .text.USB_FlushRxFifo
                0x0000000008007bc8       0x40 CMakeFiles/accelerotor.elf.dir/Drivers/STM32F4xx_HAL_Driver/Src/stm32f4xx_ll_usb.c.obj
                0x0000000008007bc8                USB_FlushRxFifo
 .text.USB_SetDevSpeed
                0x0000000008007c08       0x30 CMakeFiles/accelerotor.elf.dir/Drivers/STM32F4xx_HAL_Driver/Src/stm32f4xx_ll_usb.c.obj
                0x0000000008007c08                USB_SetDevSpeed
 .text.USB_GetDevSpeed
                0x0000000008007c38       0x48 CMakeFiles/accelerotor.elf.dir/Drivers/STM32F4xx_HAL_Driver/Src/stm32f4xx_ll_usb.c.obj
                0x0000000008007c38                USB_GetDevSpeed
 .text.USB_ActivateEndpoint
                0x0000000008007c80      0x10c CMakeFiles/accelerotor.elf.dir/Drivers/STM32F4xx_HAL_Driver/Src/stm32f4xx_ll_usb.c.obj
                0x0000000008007c80                USB_ActivateEndpoint
 .text.USB_DeactivateEndpoint
                0x0000000008007d8c      0x1b8 CMakeFiles/accelerotor.elf.dir/Drivers/STM32F4xx_HAL_Driver/Src/stm32f4xx_ll_usb.c.obj
                0x0000000008007d8c                USB_DeactivateEndpoint
 .text.USB_EPStartXfer
                0x0000000008007f44      0x488 CMakeFiles/accelerotor.elf.dir/Drivers/STM32F4xx_HAL_Driver/Src/stm32f4xx_ll_usb.c.obj
                0x0000000008007f44                USB_EPStartXfer
 .text.USB_EP0StartXfer
                0x00000000080083cc      0x2a4 CMakeFiles/accelerotor.elf.dir/Drivers/STM32F4xx_HAL_Driver/Src/stm32f4xx_ll_usb.c.obj
                0x00000000080083cc                USB_EP0StartXfer
 .text.USB_WritePacket
                0x0000000008008670       0x68 CMakeFiles/accelerotor.elf.dir/Drivers/STM32F4xx_HAL_Driver/Src/stm32f4xx_ll_usb.c.obj
                0x0000000008008670                USB_WritePacket
 .text.USB_ReadPacket
                0x00000000080086d8       0x50 CMakeFiles/accelerotor.elf.dir/Drivers/STM32F4xx_HAL_Driver/Src/stm32f4xx_ll_usb.c.obj
                0x00000000080086d8                USB_ReadPacket
 .text.USB_EPSetStall
                0x0000000008008728       0xda CMakeFiles/accelerotor.elf.dir/Drivers/STM32F4xx_HAL_Driver/Src/stm32f4xx_ll_usb.c.obj
                0x0000000008008728                USB_EPSetStall
 .text.USB_EPClearStall
                0x0000000008008802       0xca CMakeFiles/accelerotor.elf.dir/Drivers/STM32F4xx_HAL_Driver/Src/stm32f4xx_ll_usb.c.obj
                0x0000000008008802                USB_EPClearStall
 .text.USB_SetDevAddress
                0x00000000080088cc       0x4a CMakeFiles/accelerotor.elf.dir/Drivers/STM32F4xx_HAL_Driver/Src/stm32f4xx_ll_usb.c.obj
                0x00000000080088cc                USB_SetDevAddress
 .text.USB_DevConnect
                0x0000000008008916       0x40 CMakeFiles/accelerotor.elf.dir/Drivers/STM32F4xx_HAL_Driver/Src/stm32f4xx_ll_usb.c.obj
                0x0000000008008916                USB_DevConnect
 .text.USB_DevDisconnect
                0x0000000008008956       0x40 CMakeFiles/accelerotor.elf.dir/Drivers/STM32F4xx_HAL_Driver/Src/stm32f4xx_ll_usb.c.obj
                0x0000000008008956                USB_DevDisconnect
 .text.USB_ReadInterrupts
                0x0000000008008996       0x24 CMakeFiles/accelerotor.elf.dir/Drivers/STM32F4xx_HAL_Driver/Src/stm32f4xx_ll_usb.c.obj
                0x0000000008008996                USB_ReadInterrupts
 .text.USB_ReadDevAllOutEpInterrupt
                0x00000000080089ba       0x32 CMakeFiles/accelerotor.elf.dir/Drivers/STM32F4xx_HAL_Driver/Src/stm32f4xx_ll_usb.c.obj
                0x00000000080089ba                USB_ReadDevAllOutEpInterrupt
 .text.USB_ReadDevAllInEpInterrupt
                0x00000000080089ec       0x32 CMakeFiles/accelerotor.elf.dir/Drivers/STM32F4xx_HAL_Driver/Src/stm32f4xx_ll_usb.c.obj
                0x00000000080089ec                USB_ReadDevAllInEpInterrupt
 .text.USB_ReadDevOutEPInterrupt
                0x0000000008008a1e       0x3a CMakeFiles/accelerotor.elf.dir/Drivers/STM32F4xx_HAL_Driver/Src/stm32f4xx_ll_usb.c.obj
                0x0000000008008a1e                USB_ReadDevOutEPInterrupt
 .text.USB_ReadDevInEPInterrupt
                0x0000000008008a58       0x5a CMakeFiles/accelerotor.elf.dir/Drivers/STM32F4xx_HAL_Driver/Src/stm32f4xx_ll_usb.c.obj
                0x0000000008008a58                USB_ReadDevInEPInterrupt
 .text.USB_GetMode
                0x0000000008008ab2       0x1a CMakeFiles/accelerotor.elf.dir/Drivers/STM32F4xx_HAL_Driver/Src/stm32f4xx_ll_usb.c.obj
                0x0000000008008ab2                USB_GetMode
 .text.USB_ActivateSetup
                0x0000000008008acc       0x44 CMakeFiles/accelerotor.elf.dir/Drivers/STM32F4xx_HAL_Driver/Src/stm32f4xx_ll_usb.c.obj
                0x0000000008008acc                USB_ActivateSetup
 .text.USB_EP0_OutStart
                0x0000000008008b10       0xb8 CMakeFiles/accelerotor.elf.dir/Drivers/STM32F4xx_HAL_Driver/Src/stm32f4xx_ll_usb.c.obj
                0x0000000008008b10                USB_EP0_OutStart
 .text.USB_CoreReset
                0x0000000008008bc8       0x64 CMakeFiles/accelerotor.elf.dir/Drivers/STM32F4xx_HAL_Driver/Src/stm32f4xx_ll_usb.c.obj
 .text.USBD_CDC_Init
                0x0000000008008c2c      0x100 CMakeFiles/accelerotor.elf.dir/Middlewares/ST/STM32_USB_Device_Library/Class/CDC/Src/usbd_cdc.c.obj
 .text.USBD_CDC_DeInit
                0x0000000008008d2c       0x78 CMakeFiles/accelerotor.elf.dir/Middlewares/ST/STM32_USB_Device_Library/Class/CDC/Src/usbd_cdc.c.obj
 .text.USBD_CDC_Setup
                0x0000000008008da4      0x178 CMakeFiles/accelerotor.elf.dir/Middlewares/ST/STM32_USB_Device_Library/Class/CDC/Src/usbd_cdc.c.obj
 .text.USBD_CDC_DataIn
                0x0000000008008f1c       0xbe CMakeFiles/accelerotor.elf.dir/Middlewares/ST/STM32_USB_Device_Library/Class/CDC/Src/usbd_cdc.c.obj
 .text.USBD_CDC_DataOut
                0x0000000008008fda       0x56 CMakeFiles/accelerotor.elf.dir/Middlewares/ST/STM32_USB_Device_Library/Class/CDC/Src/usbd_cdc.c.obj
 .text.USBD_CDC_EP0_RxReady
                0x0000000008009030       0x50 CMakeFiles/accelerotor.elf.dir/Middlewares/ST/STM32_USB_Device_Library/Class/CDC/Src/usbd_cdc.c.obj
 .text.USBD_CDC_GetFSCfgDesc
                0x0000000008009080       0x20 CMakeFiles/accelerotor.elf.dir/Middlewares/ST/STM32_USB_Device_Library/Class/CDC/Src/usbd_cdc.c.obj
 .text.USBD_CDC_GetHSCfgDesc
                0x00000000080090a0       0x20 CMakeFiles/accelerotor.elf.dir/Middlewares/ST/STM32_USB_Device_Library/Class/CDC/Src/usbd_cdc.c.obj
 .text.USBD_CDC_GetOtherSpeedCfgDesc
                0x00000000080090c0       0x20 CMakeFiles/accelerotor.elf.dir/Middlewares/ST/STM32_USB_Device_Library/Class/CDC/Src/usbd_cdc.c.obj
 .text.USBD_CDC_GetDeviceQualifierDescriptor
                0x00000000080090e0       0x20 CMakeFiles/accelerotor.elf.dir/Middlewares/ST/STM32_USB_Device_Library/Class/CDC/Src/usbd_cdc.c.obj
                0x00000000080090e0                USBD_CDC_GetDeviceQualifierDescriptor
 .text.USBD_CDC_RegisterInterface
                0x0000000008009100       0x28 CMakeFiles/accelerotor.elf.dir/Middlewares/ST/STM32_USB_Device_Library/Class/CDC/Src/usbd_cdc.c.obj
                0x0000000008009100                USBD_CDC_RegisterInterface
 .text.USBD_CDC_SetTxBuffer
                0x0000000008009128       0x30 CMakeFiles/accelerotor.elf.dir/Middlewares/ST/STM32_USB_Device_Library/Class/CDC/Src/usbd_cdc.c.obj
                0x0000000008009128                USBD_CDC_SetTxBuffer
 .text.USBD_CDC_SetRxBuffer
                0x0000000008009158       0x26 CMakeFiles/accelerotor.elf.dir/Middlewares/ST/STM32_USB_Device_Library/Class/CDC/Src/usbd_cdc.c.obj
                0x0000000008009158                USBD_CDC_SetRxBuffer
 .text.USBD_CDC_ReceivePacket
                0x000000000800917e       0x54 CMakeFiles/accelerotor.elf.dir/Middlewares/ST/STM32_USB_Device_Library/Class/CDC/Src/usbd_cdc.c.obj
                0x000000000800917e                USBD_CDC_ReceivePacket
 .text.USBD_Init
                0x00000000080091d2       0x6c CMakeFiles/accelerotor.elf.dir/Middlewares/ST/STM32_USB_Device_Library/Core/Src/usbd_core.c.obj
                0x00000000080091d2                USBD_Init
 .text.USBD_RegisterClass
                0x000000000800923e       0x42 CMakeFiles/accelerotor.elf.dir/Middlewares/ST/STM32_USB_Device_Library/Core/Src/usbd_core.c.obj
                0x000000000800923e                USBD_RegisterClass
 .text.USBD_Start
                0x0000000008009280       0x18 CMakeFiles/accelerotor.elf.dir/Middlewares/ST/STM32_USB_Device_Library/Core/Src/usbd_core.c.obj
                0x0000000008009280                USBD_Start
 .text.USBD_RunTestMode
                0x0000000008009298       0x14 CMakeFiles/accelerotor.elf.dir/Middlewares/ST/STM32_USB_Device_Library/Core/Src/usbd_core.c.obj
                0x0000000008009298                USBD_RunTestMode
 .text.USBD_SetClassConfig
                0x00000000080092ac       0x38 CMakeFiles/accelerotor.elf.dir/Middlewares/ST/STM32_USB_Device_Library/Core/Src/usbd_core.c.obj
                0x00000000080092ac                USBD_SetClassConfig
 .text.USBD_ClrClassConfig
                0x00000000080092e4       0x30 CMakeFiles/accelerotor.elf.dir/Middlewares/ST/STM32_USB_Device_Library/Core/Src/usbd_core.c.obj
                0x00000000080092e4                USBD_ClrClassConfig
 .text.USBD_LL_SetupStage
                0x0000000008009314       0xaa CMakeFiles/accelerotor.elf.dir/Middlewares/ST/STM32_USB_Device_Library/Core/Src/usbd_core.c.obj
                0x0000000008009314                USBD_LL_SetupStage
 .text.USBD_LL_DataOutStage
                0x00000000080093be       0xc6 CMakeFiles/accelerotor.elf.dir/Middlewares/ST/STM32_USB_Device_Library/Core/Src/usbd_core.c.obj
                0x00000000080093be                USBD_LL_DataOutStage
 .text.USBD_LL_DataInStage
                0x0000000008009484      0x12c CMakeFiles/accelerotor.elf.dir/Middlewares/ST/STM32_USB_Device_Library/Core/Src/usbd_core.c.obj
                0x0000000008009484                USBD_LL_DataInStage
 .text.USBD_LL_Reset
                0x00000000080095b0       0x82 CMakeFiles/accelerotor.elf.dir/Middlewares/ST/STM32_USB_Device_Library/Core/Src/usbd_core.c.obj
                0x00000000080095b0                USBD_LL_Reset
 .text.USBD_LL_SetSpeed
                0x0000000008009632       0x1e CMakeFiles/accelerotor.elf.dir/Middlewares/ST/STM32_USB_Device_Library/Core/Src/usbd_core.c.obj
                0x0000000008009632                USBD_LL_SetSpeed
 .text.USBD_LL_Suspend
                0x0000000008009650       0x28 CMakeFiles/accelerotor.elf.dir/Middlewares/ST/STM32_USB_Device_Library/Core/Src/usbd_core.c.obj
                0x0000000008009650                USBD_LL_Suspend
 .text.USBD_LL_Resume
                0x0000000008009678       0x2a CMakeFiles/accelerotor.elf.dir/Middlewares/ST/STM32_USB_Device_Library/Core/Src/usbd_core.c.obj
                0x0000000008009678                USBD_LL_Resume
 .text.USBD_LL_SOF
                0x00000000080096a2       0x34 CMakeFiles/accelerotor.elf.dir/Middlewares/ST/STM32_USB_Device_Library/Core/Src/usbd_core.c.obj
                0x00000000080096a2                USBD_LL_SOF
 .text.USBD_LL_IsoINIncomplete
                0x00000000080096d6       0x18 CMakeFiles/accelerotor.elf.dir/Middlewares/ST/STM32_USB_Device_Library/Core/Src/usbd_core.c.obj
                0x00000000080096d6                USBD_LL_IsoINIncomplete
 .text.USBD_LL_IsoOUTIncomplete
                0x00000000080096ee       0x18 CMakeFiles/accelerotor.elf.dir/Middlewares/ST/STM32_USB_Device_Library/Core/Src/usbd_core.c.obj
                0x00000000080096ee                USBD_LL_IsoOUTIncomplete
 .text.USBD_LL_DevConnected
                0x0000000008009706       0x14 CMakeFiles/accelerotor.elf.dir/Middlewares/ST/STM32_USB_Device_Library/Core/Src/usbd_core.c.obj
                0x0000000008009706                USBD_LL_DevConnected
 .text.USBD_LL_DevDisconnected
                0x000000000800971a       0x38 CMakeFiles/accelerotor.elf.dir/Middlewares/ST/STM32_USB_Device_Library/Core/Src/usbd_core.c.obj
                0x000000000800971a                USBD_LL_DevDisconnected
 .text.SWAPBYTE
                0x0000000008009752       0x3a CMakeFiles/accelerotor.elf.dir/Middlewares/ST/STM32_USB_Device_Library/Core/Src/usbd_ctlreq.c.obj
 .text.USBD_StdDevReq
                0x000000000800978c       0xdc CMakeFiles/accelerotor.elf.dir/Middlewares/ST/STM32_USB_Device_Library/Core/Src/usbd_ctlreq.c.obj
                0x000000000800978c                USBD_StdDevReq
 .text.USBD_StdItfReq
                0x0000000008009868       0x90 CMakeFiles/accelerotor.elf.dir/Middlewares/ST/STM32_USB_Device_Library/Core/Src/usbd_ctlreq.c.obj
                0x0000000008009868                USBD_StdItfReq
 .text.USBD_StdEPReq
                0x00000000080098f8      0x2ba CMakeFiles/accelerotor.elf.dir/Middlewares/ST/STM32_USB_Device_Library/Core/Src/usbd_ctlreq.c.obj
                0x00000000080098f8                USBD_StdEPReq
 *fill*         0x0000000008009bb2        0x2 
 .text.USBD_GetDescriptor
                0x0000000008009bb4      0x2d4 CMakeFiles/accelerotor.elf.dir/Middlewares/ST/STM32_USB_Device_Library/Core/Src/usbd_ctlreq.c.obj
 .text.USBD_SetAddress
                0x0000000008009e88       0x86 CMakeFiles/accelerotor.elf.dir/Middlewares/ST/STM32_USB_Device_Library/Core/Src/usbd_ctlreq.c.obj
 *fill*         0x0000000008009f0e        0x2 
 .text.USBD_SetConfig
                0x0000000008009f10      0x148 CMakeFiles/accelerotor.elf.dir/Middlewares/ST/STM32_USB_Device_Library/Core/Src/usbd_ctlreq.c.obj
 .text.USBD_GetConfig
                0x000000000800a058       0x6a CMakeFiles/accelerotor.elf.dir/Middlewares/ST/STM32_USB_Device_Library/Core/Src/usbd_ctlreq.c.obj
 .text.USBD_GetStatus
                0x000000000800a0c2       0x66 CMakeFiles/accelerotor.elf.dir/Middlewares/ST/STM32_USB_Device_Library/Core/Src/usbd_ctlreq.c.obj
 .text.USBD_SetFeature
                0x000000000800a128       0x28 CMakeFiles/accelerotor.elf.dir/Middlewares/ST/STM32_USB_Device_Library/Core/Src/usbd_ctlreq.c.obj
 .text.USBD_ClrFeature
                0x000000000800a150       0x42 CMakeFiles/accelerotor.elf.dir/Middlewares/ST/STM32_USB_Device_Library/Core/Src/usbd_ctlreq.c.obj
 .text.USBD_ParseSetupRequest
                0x000000000800a192       0x74 CMakeFiles/accelerotor.elf.dir/Middlewares/ST/STM32_USB_Device_Library/Core/Src/usbd_ctlreq.c.obj
                0x000000000800a192                USBD_ParseSetupRequest
 .text.USBD_CtlError
                0x000000000800a206       0x22 CMakeFiles/accelerotor.elf.dir/Middlewares/ST/STM32_USB_Device_Library/Core/Src/usbd_ctlreq.c.obj
                0x000000000800a206                USBD_CtlError
 .text.USBD_GetString
                0x000000000800a228       0x8c CMakeFiles/accelerotor.elf.dir/Middlewares/ST/STM32_USB_Device_Library/Core/Src/usbd_ctlreq.c.obj
                0x000000000800a228                USBD_GetString
 .text.USBD_GetLen
                0x000000000800a2b4       0x32 CMakeFiles/accelerotor.elf.dir/Middlewares/ST/STM32_USB_Device_Library/Core/Src/usbd_ctlreq.c.obj
 .text.USBD_CtlSendData
                0x000000000800a2e6       0x36 CMakeFiles/accelerotor.elf.dir/Middlewares/ST/STM32_USB_Device_Library/Core/Src/usbd_ioreq.c.obj
                0x000000000800a2e6                USBD_CtlSendData
 .text.USBD_CtlContinueSendData
                0x000000000800a31c       0x22 CMakeFiles/accelerotor.elf.dir/Middlewares/ST/STM32_USB_Device_Library/Core/Src/usbd_ioreq.c.obj
                0x000000000800a31c                USBD_CtlContinueSendData
 .text.USBD_CtlPrepareRx
                0x000000000800a33e       0x3a CMakeFiles/accelerotor.elf.dir/Middlewares/ST/STM32_USB_Device_Library/Core/Src/usbd_ioreq.c.obj
                0x000000000800a33e                USBD_CtlPrepareRx
 .text.USBD_CtlContinueRx
                0x000000000800a378       0x22 CMakeFiles/accelerotor.elf.dir/Middlewares/ST/STM32_USB_Device_Library/Core/Src/usbd_ioreq.c.obj
                0x000000000800a378                USBD_CtlContinueRx
 .text.USBD_CtlSendStatus
                0x000000000800a39a       0x26 CMakeFiles/accelerotor.elf.dir/Middlewares/ST/STM32_USB_Device_Library/Core/Src/usbd_ioreq.c.obj
                0x000000000800a39a                USBD_CtlSendStatus
 .text.USBD_CtlReceiveStatus
                0x000000000800a3c0       0x26 CMakeFiles/accelerotor.elf.dir/Middlewares/ST/STM32_USB_Device_Library/Core/Src/usbd_ioreq.c.obj
                0x000000000800a3c0                USBD_CtlReceiveStatus
 *fill*         0x000000000800a3e6        0x2 
 .text.MX_USB_DEVICE_Init
                0x000000000800a3e8       0x60 CMakeFiles/accelerotor.elf.dir/USB_DEVICE/App/usb_device.c.obj
                0x000000000800a3e8                MX_USB_DEVICE_Init
 .text.CDC_Init_FS
                0x000000000800a448       0x28 CMakeFiles/accelerotor.elf.dir/USB_DEVICE/App/usbd_cdc_if.c.obj
 .text.CDC_DeInit_FS
                0x000000000800a470        0xe CMakeFiles/accelerotor.elf.dir/USB_DEVICE/App/usbd_cdc_if.c.obj
 *fill*         0x000000000800a47e        0x2 
 .text.CDC_Control_FS
                0x000000000800a480       0xbc CMakeFiles/accelerotor.elf.dir/USB_DEVICE/App/usbd_cdc_if.c.obj
 .text.CDC_Receive_FS
                0x000000000800a53c       0x28 CMakeFiles/accelerotor.elf.dir/USB_DEVICE/App/usbd_cdc_if.c.obj
 .text.CDC_TransmitCplt_FS
                0x000000000800a564       0x20 CMakeFiles/accelerotor.elf.dir/USB_DEVICE/App/usbd_cdc_if.c.obj
 .text.USBD_FS_DeviceDescriptor
                0x000000000800a584       0x24 CMakeFiles/accelerotor.elf.dir/USB_DEVICE/App/usbd_desc.c.obj
                0x000000000800a584                USBD_FS_DeviceDescriptor
 .text.USBD_FS_LangIDStrDescriptor
                0x000000000800a5a8       0x24 CMakeFiles/accelerotor.elf.dir/USB_DEVICE/App/usbd_desc.c.obj
                0x000000000800a5a8                USBD_FS_LangIDStrDescriptor
 .text.USBD_FS_ProductStrDescriptor
                0x000000000800a5cc       0x3c CMakeFiles/accelerotor.elf.dir/USB_DEVICE/App/usbd_desc.c.obj
                0x000000000800a5cc                USBD_FS_ProductStrDescriptor
 .text.USBD_FS_ManufacturerStrDescriptor
                0x000000000800a608       0x28 CMakeFiles/accelerotor.elf.dir/USB_DEVICE/App/usbd_desc.c.obj
                0x000000000800a608                USBD_FS_ManufacturerStrDescriptor
 .text.USBD_FS_SerialStrDescriptor
                0x000000000800a630       0x24 CMakeFiles/accelerotor.elf.dir/USB_DEVICE/App/usbd_desc.c.obj
                0x000000000800a630                USBD_FS_SerialStrDescriptor
 .text.USBD_FS_ConfigStrDescriptor
                0x000000000800a654       0x3c CMakeFiles/accelerotor.elf.dir/USB_DEVICE/App/usbd_desc.c.obj
                0x000000000800a654                USBD_FS_ConfigStrDescriptor
 .text.USBD_FS_InterfaceStrDescriptor
                0x000000000800a690       0x3c CMakeFiles/accelerotor.elf.dir/USB_DEVICE/App/usbd_desc.c.obj
                0x000000000800a690                USBD_FS_InterfaceStrDescriptor
 .text.Get_SerialNum
                0x000000000800a6cc       0x58 CMakeFiles/accelerotor.elf.dir/USB_DEVICE/App/usbd_desc.c.obj
 .text.IntToUnicode
                0x000000000800a724       0x7c CMakeFiles/accelerotor.elf.dir/USB_DEVICE/App/usbd_desc.c.obj
 .text.HAL_PCD_MspInit
                0x000000000800a7a0       0xa8 CMakeFiles/accelerotor.elf.dir/USB_DEVICE/Target/usbd_conf.c.obj
                0x000000000800a7a0                HAL_PCD_MspInit
 .text.HAL_PCD_SetupStageCallback
                0x000000000800a848       0x24 CMakeFiles/accelerotor.elf.dir/USB_DEVICE/Target/usbd_conf.c.obj
                0x000000000800a848                HAL_PCD_SetupStageCallback
 .text.HAL_PCD_DataOutStageCallback
                0x000000000800a86c       0x36 CMakeFiles/accelerotor.elf.dir/USB_DEVICE/Target/usbd_conf.c.obj
                0x000000000800a86c                HAL_PCD_DataOutStageCallback
 .text.HAL_PCD_DataInStageCallback
                0x000000000800a8a2       0x34 CMakeFiles/accelerotor.elf.dir/USB_DEVICE/Target/usbd_conf.c.obj
                0x000000000800a8a2                HAL_PCD_DataInStageCallback
 .text.HAL_PCD_SOFCallback
                0x000000000800a8d6       0x1c CMakeFiles/accelerotor.elf.dir/USB_DEVICE/Target/usbd_conf.c.obj
                0x000000000800a8d6                HAL_PCD_SOFCallback
 .text.HAL_PCD_ResetCallback
                0x000000000800a8f2       0x3c CMakeFiles/accelerotor.elf.dir/USB_DEVICE/Target/usbd_conf.c.obj
                0x000000000800a8f2                HAL_PCD_ResetCallback
 *fill*         0x000000000800a92e        0x2 
 .text.HAL_PCD_SuspendCallback
                0x000000000800a930       0x4c CMakeFiles/accelerotor.elf.dir/USB_DEVICE/Target/usbd_conf.c.obj
                0x000000000800a930                HAL_PCD_SuspendCallback
 .text.HAL_PCD_ResumeCallback
                0x000000000800a97c       0x1c CMakeFiles/accelerotor.elf.dir/USB_DEVICE/Target/usbd_conf.c.obj
                0x000000000800a97c                HAL_PCD_ResumeCallback
 .text.HAL_PCD_ISOOUTIncompleteCallback
                0x000000000800a998       0x24 CMakeFiles/accelerotor.elf.dir/USB_DEVICE/Target/usbd_conf.c.obj
                0x000000000800a998                HAL_PCD_ISOOUTIncompleteCallback
 .text.HAL_PCD_ISOINIncompleteCallback
                0x000000000800a9bc       0x24 CMakeFiles/accelerotor.elf.dir/USB_DEVICE/Target/usbd_conf.c.obj
                0x000000000800a9bc                HAL_PCD_ISOINIncompleteCallback
 .text.HAL_PCD_ConnectCallback
                0x000000000800a9e0       0x1c CMakeFiles/accelerotor.elf.dir/USB_DEVICE/Target/usbd_conf.c.obj
                0x000000000800a9e0                HAL_PCD_ConnectCallback
 .text.HAL_PCD_DisconnectCallback
                0x000000000800a9fc       0x1c CMakeFiles/accelerotor.elf.dir/USB_DEVICE/Target/usbd_conf.c.obj
                0x000000000800a9fc                HAL_PCD_DisconnectCallback
 .text.USBD_LL_Init
                0x000000000800aa18       0x98 CMakeFiles/accelerotor.elf.dir/USB_DEVICE/Target/usbd_conf.c.obj
                0x000000000800aa18                USBD_LL_Init
 .text.USBD_LL_Start
                0x000000000800aab0       0x36 CMakeFiles/accelerotor.elf.dir/USB_DEVICE/Target/usbd_conf.c.obj
                0x000000000800aab0                USBD_LL_Start
 .text.USBD_LL_OpenEP
                0x000000000800aae6       0x4c CMakeFiles/accelerotor.elf.dir/USB_DEVICE/Target/usbd_conf.c.obj
                0x000000000800aae6                USBD_LL_OpenEP
 .text.USBD_LL_CloseEP
                0x000000000800ab32       0x3e CMakeFiles/accelerotor.elf.dir/USB_DEVICE/Target/usbd_conf.c.obj
                0x000000000800ab32                USBD_LL_CloseEP
 .text.USBD_LL_StallEP
                0x000000000800ab70       0x3e CMakeFiles/accelerotor.elf.dir/USB_DEVICE/Target/usbd_conf.c.obj
                0x000000000800ab70                USBD_LL_StallEP
 .text.USBD_LL_ClearStallEP
                0x000000000800abae       0x3e CMakeFiles/accelerotor.elf.dir/USB_DEVICE/Target/usbd_conf.c.obj
                0x000000000800abae                USBD_LL_ClearStallEP
 .text.USBD_LL_IsStallEP
                0x000000000800abec       0x56 CMakeFiles/accelerotor.elf.dir/USB_DEVICE/Target/usbd_conf.c.obj
                0x000000000800abec                USBD_LL_IsStallEP
 .text.USBD_LL_SetUSBAddress
                0x000000000800ac42       0x3e CMakeFiles/accelerotor.elf.dir/USB_DEVICE/Target/usbd_conf.c.obj
                0x000000000800ac42                USBD_LL_SetUSBAddress
 .text.USBD_LL_Transmit
                0x000000000800ac80       0x42 CMakeFiles/accelerotor.elf.dir/USB_DEVICE/Target/usbd_conf.c.obj
                0x000000000800ac80                USBD_LL_Transmit
 .text.USBD_LL_PrepareReceive
                0x000000000800acc2       0x42 CMakeFiles/accelerotor.elf.dir/USB_DEVICE/Target/usbd_conf.c.obj
                0x000000000800acc2                USBD_LL_PrepareReceive
 .text.USBD_LL_GetRxDataSize
                0x000000000800ad04       0x26 CMakeFiles/accelerotor.elf.dir/USB_DEVICE/Target/usbd_conf.c.obj
                0x000000000800ad04                USBD_LL_GetRxDataSize
 *fill*         0x000000000800ad2a        0x2 
 .text.USBD_Get_USB_Status
                0x000000000800ad2c       0x58 CMakeFiles/accelerotor.elf.dir/USB_DEVICE/Target/usbd_conf.c.obj
                0x000000000800ad2c                USBD_Get_USB_Status
 .text.Reset_Handler
                0x000000000800ad84       0x50 CMakeFiles/accelerotor.elf.dir/startup/startup_stm32f411xe.s.obj
                0x000000000800ad84                Reset_Handler
 .text.Default_Handler
                0x000000000800add4        0x2 CMakeFiles/accelerotor.elf.dir/startup/startup_stm32f411xe.s.obj
                0x000000000800add4                RTC_Alarm_IRQHandler
                0x000000000800add4                EXTI2_IRQHandler
                0x000000000800add4                SPI4_IRQHandler
                0x000000000800add4                TIM1_CC_IRQHandler
                0x000000000800add4                DMA2_Stream5_IRQHandler
                0x000000000800add4                PVD_IRQHandler
                0x000000000800add4                SDIO_IRQHandler
                0x000000000800add4                TAMP_STAMP_IRQHandler
                0x000000000800add4                EXTI3_IRQHandler
                0x000000000800add4                TIM1_UP_TIM10_IRQHandler
                0x000000000800add4                I2C3_ER_IRQHandler
                0x000000000800add4                EXTI0_IRQHandler
                0x000000000800add4                I2C2_EV_IRQHandler
                0x000000000800add4                DMA1_Stream2_IRQHandler
                0x000000000800add4                FPU_IRQHandler
                0x000000000800add4                TIM1_BRK_TIM9_IRQHandler
                0x000000000800add4                DMA2_Stream3_IRQHandler
                0x000000000800add4                USART6_IRQHandler
                0x000000000800add4                TIM4_IRQHandler
                0x000000000800add4                I2C1_EV_IRQHandler
                0x000000000800add4                DMA1_Stream6_IRQHandler
                0x000000000800add4                TIM3_IRQHandler
                0x000000000800add4                RCC_IRQHandler
                0x000000000800add4                Default_Handler
                0x000000000800add4                EXTI15_10_IRQHandler
                0x000000000800add4                ADC_IRQHandler
                0x000000000800add4                DMA1_Stream7_IRQHandler
                0x000000000800add4                SPI5_IRQHandler
                0x000000000800add4                TIM5_IRQHandler
                0x000000000800add4                DMA2_Stream7_IRQHandler
                0x000000000800add4                I2C3_EV_IRQHandler
                0x000000000800add4                EXTI9_5_IRQHandler
                0x000000000800add4                RTC_WKUP_IRQHandler
                0x000000000800add4                SPI2_IRQHandler
                0x000000000800add4                EXTI4_IRQHandler
                0x000000000800add4                WWDG_IRQHandler
                0x000000000800add4                TIM2_IRQHandler
                0x000000000800add4                OTG_FS_WKUP_IRQHandler
                0x000000000800add4                TIM1_TRG_COM_TIM11_IRQHandler
                0x000000000800add4                EXTI1_IRQHandler
                0x000000000800add4                I2C2_ER_IRQHandler
                0x000000000800add4                DMA2_Stream1_IRQHandler
                0x000000000800add4                FLASH_IRQHandler
                0x000000000800add4                DMA2_Stream4_IRQHandler
                0x000000000800add4                USART1_IRQHandler
                0x000000000800add4                SPI3_IRQHandler
                0x000000000800add4                DMA1_Stream4_IRQHandler
                0x000000000800add4                I2C1_ER_IRQHandler
                0x000000000800add4                DMA2_Stream6_IRQHandler
 *(.glue_7)
 .glue_7        0x000000000800add6        0x0 linker stubs
 *(.glue_7t)
 .glue_7t       0x000000000800add6        0x0 linker stubs
 *(.eh_frame)
 *fill*         0x000000000800add6        0x2 
 .eh_frame      0x000000000800add8        0x0 /usr/lib/gcc/arm-none-eabi/9.2.1/thumb/v7e-m/nofp/crtbegin.o
 *(.init)
 .init          0x000000000800add8        0x4 /usr/lib/gcc/arm-none-eabi/9.2.1/thumb/v7e-m/nofp/crti.o
                0x000000000800add8                _init
 .init          0x000000000800addc        0x8 /usr/lib/gcc/arm-none-eabi/9.2.1/thumb/v7e-m/nofp/crtn.o
 *(.fini)
 .fini          0x000000000800ade4        0x4 /usr/lib/gcc/arm-none-eabi/9.2.1/thumb/v7e-m/nofp/crti.o
                0x000000000800ade4                _fini
 .fini          0x000000000800ade8        0x8 /usr/lib/gcc/arm-none-eabi/9.2.1/thumb/v7e-m/nofp/crtn.o
                0x000000000800adf0                . = ALIGN (0x4)
                0x000000000800adf0                _etext = .

.vfp11_veneer   0x000000000800adf0        0x0
 .vfp11_veneer  0x000000000800adf0        0x0 linker stubs

.v4_bx          0x000000000800adf0        0x0
 .v4_bx         0x000000000800adf0        0x0 linker stubs

.iplt           0x000000000800adf0        0x0
 .iplt          0x000000000800adf0        0x0 /usr/lib/gcc/arm-none-eabi/9.2.1/thumb/v7e-m/nofp/crtbegin.o

.rodata         0x000000000800adf0       0x68
                0x000000000800adf0                . = ALIGN (0x4)
 *(.rodata)
 .rodata        0x000000000800adf0       0x46 CMakeFiles/accelerotor.elf.dir/USB_DEVICE/App/usbd_desc.c.obj
 *(.rodata*)
 *fill*         0x000000000800ae36        0x2 
 .rodata.AHBPrescTable
                0x000000000800ae38       0x10 CMakeFiles/accelerotor.elf.dir/Core/Src/system_stm32f4xx.c.obj
                0x000000000800ae38                AHBPrescTable
 .rodata.APBPrescTable
                0x000000000800ae48        0x8 CMakeFiles/accelerotor.elf.dir/Core/Src/system_stm32f4xx.c.obj
                0x000000000800ae48                APBPrescTable
 .rodata.flagBitshiftOffset.7175
                0x000000000800ae50        0x8 CMakeFiles/accelerotor.elf.dir/Drivers/STM32F4xx_HAL_Driver/Src/stm32f4xx_hal_dma.c.obj
                0x000000000800ae58                . = ALIGN (0x4)

.ARM.extab
 *(.ARM.extab* .gnu.linkonce.armextab.*)

.ARM            0x000000000800ae58        0x8
                0x000000000800ae58                __exidx_start = .
 *(.ARM.exidx*)
 .ARM.exidx     0x000000000800ae58        0x8 /usr/lib/gcc/arm-none-eabi/9.2.1/thumb/v7e-m/nofp/libgcc.a(_udivmoddi4.o)
                0x000000000800ae60                __exidx_end = .

.rel.dyn        0x000000000800ae60        0x0
 .rel.iplt      0x000000000800ae60        0x0 /usr/lib/gcc/arm-none-eabi/9.2.1/thumb/v7e-m/nofp/crtbegin.o

.preinit_array  0x000000000800ae60        0x0
                0x000000000800ae60                PROVIDE (__preinit_array_start = .)
 *(.preinit_array*)
                0x000000000800ae60                PROVIDE (__preinit_array_end = .)

.init_array     0x000000000800ae60        0x4
                0x000000000800ae60                PROVIDE (__init_array_start = .)
 *(SORT_BY_NAME(.init_array.*))
 *(.init_array*)
 .init_array    0x000000000800ae60        0x4 /usr/lib/gcc/arm-none-eabi/9.2.1/thumb/v7e-m/nofp/crtbegin.o
                0x000000000800ae64                PROVIDE (__init_array_end = .)

.fini_array     0x000000000800ae64        0x4
                0x000000000800ae64                PROVIDE (__fini_array_start = .)
 *(SORT_BY_NAME(.fini_array.*))
 *(.fini_array*)
 .fini_array    0x000000000800ae64        0x4 /usr/lib/gcc/arm-none-eabi/9.2.1/thumb/v7e-m/nofp/crtbegin.o
                0x000000000800ae68                PROVIDE (__fini_array_end = .)
                0x000000000800ae68                _sidata = LOADADDR (.data)

.data           0x0000000020000000      0x1fc load address 0x000000000800ae68
                0x0000000020000000                . = ALIGN (0x4)
                0x0000000020000000                _sdata = .
 *(.data)
 .data          0x0000000020000000       0x64 /usr/lib/gcc/arm-none-eabi/9.2.1/../../../arm-none-eabi/lib/thumb/v7e-m/nofp/libg_nano.a(lib_a-impure.o)
                0x0000000020000000                _impure_ptr
 *(.data*)
 .data.kpx      0x0000000020000064        0x4 CMakeFiles/accelerotor.elf.dir/Core/Src/main.c.obj
                0x0000000020000064                kpx
 .data.kpy      0x0000000020000068        0x4 CMakeFiles/accelerotor.elf.dir/Core/Src/main.c.obj
                0x0000000020000068                kpy
 .data.kpz      0x000000002000006c        0x4 CMakeFiles/accelerotor.elf.dir/Core/Src/main.c.obj
                0x000000002000006c                kpz
 .data.kiz      0x0000000020000070        0x4 CMakeFiles/accelerotor.elf.dir/Core/Src/main.c.obj
                0x0000000020000070                kiz
 .data.kdz      0x0000000020000074        0x4 CMakeFiles/accelerotor.elf.dir/Core/Src/main.c.obj
                0x0000000020000074                kdz
 .data.throttle_headroom_percentage
                0x0000000020000078        0x4 CMakeFiles/accelerotor.elf.dir/Core/Src/main.c.obj
                0x0000000020000078                throttle_headroom_percentage
 .data.SystemCoreClock
                0x000000002000007c        0x4 CMakeFiles/accelerotor.elf.dir/Core/Src/system_stm32f4xx.c.obj
                0x000000002000007c                SystemCoreClock
 .data.uwTickPrio
                0x0000000020000080        0x4 CMakeFiles/accelerotor.elf.dir/Drivers/STM32F4xx_HAL_Driver/Src/stm32f4xx_hal.c.obj
                0x0000000020000080                uwTickPrio
 .data.uwTickFreq
                0x0000000020000084        0x1 CMakeFiles/accelerotor.elf.dir/Drivers/STM32F4xx_HAL_Driver/Src/stm32f4xx_hal.c.obj
                0x0000000020000084                uwTickFreq
 *fill*         0x0000000020000085        0x3 
 .data.USBD_CDC_DeviceQualifierDesc
                0x0000000020000088        0xa CMakeFiles/accelerotor.elf.dir/Middlewares/ST/STM32_USB_Device_Library/Class/CDC/Src/usbd_cdc.c.obj
 *fill*         0x0000000020000092        0x2 
 .data.USBD_CDC
                0x0000000020000094       0x38 CMakeFiles/accelerotor.elf.dir/Middlewares/ST/STM32_USB_Device_Library/Class/CDC/Src/usbd_cdc.c.obj
                0x0000000020000094                USBD_CDC
 .data.USBD_CDC_CfgHSDesc
                0x00000000200000cc       0x43 CMakeFiles/accelerotor.elf.dir/Middlewares/ST/STM32_USB_Device_Library/Class/CDC/Src/usbd_cdc.c.obj
 *fill*         0x000000002000010f        0x1 
 .data.USBD_CDC_CfgFSDesc
                0x0000000020000110       0x43 CMakeFiles/accelerotor.elf.dir/Middlewares/ST/STM32_USB_Device_Library/Class/CDC/Src/usbd_cdc.c.obj
 *fill*         0x0000000020000153        0x1 
 .data.USBD_CDC_OtherSpeedCfgDesc
                0x0000000020000154       0x43 CMakeFiles/accelerotor.elf.dir/Middlewares/ST/STM32_USB_Device_Library/Class/CDC/Src/usbd_cdc.c.obj
 *fill*         0x0000000020000197        0x1 
 .data.USBD_Interface_fops_FS
                0x0000000020000198       0x14 CMakeFiles/accelerotor.elf.dir/USB_DEVICE/App/usbd_cdc_if.c.obj
                0x0000000020000198                USBD_Interface_fops_FS
 .data.FS_Desc  0x00000000200001ac       0x1c CMakeFiles/accelerotor.elf.dir/USB_DEVICE/App/usbd_desc.c.obj
                0x00000000200001ac                FS_Desc
 .data.USBD_FS_DeviceDesc
                0x00000000200001c8       0x12 CMakeFiles/accelerotor.elf.dir/USB_DEVICE/App/usbd_desc.c.obj
                0x00000000200001c8                USBD_FS_DeviceDesc
 *fill*         0x00000000200001da        0x2 
 .data.USBD_LangIDDesc
                0x00000000200001dc        0x4 CMakeFiles/accelerotor.elf.dir/USB_DEVICE/App/usbd_desc.c.obj
                0x00000000200001dc                USBD_LangIDDesc
 .data.USBD_StringSerial
                0x00000000200001e0       0x1a CMakeFiles/accelerotor.elf.dir/USB_DEVICE/App/usbd_desc.c.obj
                0x00000000200001e0                USBD_StringSerial
                0x00000000200001fc                . = ALIGN (0x4)
 *fill*         0x00000000200001fa        0x2 
                0x00000000200001fc                _edata = .

.tm_clone_table
                0x00000000200001fc        0x0 load address 0x000000000800b064
 .tm_clone_table
                0x00000000200001fc        0x0 /usr/lib/gcc/arm-none-eabi/9.2.1/thumb/v7e-m/nofp/crtbegin.o
 .tm_clone_table
                0x00000000200001fc        0x0 /usr/lib/gcc/arm-none-eabi/9.2.1/thumb/v7e-m/nofp/crtend.o

.igot.plt       0x00000000200001fc        0x0 load address 0x000000000800b064
 .igot.plt      0x00000000200001fc        0x0 /usr/lib/gcc/arm-none-eabi/9.2.1/thumb/v7e-m/nofp/crtbegin.o
                0x00000000200001fc                . = ALIGN (0x4)

.bss            0x00000000200001fc     0x2030 load address 0x000000000800b064
                0x00000000200001fc                _sbss = .
                0x00000000200001fc                __bss_start__ = _sbss
 *(.bss)
 .bss           0x00000000200001fc       0x1c /usr/lib/gcc/arm-none-eabi/9.2.1/thumb/v7e-m/nofp/crtbegin.o
 .bss           0x0000000020000218        0x8 /usr/lib/gcc/arm-none-eabi/9.2.1/../../../arm-none-eabi/lib/thumb/v7e-m/nofp/libg_nano.a(lib_a-nano-mallocr.o)
                0x0000000020000218                __malloc_free_list
                0x000000002000021c                __malloc_sbrk_start
 *(.bss*)
 .bss.MPU6000_busy
                0x0000000020000220        0x1 CMakeFiles/accelerotor.elf.dir/Core/Src/main.c.obj
                0x0000000020000220                MPU6000_busy
 .bss.MPU6000_gyro_read_flag
                0x0000000020000221        0x1 CMakeFiles/accelerotor.elf.dir/Core/Src/main.c.obj
                0x0000000020000221                MPU6000_gyro_read_flag
 *fill*         0x0000000020000222        0x2 
 .bss.MPU6000_tx_buffer
                0x0000000020000224        0xa CMakeFiles/accelerotor.elf.dir/Core/Src/main.c.obj
                0x0000000020000224                MPU6000_tx_buffer
 *fill*         0x000000002000022e        0x2 
 .bss.MPU6000_rx_buffer
                0x0000000020000230        0xa CMakeFiles/accelerotor.elf.dir/Core/Src/main.c.obj
                0x0000000020000230                MPU6000_rx_buffer
 *fill*         0x000000002000023a        0x2 
 .bss.hspi1     0x000000002000023c       0x58 CMakeFiles/accelerotor.elf.dir/Core/Src/main.c.obj
                0x000000002000023c                hspi1
 .bss.hdma_spi1_rx
                0x0000000020000294       0x60 CMakeFiles/accelerotor.elf.dir/Core/Src/main.c.obj
                0x0000000020000294                hdma_spi1_rx
 .bss.hdma_spi1_tx
                0x00000000200002f4       0x60 CMakeFiles/accelerotor.elf.dir/Core/Src/main.c.obj
                0x00000000200002f4                hdma_spi1_tx
 .bss.htim2     0x0000000020000354       0x40 CMakeFiles/accelerotor.elf.dir/Core/Src/main.c.obj
                0x0000000020000354                htim2
 .bss.htim4     0x0000000020000394       0x40 CMakeFiles/accelerotor.elf.dir/Core/Src/main.c.obj
                0x0000000020000394                htim4
 .bss.hdma_tim2_ch1
                0x00000000200003d4       0x60 CMakeFiles/accelerotor.elf.dir/Core/Src/main.c.obj
                0x00000000200003d4                hdma_tim2_ch1
 .bss.hdma_tim2_ch3_up
                0x0000000020000434       0x60 CMakeFiles/accelerotor.elf.dir/Core/Src/main.c.obj
                0x0000000020000434                hdma_tim2_ch3_up
 .bss.hdma_tim4_ch1
                0x0000000020000494       0x60 CMakeFiles/accelerotor.elf.dir/Core/Src/main.c.obj
                0x0000000020000494                hdma_tim4_ch1
 .bss.hdma_tim4_ch2
                0x00000000200004f4       0x60 CMakeFiles/accelerotor.elf.dir/Core/Src/main.c.obj
                0x00000000200004f4                hdma_tim4_ch2
 .bss.huart2    0x0000000020000554       0x40 CMakeFiles/accelerotor.elf.dir/Core/Src/main.c.obj
                0x0000000020000554                huart2
 .bss.SBUSBuffer
                0x0000000020000594       0x19 CMakeFiles/accelerotor.elf.dir/Core/Src/main.c.obj
                0x0000000020000594                SBUSBuffer
 *fill*         0x00000000200005ad        0x3 
 .bss.SBUSChannelValues
                0x00000000200005b0       0x24 CMakeFiles/accelerotor.elf.dir/Core/Src/main.c.obj
                0x00000000200005b0                SBUSChannelValues
 .bss.DSHOT_buffer
                0x00000000200005d4      0x2f0 CMakeFiles/accelerotor.elf.dir/Core/Src/main.c.obj
                0x00000000200005d4                DSHOT_buffer
 .bss.gyrox     0x00000000200008c4        0x2 CMakeFiles/accelerotor.elf.dir/Core/Src/main.c.obj
                0x00000000200008c4                gyrox
 .bss.gyroy     0x00000000200008c6        0x2 CMakeFiles/accelerotor.elf.dir/Core/Src/main.c.obj
                0x00000000200008c6                gyroy
 .bss.gyroz     0x00000000200008c8        0x2 CMakeFiles/accelerotor.elf.dir/Core/Src/main.c.obj
                0x00000000200008c8                gyroz
 *fill*         0x00000000200008ca        0x2 
 .bss.ex        0x00000000200008cc        0x4 CMakeFiles/accelerotor.elf.dir/Core/Src/main.c.obj
                0x00000000200008cc                ex
 .bss.ex1       0x00000000200008d0        0x4 CMakeFiles/accelerotor.elf.dir/Core/Src/main.c.obj
                0x00000000200008d0                ex1
 .bss.ex2       0x00000000200008d4        0x4 CMakeFiles/accelerotor.elf.dir/Core/Src/main.c.obj
                0x00000000200008d4                ex2
 .bss.ux        0x00000000200008d8        0x4 CMakeFiles/accelerotor.elf.dir/Core/Src/main.c.obj
                0x00000000200008d8                ux
 .bss.delta_ux  0x00000000200008dc        0x4 CMakeFiles/accelerotor.elf.dir/Core/Src/main.c.obj
                0x00000000200008dc                delta_ux
 .bss.ey        0x00000000200008e0        0x4 CMakeFiles/accelerotor.elf.dir/Core/Src/main.c.obj
                0x00000000200008e0                ey
 .bss.ey1       0x00000000200008e4        0x4 CMakeFiles/accelerotor.elf.dir/Core/Src/main.c.obj
                0x00000000200008e4                ey1
 .bss.ey2       0x00000000200008e8        0x4 CMakeFiles/accelerotor.elf.dir/Core/Src/main.c.obj
                0x00000000200008e8                ey2
 .bss.uy        0x00000000200008ec        0x4 CMakeFiles/accelerotor.elf.dir/Core/Src/main.c.obj
                0x00000000200008ec                uy
 .bss.delta_uy  0x00000000200008f0        0x4 CMakeFiles/accelerotor.elf.dir/Core/Src/main.c.obj
                0x00000000200008f0                delta_uy
 .bss.ez        0x00000000200008f4        0x4 CMakeFiles/accelerotor.elf.dir/Core/Src/main.c.obj
                0x00000000200008f4                ez
 .bss.ez1       0x00000000200008f8        0x4 CMakeFiles/accelerotor.elf.dir/Core/Src/main.c.obj
                0x00000000200008f8                ez1
 .bss.ez2       0x00000000200008fc        0x4 CMakeFiles/accelerotor.elf.dir/Core/Src/main.c.obj
                0x00000000200008fc                ez2
 .bss.uz        0x0000000020000900        0x4 CMakeFiles/accelerotor.elf.dir/Core/Src/main.c.obj
                0x0000000020000900                uz
 .bss.delta_uz  0x0000000020000904        0x4 CMakeFiles/accelerotor.elf.dir/Core/Src/main.c.obj
                0x0000000020000904                delta_uz
 .bss.kix       0x0000000020000908        0x4 CMakeFiles/accelerotor.elf.dir/Core/Src/main.c.obj
                0x0000000020000908                kix
 .bss.kdx       0x000000002000090c        0x4 CMakeFiles/accelerotor.elf.dir/Core/Src/main.c.obj
                0x000000002000090c                kdx
 .bss.k1x       0x0000000020000910        0x4 CMakeFiles/accelerotor.elf.dir/Core/Src/main.c.obj
                0x0000000020000910                k1x
 .bss.k2x       0x0000000020000914        0x4 CMakeFiles/accelerotor.elf.dir/Core/Src/main.c.obj
                0x0000000020000914                k2x
 .bss.k3x       0x0000000020000918        0x4 CMakeFiles/accelerotor.elf.dir/Core/Src/main.c.obj
                0x0000000020000918                k3x
 .bss.kiy       0x000000002000091c        0x4 CMakeFiles/accelerotor.elf.dir/Core/Src/main.c.obj
                0x000000002000091c                kiy
 .bss.kdy       0x0000000020000920        0x4 CMakeFiles/accelerotor.elf.dir/Core/Src/main.c.obj
                0x0000000020000920                kdy
 .bss.k1y       0x0000000020000924        0x4 CMakeFiles/accelerotor.elf.dir/Core/Src/main.c.obj
                0x0000000020000924                k1y
 .bss.k2y       0x0000000020000928        0x4 CMakeFiles/accelerotor.elf.dir/Core/Src/main.c.obj
                0x0000000020000928                k2y
 .bss.k3y       0x000000002000092c        0x4 CMakeFiles/accelerotor.elf.dir/Core/Src/main.c.obj
                0x000000002000092c                k3y
 .bss.k1z       0x0000000020000930        0x4 CMakeFiles/accelerotor.elf.dir/Core/Src/main.c.obj
                0x0000000020000930                k1z
 .bss.k2z       0x0000000020000934        0x4 CMakeFiles/accelerotor.elf.dir/Core/Src/main.c.obj
                0x0000000020000934                k2z
 .bss.k3z       0x0000000020000938        0x4 CMakeFiles/accelerotor.elf.dir/Core/Src/main.c.obj
                0x0000000020000938                k3z
 .bss.throttle_base
                0x000000002000093c        0x4 CMakeFiles/accelerotor.elf.dir/Core/Src/main.c.obj
                0x000000002000093c                throttle_base
 .bss.throttle_headroom
                0x0000000020000940        0x4 CMakeFiles/accelerotor.elf.dir/Core/Src/main.c.obj
                0x0000000020000940                throttle_headroom
 .bss.heap_end.6004
                0x0000000020000944        0x4 CMakeFiles/accelerotor.elf.dir/Core/Src/syscalls.c.obj
 .bss.uwTick    0x0000000020000948        0x4 CMakeFiles/accelerotor.elf.dir/Drivers/STM32F4xx_HAL_Driver/Src/stm32f4xx_hal.c.obj
                0x0000000020000948                uwTick
 .bss.cfgidx.9107
                0x000000002000094c        0x1 CMakeFiles/accelerotor.elf.dir/Middlewares/ST/STM32_USB_Device_Library/Core/Src/usbd_ctlreq.c.obj
 *fill*         0x000000002000094d        0x3 
 .bss.hUsbDeviceFS
                0x0000000020000950      0x2d0 CMakeFiles/accelerotor.elf.dir/USB_DEVICE/App/usb_device.c.obj
                0x0000000020000950                hUsbDeviceFS
 .bss.UserRxBufferFS
                0x0000000020000c20      0x800 CMakeFiles/accelerotor.elf.dir/USB_DEVICE/App/usbd_cdc_if.c.obj
                0x0000000020000c20                UserRxBufferFS
 .bss.UserTxBufferFS
                0x0000000020001420      0x800 CMakeFiles/accelerotor.elf.dir/USB_DEVICE/App/usbd_cdc_if.c.obj
                0x0000000020001420                UserTxBufferFS
 .bss.USBD_StrDesc
                0x0000000020001c20      0x200 CMakeFiles/accelerotor.elf.dir/USB_DEVICE/App/usbd_desc.c.obj
                0x0000000020001c20                USBD_StrDesc
 .bss.hpcd_USB_OTG_FS
                0x0000000020001e20      0x408 CMakeFiles/accelerotor.elf.dir/USB_DEVICE/Target/usbd_conf.c.obj
                0x0000000020001e20                hpcd_USB_OTG_FS
 *(COMMON)
 COMMON         0x0000000020002228        0x4 /usr/lib/gcc/arm-none-eabi/9.2.1/../../../arm-none-eabi/lib/thumb/v7e-m/nofp/libg_nano.a(lib_a-reent.o)
                0x0000000020002228                errno
                0x000000002000222c                . = ALIGN (0x4)
                0x000000002000222c                _ebss = .
                0x000000002000222c                __bss_end__ = _ebss

._user_heap_stack
                0x000000002000222c      0x604 load address 0x000000000800b064
                0x0000000020002230                . = ALIGN (0x8)
 *fill*         0x000000002000222c        0x4 
                0x0000000020002230                PROVIDE (end = .)
                [!provide]                        PROVIDE (_end = .)
                0x0000000020002430                . = (. + _Min_Heap_Size)
 *fill*         0x0000000020002230      0x200 
                0x0000000020002830                . = (. + _Min_Stack_Size)
 *fill*         0x0000000020002430      0x400 
                0x0000000020002830                . = ALIGN (0x8)

/DISCARD/
 libc.a(*)
 libm.a(*)
 libgcc.a(*)

.ARM.attributes
                0x0000000000000000       0x2a
 *(.ARM.attributes)
 .ARM.attributes
                0x0000000000000000       0x1e /usr/lib/gcc/arm-none-eabi/9.2.1/thumb/v7e-m/nofp/crti.o
 .ARM.attributes
                0x000000000000001e       0x2e /usr/lib/gcc/arm-none-eabi/9.2.1/thumb/v7e-m/nofp/crtbegin.o
 .ARM.attributes
                0x000000000000004c       0x2e CMakeFiles/accelerotor.elf.dir/Core/Src/main.c.obj
 .ARM.attributes
                0x000000000000007a       0x2e CMakeFiles/accelerotor.elf.dir/Core/Src/stm32f4xx_hal_msp.c.obj
 .ARM.attributes
                0x00000000000000a8       0x2e CMakeFiles/accelerotor.elf.dir/Core/Src/stm32f4xx_it.c.obj
 .ARM.attributes
                0x00000000000000d6       0x2e CMakeFiles/accelerotor.elf.dir/Core/Src/syscalls.c.obj
 .ARM.attributes
                0x0000000000000104       0x2e CMakeFiles/accelerotor.elf.dir/Core/Src/system_stm32f4xx.c.obj
 .ARM.attributes
                0x0000000000000132       0x2e CMakeFiles/accelerotor.elf.dir/Drivers/STM32F4xx_HAL_Driver/Src/stm32f4xx_hal.c.obj
 .ARM.attributes
                0x0000000000000160       0x2e CMakeFiles/accelerotor.elf.dir/Drivers/STM32F4xx_HAL_Driver/Src/stm32f4xx_hal_cortex.c.obj
 .ARM.attributes
                0x000000000000018e       0x2e CMakeFiles/accelerotor.elf.dir/Drivers/STM32F4xx_HAL_Driver/Src/stm32f4xx_hal_dma.c.obj
 .ARM.attributes
                0x00000000000001bc       0x2e CMakeFiles/accelerotor.elf.dir/Drivers/STM32F4xx_HAL_Driver/Src/stm32f4xx_hal_gpio.c.obj
 .ARM.attributes
                0x00000000000001ea       0x2e CMakeFiles/accelerotor.elf.dir/Drivers/STM32F4xx_HAL_Driver/Src/stm32f4xx_hal_pcd.c.obj
 .ARM.attributes
                0x0000000000000218       0x2e CMakeFiles/accelerotor.elf.dir/Drivers/STM32F4xx_HAL_Driver/Src/stm32f4xx_hal_pcd_ex.c.obj
 .ARM.attributes
                0x0000000000000246       0x2e CMakeFiles/accelerotor.elf.dir/Drivers/STM32F4xx_HAL_Driver/Src/stm32f4xx_hal_rcc.c.obj
 .ARM.attributes
                0x0000000000000274       0x2e CMakeFiles/accelerotor.elf.dir/Drivers/STM32F4xx_HAL_Driver/Src/stm32f4xx_hal_spi.c.obj
 .ARM.attributes
                0x00000000000002a2       0x2e CMakeFiles/accelerotor.elf.dir/Drivers/STM32F4xx_HAL_Driver/Src/stm32f4xx_hal_tim.c.obj
 .ARM.attributes
                0x00000000000002d0       0x2e CMakeFiles/accelerotor.elf.dir/Drivers/STM32F4xx_HAL_Driver/Src/stm32f4xx_hal_tim_ex.c.obj
 .ARM.attributes
                0x00000000000002fe       0x2e CMakeFiles/accelerotor.elf.dir/Drivers/STM32F4xx_HAL_Driver/Src/stm32f4xx_hal_uart.c.obj
 .ARM.attributes
                0x000000000000032c       0x2e CMakeFiles/accelerotor.elf.dir/Drivers/STM32F4xx_HAL_Driver/Src/stm32f4xx_ll_usb.c.obj
 .ARM.attributes
                0x000000000000035a       0x2e CMakeFiles/accelerotor.elf.dir/Middlewares/ST/STM32_USB_Device_Library/Class/CDC/Src/usbd_cdc.c.obj
 .ARM.attributes
                0x0000000000000388       0x2e CMakeFiles/accelerotor.elf.dir/Middlewares/ST/STM32_USB_Device_Library/Core/Src/usbd_core.c.obj
 .ARM.attributes
                0x00000000000003b6       0x2e CMakeFiles/accelerotor.elf.dir/Middlewares/ST/STM32_USB_Device_Library/Core/Src/usbd_ctlreq.c.obj
 .ARM.attributes
                0x00000000000003e4       0x2e CMakeFiles/accelerotor.elf.dir/Middlewares/ST/STM32_USB_Device_Library/Core/Src/usbd_ioreq.c.obj
 .ARM.attributes
                0x0000000000000412       0x2e CMakeFiles/accelerotor.elf.dir/USB_DEVICE/App/usb_device.c.obj
 .ARM.attributes
                0x0000000000000440       0x2e CMakeFiles/accelerotor.elf.dir/USB_DEVICE/App/usbd_cdc_if.c.obj
 .ARM.attributes
                0x000000000000046e       0x2e CMakeFiles/accelerotor.elf.dir/USB_DEVICE/App/usbd_desc.c.obj
 .ARM.attributes
                0x000000000000049c       0x2e CMakeFiles/accelerotor.elf.dir/USB_DEVICE/Target/usbd_conf.c.obj
 .ARM.attributes
                0x00000000000004ca       0x21 CMakeFiles/accelerotor.elf.dir/startup/startup_stm32f411xe.s.obj
 .ARM.attributes
                0x00000000000004eb       0x1e /usr/lib/gcc/arm-none-eabi/9.2.1/thumb/v7e-m/nofp/libgcc.a(_arm_addsubsf3.o)
 .ARM.attributes
                0x0000000000000509       0x1e /usr/lib/gcc/arm-none-eabi/9.2.1/thumb/v7e-m/nofp/libgcc.a(_arm_muldivsf3.o)
 .ARM.attributes
                0x0000000000000527       0x1e /usr/lib/gcc/arm-none-eabi/9.2.1/thumb/v7e-m/nofp/libgcc.a(_arm_cmpsf2.o)
 .ARM.attributes
                0x0000000000000545       0x1e /usr/lib/gcc/arm-none-eabi/9.2.1/thumb/v7e-m/nofp/libgcc.a(_arm_fixsfsi.o)
 .ARM.attributes
                0x0000000000000563       0x1e /usr/lib/gcc/arm-none-eabi/9.2.1/thumb/v7e-m/nofp/libgcc.a(_arm_fixunssfsi.o)
 .ARM.attributes
                0x0000000000000581       0x1e /usr/lib/gcc/arm-none-eabi/9.2.1/thumb/v7e-m/nofp/libgcc.a(_aeabi_uldivmod.o)
 .ARM.attributes
                0x000000000000059f       0x2e /usr/lib/gcc/arm-none-eabi/9.2.1/thumb/v7e-m/nofp/libgcc.a(_udivmoddi4.o)
 .ARM.attributes