Archive member included to satisfy reference by file (symbol)

/usr/lib/gcc/arm-none-eabi/9.2.1/thumb/v7e-m/nofp/libgcc.a(_arm_mulsf3.o)
                              CMakeFiles/accelerotor.elf.dir/Core/Src/main.c.obj (__aeabi_fmul)
/usr/lib/gcc/arm-none-eabi/9.2.1/thumb/v7e-m/nofp/libgcc.a(_arm_addsubsf3.o)
                              CMakeFiles/accelerotor.elf.dir/Core/Src/main.c.obj (__aeabi_fsub)
/usr/lib/gcc/arm-none-eabi/9.2.1/thumb/v7e-m/nofp/libgcc.a(_arm_muldivsf3.o)
                              CMakeFiles/accelerotor.elf.dir/Core/Src/main.c.obj (__aeabi_fdiv)
/usr/lib/gcc/arm-none-eabi/9.2.1/thumb/v7e-m/nofp/libgcc.a(_arm_cmpsf2.o)
                              CMakeFiles/accelerotor.elf.dir/Core/Src/main.c.obj (__aeabi_fcmplt)
/usr/lib/gcc/arm-none-eabi/9.2.1/thumb/v7e-m/nofp/libgcc.a(_arm_fixsfsi.o)
                              CMakeFiles/accelerotor.elf.dir/Core/Src/main.c.obj (__aeabi_f2iz)
/usr/lib/gcc/arm-none-eabi/9.2.1/thumb/v7e-m/nofp/libgcc.a(_arm_fixunssfsi.o)
                              CMakeFiles/accelerotor.elf.dir/Core/Src/main.c.obj (__aeabi_f2uiz)
/usr/lib/gcc/arm-none-eabi/9.2.1/thumb/v7e-m/nofp/libgcc.a(_aeabi_uldivmod.o)
                              CMakeFiles/accelerotor.elf.dir/Drivers/STM32F4xx_HAL_Driver/Src/stm32f4xx_hal_rcc.c.obj (__aeabi_uldivmod)
/usr/lib/gcc/arm-none-eabi/9.2.1/thumb/v7e-m/nofp/libgcc.a(_udivmoddi4.o)
                              /usr/lib/gcc/arm-none-eabi/9.2.1/thumb/v7e-m/nofp/libgcc.a(_aeabi_uldivmod.o) (__udivmoddi4)
/usr/lib/gcc/arm-none-eabi/9.2.1/thumb/v7e-m/nofp/libgcc.a(_dvmd_tls.o)
                              /usr/lib/gcc/arm-none-eabi/9.2.1/thumb/v7e-m/nofp/libgcc.a(_aeabi_uldivmod.o) (__aeabi_ldiv0)
/usr/lib/gcc/arm-none-eabi/9.2.1/../../../arm-none-eabi/lib/thumb/v7e-m/nofp/libg_nano.a(lib_a-atexit.o)
                              /usr/lib/gcc/arm-none-eabi/9.2.1/../../../arm-none-eabi/lib/thumb/v7e-m/nofp/crt0.o (atexit)
/usr/lib/gcc/arm-none-eabi/9.2.1/../../../arm-none-eabi/lib/thumb/v7e-m/nofp/libg_nano.a(lib_a-errno.o)
                              CMakeFiles/accelerotor.elf.dir/Core/Src/syscalls.c.obj (__errno)
/usr/lib/gcc/arm-none-eabi/9.2.1/../../../arm-none-eabi/lib/thumb/v7e-m/nofp/libg_nano.a(lib_a-exit.o)
                              /usr/lib/gcc/arm-none-eabi/9.2.1/../../../arm-none-eabi/lib/thumb/v7e-m/nofp/crt0.o (exit)
/usr/lib/gcc/arm-none-eabi/9.2.1/../../../arm-none-eabi/lib/thumb/v7e-m/nofp/libg_nano.a(lib_a-fini.o)
                              /usr/lib/gcc/arm-none-eabi/9.2.1/../../../arm-none-eabi/lib/thumb/v7e-m/nofp/crt0.o (__libc_fini_array)
/usr/lib/gcc/arm-none-eabi/9.2.1/../../../arm-none-eabi/lib/thumb/v7e-m/nofp/libg_nano.a(lib_a-impure.o)
                              /usr/lib/gcc/arm-none-eabi/9.2.1/../../../arm-none-eabi/lib/thumb/v7e-m/nofp/libg_nano.a(lib_a-exit.o) (_global_impure_ptr)
/usr/lib/gcc/arm-none-eabi/9.2.1/../../../arm-none-eabi/lib/thumb/v7e-m/nofp/libg_nano.a(lib_a-init.o)
                              /usr/lib/gcc/arm-none-eabi/9.2.1/../../../arm-none-eabi/lib/thumb/v7e-m/nofp/crt0.o (__libc_init_array)
/usr/lib/gcc/arm-none-eabi/9.2.1/../../../arm-none-eabi/lib/thumb/v7e-m/nofp/libg_nano.a(lib_a-malloc.o)
                              CMakeFiles/accelerotor.elf.dir/Middlewares/ST/STM32_USB_Device_Library/Class/CDC/Src/usbd_cdc.c.obj (malloc)
/usr/lib/gcc/arm-none-eabi/9.2.1/../../../arm-none-eabi/lib/thumb/v7e-m/nofp/libg_nano.a(lib_a-memset.o)
                              /usr/lib/gcc/arm-none-eabi/9.2.1/../../../arm-none-eabi/lib/thumb/v7e-m/nofp/crt0.o (memset)
/usr/lib/gcc/arm-none-eabi/9.2.1/../../../arm-none-eabi/lib/thumb/v7e-m/nofp/libg_nano.a(lib_a-nano-freer.o)
                              /usr/lib/gcc/arm-none-eabi/9.2.1/../../../arm-none-eabi/lib/thumb/v7e-m/nofp/libg_nano.a(lib_a-malloc.o) (_free_r)
/usr/lib/gcc/arm-none-eabi/9.2.1/../../../arm-none-eabi/lib/thumb/v7e-m/nofp/libg_nano.a(lib_a-nano-mallocr.o)
                              /usr/lib/gcc/arm-none-eabi/9.2.1/../../../arm-none-eabi/lib/thumb/v7e-m/nofp/libg_nano.a(lib_a-malloc.o) (_malloc_r)
/usr/lib/gcc/arm-none-eabi/9.2.1/../../../arm-none-eabi/lib/thumb/v7e-m/nofp/libg_nano.a(lib_a-sbrkr.o)
                              /usr/lib/gcc/arm-none-eabi/9.2.1/../../../arm-none-eabi/lib/thumb/v7e-m/nofp/libg_nano.a(lib_a-nano-mallocr.o) (_sbrk_r)
/usr/lib/gcc/arm-none-eabi/9.2.1/../../../arm-none-eabi/lib/thumb/v7e-m/nofp/libg_nano.a(lib_a-__atexit.o)
                              /usr/lib/gcc/arm-none-eabi/9.2.1/../../../arm-none-eabi/lib/thumb/v7e-m/nofp/libg_nano.a(lib_a-atexit.o) (__register_exitproc)
/usr/lib/gcc/arm-none-eabi/9.2.1/../../../arm-none-eabi/lib/thumb/v7e-m/nofp/libg_nano.a(lib_a-__call_atexit.o)
                              /usr/lib/gcc/arm-none-eabi/9.2.1/../../../arm-none-eabi/lib/thumb/v7e-m/nofp/libg_nano.a(lib_a-__atexit.o) (__call_exitprocs)
/usr/lib/gcc/arm-none-eabi/9.2.1/../../../arm-none-eabi/lib/thumb/v7e-m/nofp/libg_nano.a(lib_a-mlock.o)
[...]
Memory Configuration

Name             Origin             Length             Attributes
RAM              0x0000000020000000 0x0000000000020000 xrw
FLASH            0x0000000008000000 0x0000000000080000 xr
*default*        0x0000000000000000 0xffffffffffffffff

Linker script and memory map

LOAD /usr/lib/gcc/arm-none-eabi/9.2.1/thumb/v7e-m/nofp/crti.o
LOAD /usr/lib/gcc/arm-none-eabi/9.2.1/thumb/v7e-m/nofp/crtbegin.o
LOAD /usr/lib/gcc/arm-none-eabi/9.2.1/../../../arm-none-eabi/lib/thumb/v7e-m/nofp/crt0.o
LOAD CMakeFiles/accelerotor.elf.dir/Core/Src/MPU6000.c.obj
LOAD CMakeFiles/accelerotor.elf.dir/Core/Src/main.c.obj
LOAD CMakeFiles/accelerotor.elf.dir/Core/Src/stm32f4xx_hal_msp.c.obj
LOAD CMakeFiles/accelerotor.elf.dir/Core/Src/stm32f4xx_it.c.obj
LOAD CMakeFiles/accelerotor.elf.dir/Core/Src/syscalls.c.obj
LOAD CMakeFiles/accelerotor.elf.dir/Core/Src/system_stm32f4xx.c.obj
LOAD CMakeFiles/accelerotor.elf.dir/Drivers/STM32F4xx_HAL_Driver/Src/stm32f4xx_hal.c.obj
LOAD CMakeFiles/accelerotor.elf.dir/Drivers/STM32F4xx_HAL_Driver/Src/stm32f4xx_hal_cortex.c.obj
LOAD CMakeFiles/accelerotor.elf.dir/Drivers/STM32F4xx_HAL_Driver/Src/stm32f4xx_hal_dma.c.obj
LOAD CMakeFiles/accelerotor.elf.dir/Drivers/STM32F4xx_HAL_Driver/Src/stm32f4xx_hal_dma_ex.c.obj
LOAD CMakeFiles/accelerotor.elf.dir/Drivers/STM32F4xx_HAL_Driver/Src/stm32f4xx_hal_exti.c.obj
LOAD CMakeFiles/accelerotor.elf.dir/Drivers/STM32F4xx_HAL_Driver/Src/stm32f4xx_hal_flash.c.obj
LOAD CMakeFiles/accelerotor.elf.dir/Drivers/STM32F4xx_HAL_Driver/Src/stm32f4xx_hal_flash_ex.c.obj
LOAD CMakeFiles/accelerotor.elf.dir/Drivers/STM32F4xx_HAL_Driver/Src/stm32f4xx_hal_flash_ramfunc.c.obj
LOAD CMakeFiles/accelerotor.elf.dir/Drivers/STM32F4xx_HAL_Driver/Src/stm32f4xx_hal_gpio.c.obj
LOAD CMakeFiles/accelerotor.elf.dir/Drivers/STM32F4xx_HAL_Driver/Src/stm32f4xx_hal_pcd.c.obj
LOAD CMakeFiles/accelerotor.elf.dir/Drivers/STM32F4xx_HAL_Driver/Src/stm32f4xx_hal_pcd_ex.c.obj
LOAD CMakeFiles/accelerotor.elf.dir/Drivers/STM32F4xx_HAL_Driver/Src/stm32f4xx_hal_pwr.c.obj
LOAD CMakeFiles/accelerotor.elf.dir/Drivers/STM32F4xx_HAL_Driver/Src/stm32f4xx_hal_pwr_ex.c.obj
LOAD CMakeFiles/accelerotor.elf.dir/Drivers/STM32F4xx_HAL_Driver/Src/stm32f4xx_hal_rcc.c.obj
LOAD CMakeFiles/accelerotor.elf.dir/Drivers/STM32F4xx_HAL_Driver/Src/stm32f4xx_hal_rcc_ex.c.obj
LOAD CMakeFiles/accelerotor.elf.dir/Drivers/STM32F4xx_HAL_Driver/Src/stm32f4xx_hal_spi.c.obj
LOAD CMakeFiles/accelerotor.elf.dir/Drivers/STM32F4xx_HAL_Driver/Src/stm32f4xx_hal_tim.c.obj
LOAD CMakeFiles/accelerotor.elf.dir/Drivers/STM32F4xx_HAL_Driver/Src/stm32f4xx_hal_tim_ex.c.obj
LOAD CMakeFiles/accelerotor.elf.dir/Drivers/STM32F4xx_HAL_Driver/Src/stm32f4xx_hal_uart.c.obj
LOAD CMakeFiles/accelerotor.elf.dir/Drivers/STM32F4xx_HAL_Driver/Src/stm32f4xx_ll_usb.c.obj
LOAD CMakeFiles/accelerotor.elf.dir/Middlewares/ST/STM32_USB_Device_Library/Class/CDC/Src/usbd_cdc.c.obj
LOAD CMakeFiles/accelerotor.elf.dir/Middlewares/ST/STM32_USB_Device_Library/Core/Src/usbd_core.c.obj
LOAD CMakeFiles/accelerotor.elf.dir/Middlewares/ST/STM32_USB_Device_Library/Core/Src/usbd_ctlreq.c.obj
LOAD CMakeFiles/accelerotor.elf.dir/Middlewares/ST/STM32_USB_Device_Library/Core/Src/usbd_ioreq.c.obj
LOAD CMakeFiles/accelerotor.elf.dir/USB_DEVICE/App/usb_device.c.obj
LOAD CMakeFiles/accelerotor.elf.dir/USB_DEVICE/App/usbd_cdc_if.c.obj
LOAD CMakeFiles/accelerotor.elf.dir/USB_DEVICE/App/usbd_desc.c.obj
LOAD CMakeFiles/accelerotor.elf.dir/USB_DEVICE/Target/usbd_conf.c.obj
LOAD CMakeFiles/accelerotor.elf.dir/startup/startup_stm32f411xe.s.obj
START GROUP
LOAD /usr/lib/gcc/arm-none-eabi/9.2.1/thumb/v7e-m/nofp/libgcc.a
LOAD /usr/lib/gcc/arm-none-eabi/9.2.1/../../../arm-none-eabi/lib/thumb/v7e-m/nofp/libg_nano.a
LOAD /usr/lib/gcc/arm-none-eabi/9.2.1/../../../arm-none-eabi/lib/thumb/v7e-m/nofp/libc_nano.a
END GROUP
START GROUP
LOAD /usr/lib/gcc/arm-none-eabi/9.2.1/thumb/v7e-m/nofp/libgcc.a
LOAD /usr/lib/gcc/arm-none-eabi/9.2.1/../../../arm-none-eabi/lib/thumb/v7e-m/nofp/libc_nano.a
LOAD /usr/lib/gcc/arm-none-eabi/9.2.1/../../../arm-none-eabi/lib/thumb/v7e-m/nofp/libnosys.a
END GROUP
START GROUP
LOAD /usr/lib/gcc/arm-none-eabi/9.2.1/thumb/v7e-m/nofp/libgcc.a
LOAD /usr/lib/gcc/arm-none-eabi/9.2.1/../../../arm-none-eabi/lib/thumb/v7e-m/nofp/libc_nano.a
LOAD /usr/lib/gcc/arm-none-eabi/9.2.1/../../../arm-none-eabi/lib/thumb/v7e-m/nofp/libnosys.a
END GROUP
LOAD /usr/lib/gcc/arm-none-eabi/9.2.1/thumb/v7e-m/nofp/crtend.o
LOAD /usr/lib/gcc/arm-none-eabi/9.2.1/thumb/v7e-m/nofp/crtn.o
                0x0000000020020000                _estack = 0x20020000
                0x0000000000000200                _Min_Heap_Size = 0x200
                0x0000000000000400                _Min_Stack_Size = 0x400

.isr_vector     0x0000000008000000      0x198
                0x0000000008000000                . = ALIGN (0x4)
 *(.isr_vector)
 .isr_vector    0x0000000008000000      0x198 CMakeFiles/accelerotor.elf.dir/startup/startup_stm32f411xe.s.obj
                0x0000000008000000                g_pfnVectors
                0x0000000008000198                . = ALIGN (0x4)

.text           0x0000000008000198     0xaa78
                0x0000000008000198                . = ALIGN (0x4)
 *(.text)
 .text          0x0000000008000198       0x88 /usr/lib/gcc/arm-none-eabi/9.2.1/thumb/v7e-m/nofp/crtbegin.o
 .text          0x0000000008000220      0x21c /usr/lib/gcc/arm-none-eabi/9.2.1/thumb/v7e-m/nofp/libgcc.a(_arm_addsubsf3.o)
                0x0000000008000220                __aeabi_frsub
                0x0000000008000228                __subsf3
                0x0000000008000228                __aeabi_fsub
                0x000000000800022c                __aeabi_fadd
                0x000000000800022c                __addsf3
                0x000000000800038c                __aeabi_ui2f
                0x000000000800038c                __floatunsisf
                0x0000000008000394                __aeabi_i2f
                0x0000000008000394                __floatsisf
                0x00000000080003b0                __floatundisf
                0x00000000080003b0                __aeabi_ul2f
                0x00000000080003c0                __floatdisf
                0x00000000080003c0                __aeabi_l2f
 .text          0x000000000800043c      0x2a0 /usr/lib/gcc/arm-none-eabi/9.2.1/thumb/v7e-m/nofp/libgcc.a(_arm_muldivsf3.o)
                0x000000000800043c                __mulsf3
                0x000000000800043c                __aeabi_fmul
                0x00000000080005a4                __divsf3
                0x00000000080005a4                __aeabi_fdiv
 .text          0x00000000080006dc       0xec /usr/lib/gcc/arm-none-eabi/9.2.1/thumb/v7e-m/nofp/libgcc.a(_arm_cmpsf2.o)
                0x00000000080006dc                __gtsf2
                0x00000000080006dc                __gesf2
                0x00000000080006e4                __lesf2
                0x00000000080006e4                __ltsf2
                0x00000000080006ec                __nesf2
                0x00000000080006ec                __eqsf2
                0x00000000080006ec                __cmpsf2
                0x000000000800074c                __aeabi_cfrcmple
                0x0000000008000754                __aeabi_cfcmple
                0x0000000008000754                __aeabi_cfcmpeq
                0x0000000008000764                __aeabi_fcmpeq
                0x0000000008000778                __aeabi_fcmplt
                0x000000000800078c                __aeabi_fcmple
                0x00000000080007a0                __aeabi_fcmpge
                0x00000000080007b4                __aeabi_fcmpgt
 .text          0x00000000080007c8       0x4c /usr/lib/gcc/arm-none-eabi/9.2.1/thumb/v7e-m/nofp/libgcc.a(_arm_fixsfsi.o)
                0x00000000080007c8                __fixsfsi
                0x00000000080007c8                __aeabi_f2iz
 .text          0x0000000008000814       0x40 /usr/lib/gcc/arm-none-eabi/9.2.1/thumb/v7e-m/nofp/libgcc.a(_arm_fixunssfsi.o)
                0x0000000008000814                __aeabi_f2uiz
                0x0000000008000814                __fixunssfsi
 .text          0x0000000008000854       0x30 /usr/lib/gcc/arm-none-eabi/9.2.1/thumb/v7e-m/nofp/libgcc.a(_aeabi_uldivmod.o)
                0x0000000008000854                __aeabi_uldivmod
 .text          0x0000000008000884      0x2c0 /usr/lib/gcc/arm-none-eabi/9.2.1/thumb/v7e-m/nofp/libgcc.a(_udivmoddi4.o)
                0x0000000008000884                __udivmoddi4
 .text          0x0000000008000b44        0x4 /usr/lib/gcc/arm-none-eabi/9.2.1/thumb/v7e-m/nofp/libgcc.a(_dvmd_tls.o)
                0x0000000008000b44                __aeabi_ldiv0
                0x0000000008000b44                __aeabi_idiv0
 .text          0x0000000008000b48        0xc /usr/lib/gcc/arm-none-eabi/9.2.1/../../../arm-none-eabi/lib/thumb/v7e-m/nofp/libg_nano.a(lib_a-errno.o)
                0x0000000008000b48                __errno
 .text          0x0000000008000b54       0x48 /usr/lib/gcc/arm-none-eabi/9.2.1/../../../arm-none-eabi/lib/thumb/v7e-m/nofp/libg_nano.a(lib_a-init.o)
                0x0000000008000b54                __libc_init_array
 .text          0x0000000008000b9c       0x20 /usr/lib/gcc/arm-none-eabi/9.2.1/../../../arm-none-eabi/lib/thumb/v7e-m/nofp/libg_nano.a(lib_a-malloc.o)
                0x0000000008000b9c                malloc
                0x0000000008000bac                free
 .text          0x0000000008000bbc       0xa0 /usr/lib/gcc/arm-none-eabi/9.2.1/../../../arm-none-eabi/lib/thumb/v7e-m/nofp/libg_nano.a(lib_a-memset.o)
                0x0000000008000bbc                memset
 .text          0x0000000008000c5c       0xac /usr/lib/gcc/arm-none-eabi/9.2.1/../../../arm-none-eabi/lib/thumb/v7e-m/nofp/libg_nano.a(lib_a-nano-freer.o)
                0x0000000008000c5c                _free_r
 .text          0x0000000008000d08       0xc8 /usr/lib/gcc/arm-none-eabi/9.2.1/../../../arm-none-eabi/lib/thumb/v7e-m/nofp/libg_nano.a(lib_a-nano-mallocr.o)
                0x0000000008000d08                _malloc_r
 .text          0x0000000008000dd0       0x24 /usr/lib/gcc/arm-none-eabi/9.2.1/../../../arm-none-eabi/lib/thumb/v7e-m/nofp/libg_nano.a(lib_a-sbrkr.o)
                0x0000000008000dd0                _sbrk_r
 .text          0x0000000008000df4        0x8 /usr/lib/gcc/arm-none-eabi/9.2.1/../../../arm-none-eabi/lib/thumb/v7e-m/nofp/libg_nano.a(lib_a-mlock.o)
                0x0000000008000df4                __malloc_lock
                0x0000000008000df8                __malloc_unlock
 *(.text*)
 .text.HAL_UART_RxCpltCallback
                0x0000000008000dfc      0x294 CMakeFiles/accelerotor.elf.dir/Core/Src/main.c.obj
                0x0000000008000dfc                HAL_UART_RxCpltCallback
 .text.HAL_SPI_TxRxCpltCallback
                0x0000000008001090       0x3c CMakeFiles/accelerotor.elf.dir/Core/Src/main.c.obj
                0x0000000008001090                HAL_SPI_TxRxCpltCallback
 .text.main     0x00000000080010cc      0x1d8 CMakeFiles/accelerotor.elf.dir/Core/Src/main.c.obj
                0x00000000080010cc                main
 .text.SystemClock_Config
                0x00000000080012a4       0xd0 CMakeFiles/accelerotor.elf.dir/Core/Src/main.c.obj
                0x00000000080012a4                SystemClock_Config
 .text.MX_SPI1_Init
                0x0000000008001374       0x6c CMakeFiles/accelerotor.elf.dir/Core/Src/main.c.obj
 .text.MX_TIM2_Init
                0x00000000080013e0      0x100 CMakeFiles/accelerotor.elf.dir/Core/Src/main.c.obj
 .text.MX_TIM4_Init
                0x00000000080014e0      0x100 CMakeFiles/accelerotor.elf.dir/Core/Src/main.c.obj
 .text.MX_USART2_UART_Init
                0x00000000080015e0       0x5c CMakeFiles/accelerotor.elf.dir/Core/Src/main.c.obj
 .text.MX_DMA_Init
                0x000000000800163c       0xac CMakeFiles/accelerotor.elf.dir/Core/Src/main.c.obj
 .text.MX_GPIO_Init
                0x00000000080016e8       0xa0 CMakeFiles/accelerotor.elf.dir/Core/Src/main.c.obj
 .text.generate_DSHOT_bitstream
                0x0000000008001788       0x74 CMakeFiles/accelerotor.elf.dir/Core/Src/main.c.obj
                0x0000000008001788                generate_DSHOT_bitstream
 .text.set_DSHOT_PWM
                0x00000000080017fc      0x11c CMakeFiles/accelerotor.elf.dir/Core/Src/main.c.obj
                0x00000000080017fc                set_DSHOT_PWM
 .text.spin_motor
                0x0000000008001918       0x36 CMakeFiles/accelerotor.elf.dir/Core/Src/main.c.obj
                0x0000000008001918                spin_motor
 .text.arm_motors
                0x000000000800194e       0x68 CMakeFiles/accelerotor.elf.dir/Core/Src/main.c.obj
                0x000000000800194e                arm_motors
 *fill*         0x00000000080019b6        0x2 
 .text.MPU6000_select
                0x00000000080019b8       0x18 CMakeFiles/accelerotor.elf.dir/Core/Src/main.c.obj
                0x00000000080019b8                MPU6000_select
 .text.MPU6000_deselect
                0x00000000080019d0       0x18 CMakeFiles/accelerotor.elf.dir/Core/Src/main.c.obj
                0x00000000080019d0                MPU6000_deselect
 .text.MPU6000_start_transfer
                0x00000000080019e8       0x70 CMakeFiles/accelerotor.elf.dir/Core/Src/main.c.obj
                0x00000000080019e8                MPU6000_start_transfer
 .text.MPU6000_init
                0x0000000008001a58      0x110 CMakeFiles/accelerotor.elf.dir/Core/Src/main.c.obj
                0x0000000008001a58                MPU6000_init
 .text.MPU6000_read_gyro
                0x0000000008001b68       0x4c CMakeFiles/accelerotor.elf.dir/Core/Src/main.c.obj
                0x0000000008001b68                MPU6000_read_gyro
 .text.PID_loop
                0x0000000008001bb4      0x4c8 CMakeFiles/accelerotor.elf.dir/Core/Src/main.c.obj
                0x0000000008001bb4                PID_loop
 .text.Error_Handler
                0x000000000800207c        0xc CMakeFiles/accelerotor.elf.dir/Core/Src/main.c.obj
                0x000000000800207c                Error_Handler
 .text.HAL_MspInit
                0x0000000008002088       0x4c CMakeFiles/accelerotor.elf.dir/Core/Src/stm32f4xx_hal_msp.c.obj
                0x0000000008002088                HAL_MspInit
 .text.HAL_SPI_MspInit
                0x00000000080020d4      0x168 CMakeFiles/accelerotor.elf.dir/Core/Src/stm32f4xx_hal_msp.c.obj
                0x00000000080020d4                HAL_SPI_MspInit
 .text.HAL_TIM_Base_MspInit
                0x000000000800223c      0x21c CMakeFiles/accelerotor.elf.dir/Core/Src/stm32f4xx_hal_msp.c.obj
                0x000000000800223c                HAL_TIM_Base_MspInit
 .text.HAL_TIM_MspPostInit
                0x0000000008002458       0xfc CMakeFiles/accelerotor.elf.dir/Core/Src/stm32f4xx_hal_msp.c.obj
                0x0000000008002458                HAL_TIM_MspPostInit
 .text.HAL_UART_MspInit
                0x0000000008002554       0xa0 CMakeFiles/accelerotor.elf.dir/Core/Src/stm32f4xx_hal_msp.c.obj
                0x0000000008002554                HAL_UART_MspInit
 .text.NMI_Handler
                0x00000000080025f4        0xc CMakeFiles/accelerotor.elf.dir/Core/Src/stm32f4xx_it.c.obj
                0x00000000080025f4                NMI_Handler
 .text.HardFault_Handler
                0x0000000008002600        0x6 CMakeFiles/accelerotor.elf.dir/Core/Src/stm32f4xx_it.c.obj
                0x0000000008002600                HardFault_Handler
 .text.MemManage_Handler
                0x0000000008002606        0x6 CMakeFiles/accelerotor.elf.dir/Core/Src/stm32f4xx_it.c.obj
                0x0000000008002606                MemManage_Handler
 .text.BusFault_Handler
                0x000000000800260c        0x6 CMakeFiles/accelerotor.elf.dir/Core/Src/stm32f4xx_it.c.obj
                0x000000000800260c                BusFault_Handler
 .text.UsageFault_Handler
                0x0000000008002612        0x6 CMakeFiles/accelerotor.elf.dir/Core/Src/stm32f4xx_it.c.obj
                0x0000000008002612                UsageFault_Handler
 .text.SVC_Handler
                0x0000000008002618        0xc CMakeFiles/accelerotor.elf.dir/Core/Src/stm32f4xx_it.c.obj
                0x0000000008002618                SVC_Handler
 .text.DebugMon_Handler
                0x0000000008002624        0xc CMakeFiles/accelerotor.elf.dir/Core/Src/stm32f4xx_it.c.obj
                0x0000000008002624                DebugMon_Handler
 .text.PendSV_Handler
                0x0000000008002630        0xc CMakeFiles/accelerotor.elf.dir/Core/Src/stm32f4xx_it.c.obj
                0x0000000008002630                PendSV_Handler
 .text.SysTick_Handler
                0x000000000800263c        0xc CMakeFiles/accelerotor.elf.dir/Core/Src/stm32f4xx_it.c.obj
                0x000000000800263c                SysTick_Handler
 .text.DMA1_Stream0_IRQHandler
                0x0000000008002648       0x14 CMakeFiles/accelerotor.elf.dir/Core/Src/stm32f4xx_it.c.obj
                0x0000000008002648                DMA1_Stream0_IRQHandler
 .text.DMA1_Stream1_IRQHandler
                0x000000000800265c       0x14 CMakeFiles/accelerotor.elf.dir/Core/Src/stm32f4xx_it.c.obj
                0x000000000800265c                DMA1_Stream1_IRQHandler
 .text.DMA1_Stream3_IRQHandler
                0x0000000008002670       0x14 CMakeFiles/accelerotor.elf.dir/Core/Src/stm32f4xx_it.c.obj
                0x0000000008002670                DMA1_Stream3_IRQHandler
 .text.DMA1_Stream5_IRQHandler
                0x0000000008002684       0x14 CMakeFiles/accelerotor.elf.dir/Core/Src/stm32f4xx_it.c.obj
                0x0000000008002684                DMA1_Stream5_IRQHandler
 .text.SPI1_IRQHandler
                0x0000000008002698       0x14 CMakeFiles/accelerotor.elf.dir/Core/Src/stm32f4xx_it.c.obj
                0x0000000008002698                SPI1_IRQHandler
 .text.USART2_IRQHandler
                0x00000000080026ac       0x14 CMakeFiles/accelerotor.elf.dir/Core/Src/stm32f4xx_it.c.obj
                0x00000000080026ac                USART2_IRQHandler
 .text.DMA2_Stream0_IRQHandler
                0x00000000080026c0       0x14 CMakeFiles/accelerotor.elf.dir/Core/Src/stm32f4xx_it.c.obj
                0x00000000080026c0                DMA2_Stream0_IRQHandler
 .text.DMA2_Stream2_IRQHandler
                0x00000000080026d4       0x14 CMakeFiles/accelerotor.elf.dir/Core/Src/stm32f4xx_it.c.obj
                0x00000000080026d4                DMA2_Stream2_IRQHandler
 .text.OTG_FS_IRQHandler
                0x00000000080026e8       0x14 CMakeFiles/accelerotor.elf.dir/Core/Src/stm32f4xx_it.c.obj
                0x00000000080026e8                OTG_FS_IRQHandler
 .text._sbrk    0x00000000080026fc       0x58 CMakeFiles/accelerotor.elf.dir/Core/Src/syscalls.c.obj
                0x00000000080026fc                _sbrk
 .text.SystemInit
                0x0000000008002754       0x18 CMakeFiles/accelerotor.elf.dir/Core/Src/system_stm32f4xx.c.obj
                0x0000000008002754                SystemInit
 .text.HAL_Init
                0x000000000800276c       0x44 CMakeFiles/accelerotor.elf.dir/Drivers/STM32F4xx_HAL_Driver/Src/stm32f4xx_hal.c.obj
                0x000000000800276c                HAL_Init
 .text.HAL_InitTick
                0x00000000080027b0       0x60 CMakeFiles/accelerotor.elf.dir/Drivers/STM32F4xx_HAL_Driver/Src/stm32f4xx_hal.c.obj
                0x00000000080027b0                HAL_InitTick
 .text.HAL_IncTick
                0x0000000008002810       0x24 CMakeFiles/accelerotor.elf.dir/Drivers/STM32F4xx_HAL_Driver/Src/stm32f4xx_hal.c.obj
                0x0000000008002810                HAL_IncTick
 .text.HAL_GetTick
                0x0000000008002834       0x14 CMakeFiles/accelerotor.elf.dir/Drivers/STM32F4xx_HAL_Driver/Src/stm32f4xx_hal.c.obj
                0x0000000008002834                HAL_GetTick
 .text.HAL_Delay
                0x0000000008002848       0x48 CMakeFiles/accelerotor.elf.dir/Drivers/STM32F4xx_HAL_Driver/Src/stm32f4xx_hal.c.obj
                0x0000000008002848                HAL_Delay
 .text.__NVIC_SetPriorityGrouping
                0x0000000008002890       0x48 CMakeFiles/accelerotor.elf.dir/Drivers/STM32F4xx_HAL_Driver/Src/stm32f4xx_hal_cortex.c.obj
 .text.__NVIC_GetPriorityGrouping
                0x00000000080028d8       0x1c CMakeFiles/accelerotor.elf.dir/Drivers/STM32F4xx_HAL_Driver/Src/stm32f4xx_hal_cortex.c.obj
 .text.__NVIC_EnableIRQ
                0x00000000080028f4       0x38 CMakeFiles/accelerotor.elf.dir/Drivers/STM32F4xx_HAL_Driver/Src/stm32f4xx_hal_cortex.c.obj
 .text.__NVIC_SetPriority
                0x000000000800292c       0x54 CMakeFiles/accelerotor.elf.dir/Drivers/STM32F4xx_HAL_Driver/Src/stm32f4xx_hal_cortex.c.obj
 .text.NVIC_EncodePriority
                0x0000000008002980       0x64 CMakeFiles/accelerotor.elf.dir/Drivers/STM32F4xx_HAL_Driver/Src/stm32f4xx_hal_cortex.c.obj
 .text.SysTick_Config
                0x00000000080029e4       0x44 CMakeFiles/accelerotor.elf.dir/Drivers/STM32F4xx_HAL_Driver/Src/stm32f4xx_hal_cortex.c.obj
 .text.HAL_NVIC_SetPriorityGrouping
                0x0000000008002a28       0x16 CMakeFiles/accelerotor.elf.dir/Drivers/STM32F4xx_HAL_Driver/Src/stm32f4xx_hal_cortex.c.obj
                0x0000000008002a28                HAL_NVIC_SetPriorityGrouping
 .text.HAL_NVIC_SetPriority
                0x0000000008002a3e       0x38 CMakeFiles/accelerotor.elf.dir/Drivers/STM32F4xx_HAL_Driver/Src/stm32f4xx_hal_cortex.c.obj
                0x0000000008002a3e                HAL_NVIC_SetPriority
 .text.HAL_NVIC_EnableIRQ
                0x0000000008002a76       0x1c CMakeFiles/accelerotor.elf.dir/Drivers/STM32F4xx_HAL_Driver/Src/stm32f4xx_hal_cortex.c.obj
                0x0000000008002a76                HAL_NVIC_EnableIRQ
 .text.HAL_SYSTICK_Config
                0x0000000008002a92       0x18 CMakeFiles/accelerotor.elf.dir/Drivers/STM32F4xx_HAL_Driver/Src/stm32f4xx_hal_cortex.c.obj
                0x0000000008002a92                HAL_SYSTICK_Config
 *fill*         0x0000000008002aaa        0x2 
 .text.HAL_DMA_Init
                0x0000000008002aac      0x15c CMakeFiles/accelerotor.elf.dir/Drivers/STM32F4xx_HAL_Driver/Src/stm32f4xx_hal_dma.c.obj
                0x0000000008002aac                HAL_DMA_Init
 .text.HAL_DMA_Start_IT
                0x0000000008002c08       0xb0 CMakeFiles/accelerotor.elf.dir/Drivers/STM32F4xx_HAL_Driver/Src/stm32f4xx_hal_dma.c.obj
                0x0000000008002c08                HAL_DMA_Start_IT
 .text.HAL_DMA_Abort_IT
                0x0000000008002cb8       0x42 CMakeFiles/accelerotor.elf.dir/Drivers/STM32F4xx_HAL_Driver/Src/stm32f4xx_hal_dma.c.obj
                0x0000000008002cb8                HAL_DMA_Abort_IT
 *fill*         0x0000000008002cfa        0x2 
 .text.HAL_DMA_IRQHandler
                0x0000000008002cfc      0x314 CMakeFiles/accelerotor.elf.dir/Drivers/STM32F4xx_HAL_Driver/Src/stm32f4xx_hal_dma.c.obj
                0x0000000008002cfc                HAL_DMA_IRQHandler
 .text.DMA_SetConfig
                0x0000000008003010       0x5a CMakeFiles/accelerotor.elf.dir/Drivers/STM32F4xx_HAL_Driver/Src/stm32f4xx_hal_dma.c.obj
 *fill*         0x000000000800306a        0x2 
 .text.DMA_CalcBaseAndBitshift
                0x000000000800306c       0x68 CMakeFiles/accelerotor.elf.dir/Drivers/STM32F4xx_HAL_Driver/Src/stm32f4xx_hal_dma.c.obj
 .text.DMA_CheckFifoParam
                0x00000000080030d4       0xf4 CMakeFiles/accelerotor.elf.dir/Drivers/STM32F4xx_HAL_Driver/Src/stm32f4xx_hal_dma.c.obj
 .text.HAL_GPIO_Init
                0x00000000080031c8      0x304 CMakeFiles/accelerotor.elf.dir/Drivers/STM32F4xx_HAL_Driver/Src/stm32f4xx_hal_gpio.c.obj
                0x00000000080031c8                HAL_GPIO_Init
 .text.HAL_GPIO_WritePin
                0x00000000080034cc       0x30 CMakeFiles/accelerotor.elf.dir/Drivers/STM32F4xx_HAL_Driver/Src/stm32f4xx_hal_gpio.c.obj
                0x00000000080034cc                HAL_GPIO_WritePin
 .text.HAL_PCD_Init
                0x00000000080034fc      0x23a CMakeFiles/accelerotor.elf.dir/Drivers/STM32F4xx_HAL_Driver/Src/stm32f4xx_hal_pcd.c.obj
                0x00000000080034fc                HAL_PCD_Init
 .text.HAL_PCD_Start
                0x0000000008003736       0x66 CMakeFiles/accelerotor.elf.dir/Drivers/STM32F4xx_HAL_Driver/Src/stm32f4xx_hal_pcd.c.obj
                0x0000000008003736                HAL_PCD_Start
 .text.HAL_PCD_IRQHandler
                0x000000000800379c      0x764 CMakeFiles/accelerotor.elf.dir/Drivers/STM32F4xx_HAL_Driver/Src/stm32f4xx_hal_pcd.c.obj
                0x000000000800379c                HAL_PCD_IRQHandler
 .text.HAL_PCD_SetAddress
                0x0000000008003f00       0x4a CMakeFiles/accelerotor.elf.dir/Drivers/STM32F4xx_HAL_Driver/Src/stm32f4xx_hal_pcd.c.obj
                0x0000000008003f00                HAL_PCD_SetAddress
 .text.HAL_PCD_EP_Open
                0x0000000008003f4a       0xd0 CMakeFiles/accelerotor.elf.dir/Drivers/STM32F4xx_HAL_Driver/Src/stm32f4xx_hal_pcd.c.obj
                0x0000000008003f4a                HAL_PCD_EP_Open
 .text.HAL_PCD_EP_Close
                0x000000000800401a       0x94 CMakeFiles/accelerotor.elf.dir/Drivers/STM32F4xx_HAL_Driver/Src/stm32f4xx_hal_pcd.c.obj
                0x000000000800401a                HAL_PCD_EP_Close
 .text.HAL_PCD_EP_Receive
                0x00000000080040ae       0x96 CMakeFiles/accelerotor.elf.dir/Drivers/STM32F4xx_HAL_Driver/Src/stm32f4xx_hal_pcd.c.obj
                0x00000000080040ae                HAL_PCD_EP_Receive
 .text.HAL_PCD_EP_GetRxCount
                0x0000000008004144       0x2e CMakeFiles/accelerotor.elf.dir/Drivers/STM32F4xx_HAL_Driver/Src/stm32f4xx_hal_pcd.c.obj
                0x0000000008004144                HAL_PCD_EP_GetRxCount
 .text.HAL_PCD_EP_Transmit
                0x0000000008004172       0x94 CMakeFiles/accelerotor.elf.dir/Drivers/STM32F4xx_HAL_Driver/Src/stm32f4xx_hal_pcd.c.obj
                0x0000000008004172                HAL_PCD_EP_Transmit
 .text.HAL_PCD_EP_SetStall
                0x0000000008004206       0xc8 CMakeFiles/accelerotor.elf.dir/Drivers/STM32F4xx_HAL_Driver/Src/stm32f4xx_hal_pcd.c.obj
                0x0000000008004206                HAL_PCD_EP_SetStall
 .text.HAL_PCD_EP_ClrStall
                0x00000000080042ce       0xac CMakeFiles/accelerotor.elf.dir/Drivers/STM32F4xx_HAL_Driver/Src/stm32f4xx_hal_pcd.c.obj
                0x00000000080042ce                HAL_PCD_EP_ClrStall
 .text.PCD_WriteEmptyTxFifo
                0x000000000800437a      0x11a CMakeFiles/accelerotor.elf.dir/Drivers/STM32F4xx_HAL_Driver/Src/stm32f4xx_hal_pcd.c.obj
 .text.PCD_EP_OutXfrComplete_int
                0x0000000008004494      0x218 CMakeFiles/accelerotor.elf.dir/Drivers/STM32F4xx_HAL_Driver/Src/stm32f4xx_hal_pcd.c.obj
 .text.PCD_EP_OutSetupPacket_int
                0x00000000080046ac       0x8c CMakeFiles/accelerotor.elf.dir/Drivers/STM32F4xx_HAL_Driver/Src/stm32f4xx_hal_pcd.c.obj
 .text.HAL_PCDEx_SetTxFiFo
                0x0000000008004738       0x8c CMakeFiles/accelerotor.elf.dir/Drivers/STM32F4xx_HAL_Driver/Src/stm32f4xx_hal_pcd_ex.c.obj
                0x0000000008004738                HAL_PCDEx_SetTxFiFo
 .text.HAL_PCDEx_SetRxFiFo
                0x00000000080047c4       0x20 CMakeFiles/accelerotor.elf.dir/Drivers/STM32F4xx_HAL_Driver/Src/stm32f4xx_hal_pcd_ex.c.obj
                0x00000000080047c4                HAL_PCDEx_SetRxFiFo
 .text.HAL_PCDEx_LPM_Callback
                0x00000000080047e4       0x16 CMakeFiles/accelerotor.elf.dir/Drivers/STM32F4xx_HAL_Driver/Src/stm32f4xx_hal_pcd_ex.c.obj
                0x00000000080047e4                HAL_PCDEx_LPM_Callback
 *fill*         0x00000000080047fa        0x2 
 .text.HAL_RCC_OscConfig
                0x00000000080047fc      0x4e0 CMakeFiles/accelerotor.elf.dir/Drivers/STM32F4xx_HAL_Driver/Src/stm32f4xx_hal_rcc.c.obj
                0x00000000080047fc                HAL_RCC_OscConfig
 .text.HAL_RCC_ClockConfig
                0x0000000008004cdc      0x1cc CMakeFiles/accelerotor.elf.dir/Drivers/STM32F4xx_HAL_Driver/Src/stm32f4xx_hal_rcc.c.obj
                0x0000000008004cdc                HAL_RCC_ClockConfig
 .text.HAL_RCC_GetSysClockFreq
                0x0000000008004ea8      0x1c4 CMakeFiles/accelerotor.elf.dir/Drivers/STM32F4xx_HAL_Driver/Src/stm32f4xx_hal_rcc.c.obj
                0x0000000008004ea8                HAL_RCC_GetSysClockFreq
 .text.HAL_RCC_GetHCLKFreq
                0x000000000800506c       0x14 CMakeFiles/accelerotor.elf.dir/Drivers/STM32F4xx_HAL_Driver/Src/stm32f4xx_hal_rcc.c.obj
                0x000000000800506c                HAL_RCC_GetHCLKFreq
 .text.HAL_RCC_GetPCLK1Freq
                0x0000000008005080       0x28 CMakeFiles/accelerotor.elf.dir/Drivers/STM32F4xx_HAL_Driver/Src/stm32f4xx_hal_rcc.c.obj
                0x0000000008005080                HAL_RCC_GetPCLK1Freq
 .text.HAL_RCC_GetPCLK2Freq
                0x00000000080050a8       0x28 CMakeFiles/accelerotor.elf.dir/Drivers/STM32F4xx_HAL_Driver/Src/stm32f4xx_hal_rcc.c.obj
                0x00000000080050a8                HAL_RCC_GetPCLK2Freq
 .text.HAL_SPI_Init
                0x00000000080050d0       0xc8 CMakeFiles/accelerotor.elf.dir/Drivers/STM32F4xx_HAL_Driver/Src/stm32f4xx_hal_spi.c.obj
                0x00000000080050d0                HAL_SPI_Init
 .text.HAL_SPI_TransmitReceive_DMA
                0x0000000008005198      0x204 CMakeFiles/accelerotor.elf.dir/Drivers/STM32F4xx_HAL_Driver/Src/stm32f4xx_hal_spi.c.obj
                0x0000000008005198                HAL_SPI_TransmitReceive_DMA
 .text.HAL_SPI_IRQHandler
                0x000000000800539c      0x200 CMakeFiles/accelerotor.elf.dir/Drivers/STM32F4xx_HAL_Driver/Src/stm32f4xx_hal_spi.c.obj
                0x000000000800539c                HAL_SPI_IRQHandler
 .text.HAL_SPI_RxCpltCallback
                0x000000000800559c       0x12 CMakeFiles/accelerotor.elf.dir/Drivers/STM32F4xx_HAL_Driver/Src/stm32f4xx_hal_spi.c.obj
                0x000000000800559c                HAL_SPI_RxCpltCallback
 .text.HAL_SPI_RxHalfCpltCallback
                0x00000000080055ae       0x12 CMakeFiles/accelerotor.elf.dir/Drivers/STM32F4xx_HAL_Driver/Src/stm32f4xx_hal_spi.c.obj
                0x00000000080055ae                HAL_SPI_RxHalfCpltCallback
 .text.HAL_SPI_TxRxHalfCpltCallback
                0x00000000080055c0       0x12 CMakeFiles/accelerotor.elf.dir/Drivers/STM32F4xx_HAL_Driver/Src/stm32f4xx_hal_spi.c.obj
                0x00000000080055c0                HAL_SPI_TxRxHalfCpltCallback
 .text.HAL_SPI_ErrorCallback
                0x00000000080055d2       0x12 CMakeFiles/accelerotor.elf.dir/Drivers/STM32F4xx_HAL_Driver/Src/stm32f4xx_hal_spi.c.obj
                0x00000000080055d2                HAL_SPI_ErrorCallback
 .text.SPI_DMAReceiveCplt
                0x00000000080055e4       0xa8 CMakeFiles/accelerotor.elf.dir/Drivers/STM32F4xx_HAL_Driver/Src/stm32f4xx_hal_spi.c.obj
 .text.SPI_DMATransmitReceiveCplt
                0x000000000800568c       0x90 CMakeFiles/accelerotor.elf.dir/Drivers/STM32F4xx_HAL_Driver/Src/stm32f4xx_hal_spi.c.obj
 .text.SPI_DMAHalfReceiveCplt
                0x000000000800571c       0x1c CMakeFiles/accelerotor.elf.dir/Drivers/STM32F4xx_HAL_Driver/Src/stm32f4xx_hal_spi.c.obj
 .text.SPI_DMAHalfTransmitReceiveCplt
                0x0000000008005738       0x1c CMakeFiles/accelerotor.elf.dir/Drivers/STM32F4xx_HAL_Driver/Src/stm32f4xx_hal_spi.c.obj
 .text.SPI_DMAError
                0x0000000008005754       0x40 CMakeFiles/accelerotor.elf.dir/Drivers/STM32F4xx_HAL_Driver/Src/stm32f4xx_hal_spi.c.obj
 .text.SPI_DMAAbortOnError
                0x0000000008005794       0x28 CMakeFiles/accelerotor.elf.dir/Drivers/STM32F4xx_HAL_Driver/Src/stm32f4xx_hal_spi.c.obj
 .text.SPI_WaitFlagStateUntilTimeout
                0x00000000080057bc       0xd4 CMakeFiles/accelerotor.elf.dir/Drivers/STM32F4xx_HAL_Driver/Src/stm32f4xx_hal_spi.c.obj
 .text.SPI_EndRxTransaction
                0x0000000008005890       0xca CMakeFiles/accelerotor.elf.dir/Drivers/STM32F4xx_HAL_Driver/Src/stm32f4xx_hal_spi.c.obj
 *fill*         0x000000000800595a        0x2 
 .text.SPI_EndRxTxTransaction
                0x000000000800595c       0x84 CMakeFiles/accelerotor.elf.dir/Drivers/STM32F4xx_HAL_Driver/Src/stm32f4xx_hal_spi.c.obj
 .text.HAL_TIM_Base_Init
                0x00000000080059e0       0x56 CMakeFiles/accelerotor.elf.dir/Drivers/STM32F4xx_HAL_Driver/Src/stm32f4xx_hal_tim.c.obj
                0x00000000080059e0                HAL_TIM_Base_Init
 .text.HAL_TIM_PWM_Init
                0x0000000008005a36       0x56 CMakeFiles/accelerotor.elf.dir/Drivers/STM32F4xx_HAL_Driver/Src/stm32f4xx_hal_tim.c.obj
                0x0000000008005a36                HAL_TIM_PWM_Init
 .text.HAL_TIM_PWM_MspInit
                0x0000000008005a8c       0x12 CMakeFiles/accelerotor.elf.dir/Drivers/STM32F4xx_HAL_Driver/Src/stm32f4xx_hal_tim.c.obj
                0x0000000008005a8c                HAL_TIM_PWM_MspInit
 *fill*         0x0000000008005a9e        0x2 
 .text.HAL_TIM_PWM_Start_DMA
                0x0000000008005aa0      0x20c CMakeFiles/accelerotor.elf.dir/Drivers/STM32F4xx_HAL_Driver/Src/stm32f4xx_hal_tim.c.obj
                0x0000000008005aa0                HAL_TIM_PWM_Start_DMA
 .text.HAL_TIM_PWM_ConfigChannel
                0x0000000008005cac      0x18c CMakeFiles/accelerotor.elf.dir/Drivers/STM32F4xx_HAL_Driver/Src/stm32f4xx_hal_tim.c.obj
                0x0000000008005cac                HAL_TIM_PWM_ConfigChannel
 .text.HAL_TIM_ConfigClockSource
                0x0000000008005e38      0x188 CMakeFiles/accelerotor.elf.dir/Drivers/STM32F4xx_HAL_Driver/Src/stm32f4xx_hal_tim.c.obj
                0x0000000008005e38                HAL_TIM_ConfigClockSource
 .text.HAL_TIM_PWM_PulseFinishedCallback
                0x0000000008005fc0       0x12 CMakeFiles/accelerotor.elf.dir/Drivers/STM32F4xx_HAL_Driver/Src/stm32f4xx_hal_tim.c.obj
                0x0000000008005fc0                HAL_TIM_PWM_PulseFinishedCallback
 .text.HAL_TIM_PWM_PulseFinishedHalfCpltCallback
                0x0000000008005fd2       0x12 CMakeFiles/accelerotor.elf.dir/Drivers/STM32F4xx_HAL_Driver/Src/stm32f4xx_hal_tim.c.obj
                0x0000000008005fd2                HAL_TIM_PWM_PulseFinishedHalfCpltCallback
 .text.HAL_TIM_ErrorCallback
                0x0000000008005fe4       0x12 CMakeFiles/accelerotor.elf.dir/Drivers/STM32F4xx_HAL_Driver/Src/stm32f4xx_hal_tim.c.obj
                0x0000000008005fe4                HAL_TIM_ErrorCallback
 .text.TIM_DMAError
                0x0000000008005ff6       0x24 CMakeFiles/accelerotor.elf.dir/Drivers/STM32F4xx_HAL_Driver/Src/stm32f4xx_hal_tim.c.obj
                0x0000000008005ff6                TIM_DMAError
 .text.TIM_DMADelayPulseCplt
                0x000000000800601a       0x70 CMakeFiles/accelerotor.elf.dir/Drivers/STM32F4xx_HAL_Driver/Src/stm32f4xx_hal_tim.c.obj
                0x000000000800601a                TIM_DMADelayPulseCplt
 .text.TIM_DMADelayPulseHalfCplt
                0x000000000800608a       0x70 CMakeFiles/accelerotor.elf.dir/Drivers/STM32F4xx_HAL_Driver/Src/stm32f4xx_hal_tim.c.obj
                0x000000000800608a                TIM_DMADelayPulseHalfCplt
 *fill*         0x00000000080060fa        0x2 
 .text.TIM_Base_SetConfig
                0x00000000080060fc       0xfc CMakeFiles/accelerotor.elf.dir/Drivers/STM32F4xx_HAL_Driver/Src/stm32f4xx_hal_tim.c.obj
                0x00000000080060fc                TIM_Base_SetConfig
 .text.TIM_OC1_SetConfig
                0x00000000080061f8       0xcc CMakeFiles/accelerotor.elf.dir/Drivers/STM32F4xx_HAL_Driver/Src/stm32f4xx_hal_tim.c.obj
 .text.TIM_OC2_SetConfig
                0x00000000080062c4       0xd4 CMakeFiles/accelerotor.elf.dir/Drivers/STM32F4xx_HAL_Driver/Src/stm32f4xx_hal_tim.c.obj
                0x00000000080062c4                TIM_OC2_SetConfig
 .text.TIM_OC3_SetConfig
                0x0000000008006398       0xd4 CMakeFiles/accelerotor.elf.dir/Drivers/STM32F4xx_HAL_Driver/Src/stm32f4xx_hal_tim.c.obj
 .text.TIM_OC4_SetConfig
                0x000000000800646c       0x9c CMakeFiles/accelerotor.elf.dir/Drivers/STM32F4xx_HAL_Driver/Src/stm32f4xx_hal_tim.c.obj
 .text.TIM_TI1_ConfigInputStage
                0x0000000008006508       0x5c CMakeFiles/accelerotor.elf.dir/Drivers/STM32F4xx_HAL_Driver/Src/stm32f4xx_hal_tim.c.obj
 .text.TIM_TI2_ConfigInputStage
                0x0000000008006564       0x5e CMakeFiles/accelerotor.elf.dir/Drivers/STM32F4xx_HAL_Driver/Src/stm32f4xx_hal_tim.c.obj
 .text.TIM_ITRx_SetConfig
                0x00000000080065c2       0x34 CMakeFiles/accelerotor.elf.dir/Drivers/STM32F4xx_HAL_Driver/Src/stm32f4xx_hal_tim.c.obj
 .text.TIM_ETR_SetConfig
                0x00000000080065f6       0x3e CMakeFiles/accelerotor.elf.dir/Drivers/STM32F4xx_HAL_Driver/Src/stm32f4xx_hal_tim.c.obj
                0x00000000080065f6                TIM_ETR_SetConfig
 .text.TIM_CCxChannelCmd
                0x0000000008006634       0x48 CMakeFiles/accelerotor.elf.dir/Drivers/STM32F4xx_HAL_Driver/Src/stm32f4xx_hal_tim.c.obj
                0x0000000008006634                TIM_CCxChannelCmd
 .text.HAL_TIMEx_MasterConfigSynchronization
                0x000000000800667c       0xd8 CMakeFiles/accelerotor.elf.dir/Drivers/STM32F4xx_HAL_Driver/Src/stm32f4xx_hal_tim_ex.c.obj
                0x000000000800667c                HAL_TIMEx_MasterConfigSynchronization
 .text.HAL_UART_Init
                0x0000000008006754       0x9a CMakeFiles/accelerotor.elf.dir/Drivers/STM32F4xx_HAL_Driver/Src/stm32f4xx_hal_uart.c.obj
                0x0000000008006754                HAL_UART_Init
 .text.HAL_UART_Receive_IT
                0x00000000080067ee       0xa8 CMakeFiles/accelerotor.elf.dir/Drivers/STM32F4xx_HAL_Driver/Src/stm32f4xx_hal_uart.c.obj
                0x00000000080067ee                HAL_UART_Receive_IT
 *fill*         0x0000000008006896        0x2 
 .text.HAL_UART_IRQHandler
                0x0000000008006898      0x200 CMakeFiles/accelerotor.elf.dir/Drivers/STM32F4xx_HAL_Driver/Src/stm32f4xx_hal_uart.c.obj
                0x0000000008006898                HAL_UART_IRQHandler
 .text.HAL_UART_TxCpltCallback
                0x0000000008006a98       0x12 CMakeFiles/accelerotor.elf.dir/Drivers/STM32F4xx_HAL_Driver/Src/stm32f4xx_hal_uart.c.obj
                0x0000000008006a98                HAL_UART_TxCpltCallback
 .text.HAL_UART_ErrorCallback
                0x0000000008006aaa       0x12 CMakeFiles/accelerotor.elf.dir/Drivers/STM32F4xx_HAL_Driver/Src/stm32f4xx_hal_uart.c.obj
                0x0000000008006aaa                HAL_UART_ErrorCallback
 .text.UART_EndRxTransfer
                0x0000000008006abc       0x3a CMakeFiles/accelerotor.elf.dir/Drivers/STM32F4xx_HAL_Driver/Src/stm32f4xx_hal_uart.c.obj
 .text.UART_DMAAbortOnError
                0x0000000008006af6       0x28 CMakeFiles/accelerotor.elf.dir/Drivers/STM32F4xx_HAL_Driver/Src/stm32f4xx_hal_uart.c.obj
 .text.UART_Transmit_IT
                0x0000000008006b1e       0xaa CMakeFiles/accelerotor.elf.dir/Drivers/STM32F4xx_HAL_Driver/Src/stm32f4xx_hal_uart.c.obj
 .text.UART_EndTransmit_IT
                0x0000000008006bc8       0x30 CMakeFiles/accelerotor.elf.dir/Drivers/STM32F4xx_HAL_Driver/Src/stm32f4xx_hal_uart.c.obj
 .text.UART_Receive_IT
                0x0000000008006bf8      0x102 CMakeFiles/accelerotor.elf.dir/Drivers/STM32F4xx_HAL_Driver/Src/stm32f4xx_hal_uart.c.obj
 *fill*         0x0000000008006cfa        0x2 
 .text.UART_SetConfig
                0x0000000008006cfc      0x740 CMakeFiles/accelerotor.elf.dir/Drivers/STM32F4xx_HAL_Driver/Src/stm32f4xx_hal_uart.c.obj
 .text.USB_CoreInit
                0x000000000800743c       0xc2 CMakeFiles/accelerotor.elf.dir/Drivers/STM32F4xx_HAL_Driver/Src/stm32f4xx_ll_usb.c.obj
                0x000000000800743c                USB_CoreInit
 *fill*         0x00000000080074fe        0x2 
 .text.USB_SetTurnaroundTime
                0x0000000008007500      0x144 CMakeFiles/accelerotor.elf.dir/Drivers/STM32F4xx_HAL_Driver/Src/stm32f4xx_ll_usb.c.obj
                0x0000000008007500                USB_SetTurnaroundTime
 .text.USB_EnableGlobalInt
                0x0000000008007644       0x20 CMakeFiles/accelerotor.elf.dir/Drivers/STM32F4xx_HAL_Driver/Src/stm32f4xx_ll_usb.c.obj
                0x0000000008007644                USB_EnableGlobalInt
 .text.USB_DisableGlobalInt
                0x0000000008007664       0x20 CMakeFiles/accelerotor.elf.dir/Drivers/STM32F4xx_HAL_Driver/Src/stm32f4xx_ll_usb.c.obj
                0x0000000008007664                USB_DisableGlobalInt
 .text.USB_SetCurrentMode
                0x0000000008007684       0x54 CMakeFiles/accelerotor.elf.dir/Drivers/STM32F4xx_HAL_Driver/Src/stm32f4xx_ll_usb.c.obj
                0x0000000008007684                USB_SetCurrentMode
 .text.USB_DevInit
                0x00000000080076d8      0x2c8 CMakeFiles/accelerotor.elf.dir/Drivers/STM32F4xx_HAL_Driver/Src/stm32f4xx_ll_usb.c.obj
                0x00000000080076d8                USB_DevInit
 .text.USB_FlushTxFifo
                0x00000000080079a0       0x48 CMakeFiles/accelerotor.elf.dir/Drivers/STM32F4xx_HAL_Driver/Src/stm32f4xx_ll_usb.c.obj
                0x00000000080079a0                USB_FlushTxFifo
 .text.USB_FlushRxFifo
                0x00000000080079e8       0x40 CMakeFiles/accelerotor.elf.dir/Drivers/STM32F4xx_HAL_Driver/Src/stm32f4xx_ll_usb.c.obj
                0x00000000080079e8                USB_FlushRxFifo
 .text.USB_SetDevSpeed
                0x0000000008007a28       0x30 CMakeFiles/accelerotor.elf.dir/Drivers/STM32F4xx_HAL_Driver/Src/stm32f4xx_ll_usb.c.obj
                0x0000000008007a28                USB_SetDevSpeed
 .text.USB_GetDevSpeed
                0x0000000008007a58       0x48 CMakeFiles/accelerotor.elf.dir/Drivers/STM32F4xx_HAL_Driver/Src/stm32f4xx_ll_usb.c.obj
                0x0000000008007a58                USB_GetDevSpeed
 .text.USB_ActivateEndpoint
                0x0000000008007aa0      0x10c CMakeFiles/accelerotor.elf.dir/Drivers/STM32F4xx_HAL_Driver/Src/stm32f4xx_ll_usb.c.obj
                0x0000000008007aa0                USB_ActivateEndpoint
 .text.USB_DeactivateEndpoint
                0x0000000008007bac      0x1b8 CMakeFiles/accelerotor.elf.dir/Drivers/STM32F4xx_HAL_Driver/Src/stm32f4xx_ll_usb.c.obj
                0x0000000008007bac                USB_DeactivateEndpoint
 .text.USB_EPStartXfer
                0x0000000008007d64      0x488 CMakeFiles/accelerotor.elf.dir/Drivers/STM32F4xx_HAL_Driver/Src/stm32f4xx_ll_usb.c.obj
                0x0000000008007d64                USB_EPStartXfer
 .text.USB_EP0StartXfer
                0x00000000080081ec      0x2a4 CMakeFiles/accelerotor.elf.dir/Drivers/STM32F4xx_HAL_Driver/Src/stm32f4xx_ll_usb.c.obj
                0x00000000080081ec                USB_EP0StartXfer
 .text.USB_WritePacket
                0x0000000008008490       0x68 CMakeFiles/accelerotor.elf.dir/Drivers/STM32F4xx_HAL_Driver/Src/stm32f4xx_ll_usb.c.obj
                0x0000000008008490                USB_WritePacket
 .text.USB_ReadPacket
                0x00000000080084f8       0x50 CMakeFiles/accelerotor.elf.dir/Drivers/STM32F4xx_HAL_Driver/Src/stm32f4xx_ll_usb.c.obj
                0x00000000080084f8                USB_ReadPacket
 .text.USB_EPSetStall
                0x0000000008008548       0xda CMakeFiles/accelerotor.elf.dir/Drivers/STM32F4xx_HAL_Driver/Src/stm32f4xx_ll_usb.c.obj
                0x0000000008008548                USB_EPSetStall
 .text.USB_EPClearStall
                0x0000000008008622       0xca CMakeFiles/accelerotor.elf.dir/Drivers/STM32F4xx_HAL_Driver/Src/stm32f4xx_ll_usb.c.obj
                0x0000000008008622                USB_EPClearStall
 .text.USB_SetDevAddress
                0x00000000080086ec       0x4a CMakeFiles/accelerotor.elf.dir/Drivers/STM32F4xx_HAL_Driver/Src/stm32f4xx_ll_usb.c.obj
                0x00000000080086ec                USB_SetDevAddress
 .text.USB_DevConnect
                0x0000000008008736       0x40 CMakeFiles/accelerotor.elf.dir/Drivers/STM32F4xx_HAL_Driver/Src/stm32f4xx_ll_usb.c.obj
                0x0000000008008736                USB_DevConnect
 .text.USB_DevDisconnect
                0x0000000008008776       0x40 CMakeFiles/accelerotor.elf.dir/Drivers/STM32F4xx_HAL_Driver/Src/stm32f4xx_ll_usb.c.obj
                0x0000000008008776                USB_DevDisconnect
 .text.USB_ReadInterrupts
                0x00000000080087b6       0x24 CMakeFiles/accelerotor.elf.dir/Drivers/STM32F4xx_HAL_Driver/Src/stm32f4xx_ll_usb.c.obj
                0x00000000080087b6                USB_ReadInterrupts
 .text.USB_ReadDevAllOutEpInterrupt
                0x00000000080087da       0x32 CMakeFiles/accelerotor.elf.dir/Drivers/STM32F4xx_HAL_Driver/Src/stm32f4xx_ll_usb.c.obj
                0x00000000080087da                USB_ReadDevAllOutEpInterrupt
 .text.USB_ReadDevAllInEpInterrupt
                0x000000000800880c       0x32 CMakeFiles/accelerotor.elf.dir/Drivers/STM32F4xx_HAL_Driver/Src/stm32f4xx_ll_usb.c.obj
                0x000000000800880c                USB_ReadDevAllInEpInterrupt
 .text.USB_ReadDevOutEPInterrupt
                0x000000000800883e       0x3a CMakeFiles/accelerotor.elf.dir/Drivers/STM32F4xx_HAL_Driver/Src/stm32f4xx_ll_usb.c.obj
                0x000000000800883e                USB_ReadDevOutEPInterrupt
 .text.USB_ReadDevInEPInterrupt
                0x0000000008008878       0x5a CMakeFiles/accelerotor.elf.dir/Drivers/STM32F4xx_HAL_Driver/Src/stm32f4xx_ll_usb.c.obj
                0x0000000008008878                USB_ReadDevInEPInterrupt
 .text.USB_GetMode
                0x00000000080088d2       0x1a CMakeFiles/accelerotor.elf.dir/Drivers/STM32F4xx_HAL_Driver/Src/stm32f4xx_ll_usb.c.obj
                0x00000000080088d2                USB_GetMode
 .text.USB_ActivateSetup
                0x00000000080088ec       0x44 CMakeFiles/accelerotor.elf.dir/Drivers/STM32F4xx_HAL_Driver/Src/stm32f4xx_ll_usb.c.obj
                0x00000000080088ec                USB_ActivateSetup
 .text.USB_EP0_OutStart
                0x0000000008008930       0xb8 CMakeFiles/accelerotor.elf.dir/Drivers/STM32F4xx_HAL_Driver/Src/stm32f4xx_ll_usb.c.obj
                0x0000000008008930                USB_EP0_OutStart
 .text.USB_CoreReset
                0x00000000080089e8       0x64 CMakeFiles/accelerotor.elf.dir/Drivers/STM32F4xx_HAL_Driver/Src/stm32f4xx_ll_usb.c.obj
 .text.USBD_CDC_Init
                0x0000000008008a4c      0x100 CMakeFiles/accelerotor.elf.dir/Middlewares/ST/STM32_USB_Device_Library/Class/CDC/Src/usbd_cdc.c.obj
 .text.USBD_CDC_DeInit
                0x0000000008008b4c       0x78 CMakeFiles/accelerotor.elf.dir/Middlewares/ST/STM32_USB_Device_Library/Class/CDC/Src/usbd_cdc.c.obj
 .text.USBD_CDC_Setup
                0x0000000008008bc4      0x178 CMakeFiles/accelerotor.elf.dir/Middlewares/ST/STM32_USB_Device_Library/Class/CDC/Src/usbd_cdc.c.obj
 .text.USBD_CDC_DataIn
                0x0000000008008d3c       0xbe CMakeFiles/accelerotor.elf.dir/Middlewares/ST/STM32_USB_Device_Library/Class/CDC/Src/usbd_cdc.c.obj
 .text.USBD_CDC_DataOut
                0x0000000008008dfa       0x56 CMakeFiles/accelerotor.elf.dir/Middlewares/ST/STM32_USB_Device_Library/Class/CDC/Src/usbd_cdc.c.obj
 .text.USBD_CDC_EP0_RxReady
                0x0000000008008e50       0x50 CMakeFiles/accelerotor.elf.dir/Middlewares/ST/STM32_USB_Device_Library/Class/CDC/Src/usbd_cdc.c.obj
 .text.USBD_CDC_GetFSCfgDesc
                0x0000000008008ea0       0x20 CMakeFiles/accelerotor.elf.dir/Middlewares/ST/STM32_USB_Device_Library/Class/CDC/Src/usbd_cdc.c.obj
 .text.USBD_CDC_GetHSCfgDesc
                0x0000000008008ec0       0x20 CMakeFiles/accelerotor.elf.dir/Middlewares/ST/STM32_USB_Device_Library/Class/CDC/Src/usbd_cdc.c.obj
 .text.USBD_CDC_GetOtherSpeedCfgDesc
                0x0000000008008ee0       0x20 CMakeFiles/accelerotor.elf.dir/Middlewares/ST/STM32_USB_Device_Library/Class/CDC/Src/usbd_cdc.c.obj
 .text.USBD_CDC_GetDeviceQualifierDescriptor
                0x0000000008008f00       0x20 CMakeFiles/accelerotor.elf.dir/Middlewares/ST/STM32_USB_Device_Library/Class/CDC/Src/usbd_cdc.c.obj
                0x0000000008008f00                USBD_CDC_GetDeviceQualifierDescriptor
 .text.USBD_CDC_RegisterInterface
                0x0000000008008f20       0x28 CMakeFiles/accelerotor.elf.dir/Middlewares/ST/STM32_USB_Device_Library/Class/CDC/Src/usbd_cdc.c.obj
                0x0000000008008f20                USBD_CDC_RegisterInterface
 .text.USBD_CDC_SetTxBuffer
                0x0000000008008f48       0x30 CMakeFiles/accelerotor.elf.dir/Middlewares/ST/STM32_USB_Device_Library/Class/CDC/Src/usbd_cdc.c.obj
                0x0000000008008f48                USBD_CDC_SetTxBuffer
 .text.USBD_CDC_SetRxBuffer
                0x0000000008008f78       0x26 CMakeFiles/accelerotor.elf.dir/Middlewares/ST/STM32_USB_Device_Library/Class/CDC/Src/usbd_cdc.c.obj
                0x0000000008008f78                USBD_CDC_SetRxBuffer
 .text.USBD_CDC_ReceivePacket
                0x0000000008008f9e       0x54 CMakeFiles/accelerotor.elf.dir/Middlewares/ST/STM32_USB_Device_Library/Class/CDC/Src/usbd_cdc.c.obj
                0x0000000008008f9e                USBD_CDC_ReceivePacket
 .text.USBD_Init
                0x0000000008008ff2       0x6c CMakeFiles/accelerotor.elf.dir/Middlewares/ST/STM32_USB_Device_Library/Core/Src/usbd_core.c.obj
                0x0000000008008ff2                USBD_Init
 .text.USBD_RegisterClass
                0x000000000800905e       0x42 CMakeFiles/accelerotor.elf.dir/Middlewares/ST/STM32_USB_Device_Library/Core/Src/usbd_core.c.obj
                0x000000000800905e                USBD_RegisterClass
 .text.USBD_Start
                0x00000000080090a0       0x18 CMakeFiles/accelerotor.elf.dir/Middlewares/ST/STM32_USB_Device_Library/Core/Src/usbd_core.c.obj
                0x00000000080090a0                USBD_Start
 .text.USBD_RunTestMode
                0x00000000080090b8       0x14 CMakeFiles/accelerotor.elf.dir/Middlewares/ST/STM32_USB_Device_Library/Core/Src/usbd_core.c.obj
                0x00000000080090b8                USBD_RunTestMode
 .text.USBD_SetClassConfig
                0x00000000080090cc       0x38 CMakeFiles/accelerotor.elf.dir/Middlewares/ST/STM32_USB_Device_Library/Core/Src/usbd_core.c.obj
                0x00000000080090cc                USBD_SetClassConfig
 .text.USBD_ClrClassConfig
                0x0000000008009104       0x30 CMakeFiles/accelerotor.elf.dir/Middlewares/ST/STM32_USB_Device_Library/Core/Src/usbd_core.c.obj
                0x0000000008009104                USBD_ClrClassConfig
 .text.USBD_LL_SetupStage
                0x0000000008009134       0xaa CMakeFiles/accelerotor.elf.dir/Middlewares/ST/STM32_USB_Device_Library/Core/Src/usbd_core.c.obj
                0x0000000008009134                USBD_LL_SetupStage
 .text.USBD_LL_DataOutStage
                0x00000000080091de       0xc6 CMakeFiles/accelerotor.elf.dir/Middlewares/ST/STM32_USB_Device_Library/Core/Src/usbd_core.c.obj
                0x00000000080091de                USBD_LL_DataOutStage
 .text.USBD_LL_DataInStage
                0x00000000080092a4      0x12c CMakeFiles/accelerotor.elf.dir/Middlewares/ST/STM32_USB_Device_Library/Core/Src/usbd_core.c.obj
                0x00000000080092a4                USBD_LL_DataInStage
 .text.USBD_LL_Reset
                0x00000000080093d0       0x82 CMakeFiles/accelerotor.elf.dir/Middlewares/ST/STM32_USB_Device_Library/Core/Src/usbd_core.c.obj
                0x00000000080093d0                USBD_LL_Reset
 .text.USBD_LL_SetSpeed
                0x0000000008009452       0x1e CMakeFiles/accelerotor.elf.dir/Middlewares/ST/STM32_USB_Device_Library/Core/Src/usbd_core.c.obj
                0x0000000008009452                USBD_LL_SetSpeed
 .text.USBD_LL_Suspend
                0x0000000008009470       0x28 CMakeFiles/accelerotor.elf.dir/Middlewares/ST/STM32_USB_Device_Library/Core/Src/usbd_core.c.obj
                0x0000000008009470                USBD_LL_Suspend
 .text.USBD_LL_Resume
                0x0000000008009498       0x2a CMakeFiles/accelerotor.elf.dir/Middlewares/ST/STM32_USB_Device_Library/Core/Src/usbd_core.c.obj
                0x0000000008009498                USBD_LL_Resume
 .text.USBD_LL_SOF
                0x00000000080094c2       0x34 CMakeFiles/accelerotor.elf.dir/Middlewares/ST/STM32_USB_Device_Library/Core/Src/usbd_core.c.obj
                0x00000000080094c2                USBD_LL_SOF
 .text.USBD_LL_IsoINIncomplete
                0x00000000080094f6       0x18 CMakeFiles/accelerotor.elf.dir/Middlewares/ST/STM32_USB_Device_Library/Core/Src/usbd_core.c.obj
                0x00000000080094f6                USBD_LL_IsoINIncomplete
 .text.USBD_LL_IsoOUTIncomplete
                0x000000000800950e       0x18 CMakeFiles/accelerotor.elf.dir/Middlewares/ST/STM32_USB_Device_Library/Core/Src/usbd_core.c.obj
                0x000000000800950e                USBD_LL_IsoOUTIncomplete
 .text.USBD_LL_DevConnected
                0x0000000008009526       0x14 CMakeFiles/accelerotor.elf.dir/Middlewares/ST/STM32_USB_Device_Library/Core/Src/usbd_core.c.obj
                0x0000000008009526                USBD_LL_DevConnected
 .text.USBD_LL_DevDisconnected
                0x000000000800953a       0x38 CMakeFiles/accelerotor.elf.dir/Middlewares/ST/STM32_USB_Device_Library/Core/Src/usbd_core.c.obj
                0x000000000800953a                USBD_LL_DevDisconnected
 .text.SWAPBYTE
                0x0000000008009572       0x3a CMakeFiles/accelerotor.elf.dir/Middlewares/ST/STM32_USB_Device_Library/Core/Src/usbd_ctlreq.c.obj
 .text.USBD_StdDevReq
                0x00000000080095ac       0xdc CMakeFiles/accelerotor.elf.dir/Middlewares/ST/STM32_USB_Device_Library/Core/Src/usbd_ctlreq.c.obj
                0x00000000080095ac                USBD_StdDevReq
 .text.USBD_StdItfReq
                0x0000000008009688       0x90 CMakeFiles/accelerotor.elf.dir/Middlewares/ST/STM32_USB_Device_Library/Core/Src/usbd_ctlreq.c.obj
                0x0000000008009688                USBD_StdItfReq
 .text.USBD_StdEPReq
                0x0000000008009718      0x2ba CMakeFiles/accelerotor.elf.dir/Middlewares/ST/STM32_USB_Device_Library/Core/Src/usbd_ctlreq.c.obj
                0x0000000008009718                USBD_StdEPReq
 *fill*         0x00000000080099d2        0x2 
 .text.USBD_GetDescriptor
                0x00000000080099d4      0x2d4 CMakeFiles/accelerotor.elf.dir/Middlewares/ST/STM32_USB_Device_Library/Core/Src/usbd_ctlreq.c.obj
 .text.USBD_SetAddress
                0x0000000008009ca8       0x86 CMakeFiles/accelerotor.elf.dir/Middlewares/ST/STM32_USB_Device_Library/Core/Src/usbd_ctlreq.c.obj
 *fill*         0x0000000008009d2e        0x2 
 .text.USBD_SetConfig
                0x0000000008009d30      0x148 CMakeFiles/accelerotor.elf.dir/Middlewares/ST/STM32_USB_Device_Library/Core/Src/usbd_ctlreq.c.obj
 .text.USBD_GetConfig
                0x0000000008009e78       0x6a CMakeFiles/accelerotor.elf.dir/Middlewares/ST/STM32_USB_Device_Library/Core/Src/usbd_ctlreq.c.obj
 .text.USBD_GetStatus
                0x0000000008009ee2       0x66 CMakeFiles/accelerotor.elf.dir/Middlewares/ST/STM32_USB_Device_Library/Core/Src/usbd_ctlreq.c.obj
 .text.USBD_SetFeature
                0x0000000008009f48       0x28 CMakeFiles/accelerotor.elf.dir/Middlewares/ST/STM32_USB_Device_Library/Core/Src/usbd_ctlreq.c.obj
 .text.USBD_ClrFeature
                0x0000000008009f70       0x42 CMakeFiles/accelerotor.elf.dir/Middlewares/ST/STM32_USB_Device_Library/Core/Src/usbd_ctlreq.c.obj
 .text.USBD_ParseSetupRequest
                0x0000000008009fb2       0x74 CMakeFiles/accelerotor.elf.dir/Middlewares/ST/STM32_USB_Device_Library/Core/Src/usbd_ctlreq.c.obj
                0x0000000008009fb2                USBD_ParseSetupRequest
 .text.USBD_CtlError
                0x000000000800a026       0x22 CMakeFiles/accelerotor.elf.dir/Middlewares/ST/STM32_USB_Device_Library/Core/Src/usbd_ctlreq.c.obj
                0x000000000800a026                USBD_CtlError
 .text.USBD_GetString
                0x000000000800a048       0x8c CMakeFiles/accelerotor.elf.dir/Middlewares/ST/STM32_USB_Device_Library/Core/Src/usbd_ctlreq.c.obj
                0x000000000800a048                USBD_GetString
 .text.USBD_GetLen
                0x000000000800a0d4       0x32 CMakeFiles/accelerotor.elf.dir/Middlewares/ST/STM32_USB_Device_Library/Core/Src/usbd_ctlreq.c.obj
 .text.USBD_CtlSendData
                0x000000000800a106       0x36 CMakeFiles/accelerotor.elf.dir/Middlewares/ST/STM32_USB_Device_Library/Core/Src/usbd_ioreq.c.obj
                0x000000000800a106                USBD_CtlSendData
 .text.USBD_CtlContinueSendData
                0x000000000800a13c       0x22 CMakeFiles/accelerotor.elf.dir/Middlewares/ST/STM32_USB_Device_Library/Core/Src/usbd_ioreq.c.obj
                0x000000000800a13c                USBD_CtlContinueSendData
 .text.USBD_CtlPrepareRx
                0x000000000800a15e       0x3a CMakeFiles/accelerotor.elf.dir/Middlewares/ST/STM32_USB_Device_Library/Core/Src/usbd_ioreq.c.obj
                0x000000000800a15e                USBD_CtlPrepareRx
 .text.USBD_CtlContinueRx
                0x000000000800a198       0x22 CMakeFiles/accelerotor.elf.dir/Middlewares/ST/STM32_USB_Device_Library/Core/Src/usbd_ioreq.c.obj
                0x000000000800a198                USBD_CtlContinueRx
 .text.USBD_CtlSendStatus
                0x000000000800a1ba       0x26 CMakeFiles/accelerotor.elf.dir/Middlewares/ST/STM32_USB_Device_Library/Core/Src/usbd_ioreq.c.obj
                0x000000000800a1ba                USBD_CtlSendStatus
 .text.USBD_CtlReceiveStatus
                0x000000000800a1e0       0x26 CMakeFiles/accelerotor.elf.dir/Middlewares/ST/STM32_USB_Device_Library/Core/Src/usbd_ioreq.c.obj
                0x000000000800a1e0                USBD_CtlReceiveStatus
 *fill*         0x000000000800a206        0x2 
 .text.MX_USB_DEVICE_Init
                0x000000000800a208       0x60 CMakeFiles/accelerotor.elf.dir/USB_DEVICE/App/usb_device.c.obj
                0x000000000800a208                MX_USB_DEVICE_Init
 .text.CDC_Init_FS
                0x000000000800a268       0x28 CMakeFiles/accelerotor.elf.dir/USB_DEVICE/App/usbd_cdc_if.c.obj
 .text.CDC_DeInit_FS
                0x000000000800a290        0xe CMakeFiles/accelerotor.elf.dir/USB_DEVICE/App/usbd_cdc_if.c.obj
 *fill*         0x000000000800a29e        0x2 
 .text.CDC_Control_FS
                0x000000000800a2a0       0xbc CMakeFiles/accelerotor.elf.dir/USB_DEVICE/App/usbd_cdc_if.c.obj
 .text.CDC_Receive_FS
                0x000000000800a35c       0x28 CMakeFiles/accelerotor.elf.dir/USB_DEVICE/App/usbd_cdc_if.c.obj
 .text.CDC_TransmitCplt_FS
                0x000000000800a384       0x20 CMakeFiles/accelerotor.elf.dir/USB_DEVICE/App/usbd_cdc_if.c.obj
 .text.USBD_FS_DeviceDescriptor
                0x000000000800a3a4       0x24 CMakeFiles/accelerotor.elf.dir/USB_DEVICE/App/usbd_desc.c.obj
                0x000000000800a3a4                USBD_FS_DeviceDescriptor
 .text.USBD_FS_LangIDStrDescriptor
                0x000000000800a3c8       0x24 CMakeFiles/accelerotor.elf.dir/USB_DEVICE/App/usbd_desc.c.obj
                0x000000000800a3c8                USBD_FS_LangIDStrDescriptor
 .text.USBD_FS_ProductStrDescriptor
                0x000000000800a3ec       0x3c CMakeFiles/accelerotor.elf.dir/USB_DEVICE/App/usbd_desc.c.obj
                0x000000000800a3ec                USBD_FS_ProductStrDescriptor
 .text.USBD_FS_ManufacturerStrDescriptor
                0x000000000800a428       0x28 CMakeFiles/accelerotor.elf.dir/USB_DEVICE/App/usbd_desc.c.obj
                0x000000000800a428                USBD_FS_ManufacturerStrDescriptor
 .text.USBD_FS_SerialStrDescriptor
                0x000000000800a450       0x24 CMakeFiles/accelerotor.elf.dir/USB_DEVICE/App/usbd_desc.c.obj
                0x000000000800a450                USBD_FS_SerialStrDescriptor
 .text.USBD_FS_ConfigStrDescriptor
                0x000000000800a474       0x3c CMakeFiles/accelerotor.elf.dir/USB_DEVICE/App/usbd_desc.c.obj
                0x000000000800a474                USBD_FS_ConfigStrDescriptor
 .text.USBD_FS_InterfaceStrDescriptor
                0x000000000800a4b0       0x3c CMakeFiles/accelerotor.elf.dir/USB_DEVICE/App/usbd_desc.c.obj
                0x000000000800a4b0                USBD_FS_InterfaceStrDescriptor
 .text.Get_SerialNum
                0x000000000800a4ec       0x58 CMakeFiles/accelerotor.elf.dir/USB_DEVICE/App/usbd_desc.c.obj
 .text.IntToUnicode
                0x000000000800a544       0x7c CMakeFiles/accelerotor.elf.dir/USB_DEVICE/App/usbd_desc.c.obj
 .text.HAL_PCD_MspInit
                0x000000000800a5c0       0xa8 CMakeFiles/accelerotor.elf.dir/USB_DEVICE/Target/usbd_conf.c.obj
                0x000000000800a5c0                HAL_PCD_MspInit
 .text.HAL_PCD_SetupStageCallback
                0x000000000800a668       0x24 CMakeFiles/accelerotor.elf.dir/USB_DEVICE/Target/usbd_conf.c.obj
                0x000000000800a668                HAL_PCD_SetupStageCallback
 .text.HAL_PCD_DataOutStageCallback
                0x000000000800a68c       0x36 CMakeFiles/accelerotor.elf.dir/USB_DEVICE/Target/usbd_conf.c.obj
                0x000000000800a68c                HAL_PCD_DataOutStageCallback
 .text.HAL_PCD_DataInStageCallback
                0x000000000800a6c2       0x34 CMakeFiles/accelerotor.elf.dir/USB_DEVICE/Target/usbd_conf.c.obj
                0x000000000800a6c2                HAL_PCD_DataInStageCallback
 .text.HAL_PCD_SOFCallback
                0x000000000800a6f6       0x1c CMakeFiles/accelerotor.elf.dir/USB_DEVICE/Target/usbd_conf.c.obj
                0x000000000800a6f6                HAL_PCD_SOFCallback
 .text.HAL_PCD_ResetCallback
                0x000000000800a712       0x3c CMakeFiles/accelerotor.elf.dir/USB_DEVICE/Target/usbd_conf.c.obj
                0x000000000800a712                HAL_PCD_ResetCallback
 *fill*         0x000000000800a74e        0x2 
 .text.HAL_PCD_SuspendCallback
                0x000000000800a750       0x4c CMakeFiles/accelerotor.elf.dir/USB_DEVICE/Target/usbd_conf.c.obj
                0x000000000800a750                HAL_PCD_SuspendCallback
 .text.HAL_PCD_ResumeCallback
                0x000000000800a79c       0x1c CMakeFiles/accelerotor.elf.dir/USB_DEVICE/Target/usbd_conf.c.obj
                0x000000000800a79c                HAL_PCD_ResumeCallback
 .text.HAL_PCD_ISOOUTIncompleteCallback
                0x000000000800a7b8       0x24 CMakeFiles/accelerotor.elf.dir/USB_DEVICE/Target/usbd_conf.c.obj
                0x000000000800a7b8                HAL_PCD_ISOOUTIncompleteCallback
 .text.HAL_PCD_ISOINIncompleteCallback
                0x000000000800a7dc       0x24 CMakeFiles/accelerotor.elf.dir/USB_DEVICE/Target/usbd_conf.c.obj
                0x000000000800a7dc                HAL_PCD_ISOINIncompleteCallback
 .text.HAL_PCD_ConnectCallback
                0x000000000800a800       0x1c CMakeFiles/accelerotor.elf.dir/USB_DEVICE/Target/usbd_conf.c.obj
                0x000000000800a800                HAL_PCD_ConnectCallback
 .text.HAL_PCD_DisconnectCallback
                0x000000000800a81c       0x1c CMakeFiles/accelerotor.elf.dir/USB_DEVICE/Target/usbd_conf.c.obj
                0x000000000800a81c                HAL_PCD_DisconnectCallback
 .text.USBD_LL_Init
                0x000000000800a838       0x98 CMakeFiles/accelerotor.elf.dir/USB_DEVICE/Target/usbd_conf.c.obj
                0x000000000800a838                USBD_LL_Init
 .text.USBD_LL_Start
                0x000000000800a8d0       0x36 CMakeFiles/accelerotor.elf.dir/USB_DEVICE/Target/usbd_conf.c.obj
                0x000000000800a8d0                USBD_LL_Start
 .text.USBD_LL_OpenEP
                0x000000000800a906       0x4c CMakeFiles/accelerotor.elf.dir/USB_DEVICE/Target/usbd_conf.c.obj
                0x000000000800a906                USBD_LL_OpenEP
 .text.USBD_LL_CloseEP
                0x000000000800a952       0x3e CMakeFiles/accelerotor.elf.dir/USB_DEVICE/Target/usbd_conf.c.obj
                0x000000000800a952                USBD_LL_CloseEP
 .text.USBD_LL_StallEP
                0x000000000800a990       0x3e CMakeFiles/accelerotor.elf.dir/USB_DEVICE/Target/usbd_conf.c.obj
                0x000000000800a990                USBD_LL_StallEP
 .text.USBD_LL_ClearStallEP
                0x000000000800a9ce       0x3e CMakeFiles/accelerotor.elf.dir/USB_DEVICE/Target/usbd_conf.c.obj
                0x000000000800a9ce                USBD_LL_ClearStallEP
 .text.USBD_LL_IsStallEP
                0x000000000800aa0c       0x56 CMakeFiles/accelerotor.elf.dir/USB_DEVICE/Target/usbd_conf.c.obj
                0x000000000800aa0c                USBD_LL_IsStallEP
 .text.USBD_LL_SetUSBAddress
                0x000000000800aa62       0x3e CMakeFiles/accelerotor.elf.dir/USB_DEVICE/Target/usbd_conf.c.obj
                0x000000000800aa62                USBD_LL_SetUSBAddress
 .text.USBD_LL_Transmit
                0x000000000800aaa0       0x42 CMakeFiles/accelerotor.elf.dir/USB_DEVICE/Target/usbd_conf.c.obj
                0x000000000800aaa0                USBD_LL_Transmit
 .text.USBD_LL_PrepareReceive
                0x000000000800aae2       0x42 CMakeFiles/accelerotor.elf.dir/USB_DEVICE/Target/usbd_conf.c.obj
                0x000000000800aae2                USBD_LL_PrepareReceive
 .text.USBD_LL_GetRxDataSize
                0x000000000800ab24       0x26 CMakeFiles/accelerotor.elf.dir/USB_DEVICE/Target/usbd_conf.c.obj
                0x000000000800ab24                USBD_LL_GetRxDataSize
 *fill*         0x000000000800ab4a        0x2 
 .text.USBD_Get_USB_Status
                0x000000000800ab4c       0x58 CMakeFiles/accelerotor.elf.dir/USB_DEVICE/Target/usbd_conf.c.obj
                0x000000000800ab4c                USBD_Get_USB_Status
 .text.Reset_Handler
                0x000000000800aba4       0x50 CMakeFiles/accelerotor.elf.dir/startup/startup_stm32f411xe.s.obj
                0x000000000800aba4                Reset_Handler
 .text.Default_Handler
                0x000000000800abf4        0x2 CMakeFiles/accelerotor.elf.dir/startup/startup_stm32f411xe.s.obj
                0x000000000800abf4                RTC_Alarm_IRQHandler
                0x000000000800abf4                EXTI2_IRQHandler
                0x000000000800abf4                SPI4_IRQHandler
                0x000000000800abf4                TIM1_CC_IRQHandler
                0x000000000800abf4                DMA2_Stream5_IRQHandler
                0x000000000800abf4                PVD_IRQHandler
                0x000000000800abf4                SDIO_IRQHandler
                0x000000000800abf4                TAMP_STAMP_IRQHandler
                0x000000000800abf4                EXTI3_IRQHandler
                0x000000000800abf4                TIM1_UP_TIM10_IRQHandler
                0x000000000800abf4                I2C3_ER_IRQHandler
                0x000000000800abf4                EXTI0_IRQHandler
                0x000000000800abf4                I2C2_EV_IRQHandler
                0x000000000800abf4                DMA1_Stream2_IRQHandler
                0x000000000800abf4                FPU_IRQHandler
                0x000000000800abf4                TIM1_BRK_TIM9_IRQHandler
                0x000000000800abf4                DMA2_Stream3_IRQHandler
                0x000000000800abf4                USART6_IRQHandler
                0x000000000800abf4                TIM4_IRQHandler
                0x000000000800abf4                I2C1_EV_IRQHandler
                0x000000000800abf4                DMA1_Stream6_IRQHandler
                0x000000000800abf4                TIM3_IRQHandler
                0x000000000800abf4                RCC_IRQHandler
                0x000000000800abf4                Default_Handler
                0x000000000800abf4                EXTI15_10_IRQHandler
                0x000000000800abf4                ADC_IRQHandler
                0x000000000800abf4                DMA1_Stream7_IRQHandler
                0x000000000800abf4                SPI5_IRQHandler
                0x000000000800abf4                TIM5_IRQHandler
                0x000000000800abf4                DMA2_Stream7_IRQHandler
                0x000000000800abf4                I2C3_EV_IRQHandler
                0x000000000800abf4                EXTI9_5_IRQHandler
                0x000000000800abf4                RTC_WKUP_IRQHandler
                0x000000000800abf4                SPI2_IRQHandler
                0x000000000800abf4                EXTI4_IRQHandler
                0x000000000800abf4                WWDG_IRQHandler
                0x000000000800abf4                TIM2_IRQHandler
                0x000000000800abf4                OTG_FS_WKUP_IRQHandler
                0x000000000800abf4                TIM1_TRG_COM_TIM11_IRQHandler
                0x000000000800abf4                EXTI1_IRQHandler
                0x000000000800abf4                I2C2_ER_IRQHandler
                0x000000000800abf4                DMA2_Stream1_IRQHandler
                0x000000000800abf4                FLASH_IRQHandler
                0x000000000800abf4                DMA2_Stream4_IRQHandler
                0x000000000800abf4                USART1_IRQHandler
                0x000000000800abf4                SPI3_IRQHandler
                0x000000000800abf4                DMA1_Stream4_IRQHandler
                0x000000000800abf4                I2C1_ER_IRQHandler
                0x000000000800abf4                DMA2_Stream6_IRQHandler
 *(.glue_7)
 .glue_7        0x000000000800abf6        0x0 linker stubs
 *(.glue_7t)
 .glue_7t       0x000000000800abf6        0x0 linker stubs
 *(.eh_frame)
 *fill*         0x000000000800abf6        0x2 
 .eh_frame      0x000000000800abf8        0x0 /usr/lib/gcc/arm-none-eabi/9.2.1/thumb/v7e-m/nofp/crtbegin.o
 *(.init)
 .init          0x000000000800abf8        0x4 /usr/lib/gcc/arm-none-eabi/9.2.1/thumb/v7e-m/nofp/crti.o
                0x000000000800abf8                _init
 .init          0x000000000800abfc        0x8 /usr/lib/gcc/arm-none-eabi/9.2.1/thumb/v7e-m/nofp/crtn.o
 *(.fini)
 .fini          0x000000000800ac04        0x4 /usr/lib/gcc/arm-none-eabi/9.2.1/thumb/v7e-m/nofp/crti.o
                0x000000000800ac04                _fini
 .fini          0x000000000800ac08        0x8 /usr/lib/gcc/arm-none-eabi/9.2.1/thumb/v7e-m/nofp/crtn.o
                0x000000000800ac10                . = ALIGN (0x4)
                0x000000000800ac10                _etext = .

.vfp11_veneer   0x000000000800ac10        0x0
 .vfp11_veneer  0x000000000800ac10        0x0 linker stubs

.v4_bx          0x000000000800ac10        0x0
 .v4_bx         0x000000000800ac10        0x0 linker stubs

.iplt           0x000000000800ac10        0x0
 .iplt          0x000000000800ac10        0x0 /usr/lib/gcc/arm-none-eabi/9.2.1/thumb/v7e-m/nofp/crtbegin.o

.rodata         0x000000000800ac10       0x68
                0x000000000800ac10                . = ALIGN (0x4)
 *(.rodata)
 .rodata        0x000000000800ac10       0x46 CMakeFiles/accelerotor.elf.dir/USB_DEVICE/App/usbd_desc.c.obj
 *(.rodata*)
 *fill*         0x000000000800ac56        0x2 
 .rodata.AHBPrescTable
                0x000000000800ac58       0x10 CMakeFiles/accelerotor.elf.dir/Core/Src/system_stm32f4xx.c.obj
                0x000000000800ac58                AHBPrescTable
 .rodata.APBPrescTable
                0x000000000800ac68        0x8 CMakeFiles/accelerotor.elf.dir/Core/Src/system_stm32f4xx.c.obj
                0x000000000800ac68                APBPrescTable
 .rodata.flagBitshiftOffset.7175
                0x000000000800ac70        0x8 CMakeFiles/accelerotor.elf.dir/Drivers/STM32F4xx_HAL_Driver/Src/stm32f4xx_hal_dma.c.obj
                0x000000000800ac78                . = ALIGN (0x4)

.ARM.extab
 *(.ARM.extab* .gnu.linkonce.armextab.*)

.ARM            0x000000000800ac78        0x8
                0x000000000800ac78                __exidx_start = .
 *(.ARM.exidx*)
 .ARM.exidx     0x000000000800ac78        0x8 /usr/lib/gcc/arm-none-eabi/9.2.1/thumb/v7e-m/nofp/libgcc.a(_udivmoddi4.o)
                0x000000000800ac80                __exidx_end = .

.rel.dyn        0x000000000800ac80        0x0
 .rel.iplt      0x000000000800ac80        0x0 /usr/lib/gcc/arm-none-eabi/9.2.1/thumb/v7e-m/nofp/crtbegin.o

.preinit_array  0x000000000800ac80        0x0
                0x000000000800ac80                PROVIDE (__preinit_array_start = .)
 *(.preinit_array*)
                0x000000000800ac80                PROVIDE (__preinit_array_end = .)

.init_array     0x000000000800ac80        0x4
                0x000000000800ac80                PROVIDE (__init_array_start = .)
 *(SORT_BY_NAME(.init_array.*))
 *(.init_array*)
 .init_array    0x000000000800ac80        0x4 /usr/lib/gcc/arm-none-eabi/9.2.1/thumb/v7e-m/nofp/crtbegin.o
                0x000000000800ac84                PROVIDE (__init_array_end = .)

.fini_array     0x000000000800ac84        0x4
                0x000000000800ac84                PROVIDE (__fini_array_start = .)
 *(SORT_BY_NAME(.fini_array.*))
 *(.fini_array*)
 .fini_array    0x000000000800ac84        0x4 /usr/lib/gcc/arm-none-eabi/9.2.1/thumb/v7e-m/nofp/crtbegin.o
                0x000000000800ac88                PROVIDE (__fini_array_end = .)
                0x000000000800ac88                _sidata = LOADADDR (.data)

.data           0x0000000020000000      0x1fc load address 0x000000000800ac88
                0x0000000020000000                . = ALIGN (0x4)
                0x0000000020000000                _sdata = .
 *(.data)
 .data          0x0000000020000000       0x64 /usr/lib/gcc/arm-none-eabi/9.2.1/../../../arm-none-eabi/lib/thumb/v7e-m/nofp/libg_nano.a(lib_a-impure.o)
                0x0000000020000000                _impure_ptr
 *(.data*)
 .data.kpx      0x0000000020000064        0x4 CMakeFiles/accelerotor.elf.dir/Core/Src/main.c.obj
                0x0000000020000064                kpx
 .data.kpy      0x0000000020000068        0x4 CMakeFiles/accelerotor.elf.dir/Core/Src/main.c.obj
                0x0000000020000068                kpy
 .data.kpz      0x000000002000006c        0x4 CMakeFiles/accelerotor.elf.dir/Core/Src/main.c.obj
                0x000000002000006c                kpz
 .data.kiz      0x0000000020000070        0x4 CMakeFiles/accelerotor.elf.dir/Core/Src/main.c.obj
                0x0000000020000070                kiz
 .data.kdz      0x0000000020000074        0x4 CMakeFiles/accelerotor.elf.dir/Core/Src/main.c.obj
                0x0000000020000074                kdz
 .data.throttle_headroom_percentage
                0x0000000020000078        0x4 CMakeFiles/accelerotor.elf.dir/Core/Src/main.c.obj
                0x0000000020000078                throttle_headroom_percentage
 .data.SystemCoreClock
                0x000000002000007c        0x4 CMakeFiles/accelerotor.elf.dir/Core/Src/system_stm32f4xx.c.obj
                0x000000002000007c                SystemCoreClock
 .data.uwTickPrio
                0x0000000020000080        0x4 CMakeFiles/accelerotor.elf.dir/Drivers/STM32F4xx_HAL_Driver/Src/stm32f4xx_hal.c.obj
                0x0000000020000080                uwTickPrio
 .data.uwTickFreq
                0x0000000020000084        0x1 CMakeFiles/accelerotor.elf.dir/Drivers/STM32F4xx_HAL_Driver/Src/stm32f4xx_hal.c.obj
                0x0000000020000084                uwTickFreq
 *fill*         0x0000000020000085        0x3 
 .data.USBD_CDC_DeviceQualifierDesc
                0x0000000020000088        0xa CMakeFiles/accelerotor.elf.dir/Middlewares/ST/STM32_USB_Device_Library/Class/CDC/Src/usbd_cdc.c.obj
 *fill*         0x0000000020000092        0x2 
 .data.USBD_CDC
                0x0000000020000094       0x38 CMakeFiles/accelerotor.elf.dir/Middlewares/ST/STM32_USB_Device_Library/Class/CDC/Src/usbd_cdc.c.obj
                0x0000000020000094                USBD_CDC
 .data.USBD_CDC_CfgHSDesc
                0x00000000200000cc       0x43 CMakeFiles/accelerotor.elf.dir/Middlewares/ST/STM32_USB_Device_Library/Class/CDC/Src/usbd_cdc.c.obj
 *fill*         0x000000002000010f        0x1 
 .data.USBD_CDC_CfgFSDesc
                0x0000000020000110       0x43 CMakeFiles/accelerotor.elf.dir/Middlewares/ST/STM32_USB_Device_Library/Class/CDC/Src/usbd_cdc.c.obj
 *fill*         0x0000000020000153        0x1 
 .data.USBD_CDC_OtherSpeedCfgDesc
                0x0000000020000154       0x43 CMakeFiles/accelerotor.elf.dir/Middlewares/ST/STM32_USB_Device_Library/Class/CDC/Src/usbd_cdc.c.obj
 *fill*         0x0000000020000197        0x1 
 .data.USBD_Interface_fops_FS
                0x0000000020000198       0x14 CMakeFiles/accelerotor.elf.dir/USB_DEVICE/App/usbd_cdc_if.c.obj
                0x0000000020000198                USBD_Interface_fops_FS
 .data.FS_Desc  0x00000000200001ac       0x1c CMakeFiles/accelerotor.elf.dir/USB_DEVICE/App/usbd_desc.c.obj
                0x00000000200001ac                FS_Desc
 .data.USBD_FS_DeviceDesc
                0x00000000200001c8       0x12 CMakeFiles/accelerotor.elf.dir/USB_DEVICE/App/usbd_desc.c.obj
                0x00000000200001c8                USBD_FS_DeviceDesc
 *fill*         0x00000000200001da        0x2 
 .data.USBD_LangIDDesc
                0x00000000200001dc        0x4 CMakeFiles/accelerotor.elf.dir/USB_DEVICE/App/usbd_desc.c.obj
                0x00000000200001dc                USBD_LangIDDesc
 .data.USBD_StringSerial
                0x00000000200001e0       0x1a CMakeFiles/accelerotor.elf.dir/USB_DEVICE/App/usbd_desc.c.obj
                0x00000000200001e0                USBD_StringSerial
                0x00000000200001fc                . = ALIGN (0x4)
 *fill*         0x00000000200001fa        0x2 
                0x00000000200001fc                _edata = .

.tm_clone_table
                0x00000000200001fc        0x0 load address 0x000000000800ae84
 .tm_clone_table
                0x00000000200001fc        0x0 /usr/lib/gcc/arm-none-eabi/9.2.1/thumb/v7e-m/nofp/crtbegin.o
 .tm_clone_table
                0x00000000200001fc        0x0 /usr/lib/gcc/arm-none-eabi/9.2.1/thumb/v7e-m/nofp/crtend.o

.igot.plt       0x00000000200001fc        0x0 load address 0x000000000800ae84
 .igot.plt      0x00000000200001fc        0x0 /usr/lib/gcc/arm-none-eabi/9.2.1/thumb/v7e-m/nofp/crtbegin.o
                0x00000000200001fc                . = ALIGN (0x4)

.bss            0x00000000200001fc     0x2018 load address 0x000000000800ae84
                0x00000000200001fc                _sbss = .
                0x00000000200001fc                __bss_start__ = _sbss
 *(.bss)
 .bss           0x00000000200001fc       0x1c /usr/lib/gcc/arm-none-eabi/9.2.1/thumb/v7e-m/nofp/crtbegin.o
 .bss           0x0000000020000218        0x8 /usr/lib/gcc/arm-none-eabi/9.2.1/../../../arm-none-eabi/lib/thumb/v7e-m/nofp/libg_nano.a(lib_a-nano-mallocr.o)
                0x0000000020000218                __malloc_free_list
                0x000000002000021c                __malloc_sbrk_start
 *(.bss*)
 .bss.MPU6000_busy
                0x0000000020000220        0x1 CMakeFiles/accelerotor.elf.dir/Core/Src/main.c.obj
                0x0000000020000220                MPU6000_busy
 .bss.MPU6000_gyro_read_flag
                0x0000000020000221        0x1 CMakeFiles/accelerotor.elf.dir/Core/Src/main.c.obj
                0x0000000020000221                MPU6000_gyro_read_flag
 *fill*         0x0000000020000222        0x2 
 .bss.MPU6000_tx_buffer
                0x0000000020000224        0xa CMakeFiles/accelerotor.elf.dir/Core/Src/main.c.obj
                0x0000000020000224                MPU6000_tx_buffer
 *fill*         0x000000002000022e        0x2 
 .bss.MPU6000_rx_buffer
                0x0000000020000230        0xa CMakeFiles/accelerotor.elf.dir/Core/Src/main.c.obj
                0x0000000020000230                MPU6000_rx_buffer
 *fill*         0x000000002000023a        0x2 
 .bss.hspi1     0x000000002000023c       0x58 CMakeFiles/accelerotor.elf.dir/Core/Src/main.c.obj
                0x000000002000023c                hspi1
 .bss.hdma_spi1_rx
                0x0000000020000294       0x60 CMakeFiles/accelerotor.elf.dir/Core/Src/main.c.obj
                0x0000000020000294                hdma_spi1_rx
 .bss.hdma_spi1_tx
                0x00000000200002f4       0x60 CMakeFiles/accelerotor.elf.dir/Core/Src/main.c.obj
                0x00000000200002f4                hdma_spi1_tx
 .bss.htim2     0x0000000020000354       0x40 CMakeFiles/accelerotor.elf.dir/Core/Src/main.c.obj
                0x0000000020000354                htim2
 .bss.htim4     0x0000000020000394       0x40 CMakeFiles/accelerotor.elf.dir/Core/Src/main.c.obj
                0x0000000020000394                htim4
 .bss.hdma_tim2_ch1
                0x00000000200003d4       0x60 CMakeFiles/accelerotor.elf.dir/Core/Src/main.c.obj
                0x00000000200003d4                hdma_tim2_ch1
 .bss.hdma_tim2_ch3_up
                0x0000000020000434       0x60 CMakeFiles/accelerotor.elf.dir/Core/Src/main.c.obj
                0x0000000020000434                hdma_tim2_ch3_up
 .bss.hdma_tim4_ch1
                0x0000000020000494       0x60 CMakeFiles/accelerotor.elf.dir/Core/Src/main.c.obj
                0x0000000020000494                hdma_tim4_ch1
 .bss.hdma_tim4_ch2
                0x00000000200004f4       0x60 CMakeFiles/accelerotor.elf.dir/Core/Src/main.c.obj
                0x00000000200004f4                hdma_tim4_ch2
 .bss.huart2    0x0000000020000554       0x40 CMakeFiles/accelerotor.elf.dir/Core/Src/main.c.obj
                0x0000000020000554                huart2
 .bss.SBUSBuffer
                0x0000000020000594       0x19 CMakeFiles/accelerotor.elf.dir/Core/Src/main.c.obj
                0x0000000020000594                SBUSBuffer
 *fill*         0x00000000200005ad        0x3 
 .bss.SBUSChannelValues
                0x00000000200005b0       0x24 CMakeFiles/accelerotor.elf.dir/Core/Src/main.c.obj
                0x00000000200005b0                SBUSChannelValues
 .bss.DSHOT_buffer
                0x00000000200005d4      0x2f0 CMakeFiles/accelerotor.elf.dir/Core/Src/main.c.obj
                0x00000000200005d4                DSHOT_buffer
 .bss.gyrox     0x00000000200008c4        0x2 CMakeFiles/accelerotor.elf.dir/Core/Src/main.c.obj
                0x00000000200008c4                gyrox
 .bss.gyroy     0x00000000200008c6        0x2 CMakeFiles/accelerotor.elf.dir/Core/Src/main.c.obj
                0x00000000200008c6                gyroy
 .bss.gyroz     0x00000000200008c8        0x2 CMakeFiles/accelerotor.elf.dir/Core/Src/main.c.obj
                0x00000000200008c8                gyroz
 *fill*         0x00000000200008ca        0x2 
 .bss.ex        0x00000000200008cc        0x4 CMakeFiles/accelerotor.elf.dir/Core/Src/main.c.obj
                0x00000000200008cc                ex
 .bss.ex1       0x00000000200008d0        0x4 CMakeFiles/accelerotor.elf.dir/Core/Src/main.c.obj
                0x00000000200008d0                ex1
 .bss.ex2       0x00000000200008d4        0x4 CMakeFiles/accelerotor.elf.dir/Core/Src/main.c.obj
                0x00000000200008d4                ex2
 .bss.ux        0x00000000200008d8        0x4 CMakeFiles/accelerotor.elf.dir/Core/Src/main.c.obj
                0x00000000200008d8                ux
 .bss.delta_ux  0x00000000200008dc        0x4 CMakeFiles/accelerotor.elf.dir/Core/Src/main.c.obj
                0x00000000200008dc                delta_ux
 .bss.ey        0x00000000200008e0        0x4 CMakeFiles/accelerotor.elf.dir/Core/Src/main.c.obj
                0x00000000200008e0                ey
 .bss.ey1       0x00000000200008e4        0x4 CMakeFiles/accelerotor.elf.dir/Core/Src/main.c.obj
                0x00000000200008e4                ey1
 .bss.ey2       0x00000000200008e8        0x4 CMakeFiles/accelerotor.elf.dir/Core/Src/main.c.obj
                0x00000000200008e8                ey2
 .bss.uy        0x00000000200008ec        0x4 CMakeFiles/accelerotor.elf.dir/Core/Src/main.c.obj
                0x00000000200008ec                uy
 .bss.delta_uy  0x00000000200008f0        0x4 CMakeFiles/accelerotor.elf.dir/Core/Src/main.c.obj
                0x00000000200008f0                delta_uy
 .bss.kix       0x00000000200008f4        0x4 CMakeFiles/accelerotor.elf.dir/Core/Src/main.c.obj
                0x00000000200008f4                kix
 .bss.kdx       0x00000000200008f8        0x4 CMakeFiles/accelerotor.elf.dir/Core/Src/main.c.obj
                0x00000000200008f8                kdx
 .bss.k1x       0x00000000200008fc        0x4 CMakeFiles/accelerotor.elf.dir/Core/Src/main.c.obj
                0x00000000200008fc                k1x
 .bss.k2x       0x0000000020000900        0x4 CMakeFiles/accelerotor.elf.dir/Core/Src/main.c.obj
                0x0000000020000900                k2x
 .bss.k3x       0x0000000020000904        0x4 CMakeFiles/accelerotor.elf.dir/Core/Src/main.c.obj
                0x0000000020000904                k3x
 .bss.kiy       0x0000000020000908        0x4 CMakeFiles/accelerotor.elf.dir/Core/Src/main.c.obj
                0x0000000020000908                kiy
 .bss.kdy       0x000000002000090c        0x4 CMakeFiles/accelerotor.elf.dir/Core/Src/main.c.obj
                0x000000002000090c                kdy
 .bss.k1y       0x0000000020000910        0x4 CMakeFiles/accelerotor.elf.dir/Core/Src/main.c.obj
                0x0000000020000910                k1y
 .bss.k2y       0x0000000020000914        0x4 CMakeFiles/accelerotor.elf.dir/Core/Src/main.c.obj
                0x0000000020000914                k2y
 .bss.k3y       0x0000000020000918        0x4 CMakeFiles/accelerotor.elf.dir/Core/Src/main.c.obj
                0x0000000020000918                k3y
 .bss.k1z       0x000000002000091c        0x4 CMakeFiles/accelerotor.elf.dir/Core/Src/main.c.obj
                0x000000002000091c                k1z
 .bss.k2z       0x0000000020000920        0x4 CMakeFiles/accelerotor.elf.dir/Core/Src/main.c.obj
                0x0000000020000920                k2z
 .bss.k3z       0x0000000020000924        0x4 CMakeFiles/accelerotor.elf.dir/Core/Src/main.c.obj
                0x0000000020000924                k3z
 .bss.throttle_headroom
                0x0000000020000928        0x4 CMakeFiles/accelerotor.elf.dir/Core/Src/main.c.obj
                0x0000000020000928                throttle_headroom
 .bss.heap_end.6004
                0x000000002000092c        0x4 CMakeFiles/accelerotor.elf.dir/Core/Src/syscalls.c.obj
 .bss.uwTick    0x0000000020000930        0x4 CMakeFiles/accelerotor.elf.dir/Drivers/STM32F4xx_HAL_Driver/Src/stm32f4xx_hal.c.obj
                0x0000000020000930                uwTick
 .bss.cfgidx.9107
                0x0000000020000934        0x1 CMakeFiles/accelerotor.elf.dir/Middlewares/ST/STM32_USB_Device_Library/Core/Src/usbd_ctlreq.c.obj
 *fill*         0x0000000020000935        0x3 
 .bss.hUsbDeviceFS
                0x0000000020000938      0x2d0 CMakeFiles/accelerotor.elf.dir/USB_DEVICE/App/usb_device.c.obj
                0x0000000020000938                hUsbDeviceFS
 .bss.UserRxBufferFS
                0x0000000020000c08      0x800 CMakeFiles/accelerotor.elf.dir/USB_DEVICE/App/usbd_cdc_if.c.obj
                0x0000000020000c08                UserRxBufferFS
 .bss.UserTxBufferFS
                0x0000000020001408      0x800 CMakeFiles/accelerotor.elf.dir/USB_DEVICE/App/usbd_cdc_if.c.obj
                0x0000000020001408                UserTxBufferFS
 .bss.USBD_StrDesc
                0x0000000020001c08      0x200 CMakeFiles/accelerotor.elf.dir/USB_DEVICE/App/usbd_desc.c.obj
                0x0000000020001c08                USBD_StrDesc
 .bss.hpcd_USB_OTG_FS
                0x0000000020001e08      0x408 CMakeFiles/accelerotor.elf.dir/USB_DEVICE/Target/usbd_conf.c.obj
                0x0000000020001e08                hpcd_USB_OTG_FS
 *(COMMON)
 COMMON         0x0000000020002210        0x4 /usr/lib/gcc/arm-none-eabi/9.2.1/../../../arm-none-eabi/lib/thumb/v7e-m/nofp/libg_nano.a(lib_a-reent.o)
                0x0000000020002210                errno
                0x0000000020002214                . = ALIGN (0x4)
                0x0000000020002214                _ebss = .
                0x0000000020002214                __bss_end__ = _ebss

._user_heap_stack
                0x0000000020002214      0x604 load address 0x000000000800ae84
                0x0000000020002218                . = ALIGN (0x8)
 *fill*         0x0000000020002214        0x4 
                0x0000000020002218                PROVIDE (end = .)
                [!provide]                        PROVIDE (_end = .)
                0x0000000020002418                . = (. + _Min_Heap_Size)
 *fill*         0x0000000020002218      0x200 
                0x0000000020002818                . = (. + _Min_Stack_Size)
 *fill*         0x0000000020002418      0x400 
                0x0000000020002818                . = ALIGN (0x8)

/DISCARD/
 libc.a(*)
 libm.a(*)
 libgcc.a(*)

.ARM.attributes
                0x0000000000000000       0x2a
 *(.ARM.attributes)
 .ARM.attributes
                0x0000000000000000       0x1e /usr/lib/gcc/arm-none-eabi/9.2.1/thumb/v7e-m/nofp/crti.o
 .ARM.attributes
                0x000000000000001e       0x2e /usr/lib/gcc/arm-none-eabi/9.2.1/thumb/v7e-m/nofp/crtbegin.o
 .ARM.attributes
                0x000000000000004c       0x2e CMakeFiles/accelerotor.elf.dir/Core/Src/main.c.obj
 .ARM.attributes
                0x000000000000007a       0x2e CMakeFiles/accelerotor.elf.dir/Core/Src/stm32f4xx_hal_msp.c.obj
 .ARM.attributes
                0x00000000000000a8       0x2e CMakeFiles/accelerotor.elf.dir/Core/Src/stm32f4xx_it.c.obj
 .ARM.attributes
                0x00000000000000d6       0x2e CMakeFiles/accelerotor.elf.dir/Core/Src/syscalls.c.obj
 .ARM.attributes
                0x0000000000000104       0x2e CMakeFiles/accelerotor.elf.dir/Core/Src/system_stm32f4xx.c.obj
 .ARM.attributes
                0x0000000000000132       0x2e CMakeFiles/accelerotor.elf.dir/Drivers/STM32F4xx_HAL_Driver/Src/stm32f4xx_hal.c.obj
 .ARM.attributes
                0x0000000000000160       0x2e CMakeFiles/accelerotor.elf.dir/Drivers/STM32F4xx_HAL_Driver/Src/stm32f4xx_hal_cortex.c.obj
 .ARM.attributes
                0x000000000000018e       0x2e CMakeFiles/accelerotor.elf.dir/Drivers/STM32F4xx_HAL_Driver/Src/stm32f4xx_hal_dma.c.obj
 .ARM.attributes
                0x00000000000001bc       0x2e CMakeFiles/accelerotor.elf.dir/Drivers/STM32F4xx_HAL_Driver/Src/stm32f4xx_hal_gpio.c.obj
 .ARM.attributes
                0x00000000000001ea       0x2e CMakeFiles/accelerotor.elf.dir/Drivers/STM32F4xx_HAL_Driver/Src/stm32f4xx_hal_pcd.c.obj
 .ARM.attributes
                0x0000000000000218       0x2e CMakeFiles/accelerotor.elf.dir/Drivers/STM32F4xx_HAL_Driver/Src/stm32f4xx_hal_pcd_ex.c.obj
 .ARM.attributes
                0x0000000000000246       0x2e CMakeFiles/accelerotor.elf.dir/Drivers/STM32F4xx_HAL_Driver/Src/stm32f4xx_hal_rcc.c.obj
 .ARM.attributes
                0x0000000000000274       0x2e CMakeFiles/accelerotor.elf.dir/Drivers/STM32F4xx_HAL_Driver/Src/stm32f4xx_hal_spi.c.obj
 .ARM.attributes
                0x00000000000002a2       0x2e CMakeFiles/accelerotor.elf.dir/Drivers/STM32F4xx_HAL_Driver/Src/stm32f4xx_hal_tim.c.obj
 .ARM.attributes
                0x00000000000002d0       0x2e CMakeFiles/accelerotor.elf.dir/Drivers/STM32F4xx_HAL_Driver/Src/stm32f4xx_hal_tim_ex.c.obj
 .ARM.attributes
                0x00000000000002fe       0x2e CMakeFiles/accelerotor.elf.dir/Drivers/STM32F4xx_HAL_Driver/Src/stm32f4xx_hal_uart.c.obj
 .ARM.attributes
                0x000000000000032c       0x2e CMakeFiles/accelerotor.elf.dir/Drivers/STM32F4xx_HAL_Driver/Src/stm32f4xx_ll_usb.c.obj
 .ARM.attributes
                0x000000000000035a       0x2e CMakeFiles/accelerotor.elf.dir/Middlewares/ST/STM32_USB_Device_Library/Class/CDC/Src/usbd_cdc.c.obj
 .ARM.attributes
                0x0000000000000388       0x2e CMakeFiles/accelerotor.elf.dir/Middlewares/ST/STM32_USB_Device_Library/Core/Src/usbd_core.c.obj
 .ARM.attributes
                0x00000000000003b6       0x2e CMakeFiles/accelerotor.elf.dir/Middlewares/ST/STM32_USB_Device_Library/Core/Src/usbd_ctlreq.c.obj
 .ARM.attributes
                0x00000000000003e4       0x2e CMakeFiles/accelerotor.elf.dir/Middlewares/ST/STM32_USB_Device_Library/Core/Src/usbd_ioreq.c.obj
 .ARM.attributes
                0x0000000000000412       0x2e CMakeFiles/accelerotor.elf.dir/USB_DEVICE/App/usb_device.c.obj
 .ARM.attributes
                0x0000000000000440       0x2e CMakeFiles/accelerotor.elf.dir/USB_DEVICE/App/usbd_cdc_if.c.obj
 .ARM.attributes
                0x000000000000046e       0x2e CMakeFiles/accelerotor.elf.dir/USB_DEVICE/App/usbd_desc.c.obj
 .ARM.attributes
                0x000000000000049c       0x2e CMakeFiles/accelerotor.elf.dir/USB_DEVICE/Target/usbd_conf.c.obj
 .ARM.attributes
                0x00000000000004ca       0x21 CMakeFiles/accelerotor.elf.dir/startup/startup_stm32f411xe.s.obj
 .ARM.attributes
                0x00000000000004eb       0x1e /usr/lib/gcc/arm-none-eabi/9.2.1/thumb/v7e-m/nofp/libgcc.a(_arm_addsubsf3.o)
 .ARM.attributes
                0x0000000000000509       0x1e /usr/lib/gcc/arm-none-eabi/9.2.1/thumb/v7e-m/nofp/libgcc.a(_arm_muldivsf3.o)
 .ARM.attributes
                0x0000000000000527       0x1e /usr/lib/gcc/arm-none-eabi/9.2.1/thumb/v7e-m/nofp/libgcc.a(_arm_cmpsf2.o)
 .ARM.attributes
                0x0000000000000545       0x1e /usr/lib/gcc/arm-none-eabi/9.2.1/thumb/v7e-m/nofp/libgcc.a(_arm_fixsfsi.o)
 .ARM.attributes
                0x0000000000000563       0x1e /usr/lib/gcc/arm-none-eabi/9.2.1/thumb/v7e-m/nofp/libgcc.a(_arm_fixunssfsi.o)
 .ARM.attributes
                0x0000000000000581       0x1e /usr/lib/gcc/arm-none-eabi/9.2.1/thumb/v7e-m/nofp/libgcc.a(_aeabi_uldivmod.o)
 .ARM.attributes
                0x000000000000059f       0x2e /usr/lib/gcc/arm-none-eabi/9.2.1/thumb/v7e-m/nofp/libgcc.a(_udivmoddi4.o)
 .ARM.attributes
                0x00000000000005cd       0x1e /usr/lib/gcc/arm-none-eabi/9.2.1/thumb/v7e-m/nofp/libgcc.a(_dvmd_tls.o)
 .ARM.attributes
                0x00000000000005eb       0x2e /usr/lib/gcc/arm-none-eabi/9.2.1/../../../arm-none-eabi/lib/thumb/v7e-m/nofp/libg_nano.a(lib_a-errno.o)
 .ARM.attributes
                0x0000000000000619       0x2e /usr/lib/gcc/arm-none-eabi/9.2.1/../../../arm-none-eabi/lib/thumb/v7e-m/nofp/libg_nano.a(lib_a-impure.o)
 .ARM.attributes
                0x0000000000000647       0x2e /usr/lib/gcc/arm-none-eabi/9.2.1/../../../arm-none-eabi/lib/thumb/v7e-m/nofp/libg_nano.a(lib_a-init.o)
 .ARM.attributes
                0x0000000000000675       0x2e /usr/lib/gcc/arm-none-eabi/9.2.1/../../../arm-none-eabi/lib/thumb/v7e-m/nofp/libg_nano.a(lib_a-malloc.o)
 .ARM.attributes