Archive member included to satisfy reference by file (symbol)

/usr/lib/gcc/arm-none-eabi/9.2.1/thumb/v7e-m/nofp/libgcc.a(_aeabi_uldivmod.o)
                              CMakeFiles/accelerotor.elf.dir/Drivers/STM32F4xx_HAL_Driver/Src/stm32f4xx_hal_rcc.c.obj (__aeabi_uldivmod)
/usr/lib/gcc/arm-none-eabi/9.2.1/thumb/v7e-m/nofp/libgcc.a(_udivmoddi4.o)
                              /usr/lib/gcc/arm-none-eabi/9.2.1/thumb/v7e-m/nofp/libgcc.a(_aeabi_uldivmod.o) (__udivmoddi4)
/usr/lib/gcc/arm-none-eabi/9.2.1/thumb/v7e-m/nofp/libgcc.a(_dvmd_tls.o)
                              /usr/lib/gcc/arm-none-eabi/9.2.1/thumb/v7e-m/nofp/libgcc.a(_aeabi_uldivmod.o) (__aeabi_ldiv0)
/usr/lib/gcc/arm-none-eabi/9.2.1/../../../arm-none-eabi/lib/thumb/v7e-m/nofp/libg_nano.a(lib_a-atexit.o)
                              /usr/lib/gcc/arm-none-eabi/9.2.1/../../../arm-none-eabi/lib/thumb/v7e-m/nofp/crt0.o (atexit)
/usr/lib/gcc/arm-none-eabi/9.2.1/../../../arm-none-eabi/lib/thumb/v7e-m/nofp/libg_nano.a(lib_a-errno.o)
                              CMakeFiles/accelerotor.elf.dir/Core/Src/syscalls.c.obj (__errno)
/usr/lib/gcc/arm-none-eabi/9.2.1/../../../arm-none-eabi/lib/thumb/v7e-m/nofp/libg_nano.a(lib_a-exit.o)
                              /usr/lib/gcc/arm-none-eabi/9.2.1/../../../arm-none-eabi/lib/thumb/v7e-m/nofp/crt0.o (exit)
/usr/lib/gcc/arm-none-eabi/9.2.1/../../../arm-none-eabi/lib/thumb/v7e-m/nofp/libg_nano.a(lib_a-fini.o)
                              /usr/lib/gcc/arm-none-eabi/9.2.1/../../../arm-none-eabi/lib/thumb/v7e-m/nofp/crt0.o (__libc_fini_array)
/usr/lib/gcc/arm-none-eabi/9.2.1/../../../arm-none-eabi/lib/thumb/v7e-m/nofp/libg_nano.a(lib_a-impure.o)
                              /usr/lib/gcc/arm-none-eabi/9.2.1/../../../arm-none-eabi/lib/thumb/v7e-m/nofp/libg_nano.a(lib_a-exit.o) (_global_impure_ptr)
/usr/lib/gcc/arm-none-eabi/9.2.1/../../../arm-none-eabi/lib/thumb/v7e-m/nofp/libg_nano.a(lib_a-init.o)
                              /usr/lib/gcc/arm-none-eabi/9.2.1/../../../arm-none-eabi/lib/thumb/v7e-m/nofp/crt0.o (__libc_init_array)
/usr/lib/gcc/arm-none-eabi/9.2.1/../../../arm-none-eabi/lib/thumb/v7e-m/nofp/libg_nano.a(lib_a-malloc.o)
                              CMakeFiles/accelerotor.elf.dir/Middlewares/ST/STM32_USB_Device_Library/Class/CDC/Src/usbd_cdc.c.obj (malloc)
/usr/lib/gcc/arm-none-eabi/9.2.1/../../../arm-none-eabi/lib/thumb/v7e-m/nofp/libg_nano.a(lib_a-memset.o)
                              /usr/lib/gcc/arm-none-eabi/9.2.1/../../../arm-none-eabi/lib/thumb/v7e-m/nofp/crt0.o (memset)
/usr/lib/gcc/arm-none-eabi/9.2.1/../../../arm-none-eabi/lib/thumb/v7e-m/nofp/libg_nano.a(lib_a-nano-freer.o)
                              /usr/lib/gcc/arm-none-eabi/9.2.1/../../../arm-none-eabi/lib/thumb/v7e-m/nofp/libg_nano.a(lib_a-malloc.o) (_free_r)
/usr/lib/gcc/arm-none-eabi/9.2.1/../../../arm-none-eabi/lib/thumb/v7e-m/nofp/libg_nano.a(lib_a-nano-mallocr.o)
                              /usr/lib/gcc/arm-none-eabi/9.2.1/../../../arm-none-eabi/lib/thumb/v7e-m/nofp/libg_nano.a(lib_a-malloc.o) (_malloc_r)
/usr/lib/gcc/arm-none-eabi/9.2.1/../../../arm-none-eabi/lib/thumb/v7e-m/nofp/libg_nano.a(lib_a-sbrkr.o)
                              /usr/lib/gcc/arm-none-eabi/9.2.1/../../../arm-none-eabi/lib/thumb/v7e-m/nofp/libg_nano.a(lib_a-nano-mallocr.o) (_sbrk_r)
/usr/lib/gcc/arm-none-eabi/9.2.1/../../../arm-none-eabi/lib/thumb/v7e-m/nofp/libg_nano.a(lib_a-sprintf.o)
                              CMakeFiles/accelerotor.elf.dir/Core/Src/main.c.obj (sprintf)
/usr/lib/gcc/arm-none-eabi/9.2.1/../../../arm-none-eabi/lib/thumb/v7e-m/nofp/libg_nano.a(lib_a-__atexit.o)
                              /usr/lib/gcc/arm-none-eabi/9.2.1/../../../arm-none-eabi/lib/thumb/v7e-m/nofp/libg_nano.a(lib_a-atexit.o) (__register_exitproc)
/usr/lib/gcc/arm-none-eabi/9.2.1/../../../arm-none-eabi/lib/thumb/v7e-m/nofp/libg_nano.a(lib_a-__call_atexit.o)
                              /usr/lib/gcc/arm-none-eabi/9.2.1/../../../arm-none-eabi/lib/thumb/v7e-m/nofp/libg_nano.a(lib_a-__atexit.o) (__call_exitprocs)
/usr/lib/gcc/arm-none-eabi/9.2.1/../../../arm-none-eabi/lib/thumb/v7e-m/nofp/libg_nano.a(lib_a-mlock.o)
                              /usr/lib/gcc/arm-none-eabi/9.2.1/../../../arm-none-eabi/lib/thumb/v7e-m/nofp/libg_nano.a(lib_a-nano-freer.o) (__malloc_lock)
/usr/lib/gcc/arm-none-eabi/9.2.1/../../../arm-none-eabi/lib/thumb/v7e-m/nofp/libg_nano.a(lib_a-nano-svfprintf.o)
                              /usr/lib/gcc/arm-none-eabi/9.2.1/../../../arm-none-eabi/lib/thumb/v7e-m/nofp/libg_nano.a(lib_a-sprintf.o) (_svfprintf_r)
/usr/lib/gcc/arm-none-eabi/9.2.1/../../../arm-none-eabi/lib/thumb/v7e-m/nofp/libg_nano.a(lib_a-nano-vfprintf_i.o)
                              /usr/lib/gcc/arm-none-eabi/9.2.1/../../../arm-none-eabi/lib/thumb/v7e-m/nofp/libg_nano.a(lib_a-nano-svfprintf.o) (_printf_i)
/usr/lib/gcc/arm-none-eabi/9.2.1/../../../arm-none-eabi/lib/thumb/v7e-m/nofp/libg_nano.a(lib_a-reent.o)
[...]
Memory Configuration

Name             Origin             Length             Attributes
RAM              0x0000000020000000 0x0000000000020000 xrw
FLASH            0x0000000008000000 0x0000000000080000 xr
*default*        0x0000000000000000 0xffffffffffffffff

Linker script and memory map

LOAD /usr/lib/gcc/arm-none-eabi/9.2.1/thumb/v7e-m/nofp/crti.o
LOAD /usr/lib/gcc/arm-none-eabi/9.2.1/thumb/v7e-m/nofp/crtbegin.o
LOAD /usr/lib/gcc/arm-none-eabi/9.2.1/../../../arm-none-eabi/lib/thumb/v7e-m/nofp/crt0.o
LOAD CMakeFiles/accelerotor.elf.dir/Core/Src/MPU6000.c.obj
LOAD CMakeFiles/accelerotor.elf.dir/Core/Src/main.c.obj
LOAD CMakeFiles/accelerotor.elf.dir/Core/Src/stm32f4xx_hal_msp.c.obj
LOAD CMakeFiles/accelerotor.elf.dir/Core/Src/stm32f4xx_it.c.obj
LOAD CMakeFiles/accelerotor.elf.dir/Core/Src/syscalls.c.obj
LOAD CMakeFiles/accelerotor.elf.dir/Core/Src/system_stm32f4xx.c.obj
LOAD CMakeFiles/accelerotor.elf.dir/Drivers/STM32F4xx_HAL_Driver/Src/stm32f4xx_hal.c.obj
LOAD CMakeFiles/accelerotor.elf.dir/Drivers/STM32F4xx_HAL_Driver/Src/stm32f4xx_hal_cortex.c.obj
LOAD CMakeFiles/accelerotor.elf.dir/Drivers/STM32F4xx_HAL_Driver/Src/stm32f4xx_hal_dma.c.obj
LOAD CMakeFiles/accelerotor.elf.dir/Drivers/STM32F4xx_HAL_Driver/Src/stm32f4xx_hal_dma_ex.c.obj
LOAD CMakeFiles/accelerotor.elf.dir/Drivers/STM32F4xx_HAL_Driver/Src/stm32f4xx_hal_exti.c.obj
LOAD CMakeFiles/accelerotor.elf.dir/Drivers/STM32F4xx_HAL_Driver/Src/stm32f4xx_hal_flash.c.obj
LOAD CMakeFiles/accelerotor.elf.dir/Drivers/STM32F4xx_HAL_Driver/Src/stm32f4xx_hal_flash_ex.c.obj
LOAD CMakeFiles/accelerotor.elf.dir/Drivers/STM32F4xx_HAL_Driver/Src/stm32f4xx_hal_flash_ramfunc.c.obj
LOAD CMakeFiles/accelerotor.elf.dir/Drivers/STM32F4xx_HAL_Driver/Src/stm32f4xx_hal_gpio.c.obj
LOAD CMakeFiles/accelerotor.elf.dir/Drivers/STM32F4xx_HAL_Driver/Src/stm32f4xx_hal_pcd.c.obj
LOAD CMakeFiles/accelerotor.elf.dir/Drivers/STM32F4xx_HAL_Driver/Src/stm32f4xx_hal_pcd_ex.c.obj
LOAD CMakeFiles/accelerotor.elf.dir/Drivers/STM32F4xx_HAL_Driver/Src/stm32f4xx_hal_pwr.c.obj
LOAD CMakeFiles/accelerotor.elf.dir/Drivers/STM32F4xx_HAL_Driver/Src/stm32f4xx_hal_pwr_ex.c.obj
LOAD CMakeFiles/accelerotor.elf.dir/Drivers/STM32F4xx_HAL_Driver/Src/stm32f4xx_hal_rcc.c.obj
LOAD CMakeFiles/accelerotor.elf.dir/Drivers/STM32F4xx_HAL_Driver/Src/stm32f4xx_hal_rcc_ex.c.obj
LOAD CMakeFiles/accelerotor.elf.dir/Drivers/STM32F4xx_HAL_Driver/Src/stm32f4xx_hal_spi.c.obj
LOAD CMakeFiles/accelerotor.elf.dir/Drivers/STM32F4xx_HAL_Driver/Src/stm32f4xx_hal_tim.c.obj
LOAD CMakeFiles/accelerotor.elf.dir/Drivers/STM32F4xx_HAL_Driver/Src/stm32f4xx_hal_tim_ex.c.obj
LOAD CMakeFiles/accelerotor.elf.dir/Drivers/STM32F4xx_HAL_Driver/Src/stm32f4xx_hal_uart.c.obj
LOAD CMakeFiles/accelerotor.elf.dir/Drivers/STM32F4xx_HAL_Driver/Src/stm32f4xx_ll_usb.c.obj
LOAD CMakeFiles/accelerotor.elf.dir/Middlewares/ST/STM32_USB_Device_Library/Class/CDC/Src/usbd_cdc.c.obj
LOAD CMakeFiles/accelerotor.elf.dir/Middlewares/ST/STM32_USB_Device_Library/Core/Src/usbd_core.c.obj
LOAD CMakeFiles/accelerotor.elf.dir/Middlewares/ST/STM32_USB_Device_Library/Core/Src/usbd_ctlreq.c.obj
LOAD CMakeFiles/accelerotor.elf.dir/Middlewares/ST/STM32_USB_Device_Library/Core/Src/usbd_ioreq.c.obj
LOAD CMakeFiles/accelerotor.elf.dir/USB_DEVICE/App/usb_device.c.obj
LOAD CMakeFiles/accelerotor.elf.dir/USB_DEVICE/App/usbd_cdc_if.c.obj
LOAD CMakeFiles/accelerotor.elf.dir/USB_DEVICE/App/usbd_desc.c.obj
LOAD CMakeFiles/accelerotor.elf.dir/USB_DEVICE/Target/usbd_conf.c.obj
LOAD CMakeFiles/accelerotor.elf.dir/startup/startup_stm32f411xe.s.obj
START GROUP
LOAD /usr/lib/gcc/arm-none-eabi/9.2.1/thumb/v7e-m/nofp/libgcc.a
LOAD /usr/lib/gcc/arm-none-eabi/9.2.1/../../../arm-none-eabi/lib/thumb/v7e-m/nofp/libg_nano.a
LOAD /usr/lib/gcc/arm-none-eabi/9.2.1/../../../arm-none-eabi/lib/thumb/v7e-m/nofp/libc_nano.a
END GROUP
START GROUP
LOAD /usr/lib/gcc/arm-none-eabi/9.2.1/thumb/v7e-m/nofp/libgcc.a
LOAD /usr/lib/gcc/arm-none-eabi/9.2.1/../../../arm-none-eabi/lib/thumb/v7e-m/nofp/libc_nano.a
LOAD /usr/lib/gcc/arm-none-eabi/9.2.1/../../../arm-none-eabi/lib/thumb/v7e-m/nofp/libnosys.a
END GROUP
START GROUP
LOAD /usr/lib/gcc/arm-none-eabi/9.2.1/thumb/v7e-m/nofp/libgcc.a
LOAD /usr/lib/gcc/arm-none-eabi/9.2.1/../../../arm-none-eabi/lib/thumb/v7e-m/nofp/libc_nano.a
LOAD /usr/lib/gcc/arm-none-eabi/9.2.1/../../../arm-none-eabi/lib/thumb/v7e-m/nofp/libnosys.a
END GROUP
LOAD /usr/lib/gcc/arm-none-eabi/9.2.1/thumb/v7e-m/nofp/crtend.o
LOAD /usr/lib/gcc/arm-none-eabi/9.2.1/thumb/v7e-m/nofp/crtn.o
                0x0000000020020000                _estack = 0x20020000
                0x0000000000000200                _Min_Heap_Size = 0x200
                0x0000000000000400                _Min_Stack_Size = 0x400

.isr_vector     0x0000000008000000      0x198
                0x0000000008000000                . = ALIGN (0x4)
 *(.isr_vector)
 .isr_vector    0x0000000008000000      0x198 CMakeFiles/accelerotor.elf.dir/startup/startup_stm32f411xe.s.obj
                0x0000000008000000                g_pfnVectors
                0x0000000008000198                . = ALIGN (0x4)

.text           0x00000000080001a0     0xa4b8
                0x00000000080001a0                . = ALIGN (0x4)
 *(.text)
 .text          0x00000000080001a0       0x88 /usr/lib/gcc/arm-none-eabi/9.2.1/thumb/v7e-m/nofp/crtbegin.o
 .text          0x0000000008000228       0x30 /usr/lib/gcc/arm-none-eabi/9.2.1/thumb/v7e-m/nofp/libgcc.a(_aeabi_uldivmod.o)
                0x0000000008000228                __aeabi_uldivmod
 .text          0x0000000008000258      0x2c0 /usr/lib/gcc/arm-none-eabi/9.2.1/thumb/v7e-m/nofp/libgcc.a(_udivmoddi4.o)
                0x0000000008000258                __udivmoddi4
 .text          0x0000000008000518        0x4 /usr/lib/gcc/arm-none-eabi/9.2.1/thumb/v7e-m/nofp/libgcc.a(_dvmd_tls.o)
                0x0000000008000518                __aeabi_ldiv0
                0x0000000008000518                __aeabi_idiv0
 .text          0x000000000800051c        0xc /usr/lib/gcc/arm-none-eabi/9.2.1/../../../arm-none-eabi/lib/thumb/v7e-m/nofp/libg_nano.a(lib_a-errno.o)
                0x000000000800051c                __errno
 .text          0x0000000008000528       0x48 /usr/lib/gcc/arm-none-eabi/9.2.1/../../../arm-none-eabi/lib/thumb/v7e-m/nofp/libg_nano.a(lib_a-init.o)
                0x0000000008000528                __libc_init_array
 .text          0x0000000008000570       0x20 /usr/lib/gcc/arm-none-eabi/9.2.1/../../../arm-none-eabi/lib/thumb/v7e-m/nofp/libg_nano.a(lib_a-malloc.o)
                0x0000000008000570                malloc
                0x0000000008000580                free
 .text          0x0000000008000590       0xa0 /usr/lib/gcc/arm-none-eabi/9.2.1/../../../arm-none-eabi/lib/thumb/v7e-m/nofp/libg_nano.a(lib_a-memset.o)
                0x0000000008000590                memset
 .text          0x0000000008000630       0xac /usr/lib/gcc/arm-none-eabi/9.2.1/../../../arm-none-eabi/lib/thumb/v7e-m/nofp/libg_nano.a(lib_a-nano-freer.o)
                0x0000000008000630                _free_r
 .text          0x00000000080006dc       0xc8 /usr/lib/gcc/arm-none-eabi/9.2.1/../../../arm-none-eabi/lib/thumb/v7e-m/nofp/libg_nano.a(lib_a-nano-mallocr.o)
                0x00000000080006dc                _malloc_r
 .text          0x00000000080007a4       0x24 /usr/lib/gcc/arm-none-eabi/9.2.1/../../../arm-none-eabi/lib/thumb/v7e-m/nofp/libg_nano.a(lib_a-sbrkr.o)
                0x00000000080007a4                _sbrk_r
 .text          0x00000000080007c8       0x80 /usr/lib/gcc/arm-none-eabi/9.2.1/../../../arm-none-eabi/lib/thumb/v7e-m/nofp/libg_nano.a(lib_a-sprintf.o)
                0x00000000080007c8                _siprintf_r
                0x00000000080007c8                _sprintf_r
                0x0000000008000804                sprintf
                0x0000000008000804                siprintf
 .text          0x0000000008000848        0x8 /usr/lib/gcc/arm-none-eabi/9.2.1/../../../arm-none-eabi/lib/thumb/v7e-m/nofp/libg_nano.a(lib_a-mlock.o)
                0x0000000008000848                __malloc_lock
                0x000000000800084c                __malloc_unlock
 .text          0x0000000008000850      0x42c /usr/lib/gcc/arm-none-eabi/9.2.1/../../../arm-none-eabi/lib/thumb/v7e-m/nofp/libg_nano.a(lib_a-nano-svfprintf.o)
                0x0000000008000850                __ssputs_r
                0x0000000008000910                __ssprint_r
                0x0000000008000a08                _svfprintf_r
                0x0000000008000a08                _svfiprintf_r
 .text          0x0000000008000c7c      0x3c4 /usr/lib/gcc/arm-none-eabi/9.2.1/../../../arm-none-eabi/lib/thumb/v7e-m/nofp/libg_nano.a(lib_a-nano-vfprintf_i.o)
                0x0000000008000c7c                _printf_common
                0x0000000008000da8                _printf_i
 .text          0x0000000008001040       0xa0 /usr/lib/gcc/arm-none-eabi/9.2.1/../../../arm-none-eabi/lib/thumb/v7e-m/nofp/libg_nano.a(lib_a-memchr.o)
                0x0000000008001040                memchr
 .text          0x00000000080010e0      0x134 /usr/lib/gcc/arm-none-eabi/9.2.1/../../../arm-none-eabi/lib/thumb/v7e-m/nofp/libg_nano.a(lib_a-memcpy.o)
                0x00000000080010e0                memcpy
 .text          0x0000000008001214       0xd0 /usr/lib/gcc/arm-none-eabi/9.2.1/../../../arm-none-eabi/lib/thumb/v7e-m/nofp/libg_nano.a(lib_a-memmove.o)
                0x0000000008001214                memmove
 .text          0x00000000080012e4       0x4c /usr/lib/gcc/arm-none-eabi/9.2.1/../../../arm-none-eabi/lib/thumb/v7e-m/nofp/libg_nano.a(lib_a-nano-reallocr.o)
                0x00000000080012e4                _realloc_r
 .text          0x0000000008001330       0x10 /usr/lib/gcc/arm-none-eabi/9.2.1/../../../arm-none-eabi/lib/thumb/v7e-m/nofp/libg_nano.a(lib_a-nano-msizer.o)
                0x0000000008001330                _malloc_usable_size_r
 *(.text*)
 .text.HAL_UART_RxCpltCallback
                0x0000000008001340      0x294 CMakeFiles/accelerotor.elf.dir/Core/Src/main.c.obj
                0x0000000008001340                HAL_UART_RxCpltCallback
 .text.HAL_SPI_TxRxCpltCallback
                0x00000000080015d4       0x3c CMakeFiles/accelerotor.elf.dir/Core/Src/main.c.obj
                0x00000000080015d4                HAL_SPI_TxRxCpltCallback
 .text.main     0x0000000008001610       0xb8 CMakeFiles/accelerotor.elf.dir/Core/Src/main.c.obj
                0x0000000008001610                main
 .text.SystemClock_Config
                0x00000000080016c8       0xd0 CMakeFiles/accelerotor.elf.dir/Core/Src/main.c.obj
                0x00000000080016c8                SystemClock_Config
 .text.MX_SPI1_Init
                0x0000000008001798       0x6c CMakeFiles/accelerotor.elf.dir/Core/Src/main.c.obj
 .text.MX_TIM2_Init
                0x0000000008001804      0x100 CMakeFiles/accelerotor.elf.dir/Core/Src/main.c.obj
 .text.MX_TIM4_Init
                0x0000000008001904      0x100 CMakeFiles/accelerotor.elf.dir/Core/Src/main.c.obj
 .text.MX_USART2_UART_Init
                0x0000000008001a04       0x5c CMakeFiles/accelerotor.elf.dir/Core/Src/main.c.obj
 .text.MX_DMA_Init
                0x0000000008001a60       0xac CMakeFiles/accelerotor.elf.dir/Core/Src/main.c.obj
 .text.MX_GPIO_Init
                0x0000000008001b0c       0xa0 CMakeFiles/accelerotor.elf.dir/Core/Src/main.c.obj
 .text.MPU6000_select
                0x0000000008001bac       0x18 CMakeFiles/accelerotor.elf.dir/Core/Src/main.c.obj
                0x0000000008001bac                MPU6000_select
 .text.MPU6000_deselect
                0x0000000008001bc4       0x18 CMakeFiles/accelerotor.elf.dir/Core/Src/main.c.obj
                0x0000000008001bc4                MPU6000_deselect
 .text.MPU6000_start_transfer
                0x0000000008001bdc       0x70 CMakeFiles/accelerotor.elf.dir/Core/Src/main.c.obj
                0x0000000008001bdc                MPU6000_start_transfer
 .text.MPU6000_init
                0x0000000008001c4c      0x110 CMakeFiles/accelerotor.elf.dir/Core/Src/main.c.obj
                0x0000000008001c4c                MPU6000_init
 .text.MPU6000_read_gyro
                0x0000000008001d5c       0x4c CMakeFiles/accelerotor.elf.dir/Core/Src/main.c.obj
                0x0000000008001d5c                MPU6000_read_gyro
 .text.Error_Handler
                0x0000000008001da8        0xc CMakeFiles/accelerotor.elf.dir/Core/Src/main.c.obj
                0x0000000008001da8                Error_Handler
 .text.HAL_MspInit
                0x0000000008001db4       0x4c CMakeFiles/accelerotor.elf.dir/Core/Src/stm32f4xx_hal_msp.c.obj
                0x0000000008001db4                HAL_MspInit
 .text.HAL_SPI_MspInit
                0x0000000008001e00      0x168 CMakeFiles/accelerotor.elf.dir/Core/Src/stm32f4xx_hal_msp.c.obj
                0x0000000008001e00                HAL_SPI_MspInit
 .text.HAL_TIM_Base_MspInit
                0x0000000008001f68      0x21c CMakeFiles/accelerotor.elf.dir/Core/Src/stm32f4xx_hal_msp.c.obj
                0x0000000008001f68                HAL_TIM_Base_MspInit
 .text.HAL_TIM_MspPostInit
                0x0000000008002184       0xfc CMakeFiles/accelerotor.elf.dir/Core/Src/stm32f4xx_hal_msp.c.obj
                0x0000000008002184                HAL_TIM_MspPostInit
 .text.HAL_UART_MspInit
                0x0000000008002280       0xa0 CMakeFiles/accelerotor.elf.dir/Core/Src/stm32f4xx_hal_msp.c.obj
                0x0000000008002280                HAL_UART_MspInit
 .text.NMI_Handler
                0x0000000008002320        0xc CMakeFiles/accelerotor.elf.dir/Core/Src/stm32f4xx_it.c.obj
                0x0000000008002320                NMI_Handler
 .text.HardFault_Handler
                0x000000000800232c        0x6 CMakeFiles/accelerotor.elf.dir/Core/Src/stm32f4xx_it.c.obj
                0x000000000800232c                HardFault_Handler
 .text.MemManage_Handler
                0x0000000008002332        0x6 CMakeFiles/accelerotor.elf.dir/Core/Src/stm32f4xx_it.c.obj
                0x0000000008002332                MemManage_Handler
 .text.BusFault_Handler
                0x0000000008002338        0x6 CMakeFiles/accelerotor.elf.dir/Core/Src/stm32f4xx_it.c.obj
                0x0000000008002338                BusFault_Handler
 .text.UsageFault_Handler
                0x000000000800233e        0x6 CMakeFiles/accelerotor.elf.dir/Core/Src/stm32f4xx_it.c.obj
                0x000000000800233e                UsageFault_Handler
 .text.SVC_Handler
                0x0000000008002344        0xc CMakeFiles/accelerotor.elf.dir/Core/Src/stm32f4xx_it.c.obj
                0x0000000008002344                SVC_Handler
 .text.DebugMon_Handler
                0x0000000008002350        0xc CMakeFiles/accelerotor.elf.dir/Core/Src/stm32f4xx_it.c.obj
                0x0000000008002350                DebugMon_Handler
 .text.PendSV_Handler
                0x000000000800235c        0xc CMakeFiles/accelerotor.elf.dir/Core/Src/stm32f4xx_it.c.obj
                0x000000000800235c                PendSV_Handler
 .text.SysTick_Handler
                0x0000000008002368        0xc CMakeFiles/accelerotor.elf.dir/Core/Src/stm32f4xx_it.c.obj
                0x0000000008002368                SysTick_Handler
 .text.DMA1_Stream0_IRQHandler
                0x0000000008002374       0x14 CMakeFiles/accelerotor.elf.dir/Core/Src/stm32f4xx_it.c.obj
                0x0000000008002374                DMA1_Stream0_IRQHandler
 .text.DMA1_Stream1_IRQHandler
                0x0000000008002388       0x14 CMakeFiles/accelerotor.elf.dir/Core/Src/stm32f4xx_it.c.obj
                0x0000000008002388                DMA1_Stream1_IRQHandler
 .text.DMA1_Stream3_IRQHandler
                0x000000000800239c       0x14 CMakeFiles/accelerotor.elf.dir/Core/Src/stm32f4xx_it.c.obj
                0x000000000800239c                DMA1_Stream3_IRQHandler
 .text.DMA1_Stream5_IRQHandler
                0x00000000080023b0       0x14 CMakeFiles/accelerotor.elf.dir/Core/Src/stm32f4xx_it.c.obj
                0x00000000080023b0                DMA1_Stream5_IRQHandler
 .text.SPI1_IRQHandler
                0x00000000080023c4       0x14 CMakeFiles/accelerotor.elf.dir/Core/Src/stm32f4xx_it.c.obj
                0x00000000080023c4                SPI1_IRQHandler
 .text.USART2_IRQHandler
                0x00000000080023d8       0x14 CMakeFiles/accelerotor.elf.dir/Core/Src/stm32f4xx_it.c.obj
                0x00000000080023d8                USART2_IRQHandler
 .text.DMA2_Stream0_IRQHandler
                0x00000000080023ec       0x14 CMakeFiles/accelerotor.elf.dir/Core/Src/stm32f4xx_it.c.obj
                0x00000000080023ec                DMA2_Stream0_IRQHandler
 .text.DMA2_Stream2_IRQHandler
                0x0000000008002400       0x14 CMakeFiles/accelerotor.elf.dir/Core/Src/stm32f4xx_it.c.obj
                0x0000000008002400                DMA2_Stream2_IRQHandler
 .text.OTG_FS_IRQHandler
                0x0000000008002414       0x14 CMakeFiles/accelerotor.elf.dir/Core/Src/stm32f4xx_it.c.obj
                0x0000000008002414                OTG_FS_IRQHandler
 .text._sbrk    0x0000000008002428       0x58 CMakeFiles/accelerotor.elf.dir/Core/Src/syscalls.c.obj
                0x0000000008002428                _sbrk
 .text.SystemInit
                0x0000000008002480       0x18 CMakeFiles/accelerotor.elf.dir/Core/Src/system_stm32f4xx.c.obj
                0x0000000008002480                SystemInit
 .text.HAL_Init
                0x0000000008002498       0x44 CMakeFiles/accelerotor.elf.dir/Drivers/STM32F4xx_HAL_Driver/Src/stm32f4xx_hal.c.obj
                0x0000000008002498                HAL_Init
 .text.HAL_InitTick
                0x00000000080024dc       0x60 CMakeFiles/accelerotor.elf.dir/Drivers/STM32F4xx_HAL_Driver/Src/stm32f4xx_hal.c.obj
                0x00000000080024dc                HAL_InitTick
 .text.HAL_IncTick
                0x000000000800253c       0x24 CMakeFiles/accelerotor.elf.dir/Drivers/STM32F4xx_HAL_Driver/Src/stm32f4xx_hal.c.obj
                0x000000000800253c                HAL_IncTick
 .text.HAL_GetTick
                0x0000000008002560       0x14 CMakeFiles/accelerotor.elf.dir/Drivers/STM32F4xx_HAL_Driver/Src/stm32f4xx_hal.c.obj
                0x0000000008002560                HAL_GetTick
 .text.HAL_Delay
                0x0000000008002574       0x48 CMakeFiles/accelerotor.elf.dir/Drivers/STM32F4xx_HAL_Driver/Src/stm32f4xx_hal.c.obj
                0x0000000008002574                HAL_Delay
 .text.__NVIC_SetPriorityGrouping
                0x00000000080025bc       0x48 CMakeFiles/accelerotor.elf.dir/Drivers/STM32F4xx_HAL_Driver/Src/stm32f4xx_hal_cortex.c.obj
 .text.__NVIC_GetPriorityGrouping
                0x0000000008002604       0x1c CMakeFiles/accelerotor.elf.dir/Drivers/STM32F4xx_HAL_Driver/Src/stm32f4xx_hal_cortex.c.obj
 .text.__NVIC_EnableIRQ
                0x0000000008002620       0x38 CMakeFiles/accelerotor.elf.dir/Drivers/STM32F4xx_HAL_Driver/Src/stm32f4xx_hal_cortex.c.obj
 .text.__NVIC_SetPriority
                0x0000000008002658       0x54 CMakeFiles/accelerotor.elf.dir/Drivers/STM32F4xx_HAL_Driver/Src/stm32f4xx_hal_cortex.c.obj
 .text.NVIC_EncodePriority
                0x00000000080026ac       0x64 CMakeFiles/accelerotor.elf.dir/Drivers/STM32F4xx_HAL_Driver/Src/stm32f4xx_hal_cortex.c.obj
 .text.SysTick_Config
                0x0000000008002710       0x44 CMakeFiles/accelerotor.elf.dir/Drivers/STM32F4xx_HAL_Driver/Src/stm32f4xx_hal_cortex.c.obj
 .text.HAL_NVIC_SetPriorityGrouping
                0x0000000008002754       0x16 CMakeFiles/accelerotor.elf.dir/Drivers/STM32F4xx_HAL_Driver/Src/stm32f4xx_hal_cortex.c.obj
                0x0000000008002754                HAL_NVIC_SetPriorityGrouping
 .text.HAL_NVIC_SetPriority
                0x000000000800276a       0x38 CMakeFiles/accelerotor.elf.dir/Drivers/STM32F4xx_HAL_Driver/Src/stm32f4xx_hal_cortex.c.obj
                0x000000000800276a                HAL_NVIC_SetPriority
 .text.HAL_NVIC_EnableIRQ
                0x00000000080027a2       0x1c CMakeFiles/accelerotor.elf.dir/Drivers/STM32F4xx_HAL_Driver/Src/stm32f4xx_hal_cortex.c.obj
                0x00000000080027a2                HAL_NVIC_EnableIRQ
 .text.HAL_SYSTICK_Config
                0x00000000080027be       0x18 CMakeFiles/accelerotor.elf.dir/Drivers/STM32F4xx_HAL_Driver/Src/stm32f4xx_hal_cortex.c.obj
                0x00000000080027be                HAL_SYSTICK_Config
 *fill*         0x00000000080027d6        0x2 
 .text.HAL_DMA_Init
                0x00000000080027d8      0x15c CMakeFiles/accelerotor.elf.dir/Drivers/STM32F4xx_HAL_Driver/Src/stm32f4xx_hal_dma.c.obj
                0x00000000080027d8                HAL_DMA_Init
 .text.HAL_DMA_Start_IT
                0x0000000008002934       0xb0 CMakeFiles/accelerotor.elf.dir/Drivers/STM32F4xx_HAL_Driver/Src/stm32f4xx_hal_dma.c.obj
                0x0000000008002934                HAL_DMA_Start_IT
 .text.HAL_DMA_Abort_IT
                0x00000000080029e4       0x42 CMakeFiles/accelerotor.elf.dir/Drivers/STM32F4xx_HAL_Driver/Src/stm32f4xx_hal_dma.c.obj
                0x00000000080029e4                HAL_DMA_Abort_IT
 *fill*         0x0000000008002a26        0x2 
 .text.HAL_DMA_IRQHandler
                0x0000000008002a28      0x314 CMakeFiles/accelerotor.elf.dir/Drivers/STM32F4xx_HAL_Driver/Src/stm32f4xx_hal_dma.c.obj
                0x0000000008002a28                HAL_DMA_IRQHandler
 .text.DMA_SetConfig
                0x0000000008002d3c       0x5a CMakeFiles/accelerotor.elf.dir/Drivers/STM32F4xx_HAL_Driver/Src/stm32f4xx_hal_dma.c.obj
 *fill*         0x0000000008002d96        0x2 
 .text.DMA_CalcBaseAndBitshift
                0x0000000008002d98       0x68 CMakeFiles/accelerotor.elf.dir/Drivers/STM32F4xx_HAL_Driver/Src/stm32f4xx_hal_dma.c.obj
 .text.DMA_CheckFifoParam
                0x0000000008002e00       0xf4 CMakeFiles/accelerotor.elf.dir/Drivers/STM32F4xx_HAL_Driver/Src/stm32f4xx_hal_dma.c.obj
 .text.HAL_GPIO_Init
                0x0000000008002ef4      0x304 CMakeFiles/accelerotor.elf.dir/Drivers/STM32F4xx_HAL_Driver/Src/stm32f4xx_hal_gpio.c.obj
                0x0000000008002ef4                HAL_GPIO_Init
 .text.HAL_GPIO_WritePin
                0x00000000080031f8       0x30 CMakeFiles/accelerotor.elf.dir/Drivers/STM32F4xx_HAL_Driver/Src/stm32f4xx_hal_gpio.c.obj
                0x00000000080031f8                HAL_GPIO_WritePin
 .text.HAL_PCD_Init
                0x0000000008003228      0x23a CMakeFiles/accelerotor.elf.dir/Drivers/STM32F4xx_HAL_Driver/Src/stm32f4xx_hal_pcd.c.obj
                0x0000000008003228                HAL_PCD_Init
 .text.HAL_PCD_Start
                0x0000000008003462       0x66 CMakeFiles/accelerotor.elf.dir/Drivers/STM32F4xx_HAL_Driver/Src/stm32f4xx_hal_pcd.c.obj
                0x0000000008003462                HAL_PCD_Start
 .text.HAL_PCD_IRQHandler
                0x00000000080034c8      0x764 CMakeFiles/accelerotor.elf.dir/Drivers/STM32F4xx_HAL_Driver/Src/stm32f4xx_hal_pcd.c.obj
                0x00000000080034c8                HAL_PCD_IRQHandler
 .text.HAL_PCD_SetAddress
                0x0000000008003c2c       0x4a CMakeFiles/accelerotor.elf.dir/Drivers/STM32F4xx_HAL_Driver/Src/stm32f4xx_hal_pcd.c.obj
                0x0000000008003c2c                HAL_PCD_SetAddress
 .text.HAL_PCD_EP_Open
                0x0000000008003c76       0xd0 CMakeFiles/accelerotor.elf.dir/Drivers/STM32F4xx_HAL_Driver/Src/stm32f4xx_hal_pcd.c.obj
                0x0000000008003c76                HAL_PCD_EP_Open
 .text.HAL_PCD_EP_Close
                0x0000000008003d46       0x94 CMakeFiles/accelerotor.elf.dir/Drivers/STM32F4xx_HAL_Driver/Src/stm32f4xx_hal_pcd.c.obj
                0x0000000008003d46                HAL_PCD_EP_Close
 .text.HAL_PCD_EP_Receive
                0x0000000008003dda       0x96 CMakeFiles/accelerotor.elf.dir/Drivers/STM32F4xx_HAL_Driver/Src/stm32f4xx_hal_pcd.c.obj
                0x0000000008003dda                HAL_PCD_EP_Receive
 .text.HAL_PCD_EP_GetRxCount
                0x0000000008003e70       0x2e CMakeFiles/accelerotor.elf.dir/Drivers/STM32F4xx_HAL_Driver/Src/stm32f4xx_hal_pcd.c.obj
                0x0000000008003e70                HAL_PCD_EP_GetRxCount
 .text.HAL_PCD_EP_Transmit
                0x0000000008003e9e       0x94 CMakeFiles/accelerotor.elf.dir/Drivers/STM32F4xx_HAL_Driver/Src/stm32f4xx_hal_pcd.c.obj
                0x0000000008003e9e                HAL_PCD_EP_Transmit
 .text.HAL_PCD_EP_SetStall
                0x0000000008003f32       0xc8 CMakeFiles/accelerotor.elf.dir/Drivers/STM32F4xx_HAL_Driver/Src/stm32f4xx_hal_pcd.c.obj
                0x0000000008003f32                HAL_PCD_EP_SetStall
 .text.HAL_PCD_EP_ClrStall
                0x0000000008003ffa       0xac CMakeFiles/accelerotor.elf.dir/Drivers/STM32F4xx_HAL_Driver/Src/stm32f4xx_hal_pcd.c.obj
                0x0000000008003ffa                HAL_PCD_EP_ClrStall
 .text.PCD_WriteEmptyTxFifo
                0x00000000080040a6      0x11a CMakeFiles/accelerotor.elf.dir/Drivers/STM32F4xx_HAL_Driver/Src/stm32f4xx_hal_pcd.c.obj
 .text.PCD_EP_OutXfrComplete_int
                0x00000000080041c0      0x218 CMakeFiles/accelerotor.elf.dir/Drivers/STM32F4xx_HAL_Driver/Src/stm32f4xx_hal_pcd.c.obj
 .text.PCD_EP_OutSetupPacket_int
                0x00000000080043d8       0x8c CMakeFiles/accelerotor.elf.dir/Drivers/STM32F4xx_HAL_Driver/Src/stm32f4xx_hal_pcd.c.obj
 .text.HAL_PCDEx_SetTxFiFo
                0x0000000008004464       0x8c CMakeFiles/accelerotor.elf.dir/Drivers/STM32F4xx_HAL_Driver/Src/stm32f4xx_hal_pcd_ex.c.obj
                0x0000000008004464                HAL_PCDEx_SetTxFiFo
 .text.HAL_PCDEx_SetRxFiFo
                0x00000000080044f0       0x20 CMakeFiles/accelerotor.elf.dir/Drivers/STM32F4xx_HAL_Driver/Src/stm32f4xx_hal_pcd_ex.c.obj
                0x00000000080044f0                HAL_PCDEx_SetRxFiFo
 .text.HAL_PCDEx_LPM_Callback
                0x0000000008004510       0x16 CMakeFiles/accelerotor.elf.dir/Drivers/STM32F4xx_HAL_Driver/Src/stm32f4xx_hal_pcd_ex.c.obj
                0x0000000008004510                HAL_PCDEx_LPM_Callback
 *fill*         0x0000000008004526        0x2 
 .text.HAL_RCC_OscConfig
                0x0000000008004528      0x4e0 CMakeFiles/accelerotor.elf.dir/Drivers/STM32F4xx_HAL_Driver/Src/stm32f4xx_hal_rcc.c.obj
                0x0000000008004528                HAL_RCC_OscConfig
 .text.HAL_RCC_ClockConfig
                0x0000000008004a08      0x1cc CMakeFiles/accelerotor.elf.dir/Drivers/STM32F4xx_HAL_Driver/Src/stm32f4xx_hal_rcc.c.obj
                0x0000000008004a08                HAL_RCC_ClockConfig
 .text.HAL_RCC_GetSysClockFreq
                0x0000000008004bd4      0x1c4 CMakeFiles/accelerotor.elf.dir/Drivers/STM32F4xx_HAL_Driver/Src/stm32f4xx_hal_rcc.c.obj
                0x0000000008004bd4                HAL_RCC_GetSysClockFreq
 .text.HAL_RCC_GetHCLKFreq
                0x0000000008004d98       0x14 CMakeFiles/accelerotor.elf.dir/Drivers/STM32F4xx_HAL_Driver/Src/stm32f4xx_hal_rcc.c.obj
                0x0000000008004d98                HAL_RCC_GetHCLKFreq
 .text.HAL_RCC_GetPCLK1Freq
                0x0000000008004dac       0x28 CMakeFiles/accelerotor.elf.dir/Drivers/STM32F4xx_HAL_Driver/Src/stm32f4xx_hal_rcc.c.obj
                0x0000000008004dac                HAL_RCC_GetPCLK1Freq
 .text.HAL_RCC_GetPCLK2Freq
                0x0000000008004dd4       0x28 CMakeFiles/accelerotor.elf.dir/Drivers/STM32F4xx_HAL_Driver/Src/stm32f4xx_hal_rcc.c.obj
                0x0000000008004dd4                HAL_RCC_GetPCLK2Freq
 .text.HAL_SPI_Init
                0x0000000008004dfc       0xc8 CMakeFiles/accelerotor.elf.dir/Drivers/STM32F4xx_HAL_Driver/Src/stm32f4xx_hal_spi.c.obj
                0x0000000008004dfc                HAL_SPI_Init
 .text.HAL_SPI_TransmitReceive_DMA
                0x0000000008004ec4      0x204 CMakeFiles/accelerotor.elf.dir/Drivers/STM32F4xx_HAL_Driver/Src/stm32f4xx_hal_spi.c.obj
                0x0000000008004ec4                HAL_SPI_TransmitReceive_DMA
 .text.HAL_SPI_IRQHandler
                0x00000000080050c8      0x200 CMakeFiles/accelerotor.elf.dir/Drivers/STM32F4xx_HAL_Driver/Src/stm32f4xx_hal_spi.c.obj
                0x00000000080050c8                HAL_SPI_IRQHandler
 .text.HAL_SPI_RxCpltCallback
                0x00000000080052c8       0x12 CMakeFiles/accelerotor.elf.dir/Drivers/STM32F4xx_HAL_Driver/Src/stm32f4xx_hal_spi.c.obj
                0x00000000080052c8                HAL_SPI_RxCpltCallback
 .text.HAL_SPI_RxHalfCpltCallback
                0x00000000080052da       0x12 CMakeFiles/accelerotor.elf.dir/Drivers/STM32F4xx_HAL_Driver/Src/stm32f4xx_hal_spi.c.obj
                0x00000000080052da                HAL_SPI_RxHalfCpltCallback
 .text.HAL_SPI_TxRxHalfCpltCallback
                0x00000000080052ec       0x12 CMakeFiles/accelerotor.elf.dir/Drivers/STM32F4xx_HAL_Driver/Src/stm32f4xx_hal_spi.c.obj
                0x00000000080052ec                HAL_SPI_TxRxHalfCpltCallback
 .text.HAL_SPI_ErrorCallback
                0x00000000080052fe       0x12 CMakeFiles/accelerotor.elf.dir/Drivers/STM32F4xx_HAL_Driver/Src/stm32f4xx_hal_spi.c.obj
                0x00000000080052fe                HAL_SPI_ErrorCallback
 .text.SPI_DMAReceiveCplt
                0x0000000008005310       0xa8 CMakeFiles/accelerotor.elf.dir/Drivers/STM32F4xx_HAL_Driver/Src/stm32f4xx_hal_spi.c.obj
 .text.SPI_DMATransmitReceiveCplt
                0x00000000080053b8       0x90 CMakeFiles/accelerotor.elf.dir/Drivers/STM32F4xx_HAL_Driver/Src/stm32f4xx_hal_spi.c.obj
 .text.SPI_DMAHalfReceiveCplt
                0x0000000008005448       0x1c CMakeFiles/accelerotor.elf.dir/Drivers/STM32F4xx_HAL_Driver/Src/stm32f4xx_hal_spi.c.obj
 .text.SPI_DMAHalfTransmitReceiveCplt
                0x0000000008005464       0x1c CMakeFiles/accelerotor.elf.dir/Drivers/STM32F4xx_HAL_Driver/Src/stm32f4xx_hal_spi.c.obj
 .text.SPI_DMAError
                0x0000000008005480       0x40 CMakeFiles/accelerotor.elf.dir/Drivers/STM32F4xx_HAL_Driver/Src/stm32f4xx_hal_spi.c.obj
 .text.SPI_DMAAbortOnError
                0x00000000080054c0       0x28 CMakeFiles/accelerotor.elf.dir/Drivers/STM32F4xx_HAL_Driver/Src/stm32f4xx_hal_spi.c.obj
 .text.SPI_WaitFlagStateUntilTimeout
                0x00000000080054e8       0xd4 CMakeFiles/accelerotor.elf.dir/Drivers/STM32F4xx_HAL_Driver/Src/stm32f4xx_hal_spi.c.obj
 .text.SPI_EndRxTransaction
                0x00000000080055bc       0xca CMakeFiles/accelerotor.elf.dir/Drivers/STM32F4xx_HAL_Driver/Src/stm32f4xx_hal_spi.c.obj
 *fill*         0x0000000008005686        0x2 
 .text.SPI_EndRxTxTransaction
                0x0000000008005688       0x84 CMakeFiles/accelerotor.elf.dir/Drivers/STM32F4xx_HAL_Driver/Src/stm32f4xx_hal_spi.c.obj
 .text.HAL_TIM_Base_Init
                0x000000000800570c       0x56 CMakeFiles/accelerotor.elf.dir/Drivers/STM32F4xx_HAL_Driver/Src/stm32f4xx_hal_tim.c.obj
                0x000000000800570c                HAL_TIM_Base_Init
 .text.HAL_TIM_PWM_Init
                0x0000000008005762       0x56 CMakeFiles/accelerotor.elf.dir/Drivers/STM32F4xx_HAL_Driver/Src/stm32f4xx_hal_tim.c.obj
                0x0000000008005762                HAL_TIM_PWM_Init
 .text.HAL_TIM_PWM_MspInit
                0x00000000080057b8       0x12 CMakeFiles/accelerotor.elf.dir/Drivers/STM32F4xx_HAL_Driver/Src/stm32f4xx_hal_tim.c.obj
                0x00000000080057b8                HAL_TIM_PWM_MspInit
 *fill*         0x00000000080057ca        0x2 
 .text.HAL_TIM_PWM_ConfigChannel
                0x00000000080057cc      0x18c CMakeFiles/accelerotor.elf.dir/Drivers/STM32F4xx_HAL_Driver/Src/stm32f4xx_hal_tim.c.obj
                0x00000000080057cc                HAL_TIM_PWM_ConfigChannel
 .text.HAL_TIM_ConfigClockSource
                0x0000000008005958      0x188 CMakeFiles/accelerotor.elf.dir/Drivers/STM32F4xx_HAL_Driver/Src/stm32f4xx_hal_tim.c.obj
                0x0000000008005958                HAL_TIM_ConfigClockSource
 .text.TIM_Base_SetConfig
                0x0000000008005ae0       0xfc CMakeFiles/accelerotor.elf.dir/Drivers/STM32F4xx_HAL_Driver/Src/stm32f4xx_hal_tim.c.obj
                0x0000000008005ae0                TIM_Base_SetConfig
 .text.TIM_OC1_SetConfig
                0x0000000008005bdc       0xcc CMakeFiles/accelerotor.elf.dir/Drivers/STM32F4xx_HAL_Driver/Src/stm32f4xx_hal_tim.c.obj
 .text.TIM_OC2_SetConfig
                0x0000000008005ca8       0xd4 CMakeFiles/accelerotor.elf.dir/Drivers/STM32F4xx_HAL_Driver/Src/stm32f4xx_hal_tim.c.obj
                0x0000000008005ca8                TIM_OC2_SetConfig
 .text.TIM_OC3_SetConfig
                0x0000000008005d7c       0xd4 CMakeFiles/accelerotor.elf.dir/Drivers/STM32F4xx_HAL_Driver/Src/stm32f4xx_hal_tim.c.obj
 .text.TIM_OC4_SetConfig
                0x0000000008005e50       0x9c CMakeFiles/accelerotor.elf.dir/Drivers/STM32F4xx_HAL_Driver/Src/stm32f4xx_hal_tim.c.obj
 .text.TIM_TI1_ConfigInputStage
                0x0000000008005eec       0x5c CMakeFiles/accelerotor.elf.dir/Drivers/STM32F4xx_HAL_Driver/Src/stm32f4xx_hal_tim.c.obj
 .text.TIM_TI2_ConfigInputStage
                0x0000000008005f48       0x5e CMakeFiles/accelerotor.elf.dir/Drivers/STM32F4xx_HAL_Driver/Src/stm32f4xx_hal_tim.c.obj
 .text.TIM_ITRx_SetConfig
                0x0000000008005fa6       0x34 CMakeFiles/accelerotor.elf.dir/Drivers/STM32F4xx_HAL_Driver/Src/stm32f4xx_hal_tim.c.obj
 .text.TIM_ETR_SetConfig
                0x0000000008005fda       0x3e CMakeFiles/accelerotor.elf.dir/Drivers/STM32F4xx_HAL_Driver/Src/stm32f4xx_hal_tim.c.obj
                0x0000000008005fda                TIM_ETR_SetConfig
 .text.HAL_TIMEx_MasterConfigSynchronization
                0x0000000008006018       0xd8 CMakeFiles/accelerotor.elf.dir/Drivers/STM32F4xx_HAL_Driver/Src/stm32f4xx_hal_tim_ex.c.obj
                0x0000000008006018                HAL_TIMEx_MasterConfigSynchronization
 .text.HAL_UART_Init
                0x00000000080060f0       0x9a CMakeFiles/accelerotor.elf.dir/Drivers/STM32F4xx_HAL_Driver/Src/stm32f4xx_hal_uart.c.obj
                0x00000000080060f0                HAL_UART_Init
 .text.HAL_UART_Receive_IT
                0x000000000800618a       0xa8 CMakeFiles/accelerotor.elf.dir/Drivers/STM32F4xx_HAL_Driver/Src/stm32f4xx_hal_uart.c.obj
                0x000000000800618a                HAL_UART_Receive_IT
 *fill*         0x0000000008006232        0x2 
 .text.HAL_UART_IRQHandler
                0x0000000008006234      0x200 CMakeFiles/accelerotor.elf.dir/Drivers/STM32F4xx_HAL_Driver/Src/stm32f4xx_hal_uart.c.obj
                0x0000000008006234                HAL_UART_IRQHandler
 .text.HAL_UART_TxCpltCallback
                0x0000000008006434       0x12 CMakeFiles/accelerotor.elf.dir/Drivers/STM32F4xx_HAL_Driver/Src/stm32f4xx_hal_uart.c.obj
                0x0000000008006434                HAL_UART_TxCpltCallback
 .text.HAL_UART_ErrorCallback
                0x0000000008006446       0x12 CMakeFiles/accelerotor.elf.dir/Drivers/STM32F4xx_HAL_Driver/Src/stm32f4xx_hal_uart.c.obj
                0x0000000008006446                HAL_UART_ErrorCallback
 .text.UART_EndRxTransfer
                0x0000000008006458       0x3a CMakeFiles/accelerotor.elf.dir/Drivers/STM32F4xx_HAL_Driver/Src/stm32f4xx_hal_uart.c.obj
 .text.UART_DMAAbortOnError
                0x0000000008006492       0x28 CMakeFiles/accelerotor.elf.dir/Drivers/STM32F4xx_HAL_Driver/Src/stm32f4xx_hal_uart.c.obj
 .text.UART_Transmit_IT
                0x00000000080064ba       0xaa CMakeFiles/accelerotor.elf.dir/Drivers/STM32F4xx_HAL_Driver/Src/stm32f4xx_hal_uart.c.obj
 .text.UART_EndTransmit_IT
                0x0000000008006564       0x30 CMakeFiles/accelerotor.elf.dir/Drivers/STM32F4xx_HAL_Driver/Src/stm32f4xx_hal_uart.c.obj
 .text.UART_Receive_IT
                0x0000000008006594      0x102 CMakeFiles/accelerotor.elf.dir/Drivers/STM32F4xx_HAL_Driver/Src/stm32f4xx_hal_uart.c.obj
 *fill*         0x0000000008006696        0x2 
 .text.UART_SetConfig
                0x0000000008006698      0x740 CMakeFiles/accelerotor.elf.dir/Drivers/STM32F4xx_HAL_Driver/Src/stm32f4xx_hal_uart.c.obj
 .text.USB_CoreInit
                0x0000000008006dd8       0xc2 CMakeFiles/accelerotor.elf.dir/Drivers/STM32F4xx_HAL_Driver/Src/stm32f4xx_ll_usb.c.obj
                0x0000000008006dd8                USB_CoreInit
 *fill*         0x0000000008006e9a        0x2 
 .text.USB_SetTurnaroundTime
                0x0000000008006e9c      0x144 CMakeFiles/accelerotor.elf.dir/Drivers/STM32F4xx_HAL_Driver/Src/stm32f4xx_ll_usb.c.obj
                0x0000000008006e9c                USB_SetTurnaroundTime
 .text.USB_EnableGlobalInt
                0x0000000008006fe0       0x20 CMakeFiles/accelerotor.elf.dir/Drivers/STM32F4xx_HAL_Driver/Src/stm32f4xx_ll_usb.c.obj
                0x0000000008006fe0                USB_EnableGlobalInt
 .text.USB_DisableGlobalInt
                0x0000000008007000       0x20 CMakeFiles/accelerotor.elf.dir/Drivers/STM32F4xx_HAL_Driver/Src/stm32f4xx_ll_usb.c.obj
                0x0000000008007000                USB_DisableGlobalInt
 .text.USB_SetCurrentMode
                0x0000000008007020       0x54 CMakeFiles/accelerotor.elf.dir/Drivers/STM32F4xx_HAL_Driver/Src/stm32f4xx_ll_usb.c.obj
                0x0000000008007020                USB_SetCurrentMode
 .text.USB_DevInit
                0x0000000008007074      0x2c8 CMakeFiles/accelerotor.elf.dir/Drivers/STM32F4xx_HAL_Driver/Src/stm32f4xx_ll_usb.c.obj
                0x0000000008007074                USB_DevInit
 .text.USB_FlushTxFifo
                0x000000000800733c       0x48 CMakeFiles/accelerotor.elf.dir/Drivers/STM32F4xx_HAL_Driver/Src/stm32f4xx_ll_usb.c.obj
                0x000000000800733c                USB_FlushTxFifo
 .text.USB_FlushRxFifo
                0x0000000008007384       0x40 CMakeFiles/accelerotor.elf.dir/Drivers/STM32F4xx_HAL_Driver/Src/stm32f4xx_ll_usb.c.obj
                0x0000000008007384                USB_FlushRxFifo
 .text.USB_SetDevSpeed
                0x00000000080073c4       0x30 CMakeFiles/accelerotor.elf.dir/Drivers/STM32F4xx_HAL_Driver/Src/stm32f4xx_ll_usb.c.obj
                0x00000000080073c4                USB_SetDevSpeed
 .text.USB_GetDevSpeed
                0x00000000080073f4       0x48 CMakeFiles/accelerotor.elf.dir/Drivers/STM32F4xx_HAL_Driver/Src/stm32f4xx_ll_usb.c.obj
                0x00000000080073f4                USB_GetDevSpeed
 .text.USB_ActivateEndpoint
                0x000000000800743c      0x10c CMakeFiles/accelerotor.elf.dir/Drivers/STM32F4xx_HAL_Driver/Src/stm32f4xx_ll_usb.c.obj
                0x000000000800743c                USB_ActivateEndpoint
 .text.USB_DeactivateEndpoint
                0x0000000008007548      0x1b8 CMakeFiles/accelerotor.elf.dir/Drivers/STM32F4xx_HAL_Driver/Src/stm32f4xx_ll_usb.c.obj
                0x0000000008007548                USB_DeactivateEndpoint
 .text.USB_EPStartXfer
                0x0000000008007700      0x488 CMakeFiles/accelerotor.elf.dir/Drivers/STM32F4xx_HAL_Driver/Src/stm32f4xx_ll_usb.c.obj
                0x0000000008007700                USB_EPStartXfer
 .text.USB_EP0StartXfer
                0x0000000008007b88      0x2a4 CMakeFiles/accelerotor.elf.dir/Drivers/STM32F4xx_HAL_Driver/Src/stm32f4xx_ll_usb.c.obj
                0x0000000008007b88                USB_EP0StartXfer
 .text.USB_WritePacket
                0x0000000008007e2c       0x68 CMakeFiles/accelerotor.elf.dir/Drivers/STM32F4xx_HAL_Driver/Src/stm32f4xx_ll_usb.c.obj
                0x0000000008007e2c                USB_WritePacket
 .text.USB_ReadPacket
                0x0000000008007e94       0x50 CMakeFiles/accelerotor.elf.dir/Drivers/STM32F4xx_HAL_Driver/Src/stm32f4xx_ll_usb.c.obj
                0x0000000008007e94                USB_ReadPacket
 .text.USB_EPSetStall
                0x0000000008007ee4       0xda CMakeFiles/accelerotor.elf.dir/Drivers/STM32F4xx_HAL_Driver/Src/stm32f4xx_ll_usb.c.obj
                0x0000000008007ee4                USB_EPSetStall
 .text.USB_EPClearStall
                0x0000000008007fbe       0xca CMakeFiles/accelerotor.elf.dir/Drivers/STM32F4xx_HAL_Driver/Src/stm32f4xx_ll_usb.c.obj
                0x0000000008007fbe                USB_EPClearStall
 .text.USB_SetDevAddress
                0x0000000008008088       0x4a CMakeFiles/accelerotor.elf.dir/Drivers/STM32F4xx_HAL_Driver/Src/stm32f4xx_ll_usb.c.obj
                0x0000000008008088                USB_SetDevAddress
 .text.USB_DevConnect
                0x00000000080080d2       0x40 CMakeFiles/accelerotor.elf.dir/Drivers/STM32F4xx_HAL_Driver/Src/stm32f4xx_ll_usb.c.obj
                0x00000000080080d2                USB_DevConnect
 .text.USB_DevDisconnect
                0x0000000008008112       0x40 CMakeFiles/accelerotor.elf.dir/Drivers/STM32F4xx_HAL_Driver/Src/stm32f4xx_ll_usb.c.obj
                0x0000000008008112                USB_DevDisconnect
 .text.USB_ReadInterrupts
                0x0000000008008152       0x24 CMakeFiles/accelerotor.elf.dir/Drivers/STM32F4xx_HAL_Driver/Src/stm32f4xx_ll_usb.c.obj
                0x0000000008008152                USB_ReadInterrupts
 .text.USB_ReadDevAllOutEpInterrupt
                0x0000000008008176       0x32 CMakeFiles/accelerotor.elf.dir/Drivers/STM32F4xx_HAL_Driver/Src/stm32f4xx_ll_usb.c.obj
                0x0000000008008176                USB_ReadDevAllOutEpInterrupt
 .text.USB_ReadDevAllInEpInterrupt
                0x00000000080081a8       0x32 CMakeFiles/accelerotor.elf.dir/Drivers/STM32F4xx_HAL_Driver/Src/stm32f4xx_ll_usb.c.obj
                0x00000000080081a8                USB_ReadDevAllInEpInterrupt
 .text.USB_ReadDevOutEPInterrupt
                0x00000000080081da       0x3a CMakeFiles/accelerotor.elf.dir/Drivers/STM32F4xx_HAL_Driver/Src/stm32f4xx_ll_usb.c.obj
                0x00000000080081da                USB_ReadDevOutEPInterrupt
 .text.USB_ReadDevInEPInterrupt
                0x0000000008008214       0x5a CMakeFiles/accelerotor.elf.dir/Drivers/STM32F4xx_HAL_Driver/Src/stm32f4xx_ll_usb.c.obj
                0x0000000008008214                USB_ReadDevInEPInterrupt
 .text.USB_GetMode
                0x000000000800826e       0x1a CMakeFiles/accelerotor.elf.dir/Drivers/STM32F4xx_HAL_Driver/Src/stm32f4xx_ll_usb.c.obj
                0x000000000800826e                USB_GetMode
 .text.USB_ActivateSetup
                0x0000000008008288       0x44 CMakeFiles/accelerotor.elf.dir/Drivers/STM32F4xx_HAL_Driver/Src/stm32f4xx_ll_usb.c.obj
                0x0000000008008288                USB_ActivateSetup
 .text.USB_EP0_OutStart
                0x00000000080082cc       0xb8 CMakeFiles/accelerotor.elf.dir/Drivers/STM32F4xx_HAL_Driver/Src/stm32f4xx_ll_usb.c.obj
                0x00000000080082cc                USB_EP0_OutStart
 .text.USB_CoreReset
                0x0000000008008384       0x64 CMakeFiles/accelerotor.elf.dir/Drivers/STM32F4xx_HAL_Driver/Src/stm32f4xx_ll_usb.c.obj
 .text.USBD_CDC_Init
                0x00000000080083e8      0x100 CMakeFiles/accelerotor.elf.dir/Middlewares/ST/STM32_USB_Device_Library/Class/CDC/Src/usbd_cdc.c.obj
 .text.USBD_CDC_DeInit
                0x00000000080084e8       0x78 CMakeFiles/accelerotor.elf.dir/Middlewares/ST/STM32_USB_Device_Library/Class/CDC/Src/usbd_cdc.c.obj
 .text.USBD_CDC_Setup
                0x0000000008008560      0x178 CMakeFiles/accelerotor.elf.dir/Middlewares/ST/STM32_USB_Device_Library/Class/CDC/Src/usbd_cdc.c.obj
 .text.USBD_CDC_DataIn
                0x00000000080086d8       0xbe CMakeFiles/accelerotor.elf.dir/Middlewares/ST/STM32_USB_Device_Library/Class/CDC/Src/usbd_cdc.c.obj
 .text.USBD_CDC_DataOut
                0x0000000008008796       0x56 CMakeFiles/accelerotor.elf.dir/Middlewares/ST/STM32_USB_Device_Library/Class/CDC/Src/usbd_cdc.c.obj
 .text.USBD_CDC_EP0_RxReady
                0x00000000080087ec       0x50 CMakeFiles/accelerotor.elf.dir/Middlewares/ST/STM32_USB_Device_Library/Class/CDC/Src/usbd_cdc.c.obj
 .text.USBD_CDC_GetFSCfgDesc
                0x000000000800883c       0x20 CMakeFiles/accelerotor.elf.dir/Middlewares/ST/STM32_USB_Device_Library/Class/CDC/Src/usbd_cdc.c.obj
 .text.USBD_CDC_GetHSCfgDesc
                0x000000000800885c       0x20 CMakeFiles/accelerotor.elf.dir/Middlewares/ST/STM32_USB_Device_Library/Class/CDC/Src/usbd_cdc.c.obj
 .text.USBD_CDC_GetOtherSpeedCfgDesc
                0x000000000800887c       0x20 CMakeFiles/accelerotor.elf.dir/Middlewares/ST/STM32_USB_Device_Library/Class/CDC/Src/usbd_cdc.c.obj
 .text.USBD_CDC_GetDeviceQualifierDescriptor
                0x000000000800889c       0x20 CMakeFiles/accelerotor.elf.dir/Middlewares/ST/STM32_USB_Device_Library/Class/CDC/Src/usbd_cdc.c.obj
                0x000000000800889c                USBD_CDC_GetDeviceQualifierDescriptor
 .text.USBD_CDC_RegisterInterface
                0x00000000080088bc       0x28 CMakeFiles/accelerotor.elf.dir/Middlewares/ST/STM32_USB_Device_Library/Class/CDC/Src/usbd_cdc.c.obj
                0x00000000080088bc                USBD_CDC_RegisterInterface
 .text.USBD_CDC_SetTxBuffer
                0x00000000080088e4       0x30 CMakeFiles/accelerotor.elf.dir/Middlewares/ST/STM32_USB_Device_Library/Class/CDC/Src/usbd_cdc.c.obj
                0x00000000080088e4                USBD_CDC_SetTxBuffer
 .text.USBD_CDC_SetRxBuffer
                0x0000000008008914       0x26 CMakeFiles/accelerotor.elf.dir/Middlewares/ST/STM32_USB_Device_Library/Class/CDC/Src/usbd_cdc.c.obj
                0x0000000008008914                USBD_CDC_SetRxBuffer
 .text.USBD_CDC_TransmitPacket
                0x000000000800893a       0x60 CMakeFiles/accelerotor.elf.dir/Middlewares/ST/STM32_USB_Device_Library/Class/CDC/Src/usbd_cdc.c.obj
                0x000000000800893a                USBD_CDC_TransmitPacket
 .text.USBD_CDC_ReceivePacket
                0x000000000800899a       0x54 CMakeFiles/accelerotor.elf.dir/Middlewares/ST/STM32_USB_Device_Library/Class/CDC/Src/usbd_cdc.c.obj
                0x000000000800899a                USBD_CDC_ReceivePacket
 .text.USBD_Init
                0x00000000080089ee       0x6c CMakeFiles/accelerotor.elf.dir/Middlewares/ST/STM32_USB_Device_Library/Core/Src/usbd_core.c.obj
                0x00000000080089ee                USBD_Init
 .text.USBD_RegisterClass
                0x0000000008008a5a       0x42 CMakeFiles/accelerotor.elf.dir/Middlewares/ST/STM32_USB_Device_Library/Core/Src/usbd_core.c.obj
                0x0000000008008a5a                USBD_RegisterClass
 .text.USBD_Start
                0x0000000008008a9c       0x18 CMakeFiles/accelerotor.elf.dir/Middlewares/ST/STM32_USB_Device_Library/Core/Src/usbd_core.c.obj
                0x0000000008008a9c                USBD_Start
 .text.USBD_RunTestMode
                0x0000000008008ab4       0x14 CMakeFiles/accelerotor.elf.dir/Middlewares/ST/STM32_USB_Device_Library/Core/Src/usbd_core.c.obj
                0x0000000008008ab4                USBD_RunTestMode
 .text.USBD_SetClassConfig
                0x0000000008008ac8       0x38 CMakeFiles/accelerotor.elf.dir/Middlewares/ST/STM32_USB_Device_Library/Core/Src/usbd_core.c.obj
                0x0000000008008ac8                USBD_SetClassConfig
 .text.USBD_ClrClassConfig
                0x0000000008008b00       0x30 CMakeFiles/accelerotor.elf.dir/Middlewares/ST/STM32_USB_Device_Library/Core/Src/usbd_core.c.obj
                0x0000000008008b00                USBD_ClrClassConfig
 .text.USBD_LL_SetupStage
                0x0000000008008b30       0xaa CMakeFiles/accelerotor.elf.dir/Middlewares/ST/STM32_USB_Device_Library/Core/Src/usbd_core.c.obj
                0x0000000008008b30                USBD_LL_SetupStage
 .text.USBD_LL_DataOutStage
                0x0000000008008bda       0xc6 CMakeFiles/accelerotor.elf.dir/Middlewares/ST/STM32_USB_Device_Library/Core/Src/usbd_core.c.obj
                0x0000000008008bda                USBD_LL_DataOutStage
 .text.USBD_LL_DataInStage
                0x0000000008008ca0      0x12c CMakeFiles/accelerotor.elf.dir/Middlewares/ST/STM32_USB_Device_Library/Core/Src/usbd_core.c.obj
                0x0000000008008ca0                USBD_LL_DataInStage
 .text.USBD_LL_Reset
                0x0000000008008dcc       0x82 CMakeFiles/accelerotor.elf.dir/Middlewares/ST/STM32_USB_Device_Library/Core/Src/usbd_core.c.obj
                0x0000000008008dcc                USBD_LL_Reset
 .text.USBD_LL_SetSpeed
                0x0000000008008e4e       0x1e CMakeFiles/accelerotor.elf.dir/Middlewares/ST/STM32_USB_Device_Library/Core/Src/usbd_core.c.obj
                0x0000000008008e4e                USBD_LL_SetSpeed
 .text.USBD_LL_Suspend
                0x0000000008008e6c       0x28 CMakeFiles/accelerotor.elf.dir/Middlewares/ST/STM32_USB_Device_Library/Core/Src/usbd_core.c.obj
                0x0000000008008e6c                USBD_LL_Suspend
 .text.USBD_LL_Resume
                0x0000000008008e94       0x2a CMakeFiles/accelerotor.elf.dir/Middlewares/ST/STM32_USB_Device_Library/Core/Src/usbd_core.c.obj
                0x0000000008008e94                USBD_LL_Resume
 .text.USBD_LL_SOF
                0x0000000008008ebe       0x34 CMakeFiles/accelerotor.elf.dir/Middlewares/ST/STM32_USB_Device_Library/Core/Src/usbd_core.c.obj
                0x0000000008008ebe                USBD_LL_SOF
 .text.USBD_LL_IsoINIncomplete
                0x0000000008008ef2       0x18 CMakeFiles/accelerotor.elf.dir/Middlewares/ST/STM32_USB_Device_Library/Core/Src/usbd_core.c.obj
                0x0000000008008ef2                USBD_LL_IsoINIncomplete
 .text.USBD_LL_IsoOUTIncomplete
                0x0000000008008f0a       0x18 CMakeFiles/accelerotor.elf.dir/Middlewares/ST/STM32_USB_Device_Library/Core/Src/usbd_core.c.obj
                0x0000000008008f0a                USBD_LL_IsoOUTIncomplete
 .text.USBD_LL_DevConnected
                0x0000000008008f22       0x14 CMakeFiles/accelerotor.elf.dir/Middlewares/ST/STM32_USB_Device_Library/Core/Src/usbd_core.c.obj
                0x0000000008008f22                USBD_LL_DevConnected
 .text.USBD_LL_DevDisconnected
                0x0000000008008f36       0x38 CMakeFiles/accelerotor.elf.dir/Middlewares/ST/STM32_USB_Device_Library/Core/Src/usbd_core.c.obj
                0x0000000008008f36                USBD_LL_DevDisconnected
 .text.SWAPBYTE
                0x0000000008008f6e       0x3a CMakeFiles/accelerotor.elf.dir/Middlewares/ST/STM32_USB_Device_Library/Core/Src/usbd_ctlreq.c.obj
 .text.USBD_StdDevReq
                0x0000000008008fa8       0xdc CMakeFiles/accelerotor.elf.dir/Middlewares/ST/STM32_USB_Device_Library/Core/Src/usbd_ctlreq.c.obj
                0x0000000008008fa8                USBD_StdDevReq
 .text.USBD_StdItfReq
                0x0000000008009084       0x90 CMakeFiles/accelerotor.elf.dir/Middlewares/ST/STM32_USB_Device_Library/Core/Src/usbd_ctlreq.c.obj
                0x0000000008009084                USBD_StdItfReq
 .text.USBD_StdEPReq
                0x0000000008009114      0x2ba CMakeFiles/accelerotor.elf.dir/Middlewares/ST/STM32_USB_Device_Library/Core/Src/usbd_ctlreq.c.obj
                0x0000000008009114                USBD_StdEPReq
 *fill*         0x00000000080093ce        0x2 
 .text.USBD_GetDescriptor
                0x00000000080093d0      0x2d4 CMakeFiles/accelerotor.elf.dir/Middlewares/ST/STM32_USB_Device_Library/Core/Src/usbd_ctlreq.c.obj
 .text.USBD_SetAddress
                0x00000000080096a4       0x86 CMakeFiles/accelerotor.elf.dir/Middlewares/ST/STM32_USB_Device_Library/Core/Src/usbd_ctlreq.c.obj
 *fill*         0x000000000800972a        0x2 
 .text.USBD_SetConfig
                0x000000000800972c      0x148 CMakeFiles/accelerotor.elf.dir/Middlewares/ST/STM32_USB_Device_Library/Core/Src/usbd_ctlreq.c.obj
 .text.USBD_GetConfig
                0x0000000008009874       0x6a CMakeFiles/accelerotor.elf.dir/Middlewares/ST/STM32_USB_Device_Library/Core/Src/usbd_ctlreq.c.obj
 .text.USBD_GetStatus
                0x00000000080098de       0x66 CMakeFiles/accelerotor.elf.dir/Middlewares/ST/STM32_USB_Device_Library/Core/Src/usbd_ctlreq.c.obj
 .text.USBD_SetFeature
                0x0000000008009944       0x28 CMakeFiles/accelerotor.elf.dir/Middlewares/ST/STM32_USB_Device_Library/Core/Src/usbd_ctlreq.c.obj
 .text.USBD_ClrFeature
                0x000000000800996c       0x42 CMakeFiles/accelerotor.elf.dir/Middlewares/ST/STM32_USB_Device_Library/Core/Src/usbd_ctlreq.c.obj
 .text.USBD_ParseSetupRequest
                0x00000000080099ae       0x74 CMakeFiles/accelerotor.elf.dir/Middlewares/ST/STM32_USB_Device_Library/Core/Src/usbd_ctlreq.c.obj
                0x00000000080099ae                USBD_ParseSetupRequest
 .text.USBD_CtlError
                0x0000000008009a22       0x22 CMakeFiles/accelerotor.elf.dir/Middlewares/ST/STM32_USB_Device_Library/Core/Src/usbd_ctlreq.c.obj
                0x0000000008009a22                USBD_CtlError
 .text.USBD_GetString
                0x0000000008009a44       0x8c CMakeFiles/accelerotor.elf.dir/Middlewares/ST/STM32_USB_Device_Library/Core/Src/usbd_ctlreq.c.obj
                0x0000000008009a44                USBD_GetString
 .text.USBD_GetLen
                0x0000000008009ad0       0x32 CMakeFiles/accelerotor.elf.dir/Middlewares/ST/STM32_USB_Device_Library/Core/Src/usbd_ctlreq.c.obj
 .text.USBD_CtlSendData
                0x0000000008009b02       0x36 CMakeFiles/accelerotor.elf.dir/Middlewares/ST/STM32_USB_Device_Library/Core/Src/usbd_ioreq.c.obj
                0x0000000008009b02                USBD_CtlSendData
 .text.USBD_CtlContinueSendData
                0x0000000008009b38       0x22 CMakeFiles/accelerotor.elf.dir/Middlewares/ST/STM32_USB_Device_Library/Core/Src/usbd_ioreq.c.obj
                0x0000000008009b38                USBD_CtlContinueSendData
 .text.USBD_CtlPrepareRx
                0x0000000008009b5a       0x3a CMakeFiles/accelerotor.elf.dir/Middlewares/ST/STM32_USB_Device_Library/Core/Src/usbd_ioreq.c.obj
                0x0000000008009b5a                USBD_CtlPrepareRx
 .text.USBD_CtlContinueRx
                0x0000000008009b94       0x22 CMakeFiles/accelerotor.elf.dir/Middlewares/ST/STM32_USB_Device_Library/Core/Src/usbd_ioreq.c.obj
                0x0000000008009b94                USBD_CtlContinueRx
 .text.USBD_CtlSendStatus
                0x0000000008009bb6       0x26 CMakeFiles/accelerotor.elf.dir/Middlewares/ST/STM32_USB_Device_Library/Core/Src/usbd_ioreq.c.obj
                0x0000000008009bb6                USBD_CtlSendStatus
 .text.USBD_CtlReceiveStatus
                0x0000000008009bdc       0x26 CMakeFiles/accelerotor.elf.dir/Middlewares/ST/STM32_USB_Device_Library/Core/Src/usbd_ioreq.c.obj
                0x0000000008009bdc                USBD_CtlReceiveStatus
 *fill*         0x0000000008009c02        0x2 
 .text.MX_USB_DEVICE_Init
                0x0000000008009c04       0x60 CMakeFiles/accelerotor.elf.dir/USB_DEVICE/App/usb_device.c.obj
                0x0000000008009c04                MX_USB_DEVICE_Init
 .text.CDC_Init_FS
                0x0000000008009c64       0x28 CMakeFiles/accelerotor.elf.dir/USB_DEVICE/App/usbd_cdc_if.c.obj
 .text.CDC_DeInit_FS
                0x0000000008009c8c        0xe CMakeFiles/accelerotor.elf.dir/USB_DEVICE/App/usbd_cdc_if.c.obj
 *fill*         0x0000000008009c9a        0x2 
 .text.CDC_Control_FS
                0x0000000008009c9c       0xbc CMakeFiles/accelerotor.elf.dir/USB_DEVICE/App/usbd_cdc_if.c.obj
 .text.CDC_Receive_FS
                0x0000000008009d58       0x28 CMakeFiles/accelerotor.elf.dir/USB_DEVICE/App/usbd_cdc_if.c.obj
 .text.CDC_Transmit_FS
                0x0000000008009d80       0x4c CMakeFiles/accelerotor.elf.dir/USB_DEVICE/App/usbd_cdc_if.c.obj
                0x0000000008009d80                CDC_Transmit_FS
 .text.CDC_TransmitCplt_FS
                0x0000000008009dcc       0x20 CMakeFiles/accelerotor.elf.dir/USB_DEVICE/App/usbd_cdc_if.c.obj
 .text.USBD_FS_DeviceDescriptor
                0x0000000008009dec       0x24 CMakeFiles/accelerotor.elf.dir/USB_DEVICE/App/usbd_desc.c.obj
                0x0000000008009dec                USBD_FS_DeviceDescriptor
 .text.USBD_FS_LangIDStrDescriptor
                0x0000000008009e10       0x24 CMakeFiles/accelerotor.elf.dir/USB_DEVICE/App/usbd_desc.c.obj
                0x0000000008009e10                USBD_FS_LangIDStrDescriptor
 .text.USBD_FS_ProductStrDescriptor
                0x0000000008009e34       0x3c CMakeFiles/accelerotor.elf.dir/USB_DEVICE/App/usbd_desc.c.obj
                0x0000000008009e34                USBD_FS_ProductStrDescriptor
 .text.USBD_FS_ManufacturerStrDescriptor
                0x0000000008009e70       0x28 CMakeFiles/accelerotor.elf.dir/USB_DEVICE/App/usbd_desc.c.obj
                0x0000000008009e70                USBD_FS_ManufacturerStrDescriptor
 .text.USBD_FS_SerialStrDescriptor
                0x0000000008009e98       0x24 CMakeFiles/accelerotor.elf.dir/USB_DEVICE/App/usbd_desc.c.obj
                0x0000000008009e98                USBD_FS_SerialStrDescriptor
 .text.USBD_FS_ConfigStrDescriptor
                0x0000000008009ebc       0x3c CMakeFiles/accelerotor.elf.dir/USB_DEVICE/App/usbd_desc.c.obj
                0x0000000008009ebc                USBD_FS_ConfigStrDescriptor
 .text.USBD_FS_InterfaceStrDescriptor
                0x0000000008009ef8       0x3c CMakeFiles/accelerotor.elf.dir/USB_DEVICE/App/usbd_desc.c.obj
                0x0000000008009ef8                USBD_FS_InterfaceStrDescriptor
 .text.Get_SerialNum
                0x0000000008009f34       0x58 CMakeFiles/accelerotor.elf.dir/USB_DEVICE/App/usbd_desc.c.obj
 .text.IntToUnicode
                0x0000000008009f8c       0x7c CMakeFiles/accelerotor.elf.dir/USB_DEVICE/App/usbd_desc.c.obj
 .text.HAL_PCD_MspInit
                0x000000000800a008       0xa8 CMakeFiles/accelerotor.elf.dir/USB_DEVICE/Target/usbd_conf.c.obj
                0x000000000800a008                HAL_PCD_MspInit
 .text.HAL_PCD_SetupStageCallback
                0x000000000800a0b0       0x24 CMakeFiles/accelerotor.elf.dir/USB_DEVICE/Target/usbd_conf.c.obj
                0x000000000800a0b0                HAL_PCD_SetupStageCallback
 .text.HAL_PCD_DataOutStageCallback
                0x000000000800a0d4       0x36 CMakeFiles/accelerotor.elf.dir/USB_DEVICE/Target/usbd_conf.c.obj
                0x000000000800a0d4                HAL_PCD_DataOutStageCallback
 .text.HAL_PCD_DataInStageCallback
                0x000000000800a10a       0x34 CMakeFiles/accelerotor.elf.dir/USB_DEVICE/Target/usbd_conf.c.obj
                0x000000000800a10a                HAL_PCD_DataInStageCallback
 .text.HAL_PCD_SOFCallback
                0x000000000800a13e       0x1c CMakeFiles/accelerotor.elf.dir/USB_DEVICE/Target/usbd_conf.c.obj
                0x000000000800a13e                HAL_PCD_SOFCallback
 .text.HAL_PCD_ResetCallback
                0x000000000800a15a       0x3c CMakeFiles/accelerotor.elf.dir/USB_DEVICE/Target/usbd_conf.c.obj
                0x000000000800a15a                HAL_PCD_ResetCallback
 *fill*         0x000000000800a196        0x2 
 .text.HAL_PCD_SuspendCallback
                0x000000000800a198       0x4c CMakeFiles/accelerotor.elf.dir/USB_DEVICE/Target/usbd_conf.c.obj
                0x000000000800a198                HAL_PCD_SuspendCallback
 .text.HAL_PCD_ResumeCallback
                0x000000000800a1e4       0x1c CMakeFiles/accelerotor.elf.dir/USB_DEVICE/Target/usbd_conf.c.obj
                0x000000000800a1e4                HAL_PCD_ResumeCallback
 .text.HAL_PCD_ISOOUTIncompleteCallback
                0x000000000800a200       0x24 CMakeFiles/accelerotor.elf.dir/USB_DEVICE/Target/usbd_conf.c.obj
                0x000000000800a200                HAL_PCD_ISOOUTIncompleteCallback
 .text.HAL_PCD_ISOINIncompleteCallback
                0x000000000800a224       0x24 CMakeFiles/accelerotor.elf.dir/USB_DEVICE/Target/usbd_conf.c.obj
                0x000000000800a224                HAL_PCD_ISOINIncompleteCallback
 .text.HAL_PCD_ConnectCallback
                0x000000000800a248       0x1c CMakeFiles/accelerotor.elf.dir/USB_DEVICE/Target/usbd_conf.c.obj
                0x000000000800a248                HAL_PCD_ConnectCallback
 .text.HAL_PCD_DisconnectCallback
                0x000000000800a264       0x1c CMakeFiles/accelerotor.elf.dir/USB_DEVICE/Target/usbd_conf.c.obj
                0x000000000800a264                HAL_PCD_DisconnectCallback
 .text.USBD_LL_Init
                0x000000000800a280       0x98 CMakeFiles/accelerotor.elf.dir/USB_DEVICE/Target/usbd_conf.c.obj
                0x000000000800a280                USBD_LL_Init
 .text.USBD_LL_Start
                0x000000000800a318       0x36 CMakeFiles/accelerotor.elf.dir/USB_DEVICE/Target/usbd_conf.c.obj
                0x000000000800a318                USBD_LL_Start
 .text.USBD_LL_OpenEP
                0x000000000800a34e       0x4c CMakeFiles/accelerotor.elf.dir/USB_DEVICE/Target/usbd_conf.c.obj
                0x000000000800a34e                USBD_LL_OpenEP
 .text.USBD_LL_CloseEP
                0x000000000800a39a       0x3e CMakeFiles/accelerotor.elf.dir/USB_DEVICE/Target/usbd_conf.c.obj
                0x000000000800a39a                USBD_LL_CloseEP
 .text.USBD_LL_StallEP
                0x000000000800a3d8       0x3e CMakeFiles/accelerotor.elf.dir/USB_DEVICE/Target/usbd_conf.c.obj
                0x000000000800a3d8                USBD_LL_StallEP
 .text.USBD_LL_ClearStallEP
                0x000000000800a416       0x3e CMakeFiles/accelerotor.elf.dir/USB_DEVICE/Target/usbd_conf.c.obj
                0x000000000800a416                USBD_LL_ClearStallEP
 .text.USBD_LL_IsStallEP
                0x000000000800a454       0x56 CMakeFiles/accelerotor.elf.dir/USB_DEVICE/Target/usbd_conf.c.obj
                0x000000000800a454                USBD_LL_IsStallEP
 .text.USBD_LL_SetUSBAddress
                0x000000000800a4aa       0x3e CMakeFiles/accelerotor.elf.dir/USB_DEVICE/Target/usbd_conf.c.obj
                0x000000000800a4aa                USBD_LL_SetUSBAddress
 .text.USBD_LL_Transmit
                0x000000000800a4e8       0x42 CMakeFiles/accelerotor.elf.dir/USB_DEVICE/Target/usbd_conf.c.obj
                0x000000000800a4e8                USBD_LL_Transmit
 .text.USBD_LL_PrepareReceive
                0x000000000800a52a       0x42 CMakeFiles/accelerotor.elf.dir/USB_DEVICE/Target/usbd_conf.c.obj
                0x000000000800a52a                USBD_LL_PrepareReceive
 .text.USBD_LL_GetRxDataSize
                0x000000000800a56c       0x26 CMakeFiles/accelerotor.elf.dir/USB_DEVICE/Target/usbd_conf.c.obj
                0x000000000800a56c                USBD_LL_GetRxDataSize
 *fill*         0x000000000800a592        0x2 
 .text.USBD_Get_USB_Status
                0x000000000800a594       0x58 CMakeFiles/accelerotor.elf.dir/USB_DEVICE/Target/usbd_conf.c.obj
                0x000000000800a594                USBD_Get_USB_Status
 .text.Reset_Handler
                0x000000000800a5ec       0x50 CMakeFiles/accelerotor.elf.dir/startup/startup_stm32f411xe.s.obj
                0x000000000800a5ec                Reset_Handler
 .text.Default_Handler
                0x000000000800a63c        0x2 CMakeFiles/accelerotor.elf.dir/startup/startup_stm32f411xe.s.obj
                0x000000000800a63c                RTC_Alarm_IRQHandler
                0x000000000800a63c                EXTI2_IRQHandler
                0x000000000800a63c                SPI4_IRQHandler
                0x000000000800a63c                TIM1_CC_IRQHandler
                0x000000000800a63c                DMA2_Stream5_IRQHandler
                0x000000000800a63c                PVD_IRQHandler
                0x000000000800a63c                SDIO_IRQHandler
                0x000000000800a63c                TAMP_STAMP_IRQHandler
                0x000000000800a63c                EXTI3_IRQHandler
                0x000000000800a63c                TIM1_UP_TIM10_IRQHandler
                0x000000000800a63c                I2C3_ER_IRQHandler
                0x000000000800a63c                EXTI0_IRQHandler
                0x000000000800a63c                I2C2_EV_IRQHandler
                0x000000000800a63c                DMA1_Stream2_IRQHandler
                0x000000000800a63c                FPU_IRQHandler
                0x000000000800a63c                TIM1_BRK_TIM9_IRQHandler
                0x000000000800a63c                DMA2_Stream3_IRQHandler
                0x000000000800a63c                USART6_IRQHandler
                0x000000000800a63c                TIM4_IRQHandler
                0x000000000800a63c                I2C1_EV_IRQHandler
                0x000000000800a63c                DMA1_Stream6_IRQHandler
                0x000000000800a63c                TIM3_IRQHandler
                0x000000000800a63c                RCC_IRQHandler
                0x000000000800a63c                Default_Handler
                0x000000000800a63c                EXTI15_10_IRQHandler
                0x000000000800a63c                ADC_IRQHandler
                0x000000000800a63c                DMA1_Stream7_IRQHandler
                0x000000000800a63c                SPI5_IRQHandler
                0x000000000800a63c                TIM5_IRQHandler
                0x000000000800a63c                DMA2_Stream7_IRQHandler
                0x000000000800a63c                I2C3_EV_IRQHandler
                0x000000000800a63c                EXTI9_5_IRQHandler
                0x000000000800a63c                RTC_WKUP_IRQHandler
                0x000000000800a63c                SPI2_IRQHandler
                0x000000000800a63c                EXTI4_IRQHandler
                0x000000000800a63c                WWDG_IRQHandler
                0x000000000800a63c                TIM2_IRQHandler
                0x000000000800a63c                OTG_FS_WKUP_IRQHandler
                0x000000000800a63c                TIM1_TRG_COM_TIM11_IRQHandler
                0x000000000800a63c                EXTI1_IRQHandler
                0x000000000800a63c                I2C2_ER_IRQHandler
                0x000000000800a63c                DMA2_Stream1_IRQHandler
                0x000000000800a63c                FLASH_IRQHandler
                0x000000000800a63c                DMA2_Stream4_IRQHandler
                0x000000000800a63c                USART1_IRQHandler
                0x000000000800a63c                SPI3_IRQHandler
                0x000000000800a63c                DMA1_Stream4_IRQHandler
                0x000000000800a63c                I2C1_ER_IRQHandler
                0x000000000800a63c                DMA2_Stream6_IRQHandler
 *(.glue_7)
 .glue_7        0x000000000800a63e        0x0 linker stubs
 *(.glue_7t)
 .glue_7t       0x000000000800a63e        0x0 linker stubs
 *(.eh_frame)
 *fill*         0x000000000800a63e        0x2 
 .eh_frame      0x000000000800a640        0x0 /usr/lib/gcc/arm-none-eabi/9.2.1/thumb/v7e-m/nofp/crtbegin.o
 *(.init)
 .init          0x000000000800a640        0x4 /usr/lib/gcc/arm-none-eabi/9.2.1/thumb/v7e-m/nofp/crti.o
                0x000000000800a640                _init
 .init          0x000000000800a644        0x8 /usr/lib/gcc/arm-none-eabi/9.2.1/thumb/v7e-m/nofp/crtn.o
 *(.fini)
 .fini          0x000000000800a64c        0x4 /usr/lib/gcc/arm-none-eabi/9.2.1/thumb/v7e-m/nofp/crti.o
                0x000000000800a64c                _fini
 .fini          0x000000000800a650        0x8 /usr/lib/gcc/arm-none-eabi/9.2.1/thumb/v7e-m/nofp/crtn.o
                0x000000000800a658                . = ALIGN (0x4)
                0x000000000800a658                _etext = .

.vfp11_veneer   0x000000000800a658        0x0
 .vfp11_veneer  0x000000000800a658        0x0 linker stubs

.v4_bx          0x000000000800a658        0x0
 .v4_bx         0x000000000800a658        0x0 linker stubs

.iplt           0x000000000800a658        0x0
 .iplt          0x000000000800a658        0x0 /usr/lib/gcc/arm-none-eabi/9.2.1/thumb/v7e-m/nofp/crtbegin.o

.rodata         0x000000000800a658       0xb4
                0x000000000800a658                . = ALIGN (0x4)
 *(.rodata)
 .rodata        0x000000000800a658        0xd CMakeFiles/accelerotor.elf.dir/Core/Src/main.c.obj
 *fill*         0x000000000800a665        0x3 
 .rodata        0x000000000800a668       0x46 CMakeFiles/accelerotor.elf.dir/USB_DEVICE/App/usbd_desc.c.obj
 *(.rodata*)
 *fill*         0x000000000800a6ae        0x2 
 .rodata.AHBPrescTable
                0x000000000800a6b0       0x10 CMakeFiles/accelerotor.elf.dir/Core/Src/system_stm32f4xx.c.obj
                0x000000000800a6b0                AHBPrescTable
 .rodata.APBPrescTable
                0x000000000800a6c0        0x8 CMakeFiles/accelerotor.elf.dir/Core/Src/system_stm32f4xx.c.obj
                0x000000000800a6c0                APBPrescTable
 .rodata.flagBitshiftOffset.7175
                0x000000000800a6c8        0x8 CMakeFiles/accelerotor.elf.dir/Drivers/STM32F4xx_HAL_Driver/Src/stm32f4xx_hal_dma.c.obj
 .rodata.str1.4
                0x000000000800a6d0       0x13 /usr/lib/gcc/arm-none-eabi/9.2.1/../../../arm-none-eabi/lib/thumb/v7e-m/nofp/libg_nano.a(lib_a-nano-svfprintf.o)
 *fill*         0x000000000800a6e3        0x1 
 .rodata.str1.4
                0x000000000800a6e4       0x25 /usr/lib/gcc/arm-none-eabi/9.2.1/../../../arm-none-eabi/lib/thumb/v7e-m/nofp/libg_nano.a(lib_a-nano-vfprintf_i.o)
                0x000000000800a70c                . = ALIGN (0x4)
 *fill*         0x000000000800a709        0x3 

.ARM.extab
 *(.ARM.extab* .gnu.linkonce.armextab.*)

.ARM            0x000000000800a70c        0x8
                0x000000000800a70c                __exidx_start = .
 *(.ARM.exidx*)
 .ARM.exidx     0x000000000800a70c        0x8 /usr/lib/gcc/arm-none-eabi/9.2.1/thumb/v7e-m/nofp/libgcc.a(_udivmoddi4.o)
                0x000000000800a714                __exidx_end = .

.rel.dyn        0x000000000800a714        0x0
 .rel.iplt      0x000000000800a714        0x0 /usr/lib/gcc/arm-none-eabi/9.2.1/thumb/v7e-m/nofp/crtbegin.o

.preinit_array  0x000000000800a714        0x0
                0x000000000800a714                PROVIDE (__preinit_array_start = .)
 *(.preinit_array*)
                0x000000000800a714                PROVIDE (__preinit_array_end = .)

.init_array     0x000000000800a714        0x4
                0x000000000800a714                PROVIDE (__init_array_start = .)
 *(SORT_BY_NAME(.init_array.*))
 *(.init_array*)
 .init_array    0x000000000800a714        0x4 /usr/lib/gcc/arm-none-eabi/9.2.1/thumb/v7e-m/nofp/crtbegin.o
                0x000000000800a718                PROVIDE (__init_array_end = .)

.fini_array     0x000000000800a718        0x4
                0x000000000800a718                PROVIDE (__fini_array_start = .)
 *(SORT_BY_NAME(.fini_array.*))
 *(.fini_array*)
 .fini_array    0x000000000800a718        0x4 /usr/lib/gcc/arm-none-eabi/9.2.1/thumb/v7e-m/nofp/crtbegin.o
                0x000000000800a71c                PROVIDE (__fini_array_end = .)
                0x000000000800a71c                _sidata = LOADADDR (.data)

.data           0x0000000020000000      0x1e4 load address 0x000000000800a71c
                0x0000000020000000                . = ALIGN (0x4)
                0x0000000020000000                _sdata = .
 *(.data)
 .data          0x0000000020000000       0x64 /usr/lib/gcc/arm-none-eabi/9.2.1/../../../arm-none-eabi/lib/thumb/v7e-m/nofp/libg_nano.a(lib_a-impure.o)
                0x0000000020000000                _impure_ptr
 *(.data*)
 .data.SystemCoreClock
                0x0000000020000064        0x4 CMakeFiles/accelerotor.elf.dir/Core/Src/system_stm32f4xx.c.obj
                0x0000000020000064                SystemCoreClock
 .data.uwTickPrio
                0x0000000020000068        0x4 CMakeFiles/accelerotor.elf.dir/Drivers/STM32F4xx_HAL_Driver/Src/stm32f4xx_hal.c.obj
                0x0000000020000068                uwTickPrio
 .data.uwTickFreq
                0x000000002000006c        0x1 CMakeFiles/accelerotor.elf.dir/Drivers/STM32F4xx_HAL_Driver/Src/stm32f4xx_hal.c.obj
                0x000000002000006c                uwTickFreq
 *fill*         0x000000002000006d        0x3 
 .data.USBD_CDC_DeviceQualifierDesc
                0x0000000020000070        0xa CMakeFiles/accelerotor.elf.dir/Middlewares/ST/STM32_USB_Device_Library/Class/CDC/Src/usbd_cdc.c.obj
 *fill*         0x000000002000007a        0x2 
 .data.USBD_CDC
                0x000000002000007c       0x38 CMakeFiles/accelerotor.elf.dir/Middlewares/ST/STM32_USB_Device_Library/Class/CDC/Src/usbd_cdc.c.obj
                0x000000002000007c                USBD_CDC
 .data.USBD_CDC_CfgHSDesc
                0x00000000200000b4       0x43 CMakeFiles/accelerotor.elf.dir/Middlewares/ST/STM32_USB_Device_Library/Class/CDC/Src/usbd_cdc.c.obj
 *fill*         0x00000000200000f7        0x1 
 .data.USBD_CDC_CfgFSDesc
                0x00000000200000f8       0x43 CMakeFiles/accelerotor.elf.dir/Middlewares/ST/STM32_USB_Device_Library/Class/CDC/Src/usbd_cdc.c.obj
 *fill*         0x000000002000013b        0x1 
 .data.USBD_CDC_OtherSpeedCfgDesc
                0x000000002000013c       0x43 CMakeFiles/accelerotor.elf.dir/Middlewares/ST/STM32_USB_Device_Library/Class/CDC/Src/usbd_cdc.c.obj
 *fill*         0x000000002000017f        0x1 
 .data.USBD_Interface_fops_FS
                0x0000000020000180       0x14 CMakeFiles/accelerotor.elf.dir/USB_DEVICE/App/usbd_cdc_if.c.obj
                0x0000000020000180                USBD_Interface_fops_FS
 .data.FS_Desc  0x0000000020000194       0x1c CMakeFiles/accelerotor.elf.dir/USB_DEVICE/App/usbd_desc.c.obj
                0x0000000020000194                FS_Desc
 .data.USBD_FS_DeviceDesc
                0x00000000200001b0       0x12 CMakeFiles/accelerotor.elf.dir/USB_DEVICE/App/usbd_desc.c.obj
                0x00000000200001b0                USBD_FS_DeviceDesc
 *fill*         0x00000000200001c2        0x2 
 .data.USBD_LangIDDesc
                0x00000000200001c4        0x4 CMakeFiles/accelerotor.elf.dir/USB_DEVICE/App/usbd_desc.c.obj
                0x00000000200001c4                USBD_LangIDDesc
 .data.USBD_StringSerial
                0x00000000200001c8       0x1a CMakeFiles/accelerotor.elf.dir/USB_DEVICE/App/usbd_desc.c.obj
                0x00000000200001c8                USBD_StringSerial
                0x00000000200001e4                . = ALIGN (0x4)
 *fill*         0x00000000200001e2        0x2 
                0x00000000200001e4                _edata = .

.tm_clone_table
                0x00000000200001e4        0x0 load address 0x000000000800a900
 .tm_clone_table
                0x00000000200001e4        0x0 /usr/lib/gcc/arm-none-eabi/9.2.1/thumb/v7e-m/nofp/crtbegin.o
 .tm_clone_table
                0x00000000200001e4        0x0 /usr/lib/gcc/arm-none-eabi/9.2.1/thumb/v7e-m/nofp/crtend.o

.igot.plt       0x00000000200001e4        0x0 load address 0x000000000800a900
 .igot.plt      0x00000000200001e4        0x0 /usr/lib/gcc/arm-none-eabi/9.2.1/thumb/v7e-m/nofp/crtbegin.o
                0x00000000200001e4                . = ALIGN (0x4)

.bss            0x00000000200001e4     0x1cc0 load address 0x000000000800a900
                0x00000000200001e4                _sbss = .
                0x00000000200001e4                __bss_start__ = _sbss
 *(.bss)
 .bss           0x00000000200001e4       0x1c /usr/lib/gcc/arm-none-eabi/9.2.1/thumb/v7e-m/nofp/crtbegin.o
 .bss           0x0000000020000200        0x8 /usr/lib/gcc/arm-none-eabi/9.2.1/../../../arm-none-eabi/lib/thumb/v7e-m/nofp/libg_nano.a(lib_a-nano-mallocr.o)
                0x0000000020000200                __malloc_free_list
                0x0000000020000204                __malloc_sbrk_start
 *(.bss*)
 .bss.MPU6000_busy
                0x0000000020000208        0x1 CMakeFiles/accelerotor.elf.dir/Core/Src/main.c.obj
                0x0000000020000208                MPU6000_busy
 .bss.MPU6000_gyro_read_flag
                0x0000000020000209        0x1 CMakeFiles/accelerotor.elf.dir/Core/Src/main.c.obj
                0x0000000020000209                MPU6000_gyro_read_flag
 *fill*         0x000000002000020a        0x2 
 .bss.MPU6000_tx_buffer
                0x000000002000020c        0xa CMakeFiles/accelerotor.elf.dir/Core/Src/main.c.obj
                0x000000002000020c                MPU6000_tx_buffer
 *fill*         0x0000000020000216        0x2 
 .bss.MPU6000_rx_buffer
                0x0000000020000218        0xa CMakeFiles/accelerotor.elf.dir/Core/Src/main.c.obj
                0x0000000020000218                MPU6000_rx_buffer
 *fill*         0x0000000020000222        0x2 
 .bss.hspi1     0x0000000020000224       0x58 CMakeFiles/accelerotor.elf.dir/Core/Src/main.c.obj
                0x0000000020000224                hspi1
 .bss.hdma_spi1_rx
                0x000000002000027c       0x60 CMakeFiles/accelerotor.elf.dir/Core/Src/main.c.obj
                0x000000002000027c                hdma_spi1_rx
 .bss.hdma_spi1_tx
                0x00000000200002dc       0x60 CMakeFiles/accelerotor.elf.dir/Core/Src/main.c.obj
                0x00000000200002dc                hdma_spi1_tx
 .bss.htim2     0x000000002000033c       0x40 CMakeFiles/accelerotor.elf.dir/Core/Src/main.c.obj
                0x000000002000033c                htim2
 .bss.htim4     0x000000002000037c       0x40 CMakeFiles/accelerotor.elf.dir/Core/Src/main.c.obj
                0x000000002000037c                htim4
 .bss.hdma_tim2_ch1
                0x00000000200003bc       0x60 CMakeFiles/accelerotor.elf.dir/Core/Src/main.c.obj
                0x00000000200003bc                hdma_tim2_ch1
 .bss.hdma_tim2_ch3_up
                0x000000002000041c       0x60 CMakeFiles/accelerotor.elf.dir/Core/Src/main.c.obj
                0x000000002000041c                hdma_tim2_ch3_up
 .bss.hdma_tim4_ch1
                0x000000002000047c       0x60 CMakeFiles/accelerotor.elf.dir/Core/Src/main.c.obj
                0x000000002000047c                hdma_tim4_ch1
 .bss.hdma_tim4_ch2
                0x00000000200004dc       0x60 CMakeFiles/accelerotor.elf.dir/Core/Src/main.c.obj
                0x00000000200004dc                hdma_tim4_ch2
 .bss.huart2    0x000000002000053c       0x40 CMakeFiles/accelerotor.elf.dir/Core/Src/main.c.obj
                0x000000002000053c                huart2
 .bss.SBUSBuffer
                0x000000002000057c       0x19 CMakeFiles/accelerotor.elf.dir/Core/Src/main.c.obj
                0x000000002000057c                SBUSBuffer
 *fill*         0x0000000020000595        0x3 
 .bss.SBUSChannelValues
                0x0000000020000598       0x24 CMakeFiles/accelerotor.elf.dir/Core/Src/main.c.obj
                0x0000000020000598                SBUSChannelValues
 .bss.heap_end.6004
                0x00000000200005bc        0x4 CMakeFiles/accelerotor.elf.dir/Core/Src/syscalls.c.obj
 .bss.uwTick    0x00000000200005c0        0x4 CMakeFiles/accelerotor.elf.dir/Drivers/STM32F4xx_HAL_Driver/Src/stm32f4xx_hal.c.obj
                0x00000000200005c0                uwTick
 .bss.cfgidx.9107
                0x00000000200005c4        0x1 CMakeFiles/accelerotor.elf.dir/Middlewares/ST/STM32_USB_Device_Library/Core/Src/usbd_ctlreq.c.obj
 *fill*         0x00000000200005c5        0x3 
 .bss.hUsbDeviceFS
                0x00000000200005c8      0x2d0 CMakeFiles/accelerotor.elf.dir/USB_DEVICE/App/usb_device.c.obj
                0x00000000200005c8                hUsbDeviceFS
 .bss.UserRxBufferFS
                0x0000000020000898      0x800 CMakeFiles/accelerotor.elf.dir/USB_DEVICE/App/usbd_cdc_if.c.obj
                0x0000000020000898                UserRxBufferFS
 .bss.UserTxBufferFS
                0x0000000020001098      0x800 CMakeFiles/accelerotor.elf.dir/USB_DEVICE/App/usbd_cdc_if.c.obj
                0x0000000020001098                UserTxBufferFS
 .bss.USBD_StrDesc
                0x0000000020001898      0x200 CMakeFiles/accelerotor.elf.dir/USB_DEVICE/App/usbd_desc.c.obj
                0x0000000020001898                USBD_StrDesc
 .bss.hpcd_USB_OTG_FS
                0x0000000020001a98      0x408 CMakeFiles/accelerotor.elf.dir/USB_DEVICE/Target/usbd_conf.c.obj
                0x0000000020001a98                hpcd_USB_OTG_FS
 *(COMMON)
 COMMON         0x0000000020001ea0        0x4 /usr/lib/gcc/arm-none-eabi/9.2.1/../../../arm-none-eabi/lib/thumb/v7e-m/nofp/libg_nano.a(lib_a-reent.o)
                0x0000000020001ea0                errno
                0x0000000020001ea4                . = ALIGN (0x4)
                0x0000000020001ea4                _ebss = .
                0x0000000020001ea4                __bss_end__ = _ebss

._user_heap_stack
                0x0000000020001ea4      0x604 load address 0x000000000800a900
                0x0000000020001ea8                . = ALIGN (0x8)
 *fill*         0x0000000020001ea4        0x4 
                0x0000000020001ea8                PROVIDE (end = .)
                [!provide]                        PROVIDE (_end = .)
                0x00000000200020a8                . = (. + _Min_Heap_Size)
 *fill*         0x0000000020001ea8      0x200 
                0x00000000200024a8                . = (. + _Min_Stack_Size)
 *fill*         0x00000000200020a8      0x400 
                0x00000000200024a8                . = ALIGN (0x8)

/DISCARD/
 libc.a(*)
 libm.a(*)
 libgcc.a(*)

.ARM.attributes
                0x0000000000000000       0x2a
 *(.ARM.attributes)
 .ARM.attributes
                0x0000000000000000       0x1e /usr/lib/gcc/arm-none-eabi/9.2.1/thumb/v7e-m/nofp/crti.o
 .ARM.attributes
                0x000000000000001e       0x2e /usr/lib/gcc/arm-none-eabi/9.2.1/thumb/v7e-m/nofp/crtbegin.o
 .ARM.attributes
                0x000000000000004c       0x2e CMakeFiles/accelerotor.elf.dir/Core/Src/main.c.obj
 .ARM.attributes
                0x000000000000007a       0x2e CMakeFiles/accelerotor.elf.dir/Core/Src/stm32f4xx_hal_msp.c.obj
 .ARM.attributes
                0x00000000000000a8       0x2e CMakeFiles/accelerotor.elf.dir/Core/Src/stm32f4xx_it.c.obj
 .ARM.attributes
                0x00000000000000d6       0x2e CMakeFiles/accelerotor.elf.dir/Core/Src/syscalls.c.obj
 .ARM.attributes
                0x0000000000000104       0x2e CMakeFiles/accelerotor.elf.dir/Core/Src/system_stm32f4xx.c.obj
 .ARM.attributes
                0x0000000000000132       0x2e CMakeFiles/accelerotor.elf.dir/Drivers/STM32F4xx_HAL_Driver/Src/stm32f4xx_hal.c.obj
 .ARM.attributes
                0x0000000000000160       0x2e CMakeFiles/accelerotor.elf.dir/Drivers/STM32F4xx_HAL_Driver/Src/stm32f4xx_hal_cortex.c.obj
 .ARM.attributes
                0x000000000000018e       0x2e CMakeFiles/accelerotor.elf.dir/Drivers/STM32F4xx_HAL_Driver/Src/stm32f4xx_hal_dma.c.obj
 .ARM.attributes
                0x00000000000001bc       0x2e CMakeFiles/accelerotor.elf.dir/Drivers/STM32F4xx_HAL_Driver/Src/stm32f4xx_hal_gpio.c.obj
 .ARM.attributes
                0x00000000000001ea       0x2e CMakeFiles/accelerotor.elf.dir/Drivers/STM32F4xx_HAL_Driver/Src/stm32f4xx_hal_pcd.c.obj
 .ARM.attributes
                0x0000000000000218       0x2e CMakeFiles/accelerotor.elf.dir/Drivers/STM32F4xx_HAL_Driver/Src/stm32f4xx_hal_pcd_ex.c.obj
 .ARM.attributes
                0x0000000000000246       0x2e CMakeFiles/accelerotor.elf.dir/Drivers/STM32F4xx_HAL_Driver/Src/stm32f4xx_hal_rcc.c.obj
 .ARM.attributes
                0x0000000000000274       0x2e CMakeFiles/accelerotor.elf.dir/Drivers/STM32F4xx_HAL_Driver/Src/stm32f4xx_hal_spi.c.obj
 .ARM.attributes
                0x00000000000002a2       0x2e CMakeFiles/accelerotor.elf.dir/Drivers/STM32F4xx_HAL_Driver/Src/stm32f4xx_hal_tim.c.obj
 .ARM.attributes
                0x00000000000002d0       0x2e CMakeFiles/accelerotor.elf.dir/Drivers/STM32F4xx_HAL_Driver/Src/stm32f4xx_hal_tim_ex.c.obj
 .ARM.attributes
                0x00000000000002fe       0x2e CMakeFiles/accelerotor.elf.dir/Drivers/STM32F4xx_HAL_Driver/Src/stm32f4xx_hal_uart.c.obj
 .ARM.attributes
                0x000000000000032c       0x2e CMakeFiles/accelerotor.elf.dir/Drivers/STM32F4xx_HAL_Driver/Src/stm32f4xx_ll_usb.c.obj
 .ARM.attributes
                0x000000000000035a       0x2e CMakeFiles/accelerotor.elf.dir/Middlewares/ST/STM32_USB_Device_Library/Class/CDC/Src/usbd_cdc.c.obj
 .ARM.attributes
                0x0000000000000388       0x2e CMakeFiles/accelerotor.elf.dir/Middlewares/ST/STM32_USB_Device_Library/Core/Src/usbd_core.c.obj
 .ARM.attributes
                0x00000000000003b6       0x2e CMakeFiles/accelerotor.elf.dir/Middlewares/ST/STM32_USB_Device_Library/Core/Src/usbd_ctlreq.c.obj
 .ARM.attributes
                0x00000000000003e4       0x2e CMakeFiles/accelerotor.elf.dir/Middlewares/ST/STM32_USB_Device_Library/Core/Src/usbd_ioreq.c.obj
 .ARM.attributes
                0x0000000000000412       0x2e CMakeFiles/accelerotor.elf.dir/USB_DEVICE/App/usb_device.c.obj
 .ARM.attributes
                0x0000000000000440       0x2e CMakeFiles/accelerotor.elf.dir/USB_DEVICE/App/usbd_cdc_if.c.obj
 .ARM.attributes
                0x000000000000046e       0x2e CMakeFiles/accelerotor.elf.dir/USB_DEVICE/App/usbd_desc.c.obj
 .ARM.attributes
                0x000000000000049c       0x2e CMakeFiles/accelerotor.elf.dir/USB_DEVICE/Target/usbd_conf.c.obj
 .ARM.attributes
                0x00000000000004ca       0x21 CMakeFiles/accelerotor.elf.dir/startup/startup_stm32f411xe.s.obj
 .ARM.attributes
                0x00000000000004eb       0x1e /usr/lib/gcc/arm-none-eabi/9.2.1/thumb/v7e-m/nofp/libgcc.a(_aeabi_uldivmod.o)
 .ARM.attributes
                0x0000000000000509       0x2e /usr/lib/gcc/arm-none-eabi/9.2.1/thumb/v7e-m/nofp/libgcc.a(_udivmoddi4.o)
 .ARM.attributes
                0x0000000000000537       0x1e /usr/lib/gcc/arm-none-eabi/9.2.1/thumb/v7e-m/nofp/libgcc.a(_dvmd_tls.o)
 .ARM.attributes
                0x0000000000000555       0x2e /usr/lib/gcc/arm-none-eabi/9.2.1/../../../arm-none-eabi/lib/thumb/v7e-m/nofp/libg_nano.a(lib_a-errno.o)
 .ARM.attributes
                0x0000000000000583       0x2e /usr/lib/gcc/arm-none-eabi/9.2.1/../../../arm-none-eabi/lib/thumb/v7e-m/nofp/libg_nano.a(lib_a-impure.o)
 .ARM.attributes
                0x00000000000005b1       0x2e /usr/lib/gcc/arm-none-eabi/9.2.1/../../../arm-none-eabi/lib/thumb/v7e-m/nofp/libg_nano.a(lib_a-init.o)
 .ARM.attributes
                0x00000000000005df       0x2e /usr/lib/gcc/arm-none-eabi/9.2.1/../../../arm-none-eabi/lib/thumb/v7e-m/nofp/libg_nano.a(lib_a-malloc.o)
 .ARM.attributes
                0x000000000000060d       0x2e /usr/lib/gcc/arm-none-eabi/9.2.1/../../../arm-none-eabi/lib/thumb/v7e-m/nofp/libg_nano.a(lib_a-memset.o)
 .ARM.attributes
                0x000000000000063b       0x2e /usr/lib/gcc/arm-none-eabi/9.2.1/../../../arm-none-eabi/lib/thumb/v7e-m/nofp/libg_nano.a(lib_a-nano-freer.o)
 .ARM.attributes
                0x0000000000000669       0x2e /usr/lib/gcc/arm-none-eabi/9.2.1/../../../arm-none-eabi/lib/thumb/v7e-m/nofp/libg_nano.a(lib_a-nano-mallocr.o)
 .ARM.attributes
                0x0000000000000697       0x2e /usr/lib/gcc/arm-none-eabi/9.2.1/../../../arm-none-eabi/lib/thumb/v7e-m/nofp/libg_nano.a(lib_a-sbrkr.o)
 .ARM.attributes
                0x00000000000006c5       0x2e /usr/lib/gcc/arm-none-eabi/9.2.1/../../../arm-none-eabi/lib/thumb/v7e-m/nofp/libg_nano.a(lib_a-sprintf.o)
 .ARM.attributes
                0x00000000000006f3       0x2e /usr/lib/gcc/arm-none-eabi/9.2.1/../../../arm-none-eabi/lib/thumb/v7e-m/nofp/libg_nano.a(lib_a-mlock.o)
 .ARM.attributes
                0x0000000000000721       0x2e /usr/lib/gcc/arm-none-eabi/9.2.1/../../../arm-none-eabi/lib/thumb/v7e-m/nofp/libg_nano.a(lib_a-nano-svfprintf.o)
 .ARM.attributes
                0x000000000000074f       0x2e /usr/lib/gcc/arm-none-eabi/9.2.1/../../../arm-none-eabi/lib/thumb/v7e-m/nofp/libg_nano.a(lib_a-nano-vfprintf_i.o)
 .ARM.attributes
                0x000000000000077d       0x2e /usr/lib/gcc/arm-none-eabi/9.2.1/../../../arm-none-eabi/lib/thumb/v7e-m/nofp/libg_nano.a(lib_a-reent.o)
 .ARM.attributes
                0x00000000000007ab       0x1c /usr/lib/gcc/arm-none-eabi/9.2.1/../../../arm-none-eabi/lib/thumb/v7e-m/nofp/libg_nano.a(lib_a-memchr.o)
 .ARM.attributes
                0x00000000000007c7       0x1c /usr/lib/gcc/arm-none-eabi/9.2.1/../../../arm-none-eabi/lib/thumb/v7e-m/nofp/libg_nano.a(lib_a-memcpy.o)
 .ARM.attributes
                0x00000000000007e3       0x2e /usr/lib/gcc/arm-none-eabi/9.2.1/../../../arm-none-eabi/lib/thumb/v7e-m/nofp/libg_nano.a(lib_a-memmove.o)
 .ARM.attributes
                0x0000000000000811       0x2e /usr/lib/gcc/arm-none-eabi/9.2.1/../../../arm-none-eabi/lib/thumb/v7e-m/nofp/libg_nano.a(lib_a-nano-reallocr.o)
 .ARM.attributes
                0x000000000000083f       0x2e /usr/lib/gcc/arm-none-eabi/9.2.1/../../../arm-none-eabi/lib/thumb/v7e-m/nofp/libg_nano.a(lib_a-nano-msizer.o)
 .ARM.attributes
                0x000000000000086d       0x2e /usr/lib/gcc/arm-none-eabi/9.2.1/thumb/v7e-m/nofp/crtend.o
 .ARM.attributes
                0x000000000000089b       0x1e /usr/lib/gcc/arm-none-eabi/9.2.1/thumb/v7e-m/nofp/crtn.o
OUTPUT(accelerotor.elf elf32-littlearm)
LOAD linker stubs
LOAD /usr/lib/gcc/arm-none-eabi/9.2.1/../../../arm-none-eabi/lib/thumb/v7e-m/nofp/libc.a
LOAD /usr/lib/gcc/arm-none-eabi/9.2.1/../../../arm-none-eabi/lib/thumb/v7e-m/nofp/libm.a
LOAD /usr/lib/gcc/arm-none-eabi/9.2.1/thumb/v7e-m/nofp/libgcc.a

.comment        0x0000000000000000       0xa7
 .comment       0x0000000000000000       0x59 /usr/lib/gcc/arm-none-eabi/9.2.1/thumb/v7e-m/nofp/crtbegin.o
                                         0x5a (size before relaxing)
 .comment       0x0000000000000059       0x5a CMakeFiles/accelerotor.elf.dir/Core/Src/main.c.obj
 .comment       0x0000000000000059       0x5a CMakeFiles/accelerotor.elf.dir/Core/Src/stm32f4xx_hal_msp.c.obj
 .comment       0x0000000000000059       0x5a CMakeFiles/accelerotor.elf.dir/Core/Src/stm32f4xx_it.c.obj
 .comment       0x0000000000000059       0x5a CMakeFiles/accelerotor.elf.dir/Core/Src/syscalls.c.obj
 .comment       0x0000000000000059       0x5a CMakeFiles/accelerotor.elf.dir/Core/Src/system_stm32f4xx.c.obj
 .comment       0x0000000000000059       0x5a CMakeFiles/accelerotor.elf.dir/Drivers/STM32F4xx_HAL_Driver/Src/stm32f4xx_hal.c.obj
 .comment       0x0000000000000059       0x5a CMakeFiles/accelerotor.elf.dir/Drivers/STM32F4xx_HAL_Driver/Src/stm32f4xx_hal_cortex.c.obj
 .comment       0x0000000000000059       0x5a CMakeFiles/accelerotor.elf.dir/Drivers/STM32F4xx_HAL_Driver/Src/stm32f4xx_hal_dma.c.obj
 .comment       0x0000000000000059       0x5a CMakeFiles/accelerotor.elf.dir/Drivers/STM32F4xx_HAL_Driver/Src/stm32f4xx_hal_gpio.c.obj
 .comment       0x0000000000000059       0x5a CMakeFiles/accelerotor.elf.dir/Drivers/STM32F4xx_HAL_Driver/Src/stm32f4xx_hal_pcd.c.obj
 .comment       0x0000000000000059       0x5a CMakeFiles/accelerotor.elf.dir/Drivers/STM32F4xx_HAL_Driver/Src/stm32f4xx_hal_pcd_ex.c.obj
 .comment       0x0000000000000059       0x5a CMakeFiles/accelerotor.elf.dir/Drivers/STM32F4xx_HAL_Driver/Src/stm32f4xx_hal_rcc.c.obj
 .comment       0x0000000000000059       0x5a CMakeFiles/accelerotor.elf.dir/Drivers/STM32F4xx_HAL_Driver/Src/stm32f4xx_hal_spi.c.obj
 .comment       0x0000000000000059       0x5a CMakeFiles/accelerotor.elf.dir/Drivers/STM32F4xx_HAL_Driver/Src/stm32f4xx_hal_tim.c.obj
 .comment       0x0000000000000059       0x5a CMakeFiles/accelerotor.elf.dir/Drivers/STM32F4xx_HAL_Driver/Src/stm32f4xx_hal_tim_ex.c.obj
 .comment       0x0000000000000059       0x5a CMakeFiles/accelerotor.elf.dir/Drivers/STM32F4xx_HAL_Driver/Src/stm32f4xx_hal_uart.c.obj
 .comment       0x0000000000000059       0x5a CMakeFiles/accelerotor.elf.dir/Drivers/STM32F4xx_HAL_Driver/Src/stm32f4xx_ll_usb.c.obj
 .comment       0x0000000000000059       0x5a CMakeFiles/accelerotor.elf.dir/Middlewares/ST/STM32_USB_Device_Library/Class/CDC/Src/usbd_cdc.c.obj
 .comment       0x0000000000000059       0x5a CMakeFiles/accelerotor.elf.dir/Middlewares/ST/STM32_USB_Device_Library/Core/Src/usbd_core.c.obj
 .comment       0x0000000000000059       0x5a CMakeFiles/accelerotor.elf.dir/Middlewares/ST/STM32_USB_Device_Library/Core/Src/usbd_ctlreq.c.obj
 .comment       0x0000000000000059       0x5a CMakeFiles/accelerotor.elf.dir/Middlewares/ST/STM32_USB_Device_Library/Core/Src/usbd_ioreq.c.obj
 .comment       0x0000000000000059       0x5a CMakeFiles/accelerotor.elf.dir/USB_DEVICE/App/usb_device.c.obj
 .comment       0x0000000000000059       0x5a CMakeFiles/accelerotor.elf.dir/USB_DEVICE/App/usbd_cdc_if.c.obj
 .comment       0x0000000000000059       0x5a CMakeFiles/accelerotor.elf.dir/USB_DEVICE/App/usbd_desc.c.obj
 .comment       0x0000000000000059       0x5a CMakeFiles/accelerotor.elf.dir/USB_DEVICE/Target/usbd_conf.c.obj
 .comment       0x0000000000000059       0x5a /usr/lib/gcc/arm-none-eabi/9.2.1/thumb/v7e-m/nofp/libgcc.a(_udivmoddi4.o)
 .comment       0x0000000000000059       0x4e /usr/lib/gcc/arm-none-eabi/9.2.1/../../../arm-none-eabi/lib/thumb/v7e-m/nofp/libg_nano.a(lib_a-errno.o)
                                         0x4f (size before relaxing)
 .comment       0x00000000000000a7       0x4f /usr/lib/gcc/arm-none-eabi/9.2.1/../../../arm-none-eabi/lib/thumb/v7e-m/nofp/libg_nano.a(lib_a-impure.o)
 .comment       0x00000000000000a7       0x4f /usr/lib/gcc/arm-none-eabi/9.2.1/../../../arm-none-eabi/lib/thumb/v7e-m/nofp/libg_nano.a(lib_a-init.o)
 .comment       0x00000000000000a7       0x4f /usr/lib/gcc/arm-none-eabi/9.2.1/../../../arm-none-eabi/lib/thumb/v7e-m/nofp/libg_nano.a(lib_a-malloc.o)
 .comment       0x00000000000000a7       0x4f /usr/lib/gcc/arm-none-eabi/9.2.1/../../../arm-none-eabi/lib/thumb/v7e-m/nofp/libg_nano.a(lib_a-memset.o)
 .comment       0x00000000000000a7       0x4f /usr/lib/gcc/arm-none-eabi/9.2.1/../../../arm-none-eabi/lib/thumb/v7e-m/nofp/libg_nano.a(lib_a-nano-freer.o)
 .comment       0x00000000000000a7       0x4f /usr/lib/gcc/arm-none-eabi/9.2.1/../../../arm-none-eabi/lib/thumb/v7e-m/nofp/libg_nano.a(lib_a-nano-mallocr.o)
 .comment       0x00000000000000a7       0x4f /usr/lib/gcc/arm-none-eabi/9.2.1/../../../arm-none-eabi/lib/thumb/v7e-m/nofp/libg_nano.a(lib_a-sbrkr.o)
 .comment       0x00000000000000a7       0x4f /usr/lib/gcc/arm-none-eabi/9.2.1/../../../arm-none-eabi/lib/thumb/v7e-m/nofp/libg_nano.a(lib_a-sprintf.o)
 .comment       0x00000000000000a7       0x4f /usr/lib/gcc/arm-none-eabi/9.2.1/../../../arm-none-eabi/lib/thumb/v7e-m/nofp/libg_nano.a(lib_a-mlock.o)
 .comment       0x00000000000000a7       0x4f /usr/lib/gcc/arm-none-eabi/9.2.1/../../../arm-none-eabi/lib/thumb/v7e-m/nofp/libg_nano.a(lib_a-nano-svfprintf.o)
 .comment       0x00000000000000a7       0x4f /usr/lib/gcc/arm-none-eabi/9.2.1/../../../arm-none-eabi/lib/thumb/v7e-m/nofp/libg_nano.a(lib_a-nano-vfprintf_i.o)
 .comment       0x00000000000000a7       0x4f /usr/lib/gcc/arm-none-eabi/9.2.1/../../../arm-none-eabi/lib/thumb/v7e-m/nofp/libg_nano.a(lib_a-reent.o)
 .comment       0x00000000000000a7       0x4f /usr/lib/gcc/arm-none-eabi/9.2.1/../../../arm-none-eabi/lib/thumb/v7e-m/nofp/libg_nano.a(lib_a-memmove.o)