Archive member included to satisfy reference by file (symbol)

/usr/local/Cellar/gcc-arm-none-eabi/20160928/bin/../lib/gcc/arm-none-eabi/5.4.1/armv7e-m/libgcc.a(_aeabi_uldivmod.o)
                              CMakeFiles/accelerotor.elf.dir/Drivers/STM32F4xx_HAL_Driver/Src/stm32f4xx_hal_rcc.c.obj (__aeabi_uldivmod)
/usr/local/Cellar/gcc-arm-none-eabi/20160928/bin/../lib/gcc/arm-none-eabi/5.4.1/armv7e-m/libgcc.a(_udivmoddi4.o)
                              /usr/local/Cellar/gcc-arm-none-eabi/20160928/bin/../lib/gcc/arm-none-eabi/5.4.1/armv7e-m/libgcc.a(_aeabi_uldivmod.o) (__udivmoddi4)
/usr/local/Cellar/gcc-arm-none-eabi/20160928/bin/../lib/gcc/arm-none-eabi/5.4.1/armv7e-m/libgcc.a(_dvmd_tls.o)
                              /usr/local/Cellar/gcc-arm-none-eabi/20160928/bin/../lib/gcc/arm-none-eabi/5.4.1/armv7e-m/libgcc.a(_aeabi_uldivmod.o) (__aeabi_ldiv0)
/usr/local/Cellar/gcc-arm-none-eabi/20160928/bin/../lib/gcc/arm-none-eabi/5.4.1/../../../../arm-none-eabi/lib/armv7e-m/libg_nano.a(lib_a-errno.o)
                              CMakeFiles/accelerotor.elf.dir/Core/Src/syscalls.c.obj (__errno)
/usr/local/Cellar/gcc-arm-none-eabi/20160928/bin/../lib/gcc/arm-none-eabi/5.4.1/../../../../arm-none-eabi/lib/armv7e-m/libg_nano.a(lib_a-exit.o)
                              /usr/local/Cellar/gcc-arm-none-eabi/20160928/bin/../lib/gcc/arm-none-eabi/5.4.1/../../../../arm-none-eabi/lib/armv7e-m/crt0.o (exit)
/usr/local/Cellar/gcc-arm-none-eabi/20160928/bin/../lib/gcc/arm-none-eabi/5.4.1/../../../../arm-none-eabi/lib/armv7e-m/libg_nano.a(lib_a-impure.o)
                              /usr/local/Cellar/gcc-arm-none-eabi/20160928/bin/../lib/gcc/arm-none-eabi/5.4.1/../../../../arm-none-eabi/lib/armv7e-m/libg_nano.a(lib_a-exit.o) (_global_impure_ptr)
/usr/local/Cellar/gcc-arm-none-eabi/20160928/bin/../lib/gcc/arm-none-eabi/5.4.1/../../../../arm-none-eabi/lib/armv7e-m/libg_nano.a(lib_a-init.o)
                              /usr/local/Cellar/gcc-arm-none-eabi/20160928/bin/../lib/gcc/arm-none-eabi/5.4.1/../../../../arm-none-eabi/lib/armv7e-m/crt0.o (__libc_init_array)
/usr/local/Cellar/gcc-arm-none-eabi/20160928/bin/../lib/gcc/arm-none-eabi/5.4.1/../../../../arm-none-eabi/lib/armv7e-m/libg_nano.a(lib_a-malloc.o)
                              CMakeFiles/accelerotor.elf.dir/Middlewares/ST/STM32_USB_Device_Library/Class/CDC/Src/usbd_cdc.c.obj (malloc)
/usr/local/Cellar/gcc-arm-none-eabi/20160928/bin/../lib/gcc/arm-none-eabi/5.4.1/../../../../arm-none-eabi/lib/armv7e-m/libg_nano.a(lib_a-memset.o)
                              /usr/local/Cellar/gcc-arm-none-eabi/20160928/bin/../lib/gcc/arm-none-eabi/5.4.1/../../../../arm-none-eabi/lib/armv7e-m/crt0.o (memset)
/usr/local/Cellar/gcc-arm-none-eabi/20160928/bin/../lib/gcc/arm-none-eabi/5.4.1/../../../../arm-none-eabi/lib/armv7e-m/libg_nano.a(lib_a-nano-freer.o)
                              /usr/local/Cellar/gcc-arm-none-eabi/20160928/bin/../lib/gcc/arm-none-eabi/5.4.1/../../../../arm-none-eabi/lib/armv7e-m/libg_nano.a(lib_a-malloc.o) (_free_r)
/usr/local/Cellar/gcc-arm-none-eabi/20160928/bin/../lib/gcc/arm-none-eabi/5.4.1/../../../../arm-none-eabi/lib/armv7e-m/libg_nano.a(lib_a-nano-mallocr.o)
                              /usr/local/Cellar/gcc-arm-none-eabi/20160928/bin/../lib/gcc/arm-none-eabi/5.4.1/../../../../arm-none-eabi/lib/armv7e-m/libg_nano.a(lib_a-malloc.o) (_malloc_r)
/usr/local/Cellar/gcc-arm-none-eabi/20160928/bin/../lib/gcc/arm-none-eabi/5.4.1/../../../../arm-none-eabi/lib/armv7e-m/libg_nano.a(lib_a-sbrkr.o)
                              /usr/local/Cellar/gcc-arm-none-eabi/20160928/bin/../lib/gcc/arm-none-eabi/5.4.1/../../../../arm-none-eabi/lib/armv7e-m/libg_nano.a(lib_a-nano-mallocr.o) (_sbrk_r)
/usr/local/Cellar/gcc-arm-none-eabi/20160928/bin/../lib/gcc/arm-none-eabi/5.4.1/../../../../arm-none-eabi/lib/armv7e-m/libg_nano.a(lib_a-mlock.o)
                              /usr/local/Cellar/gcc-arm-none-eabi/20160928/bin/../lib/gcc/arm-none-eabi/5.4.1/../../../../arm-none-eabi/lib/armv7e-m/libg_nano.a(lib_a-nano-freer.o) (__malloc_lock)
/usr/local/Cellar/gcc-arm-none-eabi/20160928/bin/../lib/gcc/arm-none-eabi/5.4.1/../../../../arm-none-eabi/lib/armv7e-m/libg_nano.a(lib_a-reent.o)
                              /usr/local/Cellar/gcc-arm-none-eabi/20160928/bin/../lib/gcc/arm-none-eabi/5.4.1/../../../../arm-none-eabi/lib/armv7e-m/libg_nano.a(lib_a-sbrkr.o) (errno)

Allocating common symbols
Common symbol       size              file

errno               0x4               /usr/local/Cellar/gcc-arm-none-eabi/20160928/bin/../lib/gcc/arm-none-eabi/5.4.1/../../../../arm-none-eabi/lib/armv7e-m/libg_nano.a(lib_a-reent.o)

Discarded input sections

 .text          0x0000000000000000        0x0 /usr/local/Cellar/gcc-arm-none-eabi/20160928/bin/../lib/gcc/arm-none-eabi/5.4.1/armv7e-m/crti.o
 .data          0x0000000000000000        0x0 /usr/local/Cellar/gcc-arm-none-eabi/20160928/bin/../lib/gcc/arm-none-eabi/5.4.1/armv7e-m/crti.o
[...]
Memory Configuration

Name             Origin             Length             Attributes
RAM              0x0000000020000000 0x0000000000020000 xrw
FLASH            0x0000000008000000 0x0000000000080000 xr
*default*        0x0000000000000000 0xffffffffffffffff

Linker script and memory map

LOAD /usr/local/Cellar/gcc-arm-none-eabi/20160928/bin/../lib/gcc/arm-none-eabi/5.4.1/armv7e-m/crti.o
LOAD /usr/local/Cellar/gcc-arm-none-eabi/20160928/bin/../lib/gcc/arm-none-eabi/5.4.1/armv7e-m/crtbegin.o
LOAD /usr/local/Cellar/gcc-arm-none-eabi/20160928/bin/../lib/gcc/arm-none-eabi/5.4.1/../../../../arm-none-eabi/lib/armv7e-m/crt0.o
LOAD CMakeFiles/accelerotor.elf.dir/Core/Src/main.c.obj
LOAD CMakeFiles/accelerotor.elf.dir/Core/Src/stm32f4xx_hal_msp.c.obj
LOAD CMakeFiles/accelerotor.elf.dir/Core/Src/stm32f4xx_it.c.obj
LOAD CMakeFiles/accelerotor.elf.dir/Core/Src/syscalls.c.obj
LOAD CMakeFiles/accelerotor.elf.dir/Core/Src/system_stm32f4xx.c.obj
LOAD CMakeFiles/accelerotor.elf.dir/Drivers/STM32F4xx_HAL_Driver/Src/stm32f4xx_hal.c.obj
LOAD CMakeFiles/accelerotor.elf.dir/Drivers/STM32F4xx_HAL_Driver/Src/stm32f4xx_hal_cortex.c.obj
LOAD CMakeFiles/accelerotor.elf.dir/Drivers/STM32F4xx_HAL_Driver/Src/stm32f4xx_hal_dma.c.obj
LOAD CMakeFiles/accelerotor.elf.dir/Drivers/STM32F4xx_HAL_Driver/Src/stm32f4xx_hal_dma_ex.c.obj
LOAD CMakeFiles/accelerotor.elf.dir/Drivers/STM32F4xx_HAL_Driver/Src/stm32f4xx_hal_exti.c.obj
LOAD CMakeFiles/accelerotor.elf.dir/Drivers/STM32F4xx_HAL_Driver/Src/stm32f4xx_hal_flash.c.obj
LOAD CMakeFiles/accelerotor.elf.dir/Drivers/STM32F4xx_HAL_Driver/Src/stm32f4xx_hal_flash_ex.c.obj
LOAD CMakeFiles/accelerotor.elf.dir/Drivers/STM32F4xx_HAL_Driver/Src/stm32f4xx_hal_flash_ramfunc.c.obj
LOAD CMakeFiles/accelerotor.elf.dir/Drivers/STM32F4xx_HAL_Driver/Src/stm32f4xx_hal_gpio.c.obj
LOAD CMakeFiles/accelerotor.elf.dir/Drivers/STM32F4xx_HAL_Driver/Src/stm32f4xx_hal_pcd.c.obj
LOAD CMakeFiles/accelerotor.elf.dir/Drivers/STM32F4xx_HAL_Driver/Src/stm32f4xx_hal_pcd_ex.c.obj
LOAD CMakeFiles/accelerotor.elf.dir/Drivers/STM32F4xx_HAL_Driver/Src/stm32f4xx_hal_pwr.c.obj
LOAD CMakeFiles/accelerotor.elf.dir/Drivers/STM32F4xx_HAL_Driver/Src/stm32f4xx_hal_pwr_ex.c.obj
LOAD CMakeFiles/accelerotor.elf.dir/Drivers/STM32F4xx_HAL_Driver/Src/stm32f4xx_hal_rcc.c.obj
LOAD CMakeFiles/accelerotor.elf.dir/Drivers/STM32F4xx_HAL_Driver/Src/stm32f4xx_hal_rcc_ex.c.obj
LOAD CMakeFiles/accelerotor.elf.dir/Drivers/STM32F4xx_HAL_Driver/Src/stm32f4xx_hal_tim.c.obj
LOAD CMakeFiles/accelerotor.elf.dir/Drivers/STM32F4xx_HAL_Driver/Src/stm32f4xx_hal_tim_ex.c.obj
LOAD CMakeFiles/accelerotor.elf.dir/Drivers/STM32F4xx_HAL_Driver/Src/stm32f4xx_hal_uart.c.obj
LOAD CMakeFiles/accelerotor.elf.dir/Drivers/STM32F4xx_HAL_Driver/Src/stm32f4xx_ll_usb.c.obj
LOAD CMakeFiles/accelerotor.elf.dir/Middlewares/ST/STM32_USB_Device_Library/Class/CDC/Src/usbd_cdc.c.obj
LOAD CMakeFiles/accelerotor.elf.dir/Middlewares/ST/STM32_USB_Device_Library/Core/Src/usbd_core.c.obj
LOAD CMakeFiles/accelerotor.elf.dir/Middlewares/ST/STM32_USB_Device_Library/Core/Src/usbd_ctlreq.c.obj
LOAD CMakeFiles/accelerotor.elf.dir/Middlewares/ST/STM32_USB_Device_Library/Core/Src/usbd_ioreq.c.obj
LOAD CMakeFiles/accelerotor.elf.dir/USB_DEVICE/App/usb_device.c.obj
LOAD CMakeFiles/accelerotor.elf.dir/USB_DEVICE/App/usbd_cdc_if.c.obj
LOAD CMakeFiles/accelerotor.elf.dir/USB_DEVICE/App/usbd_desc.c.obj
LOAD CMakeFiles/accelerotor.elf.dir/USB_DEVICE/Target/usbd_conf.c.obj
LOAD CMakeFiles/accelerotor.elf.dir/startup/startup_stm32f411xe.s.obj
START GROUP
LOAD /usr/local/Cellar/gcc-arm-none-eabi/20160928/bin/../lib/gcc/arm-none-eabi/5.4.1/armv7e-m/libgcc.a
LOAD /usr/local/Cellar/gcc-arm-none-eabi/20160928/bin/../lib/gcc/arm-none-eabi/5.4.1/../../../../arm-none-eabi/lib/armv7e-m/libg_nano.a
LOAD /usr/local/Cellar/gcc-arm-none-eabi/20160928/bin/../lib/gcc/arm-none-eabi/5.4.1/../../../../arm-none-eabi/lib/armv7e-m/libc_nano.a
END GROUP
START GROUP
LOAD /usr/local/Cellar/gcc-arm-none-eabi/20160928/bin/../lib/gcc/arm-none-eabi/5.4.1/armv7e-m/libgcc.a
LOAD /usr/local/Cellar/gcc-arm-none-eabi/20160928/bin/../lib/gcc/arm-none-eabi/5.4.1/../../../../arm-none-eabi/lib/armv7e-m/libc_nano.a
LOAD /usr/local/Cellar/gcc-arm-none-eabi/20160928/bin/../lib/gcc/arm-none-eabi/5.4.1/../../../../arm-none-eabi/lib/armv7e-m/libnosys.a
END GROUP
START GROUP
LOAD /usr/local/Cellar/gcc-arm-none-eabi/20160928/bin/../lib/gcc/arm-none-eabi/5.4.1/armv7e-m/libgcc.a
LOAD /usr/local/Cellar/gcc-arm-none-eabi/20160928/bin/../lib/gcc/arm-none-eabi/5.4.1/../../../../arm-none-eabi/lib/armv7e-m/libc_nano.a
LOAD /usr/local/Cellar/gcc-arm-none-eabi/20160928/bin/../lib/gcc/arm-none-eabi/5.4.1/../../../../arm-none-eabi/lib/armv7e-m/libnosys.a
END GROUP
LOAD /usr/local/Cellar/gcc-arm-none-eabi/20160928/bin/../lib/gcc/arm-none-eabi/5.4.1/armv7e-m/crtend.o
LOAD /usr/local/Cellar/gcc-arm-none-eabi/20160928/bin/../lib/gcc/arm-none-eabi/5.4.1/armv7e-m/crtn.o
                0x0000000020020000                _estack = 0x20020000
                0x0000000000000200                _Min_Heap_Size = 0x200
                0x0000000000000400                _Min_Stack_Size = 0x400

.isr_vector     0x0000000008000000      0x198
                0x0000000008000000                . = ALIGN (0x4)
 *(.isr_vector)
 .isr_vector    0x0000000008000000      0x198 CMakeFiles/accelerotor.elf.dir/startup/startup_stm32f411xe.s.obj
                0x0000000008000000                g_pfnVectors
                0x0000000008000198                . = ALIGN (0x4)

.text           0x0000000008000198     0x8f04
                0x0000000008000198                . = ALIGN (0x4)
 *(.text)
 .text          0x0000000008000198       0x5c /usr/local/Cellar/gcc-arm-none-eabi/20160928/bin/../lib/gcc/arm-none-eabi/5.4.1/armv7e-m/crtbegin.o
 .text          0x00000000080001f4       0x30 /usr/local/Cellar/gcc-arm-none-eabi/20160928/bin/../lib/gcc/arm-none-eabi/5.4.1/armv7e-m/libgcc.a(_aeabi_uldivmod.o)
                0x00000000080001f4                __aeabi_uldivmod
 .text          0x0000000008000224      0x2e4 /usr/local/Cellar/gcc-arm-none-eabi/20160928/bin/../lib/gcc/arm-none-eabi/5.4.1/armv7e-m/libgcc.a(_udivmoddi4.o)
                0x0000000008000224                __udivmoddi4
 .text          0x0000000008000508        0x4 /usr/local/Cellar/gcc-arm-none-eabi/20160928/bin/../lib/gcc/arm-none-eabi/5.4.1/armv7e-m/libgcc.a(_dvmd_tls.o)
                0x0000000008000508                __aeabi_ldiv0
                0x0000000008000508                __aeabi_idiv0
 *(.text*)
 .text.HAL_UART_RxCpltCallback
                0x000000000800050c      0x290 CMakeFiles/accelerotor.elf.dir/Core/Src/main.c.obj
                0x000000000800050c                HAL_UART_RxCpltCallback
 .text.main     0x000000000800079c       0x48 CMakeFiles/accelerotor.elf.dir/Core/Src/main.c.obj
                0x000000000800079c                main
 .text.SystemClock_Config
                0x00000000080007e4       0xd0 CMakeFiles/accelerotor.elf.dir/Core/Src/main.c.obj
                0x00000000080007e4                SystemClock_Config
 .text.MX_TIM2_Init
                0x00000000080008b4      0x100 CMakeFiles/accelerotor.elf.dir/Core/Src/main.c.obj
 .text.MX_TIM4_Init
                0x00000000080009b4      0x100 CMakeFiles/accelerotor.elf.dir/Core/Src/main.c.obj
 .text.MX_USART2_UART_Init
                0x0000000008000ab4       0x5c CMakeFiles/accelerotor.elf.dir/Core/Src/main.c.obj
 .text.MX_DMA_Init
                0x0000000008000b10       0x70 CMakeFiles/accelerotor.elf.dir/Core/Src/main.c.obj
 .text.MX_GPIO_Init
                0x0000000008000b80       0x68 CMakeFiles/accelerotor.elf.dir/Core/Src/main.c.obj
 .text.generate_DSHOT_bitstream
                0x0000000008000be8       0x74 CMakeFiles/accelerotor.elf.dir/Core/Src/main.c.obj
                0x0000000008000be8                generate_DSHOT_bitstream
 .text.set_DSHOT_PWM
                0x0000000008000c5c      0x11c CMakeFiles/accelerotor.elf.dir/Core/Src/main.c.obj
                0x0000000008000c5c                set_DSHOT_PWM
 .text.spin_motor
                0x0000000008000d78       0x38 CMakeFiles/accelerotor.elf.dir/Core/Src/main.c.obj
                0x0000000008000d78                spin_motor
 .text.arm_motors
                0x0000000008000db0       0x68 CMakeFiles/accelerotor.elf.dir/Core/Src/main.c.obj
                0x0000000008000db0                arm_motors
 .text.Error_Handler
                0x0000000008000e18        0xc CMakeFiles/accelerotor.elf.dir/Core/Src/main.c.obj
                0x0000000008000e18                Error_Handler
 .text.HAL_MspInit
                0x0000000008000e24       0x4c CMakeFiles/accelerotor.elf.dir/Core/Src/stm32f4xx_hal_msp.c.obj
                0x0000000008000e24                HAL_MspInit
 .text.HAL_TIM_Base_MspInit
                0x0000000008000e70      0x21c CMakeFiles/accelerotor.elf.dir/Core/Src/stm32f4xx_hal_msp.c.obj
                0x0000000008000e70                HAL_TIM_Base_MspInit
 .text.HAL_TIM_MspPostInit
                0x000000000800108c       0xfc CMakeFiles/accelerotor.elf.dir/Core/Src/stm32f4xx_hal_msp.c.obj
                0x000000000800108c                HAL_TIM_MspPostInit
 .text.HAL_UART_MspInit
                0x0000000008001188       0xa0 CMakeFiles/accelerotor.elf.dir/Core/Src/stm32f4xx_hal_msp.c.obj
                0x0000000008001188                HAL_UART_MspInit
 .text.NMI_Handler
                0x0000000008001228        0xc CMakeFiles/accelerotor.elf.dir/Core/Src/stm32f4xx_it.c.obj
                0x0000000008001228                NMI_Handler
 .text.HardFault_Handler
                0x0000000008001234        0x8 CMakeFiles/accelerotor.elf.dir/Core/Src/stm32f4xx_it.c.obj
                0x0000000008001234                HardFault_Handler
 .text.MemManage_Handler
                0x000000000800123c        0x8 CMakeFiles/accelerotor.elf.dir/Core/Src/stm32f4xx_it.c.obj
                0x000000000800123c                MemManage_Handler
 .text.BusFault_Handler
                0x0000000008001244        0x8 CMakeFiles/accelerotor.elf.dir/Core/Src/stm32f4xx_it.c.obj
                0x0000000008001244                BusFault_Handler
 .text.UsageFault_Handler
                0x000000000800124c        0x8 CMakeFiles/accelerotor.elf.dir/Core/Src/stm32f4xx_it.c.obj
                0x000000000800124c                UsageFault_Handler
 .text.SVC_Handler
                0x0000000008001254        0xc CMakeFiles/accelerotor.elf.dir/Core/Src/stm32f4xx_it.c.obj
                0x0000000008001254                SVC_Handler
 .text.DebugMon_Handler
                0x0000000008001260        0xc CMakeFiles/accelerotor.elf.dir/Core/Src/stm32f4xx_it.c.obj
                0x0000000008001260                DebugMon_Handler
 .text.PendSV_Handler
                0x000000000800126c        0xc CMakeFiles/accelerotor.elf.dir/Core/Src/stm32f4xx_it.c.obj
                0x000000000800126c                PendSV_Handler
 .text.SysTick_Handler
                0x0000000008001278        0xc CMakeFiles/accelerotor.elf.dir/Core/Src/stm32f4xx_it.c.obj
                0x0000000008001278                SysTick_Handler
 .text.DMA1_Stream0_IRQHandler
                0x0000000008001284       0x14 CMakeFiles/accelerotor.elf.dir/Core/Src/stm32f4xx_it.c.obj
                0x0000000008001284                DMA1_Stream0_IRQHandler
 .text.DMA1_Stream1_IRQHandler
                0x0000000008001298       0x14 CMakeFiles/accelerotor.elf.dir/Core/Src/stm32f4xx_it.c.obj
                0x0000000008001298                DMA1_Stream1_IRQHandler
 .text.DMA1_Stream3_IRQHandler
                0x00000000080012ac       0x14 CMakeFiles/accelerotor.elf.dir/Core/Src/stm32f4xx_it.c.obj
                0x00000000080012ac                DMA1_Stream3_IRQHandler
 .text.DMA1_Stream5_IRQHandler
                0x00000000080012c0       0x14 CMakeFiles/accelerotor.elf.dir/Core/Src/stm32f4xx_it.c.obj
                0x00000000080012c0                DMA1_Stream5_IRQHandler
 .text.USART2_IRQHandler
                0x00000000080012d4       0x14 CMakeFiles/accelerotor.elf.dir/Core/Src/stm32f4xx_it.c.obj
                0x00000000080012d4                USART2_IRQHandler
 .text.OTG_FS_IRQHandler
                0x00000000080012e8       0x14 CMakeFiles/accelerotor.elf.dir/Core/Src/stm32f4xx_it.c.obj
                0x00000000080012e8                OTG_FS_IRQHandler
 .text._sbrk    0x00000000080012fc       0x58 CMakeFiles/accelerotor.elf.dir/Core/Src/syscalls.c.obj
                0x00000000080012fc                _sbrk
 .text.SystemInit
                0x0000000008001354       0x18 CMakeFiles/accelerotor.elf.dir/Core/Src/system_stm32f4xx.c.obj
                0x0000000008001354                SystemInit
 .text.HAL_Init
                0x000000000800136c       0x44 CMakeFiles/accelerotor.elf.dir/Drivers/STM32F4xx_HAL_Driver/Src/stm32f4xx_hal.c.obj
                0x000000000800136c                HAL_Init
 .text.HAL_InitTick
                0x00000000080013b0       0x60 CMakeFiles/accelerotor.elf.dir/Drivers/STM32F4xx_HAL_Driver/Src/stm32f4xx_hal.c.obj
                0x00000000080013b0                HAL_InitTick
 .text.HAL_IncTick
                0x0000000008001410       0x24 CMakeFiles/accelerotor.elf.dir/Drivers/STM32F4xx_HAL_Driver/Src/stm32f4xx_hal.c.obj
                0x0000000008001410                HAL_IncTick
 .text.HAL_GetTick
                0x0000000008001434       0x14 CMakeFiles/accelerotor.elf.dir/Drivers/STM32F4xx_HAL_Driver/Src/stm32f4xx_hal.c.obj
                0x0000000008001434                HAL_GetTick
 .text.HAL_Delay
                0x0000000008001448       0x44 CMakeFiles/accelerotor.elf.dir/Drivers/STM32F4xx_HAL_Driver/Src/stm32f4xx_hal.c.obj
                0x0000000008001448                HAL_Delay
 .text.__NVIC_SetPriorityGrouping
                0x000000000800148c       0x48 CMakeFiles/accelerotor.elf.dir/Drivers/STM32F4xx_HAL_Driver/Src/stm32f4xx_hal_cortex.c.obj
 .text.__NVIC_GetPriorityGrouping
                0x00000000080014d4       0x1c CMakeFiles/accelerotor.elf.dir/Drivers/STM32F4xx_HAL_Driver/Src/stm32f4xx_hal_cortex.c.obj
 .text.__NVIC_EnableIRQ
                0x00000000080014f0       0x38 CMakeFiles/accelerotor.elf.dir/Drivers/STM32F4xx_HAL_Driver/Src/stm32f4xx_hal_cortex.c.obj
 .text.__NVIC_SetPriority
                0x0000000008001528       0x54 CMakeFiles/accelerotor.elf.dir/Drivers/STM32F4xx_HAL_Driver/Src/stm32f4xx_hal_cortex.c.obj
 .text.NVIC_EncodePriority
                0x000000000800157c       0x60 CMakeFiles/accelerotor.elf.dir/Drivers/STM32F4xx_HAL_Driver/Src/stm32f4xx_hal_cortex.c.obj
 .text.SysTick_Config
                0x00000000080015dc       0x44 CMakeFiles/accelerotor.elf.dir/Drivers/STM32F4xx_HAL_Driver/Src/stm32f4xx_hal_cortex.c.obj
 .text.HAL_NVIC_SetPriorityGrouping
                0x0000000008001620       0x18 CMakeFiles/accelerotor.elf.dir/Drivers/STM32F4xx_HAL_Driver/Src/stm32f4xx_hal_cortex.c.obj
                0x0000000008001620                HAL_NVIC_SetPriorityGrouping
 .text.HAL_NVIC_SetPriority
                0x0000000008001638       0x38 CMakeFiles/accelerotor.elf.dir/Drivers/STM32F4xx_HAL_Driver/Src/stm32f4xx_hal_cortex.c.obj
                0x0000000008001638                HAL_NVIC_SetPriority
 .text.HAL_NVIC_EnableIRQ
                0x0000000008001670       0x1c CMakeFiles/accelerotor.elf.dir/Drivers/STM32F4xx_HAL_Driver/Src/stm32f4xx_hal_cortex.c.obj
                0x0000000008001670                HAL_NVIC_EnableIRQ
 .text.HAL_SYSTICK_Config
                0x000000000800168c       0x18 CMakeFiles/accelerotor.elf.dir/Drivers/STM32F4xx_HAL_Driver/Src/stm32f4xx_hal_cortex.c.obj
                0x000000000800168c                HAL_SYSTICK_Config
 .text.HAL_DMA_Init
                0x00000000080016a4      0x15c CMakeFiles/accelerotor.elf.dir/Drivers/STM32F4xx_HAL_Driver/Src/stm32f4xx_hal_dma.c.obj
                0x00000000080016a4                HAL_DMA_Init
 .text.HAL_DMA_Start_IT
                0x0000000008001800       0xb0 CMakeFiles/accelerotor.elf.dir/Drivers/STM32F4xx_HAL_Driver/Src/stm32f4xx_hal_dma.c.obj
                0x0000000008001800                HAL_DMA_Start_IT
 .text.HAL_DMA_Abort_IT
                0x00000000080018b0       0x44 CMakeFiles/accelerotor.elf.dir/Drivers/STM32F4xx_HAL_Driver/Src/stm32f4xx_hal_dma.c.obj
                0x00000000080018b0                HAL_DMA_Abort_IT
 .text.HAL_DMA_IRQHandler
                0x00000000080018f4      0x314 CMakeFiles/accelerotor.elf.dir/Drivers/STM32F4xx_HAL_Driver/Src/stm32f4xx_hal_dma.c.obj
                0x00000000080018f4                HAL_DMA_IRQHandler
 .text.DMA_SetConfig
                0x0000000008001c08       0x5c CMakeFiles/accelerotor.elf.dir/Drivers/STM32F4xx_HAL_Driver/Src/stm32f4xx_hal_dma.c.obj
 .text.DMA_CalcBaseAndBitshift
                0x0000000008001c64       0x68 CMakeFiles/accelerotor.elf.dir/Drivers/STM32F4xx_HAL_Driver/Src/stm32f4xx_hal_dma.c.obj
 .text.DMA_CheckFifoParam
                0x0000000008001ccc       0xf4 CMakeFiles/accelerotor.elf.dir/Drivers/STM32F4xx_HAL_Driver/Src/stm32f4xx_hal_dma.c.obj
 .text.HAL_GPIO_Init
                0x0000000008001dc0      0x304 CMakeFiles/accelerotor.elf.dir/Drivers/STM32F4xx_HAL_Driver/Src/stm32f4xx_hal_gpio.c.obj
                0x0000000008001dc0                HAL_GPIO_Init
 .text.HAL_PCD_Init
                0x00000000080020c4      0x23c CMakeFiles/accelerotor.elf.dir/Drivers/STM32F4xx_HAL_Driver/Src/stm32f4xx_hal_pcd.c.obj
                0x00000000080020c4                HAL_PCD_Init
 .text.HAL_PCD_Start
                0x0000000008002300       0x68 CMakeFiles/accelerotor.elf.dir/Drivers/STM32F4xx_HAL_Driver/Src/stm32f4xx_hal_pcd.c.obj
                0x0000000008002300                HAL_PCD_Start
 .text.HAL_PCD_IRQHandler
                0x0000000008002368      0x768 CMakeFiles/accelerotor.elf.dir/Drivers/STM32F4xx_HAL_Driver/Src/stm32f4xx_hal_pcd.c.obj
                0x0000000008002368                HAL_PCD_IRQHandler
 .text.HAL_PCD_SetAddress
                0x0000000008002ad0       0x4c CMakeFiles/accelerotor.elf.dir/Drivers/STM32F4xx_HAL_Driver/Src/stm32f4xx_hal_pcd.c.obj
                0x0000000008002ad0                HAL_PCD_SetAddress
 .text.HAL_PCD_EP_Open
                0x0000000008002b1c       0xd0 CMakeFiles/accelerotor.elf.dir/Drivers/STM32F4xx_HAL_Driver/Src/stm32f4xx_hal_pcd.c.obj
                0x0000000008002b1c                HAL_PCD_EP_Open
 .text.HAL_PCD_EP_Close
                0x0000000008002bec       0x94 CMakeFiles/accelerotor.elf.dir/Drivers/STM32F4xx_HAL_Driver/Src/stm32f4xx_hal_pcd.c.obj
                0x0000000008002bec                HAL_PCD_EP_Close
 .text.HAL_PCD_EP_Receive
                0x0000000008002c80       0x98 CMakeFiles/accelerotor.elf.dir/Drivers/STM32F4xx_HAL_Driver/Src/stm32f4xx_hal_pcd.c.obj
                0x0000000008002c80                HAL_PCD_EP_Receive
 .text.HAL_PCD_EP_GetRxCount
                0x0000000008002d18       0x30 CMakeFiles/accelerotor.elf.dir/Drivers/STM32F4xx_HAL_Driver/Src/stm32f4xx_hal_pcd.c.obj
                0x0000000008002d18                HAL_PCD_EP_GetRxCount
 .text.HAL_PCD_EP_Transmit
                0x0000000008002d48       0x94 CMakeFiles/accelerotor.elf.dir/Drivers/STM32F4xx_HAL_Driver/Src/stm32f4xx_hal_pcd.c.obj
                0x0000000008002d48                HAL_PCD_EP_Transmit
 .text.HAL_PCD_EP_SetStall
                0x0000000008002ddc       0xc8 CMakeFiles/accelerotor.elf.dir/Drivers/STM32F4xx_HAL_Driver/Src/stm32f4xx_hal_pcd.c.obj
                0x0000000008002ddc                HAL_PCD_EP_SetStall
 .text.HAL_PCD_EP_ClrStall
                0x0000000008002ea4       0xac CMakeFiles/accelerotor.elf.dir/Drivers/STM32F4xx_HAL_Driver/Src/stm32f4xx_hal_pcd.c.obj
                0x0000000008002ea4                HAL_PCD_EP_ClrStall
 .text.PCD_WriteEmptyTxFifo
                0x0000000008002f50      0x11c CMakeFiles/accelerotor.elf.dir/Drivers/STM32F4xx_HAL_Driver/Src/stm32f4xx_hal_pcd.c.obj
 .text.PCD_EP_OutXfrComplete_int
                0x000000000800306c      0x218 CMakeFiles/accelerotor.elf.dir/Drivers/STM32F4xx_HAL_Driver/Src/stm32f4xx_hal_pcd.c.obj
 .text.PCD_EP_OutSetupPacket_int
                0x0000000008003284       0x8c CMakeFiles/accelerotor.elf.dir/Drivers/STM32F4xx_HAL_Driver/Src/stm32f4xx_hal_pcd.c.obj
 .text.HAL_PCDEx_SetTxFiFo
                0x0000000008003310       0x8c CMakeFiles/accelerotor.elf.dir/Drivers/STM32F4xx_HAL_Driver/Src/stm32f4xx_hal_pcd_ex.c.obj
                0x0000000008003310                HAL_PCDEx_SetTxFiFo
 .text.HAL_PCDEx_SetRxFiFo
                0x000000000800339c       0x20 CMakeFiles/accelerotor.elf.dir/Drivers/STM32F4xx_HAL_Driver/Src/stm32f4xx_hal_pcd_ex.c.obj
                0x000000000800339c                HAL_PCDEx_SetRxFiFo
 .text.HAL_PCDEx_LPM_Callback
                0x00000000080033bc       0x18 CMakeFiles/accelerotor.elf.dir/Drivers/STM32F4xx_HAL_Driver/Src/stm32f4xx_hal_pcd_ex.c.obj
                0x00000000080033bc                HAL_PCDEx_LPM_Callback
 .text.HAL_RCC_OscConfig
                0x00000000080033d4      0x4dc CMakeFiles/accelerotor.elf.dir/Drivers/STM32F4xx_HAL_Driver/Src/stm32f4xx_hal_rcc.c.obj
                0x00000000080033d4                HAL_RCC_OscConfig
 .text.HAL_RCC_ClockConfig
                0x00000000080038b0      0x1cc CMakeFiles/accelerotor.elf.dir/Drivers/STM32F4xx_HAL_Driver/Src/stm32f4xx_hal_rcc.c.obj
                0x00000000080038b0                HAL_RCC_ClockConfig
 .text.HAL_RCC_GetSysClockFreq
                0x0000000008003a7c      0x1ac CMakeFiles/accelerotor.elf.dir/Drivers/STM32F4xx_HAL_Driver/Src/stm32f4xx_hal_rcc.c.obj
                0x0000000008003a7c                HAL_RCC_GetSysClockFreq
 .text.HAL_RCC_GetHCLKFreq
                0x0000000008003c28       0x14 CMakeFiles/accelerotor.elf.dir/Drivers/STM32F4xx_HAL_Driver/Src/stm32f4xx_hal_rcc.c.obj
                0x0000000008003c28                HAL_RCC_GetHCLKFreq
 .text.HAL_RCC_GetPCLK1Freq
                0x0000000008003c3c       0x28 CMakeFiles/accelerotor.elf.dir/Drivers/STM32F4xx_HAL_Driver/Src/stm32f4xx_hal_rcc.c.obj
                0x0000000008003c3c                HAL_RCC_GetPCLK1Freq
 .text.HAL_RCC_GetPCLK2Freq
                0x0000000008003c64       0x28 CMakeFiles/accelerotor.elf.dir/Drivers/STM32F4xx_HAL_Driver/Src/stm32f4xx_hal_rcc.c.obj
                0x0000000008003c64                HAL_RCC_GetPCLK2Freq
 .text.HAL_TIM_Base_Init
                0x0000000008003c8c       0x58 CMakeFiles/accelerotor.elf.dir/Drivers/STM32F4xx_HAL_Driver/Src/stm32f4xx_hal_tim.c.obj
                0x0000000008003c8c                HAL_TIM_Base_Init
 .text.HAL_TIM_PWM_Init
                0x0000000008003ce4       0x58 CMakeFiles/accelerotor.elf.dir/Drivers/STM32F4xx_HAL_Driver/Src/stm32f4xx_hal_tim.c.obj
                0x0000000008003ce4                HAL_TIM_PWM_Init
 .text.HAL_TIM_PWM_MspInit
                0x0000000008003d3c       0x14 CMakeFiles/accelerotor.elf.dir/Drivers/STM32F4xx_HAL_Driver/Src/stm32f4xx_hal_tim.c.obj
                0x0000000008003d3c                HAL_TIM_PWM_MspInit
 .text.HAL_TIM_PWM_Start_DMA
                0x0000000008003d50      0x20c CMakeFiles/accelerotor.elf.dir/Drivers/STM32F4xx_HAL_Driver/Src/stm32f4xx_hal_tim.c.obj
                0x0000000008003d50                HAL_TIM_PWM_Start_DMA
 .text.HAL_TIM_PWM_ConfigChannel
                0x0000000008003f5c      0x18c CMakeFiles/accelerotor.elf.dir/Drivers/STM32F4xx_HAL_Driver/Src/stm32f4xx_hal_tim.c.obj
                0x0000000008003f5c                HAL_TIM_PWM_ConfigChannel
 .text.HAL_TIM_ConfigClockSource
                0x00000000080040e8      0x170 CMakeFiles/accelerotor.elf.dir/Drivers/STM32F4xx_HAL_Driver/Src/stm32f4xx_hal_tim.c.obj
                0x00000000080040e8                HAL_TIM_ConfigClockSource
 .text.HAL_TIM_PWM_PulseFinishedCallback
                0x0000000008004258       0x14 CMakeFiles/accelerotor.elf.dir/Drivers/STM32F4xx_HAL_Driver/Src/stm32f4xx_hal_tim.c.obj
                0x0000000008004258                HAL_TIM_PWM_PulseFinishedCallback
 .text.HAL_TIM_PWM_PulseFinishedHalfCpltCallback
                0x000000000800426c       0x14 CMakeFiles/accelerotor.elf.dir/Drivers/STM32F4xx_HAL_Driver/Src/stm32f4xx_hal_tim.c.obj
                0x000000000800426c                HAL_TIM_PWM_PulseFinishedHalfCpltCallback
 .text.HAL_TIM_ErrorCallback
                0x0000000008004280       0x14 CMakeFiles/accelerotor.elf.dir/Drivers/STM32F4xx_HAL_Driver/Src/stm32f4xx_hal_tim.c.obj
                0x0000000008004280                HAL_TIM_ErrorCallback
 .text.TIM_DMAError
                0x0000000008004294       0x24 CMakeFiles/accelerotor.elf.dir/Drivers/STM32F4xx_HAL_Driver/Src/stm32f4xx_hal_tim.c.obj
                0x0000000008004294                TIM_DMAError
 .text.TIM_DMADelayPulseCplt
                0x00000000080042b8       0x70 CMakeFiles/accelerotor.elf.dir/Drivers/STM32F4xx_HAL_Driver/Src/stm32f4xx_hal_tim.c.obj
                0x00000000080042b8                TIM_DMADelayPulseCplt
 .text.TIM_DMADelayPulseHalfCplt
                0x0000000008004328       0x70 CMakeFiles/accelerotor.elf.dir/Drivers/STM32F4xx_HAL_Driver/Src/stm32f4xx_hal_tim.c.obj
                0x0000000008004328                TIM_DMADelayPulseHalfCplt
 .text.TIM_Base_SetConfig
                0x0000000008004398       0xfc CMakeFiles/accelerotor.elf.dir/Drivers/STM32F4xx_HAL_Driver/Src/stm32f4xx_hal_tim.c.obj
                0x0000000008004398                TIM_Base_SetConfig
 .text.TIM_OC1_SetConfig
                0x0000000008004494       0xcc CMakeFiles/accelerotor.elf.dir/Drivers/STM32F4xx_HAL_Driver/Src/stm32f4xx_hal_tim.c.obj
 .text.TIM_OC2_SetConfig
                0x0000000008004560       0xd4 CMakeFiles/accelerotor.elf.dir/Drivers/STM32F4xx_HAL_Driver/Src/stm32f4xx_hal_tim.c.obj
                0x0000000008004560                TIM_OC2_SetConfig
 .text.TIM_OC3_SetConfig
                0x0000000008004634       0xd4 CMakeFiles/accelerotor.elf.dir/Drivers/STM32F4xx_HAL_Driver/Src/stm32f4xx_hal_tim.c.obj
 .text.TIM_OC4_SetConfig
                0x0000000008004708       0x9c CMakeFiles/accelerotor.elf.dir/Drivers/STM32F4xx_HAL_Driver/Src/stm32f4xx_hal_tim.c.obj
 .text.TIM_TI1_ConfigInputStage
                0x00000000080047a4       0x5c CMakeFiles/accelerotor.elf.dir/Drivers/STM32F4xx_HAL_Driver/Src/stm32f4xx_hal_tim.c.obj
 .text.TIM_TI2_ConfigInputStage
                0x0000000008004800       0x60 CMakeFiles/accelerotor.elf.dir/Drivers/STM32F4xx_HAL_Driver/Src/stm32f4xx_hal_tim.c.obj
 .text.TIM_ITRx_SetConfig
                0x0000000008004860       0x34 CMakeFiles/accelerotor.elf.dir/Drivers/STM32F4xx_HAL_Driver/Src/stm32f4xx_hal_tim.c.obj
 .text.TIM_ETR_SetConfig
                0x0000000008004894       0x40 CMakeFiles/accelerotor.elf.dir/Drivers/STM32F4xx_HAL_Driver/Src/stm32f4xx_hal_tim.c.obj
                0x0000000008004894                TIM_ETR_SetConfig
 .text.TIM_CCxChannelCmd
                0x00000000080048d4       0x48 CMakeFiles/accelerotor.elf.dir/Drivers/STM32F4xx_HAL_Driver/Src/stm32f4xx_hal_tim.c.obj
                0x00000000080048d4                TIM_CCxChannelCmd
 .text.HAL_TIMEx_MasterConfigSynchronization
                0x000000000800491c       0xd8 CMakeFiles/accelerotor.elf.dir/Drivers/STM32F4xx_HAL_Driver/Src/stm32f4xx_hal_tim_ex.c.obj
                0x000000000800491c                HAL_TIMEx_MasterConfigSynchronization
 .text.HAL_UART_Init
                0x00000000080049f4       0x9c CMakeFiles/accelerotor.elf.dir/Drivers/STM32F4xx_HAL_Driver/Src/stm32f4xx_hal_uart.c.obj
                0x00000000080049f4                HAL_UART_Init
 .text.HAL_UART_Receive_IT
                0x0000000008004a90       0xa8 CMakeFiles/accelerotor.elf.dir/Drivers/STM32F4xx_HAL_Driver/Src/stm32f4xx_hal_uart.c.obj
                0x0000000008004a90                HAL_UART_Receive_IT
 .text.HAL_UART_IRQHandler
                0x0000000008004b38      0x200 CMakeFiles/accelerotor.elf.dir/Drivers/STM32F4xx_HAL_Driver/Src/stm32f4xx_hal_uart.c.obj
                0x0000000008004b38                HAL_UART_IRQHandler
 .text.HAL_UART_TxCpltCallback
                0x0000000008004d38       0x14 CMakeFiles/accelerotor.elf.dir/Drivers/STM32F4xx_HAL_Driver/Src/stm32f4xx_hal_uart.c.obj
                0x0000000008004d38                HAL_UART_TxCpltCallback
 .text.HAL_UART_ErrorCallback
                0x0000000008004d4c       0x14 CMakeFiles/accelerotor.elf.dir/Drivers/STM32F4xx_HAL_Driver/Src/stm32f4xx_hal_uart.c.obj
                0x0000000008004d4c                HAL_UART_ErrorCallback
 .text.UART_EndRxTransfer
                0x0000000008004d60       0x3c CMakeFiles/accelerotor.elf.dir/Drivers/STM32F4xx_HAL_Driver/Src/stm32f4xx_hal_uart.c.obj
 .text.UART_DMAAbortOnError
                0x0000000008004d9c       0x28 CMakeFiles/accelerotor.elf.dir/Drivers/STM32F4xx_HAL_Driver/Src/stm32f4xx_hal_uart.c.obj
 .text.UART_Transmit_IT
                0x0000000008004dc4       0xa8 CMakeFiles/accelerotor.elf.dir/Drivers/STM32F4xx_HAL_Driver/Src/stm32f4xx_hal_uart.c.obj
 .text.UART_EndTransmit_IT
                0x0000000008004e6c       0x30 CMakeFiles/accelerotor.elf.dir/Drivers/STM32F4xx_HAL_Driver/Src/stm32f4xx_hal_uart.c.obj
 .text.UART_Receive_IT
                0x0000000008004e9c      0x104 CMakeFiles/accelerotor.elf.dir/Drivers/STM32F4xx_HAL_Driver/Src/stm32f4xx_hal_uart.c.obj
 .text.UART_SetConfig
                0x0000000008004fa0      0x67c CMakeFiles/accelerotor.elf.dir/Drivers/STM32F4xx_HAL_Driver/Src/stm32f4xx_hal_uart.c.obj
 .text.USB_CoreInit
                0x000000000800561c       0xc4 CMakeFiles/accelerotor.elf.dir/Drivers/STM32F4xx_HAL_Driver/Src/stm32f4xx_ll_usb.c.obj
                0x000000000800561c                USB_CoreInit
 .text.USB_SetTurnaroundTime
                0x00000000080056e0      0x144 CMakeFiles/accelerotor.elf.dir/Drivers/STM32F4xx_HAL_Driver/Src/stm32f4xx_ll_usb.c.obj
                0x00000000080056e0                USB_SetTurnaroundTime
 .text.USB_EnableGlobalInt
                0x0000000008005824       0x20 CMakeFiles/accelerotor.elf.dir/Drivers/STM32F4xx_HAL_Driver/Src/stm32f4xx_ll_usb.c.obj
                0x0000000008005824                USB_EnableGlobalInt
 .text.USB_DisableGlobalInt
                0x0000000008005844       0x20 CMakeFiles/accelerotor.elf.dir/Drivers/STM32F4xx_HAL_Driver/Src/stm32f4xx_ll_usb.c.obj
                0x0000000008005844                USB_DisableGlobalInt
 .text.USB_SetCurrentMode
                0x0000000008005864       0x54 CMakeFiles/accelerotor.elf.dir/Drivers/STM32F4xx_HAL_Driver/Src/stm32f4xx_ll_usb.c.obj
                0x0000000008005864                USB_SetCurrentMode
 .text.USB_DevInit
                0x00000000080058b8      0x2c0 CMakeFiles/accelerotor.elf.dir/Drivers/STM32F4xx_HAL_Driver/Src/stm32f4xx_ll_usb.c.obj
                0x00000000080058b8                USB_DevInit
 .text.USB_FlushTxFifo
                0x0000000008005b78       0x48 CMakeFiles/accelerotor.elf.dir/Drivers/STM32F4xx_HAL_Driver/Src/stm32f4xx_ll_usb.c.obj
                0x0000000008005b78                USB_FlushTxFifo
 .text.USB_FlushRxFifo
                0x0000000008005bc0       0x40 CMakeFiles/accelerotor.elf.dir/Drivers/STM32F4xx_HAL_Driver/Src/stm32f4xx_ll_usb.c.obj
                0x0000000008005bc0                USB_FlushRxFifo
 .text.USB_SetDevSpeed
                0x0000000008005c00       0x34 CMakeFiles/accelerotor.elf.dir/Drivers/STM32F4xx_HAL_Driver/Src/stm32f4xx_ll_usb.c.obj
                0x0000000008005c00                USB_SetDevSpeed
 .text.USB_GetDevSpeed
                0x0000000008005c34       0x48 CMakeFiles/accelerotor.elf.dir/Drivers/STM32F4xx_HAL_Driver/Src/stm32f4xx_ll_usb.c.obj
                0x0000000008005c34                USB_GetDevSpeed
 .text.USB_ActivateEndpoint
                0x0000000008005c7c      0x114 CMakeFiles/accelerotor.elf.dir/Drivers/STM32F4xx_HAL_Driver/Src/stm32f4xx_ll_usb.c.obj
                0x0000000008005c7c                USB_ActivateEndpoint
 .text.USB_DeactivateEndpoint
                0x0000000008005d90      0x1bc CMakeFiles/accelerotor.elf.dir/Drivers/STM32F4xx_HAL_Driver/Src/stm32f4xx_ll_usb.c.obj
                0x0000000008005d90                USB_DeactivateEndpoint
 .text.USB_EPStartXfer
                0x0000000008005f4c      0x4b8 CMakeFiles/accelerotor.elf.dir/Drivers/STM32F4xx_HAL_Driver/Src/stm32f4xx_ll_usb.c.obj
                0x0000000008005f4c                USB_EPStartXfer
 .text.USB_EP0StartXfer
                0x0000000008006404      0x2c4 CMakeFiles/accelerotor.elf.dir/Drivers/STM32F4xx_HAL_Driver/Src/stm32f4xx_ll_usb.c.obj
                0x0000000008006404                USB_EP0StartXfer
 .text.USB_WritePacket
                0x00000000080066c8       0x68 CMakeFiles/accelerotor.elf.dir/Drivers/STM32F4xx_HAL_Driver/Src/stm32f4xx_ll_usb.c.obj
                0x00000000080066c8                USB_WritePacket
 .text.USB_ReadPacket
                0x0000000008006730       0x50 CMakeFiles/accelerotor.elf.dir/Drivers/STM32F4xx_HAL_Driver/Src/stm32f4xx_ll_usb.c.obj
                0x0000000008006730                USB_ReadPacket
 .text.USB_EPSetStall
                0x0000000008006780       0xe4 CMakeFiles/accelerotor.elf.dir/Drivers/STM32F4xx_HAL_Driver/Src/stm32f4xx_ll_usb.c.obj
                0x0000000008006780                USB_EPSetStall
 .text.USB_EPClearStall
                0x0000000008006864       0xd4 CMakeFiles/accelerotor.elf.dir/Drivers/STM32F4xx_HAL_Driver/Src/stm32f4xx_ll_usb.c.obj
                0x0000000008006864                USB_EPClearStall
 .text.USB_SetDevAddress
                0x0000000008006938       0x50 CMakeFiles/accelerotor.elf.dir/Drivers/STM32F4xx_HAL_Driver/Src/stm32f4xx_ll_usb.c.obj
                0x0000000008006938                USB_SetDevAddress
 .text.USB_DevConnect
                0x0000000008006988       0x44 CMakeFiles/accelerotor.elf.dir/Drivers/STM32F4xx_HAL_Driver/Src/stm32f4xx_ll_usb.c.obj
                0x0000000008006988                USB_DevConnect
 .text.USB_DevDisconnect
                0x00000000080069cc       0x44 CMakeFiles/accelerotor.elf.dir/Drivers/STM32F4xx_HAL_Driver/Src/stm32f4xx_ll_usb.c.obj
                0x00000000080069cc                USB_DevDisconnect
 .text.USB_ReadInterrupts
                0x0000000008006a10       0x24 CMakeFiles/accelerotor.elf.dir/Drivers/STM32F4xx_HAL_Driver/Src/stm32f4xx_ll_usb.c.obj
                0x0000000008006a10                USB_ReadInterrupts
 .text.USB_ReadDevAllOutEpInterrupt
                0x0000000008006a34       0x34 CMakeFiles/accelerotor.elf.dir/Drivers/STM32F4xx_HAL_Driver/Src/stm32f4xx_ll_usb.c.obj
                0x0000000008006a34                USB_ReadDevAllOutEpInterrupt
 .text.USB_ReadDevAllInEpInterrupt
                0x0000000008006a68       0x34 CMakeFiles/accelerotor.elf.dir/Drivers/STM32F4xx_HAL_Driver/Src/stm32f4xx_ll_usb.c.obj
                0x0000000008006a68                USB_ReadDevAllInEpInterrupt
 .text.USB_ReadDevOutEPInterrupt
                0x0000000008006a9c       0x3c CMakeFiles/accelerotor.elf.dir/Drivers/STM32F4xx_HAL_Driver/Src/stm32f4xx_ll_usb.c.obj
                0x0000000008006a9c                USB_ReadDevOutEPInterrupt
 .text.USB_ReadDevInEPInterrupt
                0x0000000008006ad8       0x5c CMakeFiles/accelerotor.elf.dir/Drivers/STM32F4xx_HAL_Driver/Src/stm32f4xx_ll_usb.c.obj
                0x0000000008006ad8                USB_ReadDevInEPInterrupt
 .text.USB_GetMode
                0x0000000008006b34       0x1c CMakeFiles/accelerotor.elf.dir/Drivers/STM32F4xx_HAL_Driver/Src/stm32f4xx_ll_usb.c.obj
                0x0000000008006b34                USB_GetMode
 .text.USB_ActivateSetup
                0x0000000008006b50       0x48 CMakeFiles/accelerotor.elf.dir/Drivers/STM32F4xx_HAL_Driver/Src/stm32f4xx_ll_usb.c.obj
                0x0000000008006b50                USB_ActivateSetup
 .text.USB_EP0_OutStart
                0x0000000008006b98       0xbc CMakeFiles/accelerotor.elf.dir/Drivers/STM32F4xx_HAL_Driver/Src/stm32f4xx_ll_usb.c.obj
                0x0000000008006b98                USB_EP0_OutStart
 .text.USB_CoreReset
                0x0000000008006c54       0x64 CMakeFiles/accelerotor.elf.dir/Drivers/STM32F4xx_HAL_Driver/Src/stm32f4xx_ll_usb.c.obj
 .text.USBD_CDC_Init
                0x0000000008006cb8      0x100 CMakeFiles/accelerotor.elf.dir/Middlewares/ST/STM32_USB_Device_Library/Class/CDC/Src/usbd_cdc.c.obj
 .text.USBD_CDC_DeInit
                0x0000000008006db8       0x78 CMakeFiles/accelerotor.elf.dir/Middlewares/ST/STM32_USB_Device_Library/Class/CDC/Src/usbd_cdc.c.obj
 .text.USBD_CDC_Setup
                0x0000000008006e30      0x178 CMakeFiles/accelerotor.elf.dir/Middlewares/ST/STM32_USB_Device_Library/Class/CDC/Src/usbd_cdc.c.obj
 .text.USBD_CDC_DataIn
                0x0000000008006fa8       0xc0 CMakeFiles/accelerotor.elf.dir/Middlewares/ST/STM32_USB_Device_Library/Class/CDC/Src/usbd_cdc.c.obj
 .text.USBD_CDC_DataOut
                0x0000000008007068       0x58 CMakeFiles/accelerotor.elf.dir/Middlewares/ST/STM32_USB_Device_Library/Class/CDC/Src/usbd_cdc.c.obj
 .text.USBD_CDC_EP0_RxReady
                0x00000000080070c0       0x50 CMakeFiles/accelerotor.elf.dir/Middlewares/ST/STM32_USB_Device_Library/Class/CDC/Src/usbd_cdc.c.obj
 .text.USBD_CDC_GetFSCfgDesc
                0x0000000008007110       0x20 CMakeFiles/accelerotor.elf.dir/Middlewares/ST/STM32_USB_Device_Library/Class/CDC/Src/usbd_cdc.c.obj
 .text.USBD_CDC_GetHSCfgDesc
                0x0000000008007130       0x20 CMakeFiles/accelerotor.elf.dir/Middlewares/ST/STM32_USB_Device_Library/Class/CDC/Src/usbd_cdc.c.obj
 .text.USBD_CDC_GetOtherSpeedCfgDesc
                0x0000000008007150       0x20 CMakeFiles/accelerotor.elf.dir/Middlewares/ST/STM32_USB_Device_Library/Class/CDC/Src/usbd_cdc.c.obj
 .text.USBD_CDC_GetDeviceQualifierDescriptor
                0x0000000008007170       0x20 CMakeFiles/accelerotor.elf.dir/Middlewares/ST/STM32_USB_Device_Library/Class/CDC/Src/usbd_cdc.c.obj
                0x0000000008007170                USBD_CDC_GetDeviceQualifierDescriptor
 .text.USBD_CDC_RegisterInterface
                0x0000000008007190       0x28 CMakeFiles/accelerotor.elf.dir/Middlewares/ST/STM32_USB_Device_Library/Class/CDC/Src/usbd_cdc.c.obj
                0x0000000008007190                USBD_CDC_RegisterInterface
 .text.USBD_CDC_SetTxBuffer
                0x00000000080071b8       0x30 CMakeFiles/accelerotor.elf.dir/Middlewares/ST/STM32_USB_Device_Library/Class/CDC/Src/usbd_cdc.c.obj
                0x00000000080071b8                USBD_CDC_SetTxBuffer
 .text.USBD_CDC_SetRxBuffer
                0x00000000080071e8       0x28 CMakeFiles/accelerotor.elf.dir/Middlewares/ST/STM32_USB_Device_Library/Class/CDC/Src/usbd_cdc.c.obj
                0x00000000080071e8                USBD_CDC_SetRxBuffer
 .text.USBD_CDC_ReceivePacket
                0x0000000008007210       0x54 CMakeFiles/accelerotor.elf.dir/Middlewares/ST/STM32_USB_Device_Library/Class/CDC/Src/usbd_cdc.c.obj
                0x0000000008007210                USBD_CDC_ReceivePacket
 .text.USBD_Init
                0x0000000008007264       0x6c CMakeFiles/accelerotor.elf.dir/Middlewares/ST/STM32_USB_Device_Library/Core/Src/usbd_core.c.obj
                0x0000000008007264                USBD_Init
 .text.USBD_RegisterClass
                0x00000000080072d0       0x44 CMakeFiles/accelerotor.elf.dir/Middlewares/ST/STM32_USB_Device_Library/Core/Src/usbd_core.c.obj
                0x00000000080072d0                USBD_RegisterClass
 .text.USBD_Start
                0x0000000008007314       0x18 CMakeFiles/accelerotor.elf.dir/Middlewares/ST/STM32_USB_Device_Library/Core/Src/usbd_core.c.obj
                0x0000000008007314                USBD_Start
 .text.USBD_RunTestMode
                0x000000000800732c       0x14 CMakeFiles/accelerotor.elf.dir/Middlewares/ST/STM32_USB_Device_Library/Core/Src/usbd_core.c.obj
                0x000000000800732c                USBD_RunTestMode
 .text.USBD_SetClassConfig
                0x0000000008007340       0x38 CMakeFiles/accelerotor.elf.dir/Middlewares/ST/STM32_USB_Device_Library/Core/Src/usbd_core.c.obj
                0x0000000008007340                USBD_SetClassConfig
 .text.USBD_ClrClassConfig
                0x0000000008007378       0x30 CMakeFiles/accelerotor.elf.dir/Middlewares/ST/STM32_USB_Device_Library/Core/Src/usbd_core.c.obj
                0x0000000008007378                USBD_ClrClassConfig
 .text.USBD_LL_SetupStage
                0x00000000080073a8       0xa8 CMakeFiles/accelerotor.elf.dir/Middlewares/ST/STM32_USB_Device_Library/Core/Src/usbd_core.c.obj
                0x00000000080073a8                USBD_LL_SetupStage
 .text.USBD_LL_DataOutStage
                0x0000000008007450       0xc8 CMakeFiles/accelerotor.elf.dir/Middlewares/ST/STM32_USB_Device_Library/Core/Src/usbd_core.c.obj
                0x0000000008007450                USBD_LL_DataOutStage
 .text.USBD_LL_DataInStage
                0x0000000008007518      0x12c CMakeFiles/accelerotor.elf.dir/Middlewares/ST/STM32_USB_Device_Library/Core/Src/usbd_core.c.obj
                0x0000000008007518                USBD_LL_DataInStage
 .text.USBD_LL_Reset
                0x0000000008007644       0x84 CMakeFiles/accelerotor.elf.dir/Middlewares/ST/STM32_USB_Device_Library/Core/Src/usbd_core.c.obj
                0x0000000008007644                USBD_LL_Reset
 .text.USBD_LL_SetSpeed
                0x00000000080076c8       0x20 CMakeFiles/accelerotor.elf.dir/Middlewares/ST/STM32_USB_Device_Library/Core/Src/usbd_core.c.obj
                0x00000000080076c8                USBD_LL_SetSpeed
 .text.USBD_LL_Suspend
                0x00000000080076e8       0x28 CMakeFiles/accelerotor.elf.dir/Middlewares/ST/STM32_USB_Device_Library/Core/Src/usbd_core.c.obj
                0x00000000080076e8                USBD_LL_Suspend
 .text.USBD_LL_Resume
                0x0000000008007710       0x2c CMakeFiles/accelerotor.elf.dir/Middlewares/ST/STM32_USB_Device_Library/Core/Src/usbd_core.c.obj
                0x0000000008007710                USBD_LL_Resume
 .text.USBD_LL_SOF
                0x000000000800773c       0x34 CMakeFiles/accelerotor.elf.dir/Middlewares/ST/STM32_USB_Device_Library/Core/Src/usbd_core.c.obj
                0x000000000800773c                USBD_LL_SOF
 .text.USBD_LL_IsoINIncomplete
                0x0000000008007770       0x18 CMakeFiles/accelerotor.elf.dir/Middlewares/ST/STM32_USB_Device_Library/Core/Src/usbd_core.c.obj
                0x0000000008007770                USBD_LL_IsoINIncomplete
 .text.USBD_LL_IsoOUTIncomplete
                0x0000000008007788       0x18 CMakeFiles/accelerotor.elf.dir/Middlewares/ST/STM32_USB_Device_Library/Core/Src/usbd_core.c.obj
                0x0000000008007788                USBD_LL_IsoOUTIncomplete
 .text.USBD_LL_DevConnected
                0x00000000080077a0       0x14 CMakeFiles/accelerotor.elf.dir/Middlewares/ST/STM32_USB_Device_Library/Core/Src/usbd_core.c.obj
                0x00000000080077a0                USBD_LL_DevConnected
 .text.USBD_LL_DevDisconnected
                0x00000000080077b4       0x38 CMakeFiles/accelerotor.elf.dir/Middlewares/ST/STM32_USB_Device_Library/Core/Src/usbd_core.c.obj
                0x00000000080077b4                USBD_LL_DevDisconnected
 .text.SWAPBYTE
                0x00000000080077ec       0x3c CMakeFiles/accelerotor.elf.dir/Middlewares/ST/STM32_USB_Device_Library/Core/Src/usbd_ctlreq.c.obj
 .text.USBD_StdDevReq
                0x0000000008007828       0xdc CMakeFiles/accelerotor.elf.dir/Middlewares/ST/STM32_USB_Device_Library/Core/Src/usbd_ctlreq.c.obj
                0x0000000008007828                USBD_StdDevReq
 .text.USBD_StdItfReq
                0x0000000008007904       0x8c CMakeFiles/accelerotor.elf.dir/Middlewares/ST/STM32_USB_Device_Library/Core/Src/usbd_ctlreq.c.obj
                0x0000000008007904                USBD_StdItfReq
 .text.USBD_StdEPReq
                0x0000000008007990      0x2ac CMakeFiles/accelerotor.elf.dir/Middlewares/ST/STM32_USB_Device_Library/Core/Src/usbd_ctlreq.c.obj
                0x0000000008007990                USBD_StdEPReq
 .text.USBD_GetDescriptor
                0x0000000008007c3c      0x2d4 CMakeFiles/accelerotor.elf.dir/Middlewares/ST/STM32_USB_Device_Library/Core/Src/usbd_ctlreq.c.obj
 .text.USBD_SetAddress
                0x0000000008007f10       0x84 CMakeFiles/accelerotor.elf.dir/Middlewares/ST/STM32_USB_Device_Library/Core/Src/usbd_ctlreq.c.obj
 .text.USBD_SetConfig
                0x0000000008007f94      0x148 CMakeFiles/accelerotor.elf.dir/Middlewares/ST/STM32_USB_Device_Library/Core/Src/usbd_ctlreq.c.obj
 .text.USBD_GetConfig
                0x00000000080080dc       0x68 CMakeFiles/accelerotor.elf.dir/Middlewares/ST/STM32_USB_Device_Library/Core/Src/usbd_ctlreq.c.obj
 .text.USBD_GetStatus
                0x0000000008008144       0x68 CMakeFiles/accelerotor.elf.dir/Middlewares/ST/STM32_USB_Device_Library/Core/Src/usbd_ctlreq.c.obj
 .text.USBD_SetFeature
                0x00000000080081ac       0x28 CMakeFiles/accelerotor.elf.dir/Middlewares/ST/STM32_USB_Device_Library/Core/Src/usbd_ctlreq.c.obj
 .text.USBD_ClrFeature
                0x00000000080081d4       0x44 CMakeFiles/accelerotor.elf.dir/Middlewares/ST/STM32_USB_Device_Library/Core/Src/usbd_ctlreq.c.obj
 .text.USBD_ParseSetupRequest
                0x0000000008008218       0x74 CMakeFiles/accelerotor.elf.dir/Middlewares/ST/STM32_USB_Device_Library/Core/Src/usbd_ctlreq.c.obj
                0x0000000008008218                USBD_ParseSetupRequest
 .text.USBD_CtlError
                0x000000000800828c       0x24 CMakeFiles/accelerotor.elf.dir/Middlewares/ST/STM32_USB_Device_Library/Core/Src/usbd_ctlreq.c.obj
                0x000000000800828c                USBD_CtlError
 .text.USBD_GetString
                0x00000000080082b0       0x8c CMakeFiles/accelerotor.elf.dir/Middlewares/ST/STM32_USB_Device_Library/Core/Src/usbd_ctlreq.c.obj
                0x00000000080082b0                USBD_GetString
 .text.USBD_GetLen
                0x000000000800833c       0x34 CMakeFiles/accelerotor.elf.dir/Middlewares/ST/STM32_USB_Device_Library/Core/Src/usbd_ctlreq.c.obj
 .text.USBD_CtlSendData
                0x0000000008008370       0x38 CMakeFiles/accelerotor.elf.dir/Middlewares/ST/STM32_USB_Device_Library/Core/Src/usbd_ioreq.c.obj
                0x0000000008008370                USBD_CtlSendData
 .text.USBD_CtlContinueSendData
                0x00000000080083a8       0x24 CMakeFiles/accelerotor.elf.dir/Middlewares/ST/STM32_USB_Device_Library/Core/Src/usbd_ioreq.c.obj
                0x00000000080083a8                USBD_CtlContinueSendData
 .text.USBD_CtlPrepareRx
                0x00000000080083cc       0x3c CMakeFiles/accelerotor.elf.dir/Middlewares/ST/STM32_USB_Device_Library/Core/Src/usbd_ioreq.c.obj
                0x00000000080083cc                USBD_CtlPrepareRx
 .text.USBD_CtlContinueRx
                0x0000000008008408       0x24 CMakeFiles/accelerotor.elf.dir/Middlewares/ST/STM32_USB_Device_Library/Core/Src/usbd_ioreq.c.obj
                0x0000000008008408                USBD_CtlContinueRx
 .text.USBD_CtlSendStatus
                0x000000000800842c       0x28 CMakeFiles/accelerotor.elf.dir/Middlewares/ST/STM32_USB_Device_Library/Core/Src/usbd_ioreq.c.obj
                0x000000000800842c                USBD_CtlSendStatus
 .text.USBD_CtlReceiveStatus
                0x0000000008008454       0x28 CMakeFiles/accelerotor.elf.dir/Middlewares/ST/STM32_USB_Device_Library/Core/Src/usbd_ioreq.c.obj
                0x0000000008008454                USBD_CtlReceiveStatus
 .text.MX_USB_DEVICE_Init
                0x000000000800847c       0x60 CMakeFiles/accelerotor.elf.dir/USB_DEVICE/App/usb_device.c.obj
                0x000000000800847c                MX_USB_DEVICE_Init
 .text.CDC_Init_FS
                0x00000000080084dc       0x28 CMakeFiles/accelerotor.elf.dir/USB_DEVICE/App/usbd_cdc_if.c.obj
 .text.CDC_DeInit_FS
                0x0000000008008504       0x10 CMakeFiles/accelerotor.elf.dir/USB_DEVICE/App/usbd_cdc_if.c.obj
 .text.CDC_Control_FS
                0x0000000008008514       0xbc CMakeFiles/accelerotor.elf.dir/USB_DEVICE/App/usbd_cdc_if.c.obj
 .text.CDC_Receive_FS
                0x00000000080085d0       0x28 CMakeFiles/accelerotor.elf.dir/USB_DEVICE/App/usbd_cdc_if.c.obj
 .text.CDC_TransmitCplt_FS
                0x00000000080085f8       0x20 CMakeFiles/accelerotor.elf.dir/USB_DEVICE/App/usbd_cdc_if.c.obj
 .text.USBD_FS_DeviceDescriptor
                0x0000000008008618       0x24 CMakeFiles/accelerotor.elf.dir/USB_DEVICE/App/usbd_desc.c.obj
                0x0000000008008618                USBD_FS_DeviceDescriptor
 .text.USBD_FS_LangIDStrDescriptor
                0x000000000800863c       0x24 CMakeFiles/accelerotor.elf.dir/USB_DEVICE/App/usbd_desc.c.obj
                0x000000000800863c                USBD_FS_LangIDStrDescriptor
 .text.USBD_FS_ProductStrDescriptor
                0x0000000008008660       0x3c CMakeFiles/accelerotor.elf.dir/USB_DEVICE/App/usbd_desc.c.obj
                0x0000000008008660                USBD_FS_ProductStrDescriptor
 .text.USBD_FS_ManufacturerStrDescriptor
                0x000000000800869c       0x28 CMakeFiles/accelerotor.elf.dir/USB_DEVICE/App/usbd_desc.c.obj
                0x000000000800869c                USBD_FS_ManufacturerStrDescriptor
 .text.USBD_FS_SerialStrDescriptor
                0x00000000080086c4       0x24 CMakeFiles/accelerotor.elf.dir/USB_DEVICE/App/usbd_desc.c.obj
                0x00000000080086c4                USBD_FS_SerialStrDescriptor
 .text.USBD_FS_ConfigStrDescriptor
                0x00000000080086e8       0x3c CMakeFiles/accelerotor.elf.dir/USB_DEVICE/App/usbd_desc.c.obj
                0x00000000080086e8                USBD_FS_ConfigStrDescriptor
 .text.USBD_FS_InterfaceStrDescriptor
                0x0000000008008724       0x3c CMakeFiles/accelerotor.elf.dir/USB_DEVICE/App/usbd_desc.c.obj
                0x0000000008008724                USBD_FS_InterfaceStrDescriptor
 .text.Get_SerialNum
                0x0000000008008760       0x58 CMakeFiles/accelerotor.elf.dir/USB_DEVICE/App/usbd_desc.c.obj
 .text.IntToUnicode
                0x00000000080087b8       0x7c CMakeFiles/accelerotor.elf.dir/USB_DEVICE/App/usbd_desc.c.obj
 .text.HAL_PCD_MspInit
                0x0000000008008834       0xa8 CMakeFiles/accelerotor.elf.dir/USB_DEVICE/Target/usbd_conf.c.obj
                0x0000000008008834                HAL_PCD_MspInit
 .text.HAL_PCD_SetupStageCallback
                0x00000000080088dc       0x24 CMakeFiles/accelerotor.elf.dir/USB_DEVICE/Target/usbd_conf.c.obj
                0x00000000080088dc                HAL_PCD_SetupStageCallback
 .text.HAL_PCD_DataOutStageCallback
                0x0000000008008900       0x38 CMakeFiles/accelerotor.elf.dir/USB_DEVICE/Target/usbd_conf.c.obj
                0x0000000008008900                HAL_PCD_DataOutStageCallback
 .text.HAL_PCD_DataInStageCallback
                0x0000000008008938       0x34 CMakeFiles/accelerotor.elf.dir/USB_DEVICE/Target/usbd_conf.c.obj
                0x0000000008008938                HAL_PCD_DataInStageCallback
 .text.HAL_PCD_SOFCallback
                0x000000000800896c       0x1c CMakeFiles/accelerotor.elf.dir/USB_DEVICE/Target/usbd_conf.c.obj
                0x000000000800896c                HAL_PCD_SOFCallback
 .text.HAL_PCD_ResetCallback
                0x0000000008008988       0x3c CMakeFiles/accelerotor.elf.dir/USB_DEVICE/Target/usbd_conf.c.obj
                0x0000000008008988                HAL_PCD_ResetCallback
 .text.HAL_PCD_SuspendCallback
                0x00000000080089c4       0x50 CMakeFiles/accelerotor.elf.dir/USB_DEVICE/Target/usbd_conf.c.obj
                0x00000000080089c4                HAL_PCD_SuspendCallback
 .text.HAL_PCD_ResumeCallback
                0x0000000008008a14       0x1c CMakeFiles/accelerotor.elf.dir/USB_DEVICE/Target/usbd_conf.c.obj
                0x0000000008008a14                HAL_PCD_ResumeCallback
 .text.HAL_PCD_ISOOUTIncompleteCallback
                0x0000000008008a30       0x24 CMakeFiles/accelerotor.elf.dir/USB_DEVICE/Target/usbd_conf.c.obj
                0x0000000008008a30                HAL_PCD_ISOOUTIncompleteCallback
 .text.HAL_PCD_ISOINIncompleteCallback
                0x0000000008008a54       0x24 CMakeFiles/accelerotor.elf.dir/USB_DEVICE/Target/usbd_conf.c.obj
                0x0000000008008a54                HAL_PCD_ISOINIncompleteCallback
 .text.HAL_PCD_ConnectCallback
                0x0000000008008a78       0x1c CMakeFiles/accelerotor.elf.dir/USB_DEVICE/Target/usbd_conf.c.obj
                0x0000000008008a78                HAL_PCD_ConnectCallback
 .text.HAL_PCD_DisconnectCallback
                0x0000000008008a94       0x1c CMakeFiles/accelerotor.elf.dir/USB_DEVICE/Target/usbd_conf.c.obj
                0x0000000008008a94                HAL_PCD_DisconnectCallback
 .text.USBD_LL_Init
                0x0000000008008ab0       0x98 CMakeFiles/accelerotor.elf.dir/USB_DEVICE/Target/usbd_conf.c.obj
                0x0000000008008ab0                USBD_LL_Init
 .text.USBD_LL_Start
                0x0000000008008b48       0x38 CMakeFiles/accelerotor.elf.dir/USB_DEVICE/Target/usbd_conf.c.obj
                0x0000000008008b48                USBD_LL_Start
 .text.USBD_LL_OpenEP
                0x0000000008008b80       0x4c CMakeFiles/accelerotor.elf.dir/USB_DEVICE/Target/usbd_conf.c.obj
                0x0000000008008b80                USBD_LL_OpenEP
 .text.USBD_LL_CloseEP
                0x0000000008008bcc       0x40 CMakeFiles/accelerotor.elf.dir/USB_DEVICE/Target/usbd_conf.c.obj
                0x0000000008008bcc                USBD_LL_CloseEP
 .text.USBD_LL_StallEP
                0x0000000008008c0c       0x40 CMakeFiles/accelerotor.elf.dir/USB_DEVICE/Target/usbd_conf.c.obj
                0x0000000008008c0c                USBD_LL_StallEP
 .text.USBD_LL_ClearStallEP
                0x0000000008008c4c       0x40 CMakeFiles/accelerotor.elf.dir/USB_DEVICE/Target/usbd_conf.c.obj
                0x0000000008008c4c                USBD_LL_ClearStallEP
 .text.USBD_LL_IsStallEP
                0x0000000008008c8c       0x58 CMakeFiles/accelerotor.elf.dir/USB_DEVICE/Target/usbd_conf.c.obj
                0x0000000008008c8c                USBD_LL_IsStallEP
 .text.USBD_LL_SetUSBAddress
                0x0000000008008ce4       0x40 CMakeFiles/accelerotor.elf.dir/USB_DEVICE/Target/usbd_conf.c.obj
                0x0000000008008ce4                USBD_LL_SetUSBAddress
 .text.USBD_LL_Transmit
                0x0000000008008d24       0x44 CMakeFiles/accelerotor.elf.dir/USB_DEVICE/Target/usbd_conf.c.obj
                0x0000000008008d24                USBD_LL_Transmit
 .text.USBD_LL_PrepareReceive
                0x0000000008008d68       0x44 CMakeFiles/accelerotor.elf.dir/USB_DEVICE/Target/usbd_conf.c.obj
                0x0000000008008d68                USBD_LL_PrepareReceive
 .text.USBD_LL_GetRxDataSize
                0x0000000008008dac       0x28 CMakeFiles/accelerotor.elf.dir/USB_DEVICE/Target/usbd_conf.c.obj
                0x0000000008008dac                USBD_LL_GetRxDataSize
 .text.USBD_Get_USB_Status
                0x0000000008008dd4       0x58 CMakeFiles/accelerotor.elf.dir/USB_DEVICE/Target/usbd_conf.c.obj
                0x0000000008008dd4                USBD_Get_USB_Status
 .text.Reset_Handler
                0x0000000008008e2c       0x50 CMakeFiles/accelerotor.elf.dir/startup/startup_stm32f411xe.s.obj
                0x0000000008008e2c                Reset_Handler
 .text.Default_Handler
                0x0000000008008e7c        0x2 CMakeFiles/accelerotor.elf.dir/startup/startup_stm32f411xe.s.obj
                0x0000000008008e7c                DMA2_Stream6_IRQHandler
                0x0000000008008e7c                EXTI2_IRQHandler
                0x0000000008008e7c                SPI4_IRQHandler
                0x0000000008008e7c                TIM1_CC_IRQHandler
                0x0000000008008e7c                DMA2_Stream5_IRQHandler
                0x0000000008008e7c                PVD_IRQHandler
                0x0000000008008e7c                SDIO_IRQHandler
                0x0000000008008e7c                TAMP_STAMP_IRQHandler
                0x0000000008008e7c                EXTI3_IRQHandler
                0x0000000008008e7c                TIM1_UP_TIM10_IRQHandler
                0x0000000008008e7c                I2C3_ER_IRQHandler
                0x0000000008008e7c                EXTI0_IRQHandler
                0x0000000008008e7c                I2C2_EV_IRQHandler
                0x0000000008008e7c                DMA1_Stream2_IRQHandler
                0x0000000008008e7c                FPU_IRQHandler
                0x0000000008008e7c                DMA2_Stream2_IRQHandler
                0x0000000008008e7c                SPI1_IRQHandler
                0x0000000008008e7c                TIM1_BRK_TIM9_IRQHandler
                0x0000000008008e7c                DMA2_Stream3_IRQHandler
                0x0000000008008e7c                USART6_IRQHandler
                0x0000000008008e7c                DMA2_Stream0_IRQHandler
                0x0000000008008e7c                TIM4_IRQHandler
                0x0000000008008e7c                I2C1_EV_IRQHandler
                0x0000000008008e7c                DMA1_Stream6_IRQHandler
                0x0000000008008e7c                TIM3_IRQHandler
                0x0000000008008e7c                RCC_IRQHandler
                0x0000000008008e7c                Default_Handler
                0x0000000008008e7c                EXTI15_10_IRQHandler
                0x0000000008008e7c                ADC_IRQHandler
                0x0000000008008e7c                DMA1_Stream7_IRQHandler
                0x0000000008008e7c                SPI5_IRQHandler
                0x0000000008008e7c                TIM5_IRQHandler
                0x0000000008008e7c                DMA2_Stream7_IRQHandler
                0x0000000008008e7c                I2C3_EV_IRQHandler
                0x0000000008008e7c                EXTI9_5_IRQHandler
                0x0000000008008e7c                RTC_WKUP_IRQHandler
                0x0000000008008e7c                SPI2_IRQHandler
                0x0000000008008e7c                EXTI4_IRQHandler
                0x0000000008008e7c                WWDG_IRQHandler
                0x0000000008008e7c                TIM2_IRQHandler
                0x0000000008008e7c                OTG_FS_WKUP_IRQHandler
                0x0000000008008e7c                TIM1_TRG_COM_TIM11_IRQHandler
                0x0000000008008e7c                EXTI1_IRQHandler
                0x0000000008008e7c                I2C2_ER_IRQHandler
                0x0000000008008e7c                DMA2_Stream1_IRQHandler
                0x0000000008008e7c                FLASH_IRQHandler
                0x0000000008008e7c                DMA2_Stream4_IRQHandler
                0x0000000008008e7c                USART1_IRQHandler
                0x0000000008008e7c                SPI3_IRQHandler
                0x0000000008008e7c                DMA1_Stream4_IRQHandler
                0x0000000008008e7c                I2C1_ER_IRQHandler
                0x0000000008008e7c                RTC_Alarm_IRQHandler
 *fill*         0x0000000008008e7e        0x2 
 .text.__errno  0x0000000008008e80        0xc /usr/local/Cellar/gcc-arm-none-eabi/20160928/bin/../lib/gcc/arm-none-eabi/5.4.1/../../../../arm-none-eabi/lib/armv7e-m/libg_nano.a(lib_a-errno.o)
                0x0000000008008e80                __errno
 .text.__libc_init_array
                0x0000000008008e8c       0x4c /usr/local/Cellar/gcc-arm-none-eabi/20160928/bin/../lib/gcc/arm-none-eabi/5.4.1/../../../../arm-none-eabi/lib/armv7e-m/libg_nano.a(lib_a-init.o)
                0x0000000008008e8c                __libc_init_array
 .text.malloc   0x0000000008008ed8       0x10 /usr/local/Cellar/gcc-arm-none-eabi/20160928/bin/../lib/gcc/arm-none-eabi/5.4.1/../../../../arm-none-eabi/lib/armv7e-m/libg_nano.a(lib_a-malloc.o)
                0x0000000008008ed8                malloc
 .text.free     0x0000000008008ee8       0x10 /usr/local/Cellar/gcc-arm-none-eabi/20160928/bin/../lib/gcc/arm-none-eabi/5.4.1/../../../../arm-none-eabi/lib/armv7e-m/libg_nano.a(lib_a-malloc.o)
                0x0000000008008ee8                free
 .text.memset   0x0000000008008ef8       0x10 /usr/local/Cellar/gcc-arm-none-eabi/20160928/bin/../lib/gcc/arm-none-eabi/5.4.1/../../../../arm-none-eabi/lib/armv7e-m/libg_nano.a(lib_a-memset.o)
                0x0000000008008ef8                memset
 .text._free_r  0x0000000008008f08       0x9c /usr/local/Cellar/gcc-arm-none-eabi/20160928/bin/../lib/gcc/arm-none-eabi/5.4.1/../../../../arm-none-eabi/lib/armv7e-m/libg_nano.a(lib_a-nano-freer.o)
                0x0000000008008f08                _free_r
 .text._malloc_r
                0x0000000008008fa4       0xbc /usr/local/Cellar/gcc-arm-none-eabi/20160928/bin/../lib/gcc/arm-none-eabi/5.4.1/../../../../arm-none-eabi/lib/armv7e-m/libg_nano.a(lib_a-nano-mallocr.o)
                0x0000000008008fa4                _malloc_r
 .text._sbrk_r  0x0000000008009060       0x20 /usr/local/Cellar/gcc-arm-none-eabi/20160928/bin/../lib/gcc/arm-none-eabi/5.4.1/../../../../arm-none-eabi/lib/armv7e-m/libg_nano.a(lib_a-sbrkr.o)
                0x0000000008009060                _sbrk_r
 .text.__malloc_lock
                0x0000000008009080        0x2 /usr/local/Cellar/gcc-arm-none-eabi/20160928/bin/../lib/gcc/arm-none-eabi/5.4.1/../../../../arm-none-eabi/lib/armv7e-m/libg_nano.a(lib_a-mlock.o)
                0x0000000008009080                __malloc_lock
 .text.__malloc_unlock
                0x0000000008009082        0x2 /usr/local/Cellar/gcc-arm-none-eabi/20160928/bin/../lib/gcc/arm-none-eabi/5.4.1/../../../../arm-none-eabi/lib/armv7e-m/libg_nano.a(lib_a-mlock.o)
                0x0000000008009082                __malloc_unlock
 *(.glue_7)
 .glue_7        0x0000000008009084        0x0 linker stubs
 *(.glue_7t)
 .glue_7t       0x0000000008009084        0x0 linker stubs
 *(.eh_frame)
 .eh_frame      0x0000000008009084        0x0 /usr/local/Cellar/gcc-arm-none-eabi/20160928/bin/../lib/gcc/arm-none-eabi/5.4.1/armv7e-m/crtbegin.o
 *(.init)
 .init          0x0000000008009084        0x4 /usr/local/Cellar/gcc-arm-none-eabi/20160928/bin/../lib/gcc/arm-none-eabi/5.4.1/armv7e-m/crti.o
                0x0000000008009084                _init
 .init          0x0000000008009088        0x8 /usr/local/Cellar/gcc-arm-none-eabi/20160928/bin/../lib/gcc/arm-none-eabi/5.4.1/armv7e-m/crtn.o
 *(.fini)
 .fini          0x0000000008009090        0x4 /usr/local/Cellar/gcc-arm-none-eabi/20160928/bin/../lib/gcc/arm-none-eabi/5.4.1/armv7e-m/crti.o
                0x0000000008009090                _fini
 .fini          0x0000000008009094        0x8 /usr/local/Cellar/gcc-arm-none-eabi/20160928/bin/../lib/gcc/arm-none-eabi/5.4.1/armv7e-m/crtn.o
                0x000000000800909c                . = ALIGN (0x4)
                0x000000000800909c                _etext = .

.vfp11_veneer   0x000000000800909c        0x0
 .vfp11_veneer  0x000000000800909c        0x0 linker stubs

.v4_bx          0x000000000800909c        0x0
 .v4_bx         0x000000000800909c        0x0 linker stubs

.iplt           0x000000000800909c        0x0
 .iplt          0x000000000800909c        0x0 /usr/local/Cellar/gcc-arm-none-eabi/20160928/bin/../lib/gcc/arm-none-eabi/5.4.1/armv7e-m/crtbegin.o

.rodata         0x000000000800909c       0x68
                0x000000000800909c                . = ALIGN (0x4)
 *(.rodata)
 .rodata        0x000000000800909c       0x46 CMakeFiles/accelerotor.elf.dir/USB_DEVICE/App/usbd_desc.c.obj
 *(.rodata*)
 *fill*         0x00000000080090e2        0x2 
 .rodata.AHBPrescTable
                0x00000000080090e4       0x10 CMakeFiles/accelerotor.elf.dir/Core/Src/system_stm32f4xx.c.obj
                0x00000000080090e4                AHBPrescTable
 .rodata.APBPrescTable
                0x00000000080090f4        0x8 CMakeFiles/accelerotor.elf.dir/Core/Src/system_stm32f4xx.c.obj
                0x00000000080090f4                APBPrescTable
 .rodata.flagBitshiftOffset.7094
                0x00000000080090fc        0x8 CMakeFiles/accelerotor.elf.dir/Drivers/STM32F4xx_HAL_Driver/Src/stm32f4xx_hal_dma.c.obj
                0x0000000008009104                . = ALIGN (0x4)

.ARM.extab
 *(.ARM.extab* .gnu.linkonce.armextab.*)

.ARM            0x0000000008009104        0x8
                0x0000000008009104                __exidx_start = .
 *(.ARM.exidx*)
 .ARM.exidx     0x0000000008009104        0x8 /usr/local/Cellar/gcc-arm-none-eabi/20160928/bin/../lib/gcc/arm-none-eabi/5.4.1/armv7e-m/libgcc.a(_udivmoddi4.o)
                0x000000000800910c                __exidx_end = .

.rel.dyn        0x000000000800910c        0x0
 .rel.iplt      0x000000000800910c        0x0 /usr/local/Cellar/gcc-arm-none-eabi/20160928/bin/../lib/gcc/arm-none-eabi/5.4.1/armv7e-m/crtbegin.o

.preinit_array  0x000000000800910c        0x0
                0x000000000800910c                PROVIDE (__preinit_array_start, .)
 *(.preinit_array*)
                0x000000000800910c                PROVIDE (__preinit_array_end, .)

.init_array     0x000000000800910c        0x4
                0x000000000800910c                PROVIDE (__init_array_start, .)
 *(SORT(.init_array.*))
 *(.init_array*)
 .init_array    0x000000000800910c        0x4 /usr/local/Cellar/gcc-arm-none-eabi/20160928/bin/../lib/gcc/arm-none-eabi/5.4.1/armv7e-m/crtbegin.o
                0x0000000008009110                PROVIDE (__init_array_end, .)

.fini_array     0x0000000008009110        0x4
                [!provide]                        PROVIDE (__fini_array_start, .)
 *(SORT(.fini_array.*))
 *(.fini_array*)
 .fini_array    0x0000000008009110        0x4 /usr/local/Cellar/gcc-arm-none-eabi/20160928/bin/../lib/gcc/arm-none-eabi/5.4.1/armv7e-m/crtbegin.o
                [!provide]                        PROVIDE (__fini_array_end, .)
                0x0000000008009114                _sidata = LOADADDR (.data)

.data           0x0000000020000000      0x1e4 load address 0x0000000008009114
                0x0000000020000000                . = ALIGN (0x4)
                0x0000000020000000                _sdata = .
 *(.data)
 *(.data*)
 .data.SystemCoreClock
                0x0000000020000000        0x4 CMakeFiles/accelerotor.elf.dir/Core/Src/system_stm32f4xx.c.obj
                0x0000000020000000                SystemCoreClock
 .data.uwTickPrio
                0x0000000020000004        0x4 CMakeFiles/accelerotor.elf.dir/Drivers/STM32F4xx_HAL_Driver/Src/stm32f4xx_hal.c.obj
                0x0000000020000004                uwTickPrio
 .data.uwTickFreq
                0x0000000020000008        0x1 CMakeFiles/accelerotor.elf.dir/Drivers/STM32F4xx_HAL_Driver/Src/stm32f4xx_hal.c.obj
                0x0000000020000008                uwTickFreq
 *fill*         0x0000000020000009        0x3 
 .data.USBD_CDC_DeviceQualifierDesc
                0x000000002000000c        0xa CMakeFiles/accelerotor.elf.dir/Middlewares/ST/STM32_USB_Device_Library/Class/CDC/Src/usbd_cdc.c.obj
 *fill*         0x0000000020000016        0x2 
 .data.USBD_CDC
                0x0000000020000018       0x38 CMakeFiles/accelerotor.elf.dir/Middlewares/ST/STM32_USB_Device_Library/Class/CDC/Src/usbd_cdc.c.obj
                0x0000000020000018                USBD_CDC
 .data.USBD_CDC_CfgHSDesc
                0x0000000020000050       0x43 CMakeFiles/accelerotor.elf.dir/Middlewares/ST/STM32_USB_Device_Library/Class/CDC/Src/usbd_cdc.c.obj
 *fill*         0x0000000020000093        0x1 
 .data.USBD_CDC_CfgFSDesc
                0x0000000020000094       0x43 CMakeFiles/accelerotor.elf.dir/Middlewares/ST/STM32_USB_Device_Library/Class/CDC/Src/usbd_cdc.c.obj
 *fill*         0x00000000200000d7        0x1 
 .data.USBD_CDC_OtherSpeedCfgDesc
                0x00000000200000d8       0x43 CMakeFiles/accelerotor.elf.dir/Middlewares/ST/STM32_USB_Device_Library/Class/CDC/Src/usbd_cdc.c.obj
 *fill*         0x000000002000011b        0x1 
 .data.USBD_Interface_fops_FS
                0x000000002000011c       0x14 CMakeFiles/accelerotor.elf.dir/USB_DEVICE/App/usbd_cdc_if.c.obj
                0x000000002000011c                USBD_Interface_fops_FS
 .data.FS_Desc  0x0000000020000130       0x1c CMakeFiles/accelerotor.elf.dir/USB_DEVICE/App/usbd_desc.c.obj
                0x0000000020000130                FS_Desc
 .data.USBD_FS_DeviceDesc
                0x000000002000014c       0x12 CMakeFiles/accelerotor.elf.dir/USB_DEVICE/App/usbd_desc.c.obj
                0x000000002000014c                USBD_FS_DeviceDesc
 *fill*         0x000000002000015e        0x2 
 .data.USBD_LangIDDesc
                0x0000000020000160        0x4 CMakeFiles/accelerotor.elf.dir/USB_DEVICE/App/usbd_desc.c.obj
                0x0000000020000160                USBD_LangIDDesc
 .data.USBD_StringSerial
                0x0000000020000164       0x1a CMakeFiles/accelerotor.elf.dir/USB_DEVICE/App/usbd_desc.c.obj
                0x0000000020000164                USBD_StringSerial
 *fill*         0x000000002000017e        0x2 
 .data.impure_data
                0x0000000020000180       0x60 /usr/local/Cellar/gcc-arm-none-eabi/20160928/bin/../lib/gcc/arm-none-eabi/5.4.1/../../../../arm-none-eabi/lib/armv7e-m/libg_nano.a(lib_a-impure.o)
 .data._impure_ptr
                0x00000000200001e0        0x4 /usr/local/Cellar/gcc-arm-none-eabi/20160928/bin/../lib/gcc/arm-none-eabi/5.4.1/../../../../arm-none-eabi/lib/armv7e-m/libg_nano.a(lib_a-impure.o)
                0x00000000200001e0                _impure_ptr
                0x00000000200001e4                . = ALIGN (0x4)
                0x00000000200001e4                _edata = .

.jcr            0x00000000200001e4        0x0 load address 0x00000000080092f8
 .jcr           0x00000000200001e4        0x0 /usr/local/Cellar/gcc-arm-none-eabi/20160928/bin/../lib/gcc/arm-none-eabi/5.4.1/armv7e-m/crtbegin.o

.igot.plt       0x00000000200001e4        0x0 load address 0x00000000080092f8
 .igot.plt      0x00000000200001e4        0x0 /usr/local/Cellar/gcc-arm-none-eabi/20160928/bin/../lib/gcc/arm-none-eabi/5.4.1/armv7e-m/crtbegin.o
                0x00000000200001e4                . = ALIGN (0x4)

.bss            0x00000000200001e4     0x1e7c load address 0x00000000080092f8
                0x00000000200001e4                _sbss = .
                0x00000000200001e4                __bss_start__ = _sbss
 *(.bss)
 .bss           0x00000000200001e4       0x1c /usr/local/Cellar/gcc-arm-none-eabi/20160928/bin/../lib/gcc/arm-none-eabi/5.4.1/armv7e-m/crtbegin.o
 *(.bss*)
 .bss.htim2     0x0000000020000200       0x40 CMakeFiles/accelerotor.elf.dir/Core/Src/main.c.obj
                0x0000000020000200                htim2
 .bss.htim4     0x0000000020000240       0x40 CMakeFiles/accelerotor.elf.dir/Core/Src/main.c.obj
                0x0000000020000240                htim4
 .bss.hdma_tim2_ch1
                0x0000000020000280       0x60 CMakeFiles/accelerotor.elf.dir/Core/Src/main.c.obj
                0x0000000020000280                hdma_tim2_ch1
 .bss.hdma_tim2_ch3_up
                0x00000000200002e0       0x60 CMakeFiles/accelerotor.elf.dir/Core/Src/main.c.obj
                0x00000000200002e0                hdma_tim2_ch3_up
 .bss.hdma_tim4_ch1
                0x0000000020000340       0x60 CMakeFiles/accelerotor.elf.dir/Core/Src/main.c.obj
                0x0000000020000340                hdma_tim4_ch1
 .bss.hdma_tim4_ch2
                0x00000000200003a0       0x60 CMakeFiles/accelerotor.elf.dir/Core/Src/main.c.obj
                0x00000000200003a0                hdma_tim4_ch2
 .bss.huart2    0x0000000020000400       0x40 CMakeFiles/accelerotor.elf.dir/Core/Src/main.c.obj
                0x0000000020000400                huart2
 .bss.SBUSBuffer
                0x0000000020000440       0x19 CMakeFiles/accelerotor.elf.dir/Core/Src/main.c.obj
                0x0000000020000440                SBUSBuffer
 *fill*         0x0000000020000459        0x3 
 .bss.SBUSChannelValues
                0x000000002000045c       0x24 CMakeFiles/accelerotor.elf.dir/Core/Src/main.c.obj
                0x000000002000045c                SBUSChannelValues
 .bss.DSHOT_buffer
                0x0000000020000480      0x2f0 CMakeFiles/accelerotor.elf.dir/Core/Src/main.c.obj
                0x0000000020000480                DSHOT_buffer
 .bss.heap_end.5922
                0x0000000020000770        0x4 CMakeFiles/accelerotor.elf.dir/Core/Src/syscalls.c.obj
 .bss.uwTick    0x0000000020000774        0x4 CMakeFiles/accelerotor.elf.dir/Drivers/STM32F4xx_HAL_Driver/Src/stm32f4xx_hal.c.obj
                0x0000000020000774                uwTick
 .bss.cfgidx.8920
                0x0000000020000778        0x1 CMakeFiles/accelerotor.elf.dir/Middlewares/ST/STM32_USB_Device_Library/Core/Src/usbd_ctlreq.c.obj
 *fill*         0x0000000020000779        0x3 
 .bss.hUsbDeviceFS
                0x000000002000077c      0x2d0 CMakeFiles/accelerotor.elf.dir/USB_DEVICE/App/usb_device.c.obj
                0x000000002000077c                hUsbDeviceFS
 .bss.UserRxBufferFS
                0x0000000020000a4c      0x800 CMakeFiles/accelerotor.elf.dir/USB_DEVICE/App/usbd_cdc_if.c.obj
                0x0000000020000a4c                UserRxBufferFS
 .bss.UserTxBufferFS
                0x000000002000124c      0x800 CMakeFiles/accelerotor.elf.dir/USB_DEVICE/App/usbd_cdc_if.c.obj
                0x000000002000124c                UserTxBufferFS
 .bss.USBD_StrDesc
                0x0000000020001a4c      0x200 CMakeFiles/accelerotor.elf.dir/USB_DEVICE/App/usbd_desc.c.obj
                0x0000000020001a4c                USBD_StrDesc
 .bss.hpcd_USB_OTG_FS
                0x0000000020001c4c      0x408 CMakeFiles/accelerotor.elf.dir/USB_DEVICE/Target/usbd_conf.c.obj
                0x0000000020001c4c                hpcd_USB_OTG_FS
 .bss.__malloc_sbrk_start
                0x0000000020002054        0x4 /usr/local/Cellar/gcc-arm-none-eabi/20160928/bin/../lib/gcc/arm-none-eabi/5.4.1/../../../../arm-none-eabi/lib/armv7e-m/libg_nano.a(lib_a-nano-mallocr.o)
                0x0000000020002054                __malloc_sbrk_start
 .bss.__malloc_free_list
                0x0000000020002058        0x4 /usr/local/Cellar/gcc-arm-none-eabi/20160928/bin/../lib/gcc/arm-none-eabi/5.4.1/../../../../arm-none-eabi/lib/armv7e-m/libg_nano.a(lib_a-nano-mallocr.o)
                0x0000000020002058                __malloc_free_list
 *(COMMON)
 COMMON         0x000000002000205c        0x4 /usr/local/Cellar/gcc-arm-none-eabi/20160928/bin/../lib/gcc/arm-none-eabi/5.4.1/../../../../arm-none-eabi/lib/armv7e-m/libg_nano.a(lib_a-reent.o)
                0x000000002000205c                errno
                0x0000000020002060                . = ALIGN (0x4)
                0x0000000020002060                _ebss = .
                0x0000000020002060                __bss_end__ = _ebss

._user_heap_stack
                0x0000000020002060      0x600 load address 0x00000000080092f8
                0x0000000020002060                . = ALIGN (0x8)
                0x0000000020002060                PROVIDE (end, .)
                [!provide]                        PROVIDE (_end, .)
                0x0000000020002260                . = (. + _Min_Heap_Size)
 *fill*         0x0000000020002060      0x200 
                0x0000000020002660                . = (. + _Min_Stack_Size)
 *fill*         0x0000000020002260      0x400 
                0x0000000020002660                . = ALIGN (0x8)

/DISCARD/
 libc.a(*)
 libm.a(*)
 libgcc.a(*)

.ARM.attributes
                0x0000000000000000       0x2a
 *(.ARM.attributes)
 .ARM.attributes
                0x0000000000000000       0x1e /usr/local/Cellar/gcc-arm-none-eabi/20160928/bin/../lib/gcc/arm-none-eabi/5.4.1/armv7e-m/crti.o
 .ARM.attributes
                0x000000000000001e       0x2e /usr/local/Cellar/gcc-arm-none-eabi/20160928/bin/../lib/gcc/arm-none-eabi/5.4.1/armv7e-m/crtbegin.o
 .ARM.attributes
                0x000000000000004c       0x33 CMakeFiles/accelerotor.elf.dir/Core/Src/main.c.obj
 .ARM.attributes
                0x000000000000007f       0x33 CMakeFiles/accelerotor.elf.dir/Core/Src/stm32f4xx_hal_msp.c.obj
 .ARM.attributes
                0x00000000000000b2       0x33 CMakeFiles/accelerotor.elf.dir/Core/Src/stm32f4xx_it.c.obj
 .ARM.attributes
                0x00000000000000e5       0x33 CMakeFiles/accelerotor.elf.dir/Core/Src/syscalls.c.obj
 .ARM.attributes
                0x0000000000000118       0x33 CMakeFiles/accelerotor.elf.dir/Core/Src/system_stm32f4xx.c.obj
 .ARM.attributes
                0x000000000000014b       0x33 CMakeFiles/accelerotor.elf.dir/Drivers/STM32F4xx_HAL_Driver/Src/stm32f4xx_hal.c.obj
 .ARM.attributes
                0x000000000000017e       0x33 CMakeFiles/accelerotor.elf.dir/Drivers/STM32F4xx_HAL_Driver/Src/stm32f4xx_hal_cortex.c.obj
 .ARM.attributes
                0x00000000000001b1       0x33 CMakeFiles/accelerotor.elf.dir/Drivers/STM32F4xx_HAL_Driver/Src/stm32f4xx_hal_dma.c.obj
 .ARM.attributes
                0x00000000000001e4       0x33 CMakeFiles/accelerotor.elf.dir/Drivers/STM32F4xx_HAL_Driver/Src/stm32f4xx_hal_gpio.c.obj
 .ARM.attributes
                0x0000000000000217       0x33 CMakeFiles/accelerotor.elf.dir/Drivers/STM32F4xx_HAL_Driver/Src/stm32f4xx_hal_pcd.c.obj
 .ARM.attributes
                0x000000000000024a       0x33 CMakeFiles/accelerotor.elf.dir/Drivers/STM32F4xx_HAL_Driver/Src/stm32f4xx_hal_pcd_ex.c.obj
 .ARM.attributes
                0x000000000000027d       0x33 CMakeFiles/accelerotor.elf.dir/Drivers/STM32F4xx_HAL_Driver/Src/stm32f4xx_hal_rcc.c.obj
 .ARM.attributes
                0x00000000000002b0       0x33 CMakeFiles/accelerotor.elf.dir/Drivers/STM32F4xx_HAL_Driver/Src/stm32f4xx_hal_tim.c.obj
 .ARM.attributes
                0x00000000000002e3       0x33 CMakeFiles/accelerotor.elf.dir/Drivers/STM32F4xx_HAL_Driver/Src/stm32f4xx_hal_tim_ex.c.obj
 .ARM.attributes
                0x0000000000000316       0x33 CMakeFiles/accelerotor.elf.dir/Drivers/STM32F4xx_HAL_Driver/Src/stm32f4xx_hal_uart.c.obj
 .ARM.attributes
                0x0000000000000349       0x33 CMakeFiles/accelerotor.elf.dir/Drivers/STM32F4xx_HAL_Driver/Src/stm32f4xx_ll_usb.c.obj
 .ARM.attributes
                0x000000000000037c       0x33 CMakeFiles/accelerotor.elf.dir/Middlewares/ST/STM32_USB_Device_Library/Class/CDC/Src/usbd_cdc.c.obj
 .ARM.attributes
                0x00000000000003af       0x33 CMakeFiles/accelerotor.elf.dir/Middlewares/ST/STM32_USB_Device_Library/Core/Src/usbd_core.c.obj
 .ARM.attributes
                0x00000000000003e2       0x33 CMakeFiles/accelerotor.elf.dir/Middlewares/ST/STM32_USB_Device_Library/Core/Src/usbd_ctlreq.c.obj
 .ARM.attributes
                0x0000000000000415       0x33 CMakeFiles/accelerotor.elf.dir/Middlewares/ST/STM32_USB_Device_Library/Core/Src/usbd_ioreq.c.obj
 .ARM.attributes
                0x0000000000000448       0x33 CMakeFiles/accelerotor.elf.dir/USB_DEVICE/App/usb_device.c.obj
 .ARM.attributes
                0x000000000000047b       0x33 CMakeFiles/accelerotor.elf.dir/USB_DEVICE/App/usbd_cdc_if.c.obj
 .ARM.attributes
                0x00000000000004ae       0x33 CMakeFiles/accelerotor.elf.dir/USB_DEVICE/App/usbd_desc.c.obj
 .ARM.attributes
                0x00000000000004e1       0x33 CMakeFiles/accelerotor.elf.dir/USB_DEVICE/Target/usbd_conf.c.obj
 .ARM.attributes
                0x0000000000000514       0x21 CMakeFiles/accelerotor.elf.dir/startup/startup_stm32f411xe.s.obj
 .ARM.attributes
                0x0000000000000535       0x1e /usr/local/Cellar/gcc-arm-none-eabi/20160928/bin/../lib/gcc/arm-none-eabi/5.4.1/armv7e-m/libgcc.a(_aeabi_uldivmod.o)
 .ARM.attributes
                0x0000000000000553       0x2e /usr/local/Cellar/gcc-arm-none-eabi/20160928/bin/../lib/gcc/arm-none-eabi/5.4.1/armv7e-m/libgcc.a(_udivmoddi4.o)
 .ARM.attributes
                0x0000000000000581       0x1e /usr/local/Cellar/gcc-arm-none-eabi/20160928/bin/../lib/gcc/arm-none-eabi/5.4.1/armv7e-m/libgcc.a(_dvmd_tls.o)
 .ARM.attributes
                0x000000000000059f       0x2e /usr/local/Cellar/gcc-arm-none-eabi/20160928/bin/../lib/gcc/arm-none-eabi/5.4.1/../../../../arm-none-eabi/lib/armv7e-m/libg_nano.a(lib_a-errno.o)
 .ARM.attributes
                0x00000000000005cd       0x2e /usr/local/Cellar/gcc-arm-none-eabi/20160928/bin/../lib/gcc/arm-none-eabi/5.4.1/../../../../arm-none-eabi/lib/armv7e-m/libg_nano.a(lib_a-impure.o)
 .ARM.attributes
                0x00000000000005fb       0x2e /usr/local/Cellar/gcc-arm-none-eabi/20160928/bin/../lib/gcc/arm-none-eabi/5.4.1/../../../../arm-none-eabi/lib/armv7e-m/libg_nano.a(lib_a-init.o)
 .ARM.attributes
                0x0000000000000629       0x2e /usr/local/Cellar/gcc-arm-none-eabi/20160928/bin/../lib/gcc/arm-none-eabi/5.4.1/../../../../arm-none-eabi/lib/armv7e-m/libg_nano.a(lib_a-malloc.o)
 .ARM.attributes
                0x0000000000000657       0x2e /usr/local/Cellar/gcc-arm-none-eabi/20160928/bin/../lib/gcc/arm-none-eabi/5.4.1/../../../../arm-none-eabi/lib/armv7e-m/libg_nano.a(lib_a-memset.o)
 .ARM.attributes
                0x0000000000000685       0x2e /usr/local/Cellar/gcc-arm-none-eabi/20160928/bin/../lib/gcc/arm-none-eabi/5.4.1/../../../../arm-none-eabi/lib/armv7e-m/libg_nano.a(lib_a-nano-freer.o)
 .ARM.attributes
                0x00000000000006b3       0x2e /usr/local/Cellar/gcc-arm-none-eabi/20160928/bin/../lib/gcc/arm-none-eabi/5.4.1/../../../../arm-none-eabi/lib/armv7e-m/libg_nano.a(lib_a-nano-mallocr.o)
 .ARM.attributes
                0x00000000000006e1       0x2e /usr/local/Cellar/gcc-arm-none-eabi/20160928/bin/../lib/gcc/arm-none-eabi/5.4.1/../../../../arm-none-eabi/lib/armv7e-m/libg_nano.a(lib_a-sbrkr.o)
 .ARM.attributes
                0x000000000000070f       0x2e /usr/local/Cellar/gcc-arm-none-eabi/20160928/bin/../lib/gcc/arm-none-eabi/5.4.1/../../../../arm-none-eabi/lib/armv7e-m/libg_nano.a(lib_a-mlock.o)
 .ARM.attributes
                0x000000000000073d       0x2e /usr/local/Cellar/gcc-arm-none-eabi/20160928/bin/../lib/gcc/arm-none-eabi/5.4.1/../../../../arm-none-eabi/lib/armv7e-m/libg_nano.a(lib_a-reent.o)
 .ARM.attributes
                0x000000000000076b       0x1e /usr/local/Cellar/gcc-arm-none-eabi/20160928/bin/../lib/gcc/arm-none-eabi/5.4.1/armv7e-m/crtn.o
OUTPUT(accelerotor.elf elf32-littlearm)

.debug_info     0x0000000000000000    0x12dd2
 .debug_info    0x0000000000000000     0x1197 CMakeFiles/accelerotor.elf.dir/Core/Src/main.c.obj
 .debug_info    0x0000000000001197      0xe1b CMakeFiles/accelerotor.elf.dir/Core/Src/stm32f4xx_hal_msp.c.obj
 .debug_info    0x0000000000001fb2      0xa68 CMakeFiles/accelerotor.elf.dir/Core/Src/stm32f4xx_it.c.obj
 .debug_info    0x0000000000002a1a      0x6bf CMakeFiles/accelerotor.elf.dir/Core/Src/syscalls.c.obj
 .debug_info    0x00000000000030d9      0x50f CMakeFiles/accelerotor.elf.dir/Core/Src/system_stm32f4xx.c.obj
 .debug_info    0x00000000000035e8      0x859 CMakeFiles/accelerotor.elf.dir/Drivers/STM32F4xx_HAL_Driver/Src/stm32f4xx_hal.c.obj
 .debug_info    0x0000000000003e41      0xd00 CMakeFiles/accelerotor.elf.dir/Drivers/STM32F4xx_HAL_Driver/Src/stm32f4xx_hal_cortex.c.obj
 .debug_info    0x0000000000004b41      0x8d9 CMakeFiles/accelerotor.elf.dir/Drivers/STM32F4xx_HAL_Driver/Src/stm32f4xx_hal_dma.c.obj
 .debug_info    0x000000000000541a      0x72a CMakeFiles/accelerotor.elf.dir/Drivers/STM32F4xx_HAL_Driver/Src/stm32f4xx_hal_gpio.c.obj
 .debug_info    0x0000000000005b44     0x1116 CMakeFiles/accelerotor.elf.dir/Drivers/STM32F4xx_HAL_Driver/Src/stm32f4xx_hal_pcd.c.obj
 .debug_info    0x0000000000006c5a      0x6a7 CMakeFiles/accelerotor.elf.dir/Drivers/STM32F4xx_HAL_Driver/Src/stm32f4xx_hal_pcd_ex.c.obj
 .debug_info    0x0000000000007301      0x8d8 CMakeFiles/accelerotor.elf.dir/Drivers/STM32F4xx_HAL_Driver/Src/stm32f4xx_hal_rcc.c.obj
 .debug_info    0x0000000000007bd9     0x23de CMakeFiles/accelerotor.elf.dir/Drivers/STM32F4xx_HAL_Driver/Src/stm32f4xx_hal_tim.c.obj
 .debug_info    0x0000000000009fb7     0x1089 CMakeFiles/accelerotor.elf.dir/Drivers/STM32F4xx_HAL_Driver/Src/stm32f4xx_hal_tim_ex.c.obj
 .debug_info    0x000000000000b040     0x1199 CMakeFiles/accelerotor.elf.dir/Drivers/STM32F4xx_HAL_Driver/Src/stm32f4xx_hal_uart.c.obj
 .debug_info    0x000000000000c1d9     0x1831 CMakeFiles/accelerotor.elf.dir/Drivers/STM32F4xx_HAL_Driver/Src/stm32f4xx_ll_usb.c.obj
 .debug_info    0x000000000000da0a      0xf3a CMakeFiles/accelerotor.elf.dir/Middlewares/ST/STM32_USB_Device_Library/Class/CDC/Src/usbd_cdc.c.obj
 .debug_info    0x000000000000e944      0x9c8 CMakeFiles/accelerotor.elf.dir/Middlewares/ST/STM32_USB_Device_Library/Core/Src/usbd_core.c.obj
 .debug_info    0x000000000000f30c      0x980 CMakeFiles/accelerotor.elf.dir/Middlewares/ST/STM32_USB_Device_Library/Core/Src/usbd_ctlreq.c.obj
 .debug_info    0x000000000000fc8c      0x6cb CMakeFiles/accelerotor.elf.dir/Middlewares/ST/STM32_USB_Device_Library/Core/Src/usbd_ioreq.c.obj
 .debug_info    0x0000000000010357      0x63a CMakeFiles/accelerotor.elf.dir/USB_DEVICE/App/usb_device.c.obj
 .debug_info    0x0000000000010991      0x83f CMakeFiles/accelerotor.elf.dir/USB_DEVICE/App/usbd_cdc_if.c.obj
 .debug_info    0x00000000000111d0      0x457 CMakeFiles/accelerotor.elf.dir/USB_DEVICE/App/usbd_desc.c.obj
 .debug_info    0x0000000000011627     0x1709 CMakeFiles/accelerotor.elf.dir/USB_DEVICE/Target/usbd_conf.c.obj
 .debug_info    0x0000000000012d30       0xa2 CMakeFiles/accelerotor.elf.dir/startup/startup_stm32f411xe.s.obj

.debug_abbrev   0x0000000000000000     0x2e33
 .debug_abbrev  0x0000000000000000      0x293 CMakeFiles/accelerotor.elf.dir/Core/Src/main.c.obj
 .debug_abbrev  0x0000000000000293      0x1d0 CMakeFiles/accelerotor.elf.dir/Core/Src/stm32f4xx_hal_msp.c.obj
 .debug_abbrev  0x0000000000000463      0x19a CMakeFiles/accelerotor.elf.dir/Core/Src/stm32f4xx_it.c.obj
 .debug_abbrev  0x00000000000005fd      0x174 CMakeFiles/accelerotor.elf.dir/Core/Src/syscalls.c.obj
 .debug_abbrev  0x0000000000000771       0xff CMakeFiles/accelerotor.elf.dir/Core/Src/system_stm32f4xx.c.obj
 .debug_abbrev  0x0000000000000870      0x1ef CMakeFiles/accelerotor.elf.dir/Drivers/STM32F4xx_HAL_Driver/Src/stm32f4xx_hal.c.obj
 .debug_abbrev  0x0000000000000a5f      0x2e2 CMakeFiles/accelerotor.elf.dir/Drivers/STM32F4xx_HAL_Driver/Src/stm32f4xx_hal_cortex.c.obj
 .debug_abbrev  0x0000000000000d41      0x1ec CMakeFiles/accelerotor.elf.dir/Drivers/STM32F4xx_HAL_Driver/Src/stm32f4xx_hal_dma.c.obj
 .debug_abbrev  0x0000000000000f2d      0x1aa CMakeFiles/accelerotor.elf.dir/Drivers/STM32F4xx_HAL_Driver/Src/stm32f4xx_hal_gpio.c.obj
 .debug_abbrev  0x00000000000010d7      0x22d CMakeFiles/accelerotor.elf.dir/Drivers/STM32F4xx_HAL_Driver/Src/stm32f4xx_hal_pcd.c.obj
 .debug_abbrev  0x0000000000001304      0x196 CMakeFiles/accelerotor.elf.dir/Drivers/STM32F4xx_HAL_Driver/Src/stm32f4xx_hal_pcd_ex.c.obj
 .debug_abbrev  0x000000000000149a      0x23e CMakeFiles/accelerotor.elf.dir/Drivers/STM32F4xx_HAL_Driver/Src/stm32f4xx_hal_rcc.c.obj
 .debug_abbrev  0x00000000000016d8      0x204 CMakeFiles/accelerotor.elf.dir/Drivers/STM32F4xx_HAL_Driver/Src/stm32f4xx_hal_tim.c.obj
 .debug_abbrev  0x00000000000018dc      0x20c CMakeFiles/accelerotor.elf.dir/Drivers/STM32F4xx_HAL_Driver/Src/stm32f4xx_hal_tim_ex.c.obj
 .debug_abbrev  0x0000000000001ae8      0x206 CMakeFiles/accelerotor.elf.dir/Drivers/STM32F4xx_HAL_Driver/Src/stm32f4xx_hal_uart.c.obj
 .debug_abbrev  0x0000000000001cee      0x231 CMakeFiles/accelerotor.elf.dir/Drivers/STM32F4xx_HAL_Driver/Src/stm32f4xx_ll_usb.c.obj
 .debug_abbrev  0x0000000000001f1f      0x225 CMakeFiles/accelerotor.elf.dir/Middlewares/ST/STM32_USB_Device_Library/Class/CDC/Src/usbd_cdc.c.obj
 .debug_abbrev  0x0000000000002144      0x1e6 CMakeFiles/accelerotor.elf.dir/Middlewares/ST/STM32_USB_Device_Library/Core/Src/usbd_core.c.obj
 .debug_abbrev  0x000000000000232a      0x225 CMakeFiles/accelerotor.elf.dir/Middlewares/ST/STM32_USB_Device_Library/Core/Src/usbd_ctlreq.c.obj
 .debug_abbrev  0x000000000000254f      0x165 CMakeFiles/accelerotor.elf.dir/Middlewares/ST/STM32_USB_Device_Library/Core/Src/usbd_ioreq.c.obj
 .debug_abbrev  0x00000000000026b4      0x16e CMakeFiles/accelerotor.elf.dir/USB_DEVICE/App/usb_device.c.obj
 .debug_abbrev  0x0000000000002822      0x260 CMakeFiles/accelerotor.elf.dir/USB_DEVICE/App/usbd_cdc_if.c.obj
 .debug_abbrev  0x0000000000002a82      0x16e CMakeFiles/accelerotor.elf.dir/USB_DEVICE/App/usbd_desc.c.obj
 .debug_abbrev  0x0000000000002bf0      0x231 CMakeFiles/accelerotor.elf.dir/USB_DEVICE/Target/usbd_conf.c.obj
 .debug_abbrev  0x0000000000002e21       0x12 CMakeFiles/accelerotor.elf.dir/startup/startup_stm32f411xe.s.obj

.debug_aranges  0x0000000000000000     0x1390
 .debug_aranges
                0x0000000000000000       0x80 CMakeFiles/accelerotor.elf.dir/Core/Src/main.c.obj
 .debug_aranges
                0x0000000000000080       0x48 CMakeFiles/accelerotor.elf.dir/Core/Src/stm32f4xx_hal_msp.c.obj
 .debug_aranges
                0x00000000000000c8       0x90 CMakeFiles/accelerotor.elf.dir/Core/Src/stm32f4xx_it.c.obj
 .debug_aranges
                0x0000000000000158       0xb0 CMakeFiles/accelerotor.elf.dir/Core/Src/syscalls.c.obj
 .debug_aranges
                0x0000000000000208       0x28 CMakeFiles/accelerotor.elf.dir/Core/Src/system_stm32f4xx.c.obj
 .debug_aranges
                0x0000000000000230       0xf0 CMakeFiles/accelerotor.elf.dir/Drivers/STM32F4xx_HAL_Driver/Src/stm32f4xx_hal.c.obj
 .debug_aranges
                0x0000000000000320      0x118 CMakeFiles/accelerotor.elf.dir/Drivers/STM32F4xx_HAL_Driver/Src/stm32f4xx_hal_cortex.c.obj
 .debug_aranges
                0x0000000000000438       0x90 CMakeFiles/accelerotor.elf.dir/Drivers/STM32F4xx_HAL_Driver/Src/stm32f4xx_hal_dma.c.obj
 .debug_aranges
                0x00000000000004c8       0x58 CMakeFiles/accelerotor.elf.dir/Drivers/STM32F4xx_HAL_Driver/Src/stm32f4xx_hal_gpio.c.obj
 .debug_aranges
                0x0000000000000520      0x138 CMakeFiles/accelerotor.elf.dir/Drivers/STM32F4xx_HAL_Driver/Src/stm32f4xx_hal_pcd.c.obj
 .debug_aranges
                0x0000000000000658       0x38 CMakeFiles/accelerotor.elf.dir/Drivers/STM32F4xx_HAL_Driver/Src/stm32f4xx_hal_pcd_ex.c.obj
 .debug_aranges
                0x0000000000000690       0x88 CMakeFiles/accelerotor.elf.dir/Drivers/STM32F4xx_HAL_Driver/Src/stm32f4xx_hal_rcc.c.obj
 .debug_aranges
                0x0000000000000718      0x3a8 CMakeFiles/accelerotor.elf.dir/Drivers/STM32F4xx_HAL_Driver/Src/stm32f4xx_hal_tim.c.obj
 .debug_aranges
                0x0000000000000ac0      0x150 CMakeFiles/accelerotor.elf.dir/Drivers/STM32F4xx_HAL_Driver/Src/stm32f4xx_hal_tim_ex.c.obj
 .debug_aranges
                0x0000000000000c10      0x1d0 CMakeFiles/accelerotor.elf.dir/Drivers/STM32F4xx_HAL_Driver/Src/stm32f4xx_hal_uart.c.obj
 .debug_aranges
                0x0000000000000de0      0x198 CMakeFiles/accelerotor.elf.dir/Drivers/STM32F4xx_HAL_Driver/Src/stm32f4xx_ll_usb.c.obj
 .debug_aranges
                0x0000000000000f78       0x90 CMakeFiles/accelerotor.elf.dir/Middlewares/ST/STM32_USB_Device_Library/Class/CDC/Src/usbd_cdc.c.obj
 .debug_aranges
                0x0000000000001008       0xb8 CMakeFiles/accelerotor.elf.dir/Middlewares/ST/STM32_USB_Device_Library/Core/Src/usbd_core.c.obj
 .debug_aranges
                0x00000000000010c0       0x90 CMakeFiles/accelerotor.elf.dir/Middlewares/ST/STM32_USB_Device_Library/Core/Src/usbd_ctlreq.c.obj
 .debug_aranges
                0x0000000000001150       0x50 CMakeFiles/accelerotor.elf.dir/Middlewares/ST/STM32_USB_Device_Library/Core/Src/usbd_ioreq.c.obj
 .debug_aranges
                0x00000000000011a0       0x20 CMakeFiles/accelerotor.elf.dir/USB_DEVICE/App/usb_device.c.obj
 .debug_aranges
                0x00000000000011c0       0x48 CMakeFiles/accelerotor.elf.dir/USB_DEVICE/App/usbd_cdc_if.c.obj
 .debug_aranges
                0x0000000000001208       0x60 CMakeFiles/accelerotor.elf.dir/USB_DEVICE/App/usbd_desc.c.obj
 .debug_aranges
                0x0000000000001268      0x100 CMakeFiles/accelerotor.elf.dir/USB_DEVICE/Target/usbd_conf.c.obj
 .debug_aranges
                0x0000000000001368       0x28 CMakeFiles/accelerotor.elf.dir/startup/startup_stm32f411xe.s.obj

.debug_ranges   0x0000000000000000     0x1208
 .debug_ranges  0x0000000000000000       0x70 CMakeFiles/accelerotor.elf.dir/Core/Src/main.c.obj
 .debug_ranges  0x0000000000000070       0x38 CMakeFiles/accelerotor.elf.dir/Core/Src/stm32f4xx_hal_msp.c.obj
 .debug_ranges  0x00000000000000a8       0x80 CMakeFiles/accelerotor.elf.dir/Core/Src/stm32f4xx_it.c.obj
 .debug_ranges  0x0000000000000128       0xa0 CMakeFiles/accelerotor.elf.dir/Core/Src/syscalls.c.obj
 .debug_ranges  0x00000000000001c8       0x18 CMakeFiles/accelerotor.elf.dir/Core/Src/system_stm32f4xx.c.obj
 .debug_ranges  0x00000000000001e0       0xe0 CMakeFiles/accelerotor.elf.dir/Drivers/STM32F4xx_HAL_Driver/Src/stm32f4xx_hal.c.obj
 .debug_ranges  0x00000000000002c0      0x108 CMakeFiles/accelerotor.elf.dir/Drivers/STM32F4xx_HAL_Driver/Src/stm32f4xx_hal_cortex.c.obj
 .debug_ranges  0x00000000000003c8       0x80 CMakeFiles/accelerotor.elf.dir/Drivers/STM32F4xx_HAL_Driver/Src/stm32f4xx_hal_dma.c.obj
 .debug_ranges  0x0000000000000448       0x48 CMakeFiles/accelerotor.elf.dir/Drivers/STM32F4xx_HAL_Driver/Src/stm32f4xx_hal_gpio.c.obj
 .debug_ranges  0x0000000000000490      0x128 CMakeFiles/accelerotor.elf.dir/Drivers/STM32F4xx_HAL_Driver/Src/stm32f4xx_hal_pcd.c.obj
 .debug_ranges  0x00000000000005b8       0x28 CMakeFiles/accelerotor.elf.dir/Drivers/STM32F4xx_HAL_Driver/Src/stm32f4xx_hal_pcd_ex.c.obj
 .debug_ranges  0x00000000000005e0       0x78 CMakeFiles/accelerotor.elf.dir/Drivers/STM32F4xx_HAL_Driver/Src/stm32f4xx_hal_rcc.c.obj
 .debug_ranges  0x0000000000000658      0x398 CMakeFiles/accelerotor.elf.dir/Drivers/STM32F4xx_HAL_Driver/Src/stm32f4xx_hal_tim.c.obj
 .debug_ranges  0x00000000000009f0      0x140 CMakeFiles/accelerotor.elf.dir/Drivers/STM32F4xx_HAL_Driver/Src/stm32f4xx_hal_tim_ex.c.obj
 .debug_ranges  0x0000000000000b30      0x1c0 CMakeFiles/accelerotor.elf.dir/Drivers/STM32F4xx_HAL_Driver/Src/stm32f4xx_hal_uart.c.obj
 .debug_ranges  0x0000000000000cf0      0x188 CMakeFiles/accelerotor.elf.dir/Drivers/STM32F4xx_HAL_Driver/Src/stm32f4xx_ll_usb.c.obj
 .debug_ranges  0x0000000000000e78       0x80 CMakeFiles/accelerotor.elf.dir/Middlewares/ST/STM32_USB_Device_Library/Class/CDC/Src/usbd_cdc.c.obj
 .debug_ranges  0x0000000000000ef8       0xa8 CMakeFiles/accelerotor.elf.dir/Middlewares/ST/STM32_USB_Device_Library/Core/Src/usbd_core.c.obj
 .debug_ranges  0x0000000000000fa0       0x80 CMakeFiles/accelerotor.elf.dir/Middlewares/ST/STM32_USB_Device_Library/Core/Src/usbd_ctlreq.c.obj