Archive member included to satisfy reference by file (symbol)

/usr/local/Cellar/gcc-arm-none-eabi/20160928/bin/../lib/gcc/arm-none-eabi/5.4.1/armv7e-m/libgcc.a(_aeabi_uldivmod.o)
                              CMakeFiles/accelerotor.elf.dir/Drivers/STM32F4xx_HAL_Driver/Src/stm32f4xx_hal_rcc.c.obj (__aeabi_uldivmod)
/usr/local/Cellar/gcc-arm-none-eabi/20160928/bin/../lib/gcc/arm-none-eabi/5.4.1/armv7e-m/libgcc.a(_udivmoddi4.o)
                              /usr/local/Cellar/gcc-arm-none-eabi/20160928/bin/../lib/gcc/arm-none-eabi/5.4.1/armv7e-m/libgcc.a(_aeabi_uldivmod.o) (__udivmoddi4)
/usr/local/Cellar/gcc-arm-none-eabi/20160928/bin/../lib/gcc/arm-none-eabi/5.4.1/armv7e-m/libgcc.a(_dvmd_tls.o)
                              /usr/local/Cellar/gcc-arm-none-eabi/20160928/bin/../lib/gcc/arm-none-eabi/5.4.1/armv7e-m/libgcc.a(_aeabi_uldivmod.o) (__aeabi_ldiv0)
/usr/local/Cellar/gcc-arm-none-eabi/20160928/bin/../lib/gcc/arm-none-eabi/5.4.1/../../../../arm-none-eabi/lib/armv7e-m/libg_nano.a(lib_a-errno.o)
                              CMakeFiles/accelerotor.elf.dir/Core/Src/syscalls.c.obj (__errno)
/usr/local/Cellar/gcc-arm-none-eabi/20160928/bin/../lib/gcc/arm-none-eabi/5.4.1/../../../../arm-none-eabi/lib/armv7e-m/libg_nano.a(lib_a-exit.o)
                              /usr/local/Cellar/gcc-arm-none-eabi/20160928/bin/../lib/gcc/arm-none-eabi/5.4.1/../../../../arm-none-eabi/lib/armv7e-m/crt0.o (exit)
/usr/local/Cellar/gcc-arm-none-eabi/20160928/bin/../lib/gcc/arm-none-eabi/5.4.1/../../../../arm-none-eabi/lib/armv7e-m/libg_nano.a(lib_a-impure.o)
                              /usr/local/Cellar/gcc-arm-none-eabi/20160928/bin/../lib/gcc/arm-none-eabi/5.4.1/../../../../arm-none-eabi/lib/armv7e-m/libg_nano.a(lib_a-exit.o) (_global_impure_ptr)
/usr/local/Cellar/gcc-arm-none-eabi/20160928/bin/../lib/gcc/arm-none-eabi/5.4.1/../../../../arm-none-eabi/lib/armv7e-m/libg_nano.a(lib_a-init.o)
                              /usr/local/Cellar/gcc-arm-none-eabi/20160928/bin/../lib/gcc/arm-none-eabi/5.4.1/../../../../arm-none-eabi/lib/armv7e-m/crt0.o (__libc_init_array)
/usr/local/Cellar/gcc-arm-none-eabi/20160928/bin/../lib/gcc/arm-none-eabi/5.4.1/../../../../arm-none-eabi/lib/armv7e-m/libg_nano.a(lib_a-malloc.o)
                              CMakeFiles/accelerotor.elf.dir/Middlewares/ST/STM32_USB_Device_Library/Class/CDC/Src/usbd_cdc.c.obj (malloc)
/usr/local/Cellar/gcc-arm-none-eabi/20160928/bin/../lib/gcc/arm-none-eabi/5.4.1/../../../../arm-none-eabi/lib/armv7e-m/libg_nano.a(lib_a-memset.o)
                              /usr/local/Cellar/gcc-arm-none-eabi/20160928/bin/../lib/gcc/arm-none-eabi/5.4.1/../../../../arm-none-eabi/lib/armv7e-m/crt0.o (memset)
/usr/local/Cellar/gcc-arm-none-eabi/20160928/bin/../lib/gcc/arm-none-eabi/5.4.1/../../../../arm-none-eabi/lib/armv7e-m/libg_nano.a(lib_a-nano-freer.o)
                              /usr/local/Cellar/gcc-arm-none-eabi/20160928/bin/../lib/gcc/arm-none-eabi/5.4.1/../../../../arm-none-eabi/lib/armv7e-m/libg_nano.a(lib_a-malloc.o) (_free_r)
/usr/local/Cellar/gcc-arm-none-eabi/20160928/bin/../lib/gcc/arm-none-eabi/5.4.1/../../../../arm-none-eabi/lib/armv7e-m/libg_nano.a(lib_a-nano-mallocr.o)
                              /usr/local/Cellar/gcc-arm-none-eabi/20160928/bin/../lib/gcc/arm-none-eabi/5.4.1/../../../../arm-none-eabi/lib/armv7e-m/libg_nano.a(lib_a-malloc.o) (_malloc_r)
/usr/local/Cellar/gcc-arm-none-eabi/20160928/bin/../lib/gcc/arm-none-eabi/5.4.1/../../../../arm-none-eabi/lib/armv7e-m/libg_nano.a(lib_a-sbrkr.o)
                              /usr/local/Cellar/gcc-arm-none-eabi/20160928/bin/../lib/gcc/arm-none-eabi/5.4.1/../../../../arm-none-eabi/lib/armv7e-m/libg_nano.a(lib_a-nano-mallocr.o) (_sbrk_r)
/usr/local/Cellar/gcc-arm-none-eabi/20160928/bin/../lib/gcc/arm-none-eabi/5.4.1/../../../../arm-none-eabi/lib/armv7e-m/libg_nano.a(lib_a-mlock.o)
                              /usr/local/Cellar/gcc-arm-none-eabi/20160928/bin/../lib/gcc/arm-none-eabi/5.4.1/../../../../arm-none-eabi/lib/armv7e-m/libg_nano.a(lib_a-nano-freer.o) (__malloc_lock)
/usr/local/Cellar/gcc-arm-none-eabi/20160928/bin/../lib/gcc/arm-none-eabi/5.4.1/../../../../arm-none-eabi/lib/armv7e-m/libg_nano.a(lib_a-reent.o)
                              /usr/local/Cellar/gcc-arm-none-eabi/20160928/bin/../lib/gcc/arm-none-eabi/5.4.1/../../../../arm-none-eabi/lib/armv7e-m/libg_nano.a(lib_a-sbrkr.o) (errno)

Allocating common symbols
Common symbol       size              file

errno               0x4               /usr/local/Cellar/gcc-arm-none-eabi/20160928/bin/../lib/gcc/arm-none-eabi/5.4.1/../../../../arm-none-eabi/lib/armv7e-m/libg_nano.a(lib_a-reent.o)

Discarded input sections

 .text          0x0000000000000000        0x0 /usr/local/Cellar/gcc-arm-none-eabi/20160928/bin/../lib/gcc/arm-none-eabi/5.4.1/armv7e-m/crti.o
 .data          0x0000000000000000        0x0 /usr/local/Cellar/gcc-arm-none-eabi/20160928/bin/../lib/gcc/arm-none-eabi/5.4.1/armv7e-m/crti.o
[...]
Memory Configuration

Name             Origin             Length             Attributes
RAM              0x0000000020000000 0x0000000000020000 xrw
FLASH            0x0000000008000000 0x0000000000080000 xr
*default*        0x0000000000000000 0xffffffffffffffff

Linker script and memory map

LOAD /usr/local/Cellar/gcc-arm-none-eabi/20160928/bin/../lib/gcc/arm-none-eabi/5.4.1/armv7e-m/crti.o
LOAD /usr/local/Cellar/gcc-arm-none-eabi/20160928/bin/../lib/gcc/arm-none-eabi/5.4.1/armv7e-m/crtbegin.o
LOAD /usr/local/Cellar/gcc-arm-none-eabi/20160928/bin/../lib/gcc/arm-none-eabi/5.4.1/../../../../arm-none-eabi/lib/armv7e-m/crt0.o
LOAD CMakeFiles/accelerotor.elf.dir/Core/Src/MPU6000.c.obj
LOAD CMakeFiles/accelerotor.elf.dir/Core/Src/main.c.obj
LOAD CMakeFiles/accelerotor.elf.dir/Core/Src/stm32f4xx_hal_msp.c.obj
LOAD CMakeFiles/accelerotor.elf.dir/Core/Src/stm32f4xx_it.c.obj
LOAD CMakeFiles/accelerotor.elf.dir/Core/Src/syscalls.c.obj
LOAD CMakeFiles/accelerotor.elf.dir/Core/Src/system_stm32f4xx.c.obj
LOAD CMakeFiles/accelerotor.elf.dir/Drivers/STM32F4xx_HAL_Driver/Src/stm32f4xx_hal.c.obj
LOAD CMakeFiles/accelerotor.elf.dir/Drivers/STM32F4xx_HAL_Driver/Src/stm32f4xx_hal_cortex.c.obj
LOAD CMakeFiles/accelerotor.elf.dir/Drivers/STM32F4xx_HAL_Driver/Src/stm32f4xx_hal_dma.c.obj
LOAD CMakeFiles/accelerotor.elf.dir/Drivers/STM32F4xx_HAL_Driver/Src/stm32f4xx_hal_dma_ex.c.obj
LOAD CMakeFiles/accelerotor.elf.dir/Drivers/STM32F4xx_HAL_Driver/Src/stm32f4xx_hal_exti.c.obj
LOAD CMakeFiles/accelerotor.elf.dir/Drivers/STM32F4xx_HAL_Driver/Src/stm32f4xx_hal_flash.c.obj
LOAD CMakeFiles/accelerotor.elf.dir/Drivers/STM32F4xx_HAL_Driver/Src/stm32f4xx_hal_flash_ex.c.obj
LOAD CMakeFiles/accelerotor.elf.dir/Drivers/STM32F4xx_HAL_Driver/Src/stm32f4xx_hal_flash_ramfunc.c.obj
LOAD CMakeFiles/accelerotor.elf.dir/Drivers/STM32F4xx_HAL_Driver/Src/stm32f4xx_hal_gpio.c.obj
LOAD CMakeFiles/accelerotor.elf.dir/Drivers/STM32F4xx_HAL_Driver/Src/stm32f4xx_hal_pcd.c.obj
LOAD CMakeFiles/accelerotor.elf.dir/Drivers/STM32F4xx_HAL_Driver/Src/stm32f4xx_hal_pcd_ex.c.obj
LOAD CMakeFiles/accelerotor.elf.dir/Drivers/STM32F4xx_HAL_Driver/Src/stm32f4xx_hal_pwr.c.obj
LOAD CMakeFiles/accelerotor.elf.dir/Drivers/STM32F4xx_HAL_Driver/Src/stm32f4xx_hal_pwr_ex.c.obj
LOAD CMakeFiles/accelerotor.elf.dir/Drivers/STM32F4xx_HAL_Driver/Src/stm32f4xx_hal_rcc.c.obj
LOAD CMakeFiles/accelerotor.elf.dir/Drivers/STM32F4xx_HAL_Driver/Src/stm32f4xx_hal_rcc_ex.c.obj
LOAD CMakeFiles/accelerotor.elf.dir/Drivers/STM32F4xx_HAL_Driver/Src/stm32f4xx_hal_spi.c.obj
LOAD CMakeFiles/accelerotor.elf.dir/Drivers/STM32F4xx_HAL_Driver/Src/stm32f4xx_hal_tim.c.obj
LOAD CMakeFiles/accelerotor.elf.dir/Drivers/STM32F4xx_HAL_Driver/Src/stm32f4xx_hal_tim_ex.c.obj
LOAD CMakeFiles/accelerotor.elf.dir/Drivers/STM32F4xx_HAL_Driver/Src/stm32f4xx_hal_uart.c.obj
LOAD CMakeFiles/accelerotor.elf.dir/Drivers/STM32F4xx_HAL_Driver/Src/stm32f4xx_ll_usb.c.obj
LOAD CMakeFiles/accelerotor.elf.dir/Middlewares/ST/STM32_USB_Device_Library/Class/CDC/Src/usbd_cdc.c.obj
LOAD CMakeFiles/accelerotor.elf.dir/Middlewares/ST/STM32_USB_Device_Library/Core/Src/usbd_core.c.obj
LOAD CMakeFiles/accelerotor.elf.dir/Middlewares/ST/STM32_USB_Device_Library/Core/Src/usbd_ctlreq.c.obj
LOAD CMakeFiles/accelerotor.elf.dir/Middlewares/ST/STM32_USB_Device_Library/Core/Src/usbd_ioreq.c.obj
LOAD CMakeFiles/accelerotor.elf.dir/USB_DEVICE/App/usb_device.c.obj
LOAD CMakeFiles/accelerotor.elf.dir/USB_DEVICE/App/usbd_cdc_if.c.obj
LOAD CMakeFiles/accelerotor.elf.dir/USB_DEVICE/App/usbd_desc.c.obj
LOAD CMakeFiles/accelerotor.elf.dir/USB_DEVICE/Target/usbd_conf.c.obj
LOAD CMakeFiles/accelerotor.elf.dir/startup/startup_stm32f411xe.s.obj
START GROUP
LOAD /usr/local/Cellar/gcc-arm-none-eabi/20160928/bin/../lib/gcc/arm-none-eabi/5.4.1/armv7e-m/libgcc.a
LOAD /usr/local/Cellar/gcc-arm-none-eabi/20160928/bin/../lib/gcc/arm-none-eabi/5.4.1/../../../../arm-none-eabi/lib/armv7e-m/libg_nano.a
LOAD /usr/local/Cellar/gcc-arm-none-eabi/20160928/bin/../lib/gcc/arm-none-eabi/5.4.1/../../../../arm-none-eabi/lib/armv7e-m/libc_nano.a
END GROUP
START GROUP
LOAD /usr/local/Cellar/gcc-arm-none-eabi/20160928/bin/../lib/gcc/arm-none-eabi/5.4.1/armv7e-m/libgcc.a
LOAD /usr/local/Cellar/gcc-arm-none-eabi/20160928/bin/../lib/gcc/arm-none-eabi/5.4.1/../../../../arm-none-eabi/lib/armv7e-m/libc_nano.a
LOAD /usr/local/Cellar/gcc-arm-none-eabi/20160928/bin/../lib/gcc/arm-none-eabi/5.4.1/../../../../arm-none-eabi/lib/armv7e-m/libnosys.a
END GROUP
START GROUP
LOAD /usr/local/Cellar/gcc-arm-none-eabi/20160928/bin/../lib/gcc/arm-none-eabi/5.4.1/armv7e-m/libgcc.a
LOAD /usr/local/Cellar/gcc-arm-none-eabi/20160928/bin/../lib/gcc/arm-none-eabi/5.4.1/../../../../arm-none-eabi/lib/armv7e-m/libc_nano.a
LOAD /usr/local/Cellar/gcc-arm-none-eabi/20160928/bin/../lib/gcc/arm-none-eabi/5.4.1/../../../../arm-none-eabi/lib/armv7e-m/libnosys.a
END GROUP
LOAD /usr/local/Cellar/gcc-arm-none-eabi/20160928/bin/../lib/gcc/arm-none-eabi/5.4.1/armv7e-m/crtend.o
LOAD /usr/local/Cellar/gcc-arm-none-eabi/20160928/bin/../lib/gcc/arm-none-eabi/5.4.1/armv7e-m/crtn.o
                0x0000000020020000                _estack = 0x20020000
                0x0000000000000200                _Min_Heap_Size = 0x200
                0x0000000000000400                _Min_Stack_Size = 0x400

.isr_vector     0x0000000008000000      0x198
                0x0000000008000000                . = ALIGN (0x4)
 *(.isr_vector)
 .isr_vector    0x0000000008000000      0x198 CMakeFiles/accelerotor.elf.dir/startup/startup_stm32f411xe.s.obj
                0x0000000008000000                g_pfnVectors
                0x0000000008000198                . = ALIGN (0x4)

.text           0x0000000008000198     0x9688
                0x0000000008000198                . = ALIGN (0x4)
 *(.text)
 .text          0x0000000008000198       0x5c /usr/local/Cellar/gcc-arm-none-eabi/20160928/bin/../lib/gcc/arm-none-eabi/5.4.1/armv7e-m/crtbegin.o
 .text          0x00000000080001f4       0x30 /usr/local/Cellar/gcc-arm-none-eabi/20160928/bin/../lib/gcc/arm-none-eabi/5.4.1/armv7e-m/libgcc.a(_aeabi_uldivmod.o)
                0x00000000080001f4                __aeabi_uldivmod
 .text          0x0000000008000224      0x2e4 /usr/local/Cellar/gcc-arm-none-eabi/20160928/bin/../lib/gcc/arm-none-eabi/5.4.1/armv7e-m/libgcc.a(_udivmoddi4.o)
                0x0000000008000224                __udivmoddi4
 .text          0x0000000008000508        0x4 /usr/local/Cellar/gcc-arm-none-eabi/20160928/bin/../lib/gcc/arm-none-eabi/5.4.1/armv7e-m/libgcc.a(_dvmd_tls.o)
                0x0000000008000508                __aeabi_ldiv0
                0x0000000008000508                __aeabi_idiv0
 *(.text*)
 .text.HAL_UART_RxCpltCallback
                0x000000000800050c      0x290 CMakeFiles/accelerotor.elf.dir/Core/Src/main.c.obj
                0x000000000800050c                HAL_UART_RxCpltCallback
 .text.HAL_SPI_TxRxCpltCallback
                0x000000000800079c       0x30 CMakeFiles/accelerotor.elf.dir/Core/Src/main.c.obj
                0x000000000800079c                HAL_SPI_TxRxCpltCallback
 .text.main     0x00000000080007cc       0x4c CMakeFiles/accelerotor.elf.dir/Core/Src/main.c.obj
                0x00000000080007cc                main
 .text.SystemClock_Config
                0x0000000008000818       0xd0 CMakeFiles/accelerotor.elf.dir/Core/Src/main.c.obj
                0x0000000008000818                SystemClock_Config
 .text.MX_SPI1_Init
                0x00000000080008e8       0x6c CMakeFiles/accelerotor.elf.dir/Core/Src/main.c.obj
 .text.MX_TIM2_Init
                0x0000000008000954      0x100 CMakeFiles/accelerotor.elf.dir/Core/Src/main.c.obj
 .text.MX_TIM4_Init
                0x0000000008000a54      0x100 CMakeFiles/accelerotor.elf.dir/Core/Src/main.c.obj
 .text.MX_USART2_UART_Init
                0x0000000008000b54       0x5c CMakeFiles/accelerotor.elf.dir/Core/Src/main.c.obj
 .text.MX_DMA_Init
                0x0000000008000bb0       0xac CMakeFiles/accelerotor.elf.dir/Core/Src/main.c.obj
 .text.MX_GPIO_Init
                0x0000000008000c5c       0xa0 CMakeFiles/accelerotor.elf.dir/Core/Src/main.c.obj
 .text.MPU6000_select
                0x0000000008000cfc       0x18 CMakeFiles/accelerotor.elf.dir/Core/Src/main.c.obj
                0x0000000008000cfc                MPU6000_select
 .text.MPU6000_deselect
                0x0000000008000d14       0x18 CMakeFiles/accelerotor.elf.dir/Core/Src/main.c.obj
                0x0000000008000d14                MPU6000_deselect
 .text.MPU6000_start_transfer
                0x0000000008000d2c       0x48 CMakeFiles/accelerotor.elf.dir/Core/Src/main.c.obj
                0x0000000008000d2c                MPU6000_start_transfer
 .text.MPU6000_init
                0x0000000008000d74       0x38 CMakeFiles/accelerotor.elf.dir/Core/Src/main.c.obj
                0x0000000008000d74                MPU6000_init
 .text.Error_Handler
                0x0000000008000dac        0xc CMakeFiles/accelerotor.elf.dir/Core/Src/main.c.obj
                0x0000000008000dac                Error_Handler
 .text.HAL_MspInit
                0x0000000008000db8       0x4c CMakeFiles/accelerotor.elf.dir/Core/Src/stm32f4xx_hal_msp.c.obj
                0x0000000008000db8                HAL_MspInit
 .text.HAL_SPI_MspInit
                0x0000000008000e04      0x168 CMakeFiles/accelerotor.elf.dir/Core/Src/stm32f4xx_hal_msp.c.obj
                0x0000000008000e04                HAL_SPI_MspInit
 .text.HAL_TIM_Base_MspInit
                0x0000000008000f6c      0x21c CMakeFiles/accelerotor.elf.dir/Core/Src/stm32f4xx_hal_msp.c.obj
                0x0000000008000f6c                HAL_TIM_Base_MspInit
 .text.HAL_TIM_MspPostInit
                0x0000000008001188       0xfc CMakeFiles/accelerotor.elf.dir/Core/Src/stm32f4xx_hal_msp.c.obj
                0x0000000008001188                HAL_TIM_MspPostInit
 .text.HAL_UART_MspInit
                0x0000000008001284       0xa0 CMakeFiles/accelerotor.elf.dir/Core/Src/stm32f4xx_hal_msp.c.obj
                0x0000000008001284                HAL_UART_MspInit
 .text.NMI_Handler
                0x0000000008001324        0xc CMakeFiles/accelerotor.elf.dir/Core/Src/stm32f4xx_it.c.obj
                0x0000000008001324                NMI_Handler
 .text.HardFault_Handler
                0x0000000008001330        0x8 CMakeFiles/accelerotor.elf.dir/Core/Src/stm32f4xx_it.c.obj
                0x0000000008001330                HardFault_Handler
 .text.MemManage_Handler
                0x0000000008001338        0x8 CMakeFiles/accelerotor.elf.dir/Core/Src/stm32f4xx_it.c.obj
                0x0000000008001338                MemManage_Handler
 .text.BusFault_Handler
                0x0000000008001340        0x8 CMakeFiles/accelerotor.elf.dir/Core/Src/stm32f4xx_it.c.obj
                0x0000000008001340                BusFault_Handler
 .text.UsageFault_Handler
                0x0000000008001348        0x8 CMakeFiles/accelerotor.elf.dir/Core/Src/stm32f4xx_it.c.obj
                0x0000000008001348                UsageFault_Handler
 .text.SVC_Handler
                0x0000000008001350        0xc CMakeFiles/accelerotor.elf.dir/Core/Src/stm32f4xx_it.c.obj
                0x0000000008001350                SVC_Handler
 .text.DebugMon_Handler
                0x000000000800135c        0xc CMakeFiles/accelerotor.elf.dir/Core/Src/stm32f4xx_it.c.obj
                0x000000000800135c                DebugMon_Handler
 .text.PendSV_Handler
                0x0000000008001368        0xc CMakeFiles/accelerotor.elf.dir/Core/Src/stm32f4xx_it.c.obj
                0x0000000008001368                PendSV_Handler
 .text.SysTick_Handler
                0x0000000008001374        0xc CMakeFiles/accelerotor.elf.dir/Core/Src/stm32f4xx_it.c.obj
                0x0000000008001374                SysTick_Handler
 .text.DMA1_Stream0_IRQHandler
                0x0000000008001380       0x14 CMakeFiles/accelerotor.elf.dir/Core/Src/stm32f4xx_it.c.obj
                0x0000000008001380                DMA1_Stream0_IRQHandler
 .text.DMA1_Stream1_IRQHandler
                0x0000000008001394       0x14 CMakeFiles/accelerotor.elf.dir/Core/Src/stm32f4xx_it.c.obj
                0x0000000008001394                DMA1_Stream1_IRQHandler
 .text.DMA1_Stream3_IRQHandler
                0x00000000080013a8       0x14 CMakeFiles/accelerotor.elf.dir/Core/Src/stm32f4xx_it.c.obj
                0x00000000080013a8                DMA1_Stream3_IRQHandler
 .text.DMA1_Stream5_IRQHandler
                0x00000000080013bc       0x14 CMakeFiles/accelerotor.elf.dir/Core/Src/stm32f4xx_it.c.obj
                0x00000000080013bc                DMA1_Stream5_IRQHandler
 .text.SPI1_IRQHandler
                0x00000000080013d0       0x14 CMakeFiles/accelerotor.elf.dir/Core/Src/stm32f4xx_it.c.obj
                0x00000000080013d0                SPI1_IRQHandler
 .text.USART2_IRQHandler
                0x00000000080013e4       0x14 CMakeFiles/accelerotor.elf.dir/Core/Src/stm32f4xx_it.c.obj
                0x00000000080013e4                USART2_IRQHandler
 .text.DMA2_Stream0_IRQHandler
                0x00000000080013f8       0x14 CMakeFiles/accelerotor.elf.dir/Core/Src/stm32f4xx_it.c.obj
                0x00000000080013f8                DMA2_Stream0_IRQHandler
 .text.DMA2_Stream2_IRQHandler
                0x000000000800140c       0x14 CMakeFiles/accelerotor.elf.dir/Core/Src/stm32f4xx_it.c.obj
                0x000000000800140c                DMA2_Stream2_IRQHandler
 .text.OTG_FS_IRQHandler
                0x0000000008001420       0x14 CMakeFiles/accelerotor.elf.dir/Core/Src/stm32f4xx_it.c.obj
                0x0000000008001420                OTG_FS_IRQHandler
 .text._sbrk    0x0000000008001434       0x58 CMakeFiles/accelerotor.elf.dir/Core/Src/syscalls.c.obj
                0x0000000008001434                _sbrk
 .text.SystemInit
                0x000000000800148c       0x18 CMakeFiles/accelerotor.elf.dir/Core/Src/system_stm32f4xx.c.obj
                0x000000000800148c                SystemInit
 .text.HAL_Init
                0x00000000080014a4       0x44 CMakeFiles/accelerotor.elf.dir/Drivers/STM32F4xx_HAL_Driver/Src/stm32f4xx_hal.c.obj
                0x00000000080014a4                HAL_Init
 .text.HAL_InitTick
                0x00000000080014e8       0x60 CMakeFiles/accelerotor.elf.dir/Drivers/STM32F4xx_HAL_Driver/Src/stm32f4xx_hal.c.obj
                0x00000000080014e8                HAL_InitTick
 .text.HAL_IncTick
                0x0000000008001548       0x24 CMakeFiles/accelerotor.elf.dir/Drivers/STM32F4xx_HAL_Driver/Src/stm32f4xx_hal.c.obj
                0x0000000008001548                HAL_IncTick
 .text.HAL_GetTick
                0x000000000800156c       0x14 CMakeFiles/accelerotor.elf.dir/Drivers/STM32F4xx_HAL_Driver/Src/stm32f4xx_hal.c.obj
                0x000000000800156c                HAL_GetTick
 .text.HAL_Delay
                0x0000000008001580       0x44 CMakeFiles/accelerotor.elf.dir/Drivers/STM32F4xx_HAL_Driver/Src/stm32f4xx_hal.c.obj
                0x0000000008001580                HAL_Delay
 .text.__NVIC_SetPriorityGrouping
                0x00000000080015c4       0x48 CMakeFiles/accelerotor.elf.dir/Drivers/STM32F4xx_HAL_Driver/Src/stm32f4xx_hal_cortex.c.obj
 .text.__NVIC_GetPriorityGrouping
                0x000000000800160c       0x1c CMakeFiles/accelerotor.elf.dir/Drivers/STM32F4xx_HAL_Driver/Src/stm32f4xx_hal_cortex.c.obj
 .text.__NVIC_EnableIRQ
                0x0000000008001628       0x38 CMakeFiles/accelerotor.elf.dir/Drivers/STM32F4xx_HAL_Driver/Src/stm32f4xx_hal_cortex.c.obj
 .text.__NVIC_SetPriority
                0x0000000008001660       0x54 CMakeFiles/accelerotor.elf.dir/Drivers/STM32F4xx_HAL_Driver/Src/stm32f4xx_hal_cortex.c.obj
 .text.NVIC_EncodePriority
                0x00000000080016b4       0x60 CMakeFiles/accelerotor.elf.dir/Drivers/STM32F4xx_HAL_Driver/Src/stm32f4xx_hal_cortex.c.obj
 .text.SysTick_Config
                0x0000000008001714       0x44 CMakeFiles/accelerotor.elf.dir/Drivers/STM32F4xx_HAL_Driver/Src/stm32f4xx_hal_cortex.c.obj
 .text.HAL_NVIC_SetPriorityGrouping
                0x0000000008001758       0x18 CMakeFiles/accelerotor.elf.dir/Drivers/STM32F4xx_HAL_Driver/Src/stm32f4xx_hal_cortex.c.obj
                0x0000000008001758                HAL_NVIC_SetPriorityGrouping
 .text.HAL_NVIC_SetPriority
                0x0000000008001770       0x38 CMakeFiles/accelerotor.elf.dir/Drivers/STM32F4xx_HAL_Driver/Src/stm32f4xx_hal_cortex.c.obj
                0x0000000008001770                HAL_NVIC_SetPriority
 .text.HAL_NVIC_EnableIRQ
                0x00000000080017a8       0x1c CMakeFiles/accelerotor.elf.dir/Drivers/STM32F4xx_HAL_Driver/Src/stm32f4xx_hal_cortex.c.obj
                0x00000000080017a8                HAL_NVIC_EnableIRQ
 .text.HAL_SYSTICK_Config
                0x00000000080017c4       0x18 CMakeFiles/accelerotor.elf.dir/Drivers/STM32F4xx_HAL_Driver/Src/stm32f4xx_hal_cortex.c.obj
                0x00000000080017c4                HAL_SYSTICK_Config
 .text.HAL_DMA_Init
                0x00000000080017dc      0x15c CMakeFiles/accelerotor.elf.dir/Drivers/STM32F4xx_HAL_Driver/Src/stm32f4xx_hal_dma.c.obj
                0x00000000080017dc                HAL_DMA_Init
 .text.HAL_DMA_Start_IT
                0x0000000008001938       0xb0 CMakeFiles/accelerotor.elf.dir/Drivers/STM32F4xx_HAL_Driver/Src/stm32f4xx_hal_dma.c.obj
                0x0000000008001938                HAL_DMA_Start_IT
 .text.HAL_DMA_Abort_IT
                0x00000000080019e8       0x44 CMakeFiles/accelerotor.elf.dir/Drivers/STM32F4xx_HAL_Driver/Src/stm32f4xx_hal_dma.c.obj
                0x00000000080019e8                HAL_DMA_Abort_IT
 .text.HAL_DMA_IRQHandler
                0x0000000008001a2c      0x314 CMakeFiles/accelerotor.elf.dir/Drivers/STM32F4xx_HAL_Driver/Src/stm32f4xx_hal_dma.c.obj
                0x0000000008001a2c                HAL_DMA_IRQHandler
 .text.DMA_SetConfig
                0x0000000008001d40       0x5c CMakeFiles/accelerotor.elf.dir/Drivers/STM32F4xx_HAL_Driver/Src/stm32f4xx_hal_dma.c.obj
 .text.DMA_CalcBaseAndBitshift
                0x0000000008001d9c       0x68 CMakeFiles/accelerotor.elf.dir/Drivers/STM32F4xx_HAL_Driver/Src/stm32f4xx_hal_dma.c.obj
 .text.DMA_CheckFifoParam
                0x0000000008001e04       0xf4 CMakeFiles/accelerotor.elf.dir/Drivers/STM32F4xx_HAL_Driver/Src/stm32f4xx_hal_dma.c.obj
 .text.HAL_GPIO_Init
                0x0000000008001ef8      0x304 CMakeFiles/accelerotor.elf.dir/Drivers/STM32F4xx_HAL_Driver/Src/stm32f4xx_hal_gpio.c.obj
                0x0000000008001ef8                HAL_GPIO_Init
 .text.HAL_GPIO_WritePin
                0x00000000080021fc       0x30 CMakeFiles/accelerotor.elf.dir/Drivers/STM32F4xx_HAL_Driver/Src/stm32f4xx_hal_gpio.c.obj
                0x00000000080021fc                HAL_GPIO_WritePin
 .text.HAL_PCD_Init
                0x000000000800222c      0x23c CMakeFiles/accelerotor.elf.dir/Drivers/STM32F4xx_HAL_Driver/Src/stm32f4xx_hal_pcd.c.obj
                0x000000000800222c                HAL_PCD_Init
 .text.HAL_PCD_Start
                0x0000000008002468       0x68 CMakeFiles/accelerotor.elf.dir/Drivers/STM32F4xx_HAL_Driver/Src/stm32f4xx_hal_pcd.c.obj
                0x0000000008002468                HAL_PCD_Start
 .text.HAL_PCD_IRQHandler
                0x00000000080024d0      0x768 CMakeFiles/accelerotor.elf.dir/Drivers/STM32F4xx_HAL_Driver/Src/stm32f4xx_hal_pcd.c.obj
                0x00000000080024d0                HAL_PCD_IRQHandler
 .text.HAL_PCD_SetAddress
                0x0000000008002c38       0x4c CMakeFiles/accelerotor.elf.dir/Drivers/STM32F4xx_HAL_Driver/Src/stm32f4xx_hal_pcd.c.obj
                0x0000000008002c38                HAL_PCD_SetAddress
 .text.HAL_PCD_EP_Open
                0x0000000008002c84       0xd0 CMakeFiles/accelerotor.elf.dir/Drivers/STM32F4xx_HAL_Driver/Src/stm32f4xx_hal_pcd.c.obj
                0x0000000008002c84                HAL_PCD_EP_Open
 .text.HAL_PCD_EP_Close
                0x0000000008002d54       0x94 CMakeFiles/accelerotor.elf.dir/Drivers/STM32F4xx_HAL_Driver/Src/stm32f4xx_hal_pcd.c.obj
                0x0000000008002d54                HAL_PCD_EP_Close
 .text.HAL_PCD_EP_Receive
                0x0000000008002de8       0x98 CMakeFiles/accelerotor.elf.dir/Drivers/STM32F4xx_HAL_Driver/Src/stm32f4xx_hal_pcd.c.obj
                0x0000000008002de8                HAL_PCD_EP_Receive
 .text.HAL_PCD_EP_GetRxCount
                0x0000000008002e80       0x30 CMakeFiles/accelerotor.elf.dir/Drivers/STM32F4xx_HAL_Driver/Src/stm32f4xx_hal_pcd.c.obj
                0x0000000008002e80                HAL_PCD_EP_GetRxCount
 .text.HAL_PCD_EP_Transmit
                0x0000000008002eb0       0x94 CMakeFiles/accelerotor.elf.dir/Drivers/STM32F4xx_HAL_Driver/Src/stm32f4xx_hal_pcd.c.obj
                0x0000000008002eb0                HAL_PCD_EP_Transmit
 .text.HAL_PCD_EP_SetStall
                0x0000000008002f44       0xc8 CMakeFiles/accelerotor.elf.dir/Drivers/STM32F4xx_HAL_Driver/Src/stm32f4xx_hal_pcd.c.obj
                0x0000000008002f44                HAL_PCD_EP_SetStall
 .text.HAL_PCD_EP_ClrStall
                0x000000000800300c       0xac CMakeFiles/accelerotor.elf.dir/Drivers/STM32F4xx_HAL_Driver/Src/stm32f4xx_hal_pcd.c.obj
                0x000000000800300c                HAL_PCD_EP_ClrStall
 .text.PCD_WriteEmptyTxFifo
                0x00000000080030b8      0x11c CMakeFiles/accelerotor.elf.dir/Drivers/STM32F4xx_HAL_Driver/Src/stm32f4xx_hal_pcd.c.obj
 .text.PCD_EP_OutXfrComplete_int
                0x00000000080031d4      0x218 CMakeFiles/accelerotor.elf.dir/Drivers/STM32F4xx_HAL_Driver/Src/stm32f4xx_hal_pcd.c.obj
 .text.PCD_EP_OutSetupPacket_int
                0x00000000080033ec       0x8c CMakeFiles/accelerotor.elf.dir/Drivers/STM32F4xx_HAL_Driver/Src/stm32f4xx_hal_pcd.c.obj
 .text.HAL_PCDEx_SetTxFiFo
                0x0000000008003478       0x8c CMakeFiles/accelerotor.elf.dir/Drivers/STM32F4xx_HAL_Driver/Src/stm32f4xx_hal_pcd_ex.c.obj
                0x0000000008003478                HAL_PCDEx_SetTxFiFo
 .text.HAL_PCDEx_SetRxFiFo
                0x0000000008003504       0x20 CMakeFiles/accelerotor.elf.dir/Drivers/STM32F4xx_HAL_Driver/Src/stm32f4xx_hal_pcd_ex.c.obj
                0x0000000008003504                HAL_PCDEx_SetRxFiFo
 .text.HAL_PCDEx_LPM_Callback
                0x0000000008003524       0x18 CMakeFiles/accelerotor.elf.dir/Drivers/STM32F4xx_HAL_Driver/Src/stm32f4xx_hal_pcd_ex.c.obj
                0x0000000008003524                HAL_PCDEx_LPM_Callback
 .text.HAL_RCC_OscConfig
                0x000000000800353c      0x4dc CMakeFiles/accelerotor.elf.dir/Drivers/STM32F4xx_HAL_Driver/Src/stm32f4xx_hal_rcc.c.obj
                0x000000000800353c                HAL_RCC_OscConfig
 .text.HAL_RCC_ClockConfig
                0x0000000008003a18      0x1cc CMakeFiles/accelerotor.elf.dir/Drivers/STM32F4xx_HAL_Driver/Src/stm32f4xx_hal_rcc.c.obj
                0x0000000008003a18                HAL_RCC_ClockConfig
 .text.HAL_RCC_GetSysClockFreq
                0x0000000008003be4      0x1ac CMakeFiles/accelerotor.elf.dir/Drivers/STM32F4xx_HAL_Driver/Src/stm32f4xx_hal_rcc.c.obj
                0x0000000008003be4                HAL_RCC_GetSysClockFreq
 .text.HAL_RCC_GetHCLKFreq
                0x0000000008003d90       0x14 CMakeFiles/accelerotor.elf.dir/Drivers/STM32F4xx_HAL_Driver/Src/stm32f4xx_hal_rcc.c.obj
                0x0000000008003d90                HAL_RCC_GetHCLKFreq
 .text.HAL_RCC_GetPCLK1Freq
                0x0000000008003da4       0x28 CMakeFiles/accelerotor.elf.dir/Drivers/STM32F4xx_HAL_Driver/Src/stm32f4xx_hal_rcc.c.obj
                0x0000000008003da4                HAL_RCC_GetPCLK1Freq
 .text.HAL_RCC_GetPCLK2Freq
                0x0000000008003dcc       0x28 CMakeFiles/accelerotor.elf.dir/Drivers/STM32F4xx_HAL_Driver/Src/stm32f4xx_hal_rcc.c.obj
                0x0000000008003dcc                HAL_RCC_GetPCLK2Freq
 .text.HAL_SPI_Init
                0x0000000008003df4       0xc8 CMakeFiles/accelerotor.elf.dir/Drivers/STM32F4xx_HAL_Driver/Src/stm32f4xx_hal_spi.c.obj
                0x0000000008003df4                HAL_SPI_Init
 .text.HAL_SPI_TransmitReceive_DMA
                0x0000000008003ebc      0x204 CMakeFiles/accelerotor.elf.dir/Drivers/STM32F4xx_HAL_Driver/Src/stm32f4xx_hal_spi.c.obj
                0x0000000008003ebc                HAL_SPI_TransmitReceive_DMA
 .text.HAL_SPI_IRQHandler
                0x00000000080040c0      0x1ec CMakeFiles/accelerotor.elf.dir/Drivers/STM32F4xx_HAL_Driver/Src/stm32f4xx_hal_spi.c.obj
                0x00000000080040c0                HAL_SPI_IRQHandler
 .text.HAL_SPI_RxCpltCallback
                0x00000000080042ac       0x14 CMakeFiles/accelerotor.elf.dir/Drivers/STM32F4xx_HAL_Driver/Src/stm32f4xx_hal_spi.c.obj
                0x00000000080042ac                HAL_SPI_RxCpltCallback
 .text.HAL_SPI_RxHalfCpltCallback
                0x00000000080042c0       0x14 CMakeFiles/accelerotor.elf.dir/Drivers/STM32F4xx_HAL_Driver/Src/stm32f4xx_hal_spi.c.obj
                0x00000000080042c0                HAL_SPI_RxHalfCpltCallback
 .text.HAL_SPI_TxRxHalfCpltCallback
                0x00000000080042d4       0x14 CMakeFiles/accelerotor.elf.dir/Drivers/STM32F4xx_HAL_Driver/Src/stm32f4xx_hal_spi.c.obj
                0x00000000080042d4                HAL_SPI_TxRxHalfCpltCallback
 .text.HAL_SPI_ErrorCallback
                0x00000000080042e8       0x14 CMakeFiles/accelerotor.elf.dir/Drivers/STM32F4xx_HAL_Driver/Src/stm32f4xx_hal_spi.c.obj
                0x00000000080042e8                HAL_SPI_ErrorCallback
 .text.SPI_DMAReceiveCplt
                0x00000000080042fc       0xa8 CMakeFiles/accelerotor.elf.dir/Drivers/STM32F4xx_HAL_Driver/Src/stm32f4xx_hal_spi.c.obj
 .text.SPI_DMATransmitReceiveCplt
                0x00000000080043a4       0x90 CMakeFiles/accelerotor.elf.dir/Drivers/STM32F4xx_HAL_Driver/Src/stm32f4xx_hal_spi.c.obj
 .text.SPI_DMAHalfReceiveCplt
                0x0000000008004434       0x1c CMakeFiles/accelerotor.elf.dir/Drivers/STM32F4xx_HAL_Driver/Src/stm32f4xx_hal_spi.c.obj
 .text.SPI_DMAHalfTransmitReceiveCplt
                0x0000000008004450       0x1c CMakeFiles/accelerotor.elf.dir/Drivers/STM32F4xx_HAL_Driver/Src/stm32f4xx_hal_spi.c.obj
 .text.SPI_DMAError
                0x000000000800446c       0x40 CMakeFiles/accelerotor.elf.dir/Drivers/STM32F4xx_HAL_Driver/Src/stm32f4xx_hal_spi.c.obj
 .text.SPI_DMAAbortOnError
                0x00000000080044ac       0x28 CMakeFiles/accelerotor.elf.dir/Drivers/STM32F4xx_HAL_Driver/Src/stm32f4xx_hal_spi.c.obj
 .text.SPI_WaitFlagStateUntilTimeout
                0x00000000080044d4       0xd4 CMakeFiles/accelerotor.elf.dir/Drivers/STM32F4xx_HAL_Driver/Src/stm32f4xx_hal_spi.c.obj
 .text.SPI_EndRxTransaction
                0x00000000080045a8       0xcc CMakeFiles/accelerotor.elf.dir/Drivers/STM32F4xx_HAL_Driver/Src/stm32f4xx_hal_spi.c.obj
 .text.SPI_EndRxTxTransaction
                0x0000000008004674       0x84 CMakeFiles/accelerotor.elf.dir/Drivers/STM32F4xx_HAL_Driver/Src/stm32f4xx_hal_spi.c.obj
 .text.HAL_TIM_Base_Init
                0x00000000080046f8       0x58 CMakeFiles/accelerotor.elf.dir/Drivers/STM32F4xx_HAL_Driver/Src/stm32f4xx_hal_tim.c.obj
                0x00000000080046f8                HAL_TIM_Base_Init
 .text.HAL_TIM_PWM_Init
                0x0000000008004750       0x58 CMakeFiles/accelerotor.elf.dir/Drivers/STM32F4xx_HAL_Driver/Src/stm32f4xx_hal_tim.c.obj
                0x0000000008004750                HAL_TIM_PWM_Init
 .text.HAL_TIM_PWM_MspInit
                0x00000000080047a8       0x14 CMakeFiles/accelerotor.elf.dir/Drivers/STM32F4xx_HAL_Driver/Src/stm32f4xx_hal_tim.c.obj
                0x00000000080047a8                HAL_TIM_PWM_MspInit
 .text.HAL_TIM_PWM_ConfigChannel
                0x00000000080047bc      0x18c CMakeFiles/accelerotor.elf.dir/Drivers/STM32F4xx_HAL_Driver/Src/stm32f4xx_hal_tim.c.obj
                0x00000000080047bc                HAL_TIM_PWM_ConfigChannel
 .text.HAL_TIM_ConfigClockSource
                0x0000000008004948      0x170 CMakeFiles/accelerotor.elf.dir/Drivers/STM32F4xx_HAL_Driver/Src/stm32f4xx_hal_tim.c.obj
                0x0000000008004948                HAL_TIM_ConfigClockSource
 .text.TIM_Base_SetConfig
                0x0000000008004ab8       0xfc CMakeFiles/accelerotor.elf.dir/Drivers/STM32F4xx_HAL_Driver/Src/stm32f4xx_hal_tim.c.obj
                0x0000000008004ab8                TIM_Base_SetConfig
 .text.TIM_OC1_SetConfig
                0x0000000008004bb4       0xcc CMakeFiles/accelerotor.elf.dir/Drivers/STM32F4xx_HAL_Driver/Src/stm32f4xx_hal_tim.c.obj
 .text.TIM_OC2_SetConfig
                0x0000000008004c80       0xd4 CMakeFiles/accelerotor.elf.dir/Drivers/STM32F4xx_HAL_Driver/Src/stm32f4xx_hal_tim.c.obj
                0x0000000008004c80                TIM_OC2_SetConfig
 .text.TIM_OC3_SetConfig
                0x0000000008004d54       0xd4 CMakeFiles/accelerotor.elf.dir/Drivers/STM32F4xx_HAL_Driver/Src/stm32f4xx_hal_tim.c.obj
 .text.TIM_OC4_SetConfig
                0x0000000008004e28       0x9c CMakeFiles/accelerotor.elf.dir/Drivers/STM32F4xx_HAL_Driver/Src/stm32f4xx_hal_tim.c.obj
 .text.TIM_TI1_ConfigInputStage
                0x0000000008004ec4       0x5c CMakeFiles/accelerotor.elf.dir/Drivers/STM32F4xx_HAL_Driver/Src/stm32f4xx_hal_tim.c.obj
 .text.TIM_TI2_ConfigInputStage
                0x0000000008004f20       0x60 CMakeFiles/accelerotor.elf.dir/Drivers/STM32F4xx_HAL_Driver/Src/stm32f4xx_hal_tim.c.obj
 .text.TIM_ITRx_SetConfig
                0x0000000008004f80       0x34 CMakeFiles/accelerotor.elf.dir/Drivers/STM32F4xx_HAL_Driver/Src/stm32f4xx_hal_tim.c.obj
 .text.TIM_ETR_SetConfig
                0x0000000008004fb4       0x40 CMakeFiles/accelerotor.elf.dir/Drivers/STM32F4xx_HAL_Driver/Src/stm32f4xx_hal_tim.c.obj
                0x0000000008004fb4                TIM_ETR_SetConfig
 .text.HAL_TIMEx_MasterConfigSynchronization
                0x0000000008004ff4       0xd8 CMakeFiles/accelerotor.elf.dir/Drivers/STM32F4xx_HAL_Driver/Src/stm32f4xx_hal_tim_ex.c.obj
                0x0000000008004ff4                HAL_TIMEx_MasterConfigSynchronization
 .text.HAL_UART_Init
                0x00000000080050cc       0x9c CMakeFiles/accelerotor.elf.dir/Drivers/STM32F4xx_HAL_Driver/Src/stm32f4xx_hal_uart.c.obj
                0x00000000080050cc                HAL_UART_Init
 .text.HAL_UART_Receive_IT
                0x0000000008005168       0xa8 CMakeFiles/accelerotor.elf.dir/Drivers/STM32F4xx_HAL_Driver/Src/stm32f4xx_hal_uart.c.obj
                0x0000000008005168                HAL_UART_Receive_IT
 .text.HAL_UART_IRQHandler
                0x0000000008005210      0x200 CMakeFiles/accelerotor.elf.dir/Drivers/STM32F4xx_HAL_Driver/Src/stm32f4xx_hal_uart.c.obj
                0x0000000008005210                HAL_UART_IRQHandler
 .text.HAL_UART_TxCpltCallback
                0x0000000008005410       0x14 CMakeFiles/accelerotor.elf.dir/Drivers/STM32F4xx_HAL_Driver/Src/stm32f4xx_hal_uart.c.obj
                0x0000000008005410                HAL_UART_TxCpltCallback
 .text.HAL_UART_ErrorCallback
                0x0000000008005424       0x14 CMakeFiles/accelerotor.elf.dir/Drivers/STM32F4xx_HAL_Driver/Src/stm32f4xx_hal_uart.c.obj
                0x0000000008005424                HAL_UART_ErrorCallback
 .text.UART_EndRxTransfer
                0x0000000008005438       0x3c CMakeFiles/accelerotor.elf.dir/Drivers/STM32F4xx_HAL_Driver/Src/stm32f4xx_hal_uart.c.obj
 .text.UART_DMAAbortOnError
                0x0000000008005474       0x28 CMakeFiles/accelerotor.elf.dir/Drivers/STM32F4xx_HAL_Driver/Src/stm32f4xx_hal_uart.c.obj
 .text.UART_Transmit_IT
                0x000000000800549c       0xa8 CMakeFiles/accelerotor.elf.dir/Drivers/STM32F4xx_HAL_Driver/Src/stm32f4xx_hal_uart.c.obj
 .text.UART_EndTransmit_IT
                0x0000000008005544       0x30 CMakeFiles/accelerotor.elf.dir/Drivers/STM32F4xx_HAL_Driver/Src/stm32f4xx_hal_uart.c.obj
 .text.UART_Receive_IT
                0x0000000008005574      0x104 CMakeFiles/accelerotor.elf.dir/Drivers/STM32F4xx_HAL_Driver/Src/stm32f4xx_hal_uart.c.obj
 .text.UART_SetConfig
                0x0000000008005678      0x67c CMakeFiles/accelerotor.elf.dir/Drivers/STM32F4xx_HAL_Driver/Src/stm32f4xx_hal_uart.c.obj
 .text.USB_CoreInit
                0x0000000008005cf4       0xc4 CMakeFiles/accelerotor.elf.dir/Drivers/STM32F4xx_HAL_Driver/Src/stm32f4xx_ll_usb.c.obj
                0x0000000008005cf4                USB_CoreInit
 .text.USB_SetTurnaroundTime
                0x0000000008005db8      0x144 CMakeFiles/accelerotor.elf.dir/Drivers/STM32F4xx_HAL_Driver/Src/stm32f4xx_ll_usb.c.obj
                0x0000000008005db8                USB_SetTurnaroundTime
 .text.USB_EnableGlobalInt
                0x0000000008005efc       0x20 CMakeFiles/accelerotor.elf.dir/Drivers/STM32F4xx_HAL_Driver/Src/stm32f4xx_ll_usb.c.obj
                0x0000000008005efc                USB_EnableGlobalInt
 .text.USB_DisableGlobalInt
                0x0000000008005f1c       0x20 CMakeFiles/accelerotor.elf.dir/Drivers/STM32F4xx_HAL_Driver/Src/stm32f4xx_ll_usb.c.obj
                0x0000000008005f1c                USB_DisableGlobalInt
 .text.USB_SetCurrentMode
                0x0000000008005f3c       0x54 CMakeFiles/accelerotor.elf.dir/Drivers/STM32F4xx_HAL_Driver/Src/stm32f4xx_ll_usb.c.obj
                0x0000000008005f3c                USB_SetCurrentMode
 .text.USB_DevInit
                0x0000000008005f90      0x2c0 CMakeFiles/accelerotor.elf.dir/Drivers/STM32F4xx_HAL_Driver/Src/stm32f4xx_ll_usb.c.obj
                0x0000000008005f90                USB_DevInit
 .text.USB_FlushTxFifo
                0x0000000008006250       0x48 CMakeFiles/accelerotor.elf.dir/Drivers/STM32F4xx_HAL_Driver/Src/stm32f4xx_ll_usb.c.obj
                0x0000000008006250                USB_FlushTxFifo
 .text.USB_FlushRxFifo
                0x0000000008006298       0x40 CMakeFiles/accelerotor.elf.dir/Drivers/STM32F4xx_HAL_Driver/Src/stm32f4xx_ll_usb.c.obj
                0x0000000008006298                USB_FlushRxFifo
 .text.USB_SetDevSpeed
                0x00000000080062d8       0x34 CMakeFiles/accelerotor.elf.dir/Drivers/STM32F4xx_HAL_Driver/Src/stm32f4xx_ll_usb.c.obj
                0x00000000080062d8                USB_SetDevSpeed
 .text.USB_GetDevSpeed
                0x000000000800630c       0x48 CMakeFiles/accelerotor.elf.dir/Drivers/STM32F4xx_HAL_Driver/Src/stm32f4xx_ll_usb.c.obj
                0x000000000800630c                USB_GetDevSpeed
 .text.USB_ActivateEndpoint
                0x0000000008006354      0x114 CMakeFiles/accelerotor.elf.dir/Drivers/STM32F4xx_HAL_Driver/Src/stm32f4xx_ll_usb.c.obj
                0x0000000008006354                USB_ActivateEndpoint
 .text.USB_DeactivateEndpoint
                0x0000000008006468      0x1bc CMakeFiles/accelerotor.elf.dir/Drivers/STM32F4xx_HAL_Driver/Src/stm32f4xx_ll_usb.c.obj
                0x0000000008006468                USB_DeactivateEndpoint
 .text.USB_EPStartXfer
                0x0000000008006624      0x4b8 CMakeFiles/accelerotor.elf.dir/Drivers/STM32F4xx_HAL_Driver/Src/stm32f4xx_ll_usb.c.obj
                0x0000000008006624                USB_EPStartXfer
 .text.USB_EP0StartXfer
                0x0000000008006adc      0x2c4 CMakeFiles/accelerotor.elf.dir/Drivers/STM32F4xx_HAL_Driver/Src/stm32f4xx_ll_usb.c.obj
                0x0000000008006adc                USB_EP0StartXfer
 .text.USB_WritePacket
                0x0000000008006da0       0x68 CMakeFiles/accelerotor.elf.dir/Drivers/STM32F4xx_HAL_Driver/Src/stm32f4xx_ll_usb.c.obj
                0x0000000008006da0                USB_WritePacket
 .text.USB_ReadPacket
                0x0000000008006e08       0x50 CMakeFiles/accelerotor.elf.dir/Drivers/STM32F4xx_HAL_Driver/Src/stm32f4xx_ll_usb.c.obj
                0x0000000008006e08                USB_ReadPacket
 .text.USB_EPSetStall
                0x0000000008006e58       0xe4 CMakeFiles/accelerotor.elf.dir/Drivers/STM32F4xx_HAL_Driver/Src/stm32f4xx_ll_usb.c.obj
                0x0000000008006e58                USB_EPSetStall
 .text.USB_EPClearStall
                0x0000000008006f3c       0xd4 CMakeFiles/accelerotor.elf.dir/Drivers/STM32F4xx_HAL_Driver/Src/stm32f4xx_ll_usb.c.obj
                0x0000000008006f3c                USB_EPClearStall
 .text.USB_SetDevAddress
                0x0000000008007010       0x50 CMakeFiles/accelerotor.elf.dir/Drivers/STM32F4xx_HAL_Driver/Src/stm32f4xx_ll_usb.c.obj
                0x0000000008007010                USB_SetDevAddress
 .text.USB_DevConnect
                0x0000000008007060       0x44 CMakeFiles/accelerotor.elf.dir/Drivers/STM32F4xx_HAL_Driver/Src/stm32f4xx_ll_usb.c.obj
                0x0000000008007060                USB_DevConnect
 .text.USB_DevDisconnect
                0x00000000080070a4       0x44 CMakeFiles/accelerotor.elf.dir/Drivers/STM32F4xx_HAL_Driver/Src/stm32f4xx_ll_usb.c.obj
                0x00000000080070a4                USB_DevDisconnect
 .text.USB_ReadInterrupts
                0x00000000080070e8       0x24 CMakeFiles/accelerotor.elf.dir/Drivers/STM32F4xx_HAL_Driver/Src/stm32f4xx_ll_usb.c.obj
                0x00000000080070e8                USB_ReadInterrupts
 .text.USB_ReadDevAllOutEpInterrupt
                0x000000000800710c       0x34 CMakeFiles/accelerotor.elf.dir/Drivers/STM32F4xx_HAL_Driver/Src/stm32f4xx_ll_usb.c.obj
                0x000000000800710c                USB_ReadDevAllOutEpInterrupt
 .text.USB_ReadDevAllInEpInterrupt
                0x0000000008007140       0x34 CMakeFiles/accelerotor.elf.dir/Drivers/STM32F4xx_HAL_Driver/Src/stm32f4xx_ll_usb.c.obj
                0x0000000008007140                USB_ReadDevAllInEpInterrupt
 .text.USB_ReadDevOutEPInterrupt
                0x0000000008007174       0x3c CMakeFiles/accelerotor.elf.dir/Drivers/STM32F4xx_HAL_Driver/Src/stm32f4xx_ll_usb.c.obj
                0x0000000008007174                USB_ReadDevOutEPInterrupt
 .text.USB_ReadDevInEPInterrupt
                0x00000000080071b0       0x5c CMakeFiles/accelerotor.elf.dir/Drivers/STM32F4xx_HAL_Driver/Src/stm32f4xx_ll_usb.c.obj
                0x00000000080071b0                USB_ReadDevInEPInterrupt
 .text.USB_GetMode
                0x000000000800720c       0x1c CMakeFiles/accelerotor.elf.dir/Drivers/STM32F4xx_HAL_Driver/Src/stm32f4xx_ll_usb.c.obj
                0x000000000800720c                USB_GetMode
 .text.USB_ActivateSetup
                0x0000000008007228       0x48 CMakeFiles/accelerotor.elf.dir/Drivers/STM32F4xx_HAL_Driver/Src/stm32f4xx_ll_usb.c.obj
                0x0000000008007228                USB_ActivateSetup
 .text.USB_EP0_OutStart
                0x0000000008007270       0xbc CMakeFiles/accelerotor.elf.dir/Drivers/STM32F4xx_HAL_Driver/Src/stm32f4xx_ll_usb.c.obj
                0x0000000008007270                USB_EP0_OutStart
 .text.USB_CoreReset
                0x000000000800732c       0x64 CMakeFiles/accelerotor.elf.dir/Drivers/STM32F4xx_HAL_Driver/Src/stm32f4xx_ll_usb.c.obj
 .text.USBD_CDC_Init
                0x0000000008007390      0x100 CMakeFiles/accelerotor.elf.dir/Middlewares/ST/STM32_USB_Device_Library/Class/CDC/Src/usbd_cdc.c.obj
 .text.USBD_CDC_DeInit
                0x0000000008007490       0x78 CMakeFiles/accelerotor.elf.dir/Middlewares/ST/STM32_USB_Device_Library/Class/CDC/Src/usbd_cdc.c.obj
 .text.USBD_CDC_Setup
                0x0000000008007508      0x178 CMakeFiles/accelerotor.elf.dir/Middlewares/ST/STM32_USB_Device_Library/Class/CDC/Src/usbd_cdc.c.obj
 .text.USBD_CDC_DataIn
                0x0000000008007680       0xc0 CMakeFiles/accelerotor.elf.dir/Middlewares/ST/STM32_USB_Device_Library/Class/CDC/Src/usbd_cdc.c.obj
 .text.USBD_CDC_DataOut
                0x0000000008007740       0x58 CMakeFiles/accelerotor.elf.dir/Middlewares/ST/STM32_USB_Device_Library/Class/CDC/Src/usbd_cdc.c.obj
 .text.USBD_CDC_EP0_RxReady
                0x0000000008007798       0x50 CMakeFiles/accelerotor.elf.dir/Middlewares/ST/STM32_USB_Device_Library/Class/CDC/Src/usbd_cdc.c.obj
 .text.USBD_CDC_GetFSCfgDesc
                0x00000000080077e8       0x20 CMakeFiles/accelerotor.elf.dir/Middlewares/ST/STM32_USB_Device_Library/Class/CDC/Src/usbd_cdc.c.obj
 .text.USBD_CDC_GetHSCfgDesc
                0x0000000008007808       0x20 CMakeFiles/accelerotor.elf.dir/Middlewares/ST/STM32_USB_Device_Library/Class/CDC/Src/usbd_cdc.c.obj
 .text.USBD_CDC_GetOtherSpeedCfgDesc
                0x0000000008007828       0x20 CMakeFiles/accelerotor.elf.dir/Middlewares/ST/STM32_USB_Device_Library/Class/CDC/Src/usbd_cdc.c.obj
 .text.USBD_CDC_GetDeviceQualifierDescriptor
                0x0000000008007848       0x20 CMakeFiles/accelerotor.elf.dir/Middlewares/ST/STM32_USB_Device_Library/Class/CDC/Src/usbd_cdc.c.obj
                0x0000000008007848                USBD_CDC_GetDeviceQualifierDescriptor
 .text.USBD_CDC_RegisterInterface
                0x0000000008007868       0x28 CMakeFiles/accelerotor.elf.dir/Middlewares/ST/STM32_USB_Device_Library/Class/CDC/Src/usbd_cdc.c.obj
                0x0000000008007868                USBD_CDC_RegisterInterface
 .text.USBD_CDC_SetTxBuffer
                0x0000000008007890       0x30 CMakeFiles/accelerotor.elf.dir/Middlewares/ST/STM32_USB_Device_Library/Class/CDC/Src/usbd_cdc.c.obj
                0x0000000008007890                USBD_CDC_SetTxBuffer
 .text.USBD_CDC_SetRxBuffer
                0x00000000080078c0       0x28 CMakeFiles/accelerotor.elf.dir/Middlewares/ST/STM32_USB_Device_Library/Class/CDC/Src/usbd_cdc.c.obj
                0x00000000080078c0                USBD_CDC_SetRxBuffer
 .text.USBD_CDC_TransmitPacket
                0x00000000080078e8       0x60 CMakeFiles/accelerotor.elf.dir/Middlewares/ST/STM32_USB_Device_Library/Class/CDC/Src/usbd_cdc.c.obj
                0x00000000080078e8                USBD_CDC_TransmitPacket
 .text.USBD_CDC_ReceivePacket
                0x0000000008007948       0x54 CMakeFiles/accelerotor.elf.dir/Middlewares/ST/STM32_USB_Device_Library/Class/CDC/Src/usbd_cdc.c.obj
                0x0000000008007948                USBD_CDC_ReceivePacket
 .text.USBD_Init
                0x000000000800799c       0x6c CMakeFiles/accelerotor.elf.dir/Middlewares/ST/STM32_USB_Device_Library/Core/Src/usbd_core.c.obj
                0x000000000800799c                USBD_Init
 .text.USBD_RegisterClass
                0x0000000008007a08       0x44 CMakeFiles/accelerotor.elf.dir/Middlewares/ST/STM32_USB_Device_Library/Core/Src/usbd_core.c.obj
                0x0000000008007a08                USBD_RegisterClass
 .text.USBD_Start
                0x0000000008007a4c       0x18 CMakeFiles/accelerotor.elf.dir/Middlewares/ST/STM32_USB_Device_Library/Core/Src/usbd_core.c.obj
                0x0000000008007a4c                USBD_Start
 .text.USBD_RunTestMode
                0x0000000008007a64       0x14 CMakeFiles/accelerotor.elf.dir/Middlewares/ST/STM32_USB_Device_Library/Core/Src/usbd_core.c.obj
                0x0000000008007a64                USBD_RunTestMode
 .text.USBD_SetClassConfig
                0x0000000008007a78       0x38 CMakeFiles/accelerotor.elf.dir/Middlewares/ST/STM32_USB_Device_Library/Core/Src/usbd_core.c.obj
                0x0000000008007a78                USBD_SetClassConfig
 .text.USBD_ClrClassConfig
                0x0000000008007ab0       0x30 CMakeFiles/accelerotor.elf.dir/Middlewares/ST/STM32_USB_Device_Library/Core/Src/usbd_core.c.obj
                0x0000000008007ab0                USBD_ClrClassConfig
 .text.USBD_LL_SetupStage
                0x0000000008007ae0       0xa8 CMakeFiles/accelerotor.elf.dir/Middlewares/ST/STM32_USB_Device_Library/Core/Src/usbd_core.c.obj
                0x0000000008007ae0                USBD_LL_SetupStage
 .text.USBD_LL_DataOutStage
                0x0000000008007b88       0xc8 CMakeFiles/accelerotor.elf.dir/Middlewares/ST/STM32_USB_Device_Library/Core/Src/usbd_core.c.obj
                0x0000000008007b88                USBD_LL_DataOutStage
 .text.USBD_LL_DataInStage
                0x0000000008007c50      0x12c CMakeFiles/accelerotor.elf.dir/Middlewares/ST/STM32_USB_Device_Library/Core/Src/usbd_core.c.obj
                0x0000000008007c50                USBD_LL_DataInStage
 .text.USBD_LL_Reset
                0x0000000008007d7c       0x84 CMakeFiles/accelerotor.elf.dir/Middlewares/ST/STM32_USB_Device_Library/Core/Src/usbd_core.c.obj
                0x0000000008007d7c                USBD_LL_Reset
 .text.USBD_LL_SetSpeed
                0x0000000008007e00       0x20 CMakeFiles/accelerotor.elf.dir/Middlewares/ST/STM32_USB_Device_Library/Core/Src/usbd_core.c.obj
                0x0000000008007e00                USBD_LL_SetSpeed
 .text.USBD_LL_Suspend
                0x0000000008007e20       0x28 CMakeFiles/accelerotor.elf.dir/Middlewares/ST/STM32_USB_Device_Library/Core/Src/usbd_core.c.obj
                0x0000000008007e20                USBD_LL_Suspend
 .text.USBD_LL_Resume
                0x0000000008007e48       0x2c CMakeFiles/accelerotor.elf.dir/Middlewares/ST/STM32_USB_Device_Library/Core/Src/usbd_core.c.obj
                0x0000000008007e48                USBD_LL_Resume
 .text.USBD_LL_SOF
                0x0000000008007e74       0x34 CMakeFiles/accelerotor.elf.dir/Middlewares/ST/STM32_USB_Device_Library/Core/Src/usbd_core.c.obj
                0x0000000008007e74                USBD_LL_SOF
 .text.USBD_LL_IsoINIncomplete
                0x0000000008007ea8       0x18 CMakeFiles/accelerotor.elf.dir/Middlewares/ST/STM32_USB_Device_Library/Core/Src/usbd_core.c.obj
                0x0000000008007ea8                USBD_LL_IsoINIncomplete
 .text.USBD_LL_IsoOUTIncomplete
                0x0000000008007ec0       0x18 CMakeFiles/accelerotor.elf.dir/Middlewares/ST/STM32_USB_Device_Library/Core/Src/usbd_core.c.obj
                0x0000000008007ec0                USBD_LL_IsoOUTIncomplete
 .text.USBD_LL_DevConnected
                0x0000000008007ed8       0x14 CMakeFiles/accelerotor.elf.dir/Middlewares/ST/STM32_USB_Device_Library/Core/Src/usbd_core.c.obj
                0x0000000008007ed8                USBD_LL_DevConnected
 .text.USBD_LL_DevDisconnected
                0x0000000008007eec       0x38 CMakeFiles/accelerotor.elf.dir/Middlewares/ST/STM32_USB_Device_Library/Core/Src/usbd_core.c.obj
                0x0000000008007eec                USBD_LL_DevDisconnected
 .text.SWAPBYTE
                0x0000000008007f24       0x3c CMakeFiles/accelerotor.elf.dir/Middlewares/ST/STM32_USB_Device_Library/Core/Src/usbd_ctlreq.c.obj
 .text.USBD_StdDevReq
                0x0000000008007f60       0xdc CMakeFiles/accelerotor.elf.dir/Middlewares/ST/STM32_USB_Device_Library/Core/Src/usbd_ctlreq.c.obj
                0x0000000008007f60                USBD_StdDevReq
 .text.USBD_StdItfReq
                0x000000000800803c       0x8c CMakeFiles/accelerotor.elf.dir/Middlewares/ST/STM32_USB_Device_Library/Core/Src/usbd_ctlreq.c.obj
                0x000000000800803c                USBD_StdItfReq
 .text.USBD_StdEPReq
                0x00000000080080c8      0x2ac CMakeFiles/accelerotor.elf.dir/Middlewares/ST/STM32_USB_Device_Library/Core/Src/usbd_ctlreq.c.obj
                0x00000000080080c8                USBD_StdEPReq
 .text.USBD_GetDescriptor
                0x0000000008008374      0x2d4 CMakeFiles/accelerotor.elf.dir/Middlewares/ST/STM32_USB_Device_Library/Core/Src/usbd_ctlreq.c.obj
 .text.USBD_SetAddress
                0x0000000008008648       0x84 CMakeFiles/accelerotor.elf.dir/Middlewares/ST/STM32_USB_Device_Library/Core/Src/usbd_ctlreq.c.obj
 .text.USBD_SetConfig
                0x00000000080086cc      0x148 CMakeFiles/accelerotor.elf.dir/Middlewares/ST/STM32_USB_Device_Library/Core/Src/usbd_ctlreq.c.obj
 .text.USBD_GetConfig
                0x0000000008008814       0x68 CMakeFiles/accelerotor.elf.dir/Middlewares/ST/STM32_USB_Device_Library/Core/Src/usbd_ctlreq.c.obj
 .text.USBD_GetStatus
                0x000000000800887c       0x68 CMakeFiles/accelerotor.elf.dir/Middlewares/ST/STM32_USB_Device_Library/Core/Src/usbd_ctlreq.c.obj
 .text.USBD_SetFeature
                0x00000000080088e4       0x28 CMakeFiles/accelerotor.elf.dir/Middlewares/ST/STM32_USB_Device_Library/Core/Src/usbd_ctlreq.c.obj
 .text.USBD_ClrFeature
                0x000000000800890c       0x44 CMakeFiles/accelerotor.elf.dir/Middlewares/ST/STM32_USB_Device_Library/Core/Src/usbd_ctlreq.c.obj
 .text.USBD_ParseSetupRequest
                0x0000000008008950       0x74 CMakeFiles/accelerotor.elf.dir/Middlewares/ST/STM32_USB_Device_Library/Core/Src/usbd_ctlreq.c.obj
                0x0000000008008950                USBD_ParseSetupRequest
 .text.USBD_CtlError
                0x00000000080089c4       0x24 CMakeFiles/accelerotor.elf.dir/Middlewares/ST/STM32_USB_Device_Library/Core/Src/usbd_ctlreq.c.obj
                0x00000000080089c4                USBD_CtlError
 .text.USBD_GetString
                0x00000000080089e8       0x8c CMakeFiles/accelerotor.elf.dir/Middlewares/ST/STM32_USB_Device_Library/Core/Src/usbd_ctlreq.c.obj
                0x00000000080089e8                USBD_GetString
 .text.USBD_GetLen
                0x0000000008008a74       0x34 CMakeFiles/accelerotor.elf.dir/Middlewares/ST/STM32_USB_Device_Library/Core/Src/usbd_ctlreq.c.obj
 .text.USBD_CtlSendData
                0x0000000008008aa8       0x38 CMakeFiles/accelerotor.elf.dir/Middlewares/ST/STM32_USB_Device_Library/Core/Src/usbd_ioreq.c.obj
                0x0000000008008aa8                USBD_CtlSendData
 .text.USBD_CtlContinueSendData
                0x0000000008008ae0       0x24 CMakeFiles/accelerotor.elf.dir/Middlewares/ST/STM32_USB_Device_Library/Core/Src/usbd_ioreq.c.obj
                0x0000000008008ae0                USBD_CtlContinueSendData
 .text.USBD_CtlPrepareRx
                0x0000000008008b04       0x3c CMakeFiles/accelerotor.elf.dir/Middlewares/ST/STM32_USB_Device_Library/Core/Src/usbd_ioreq.c.obj
                0x0000000008008b04                USBD_CtlPrepareRx
 .text.USBD_CtlContinueRx
                0x0000000008008b40       0x24 CMakeFiles/accelerotor.elf.dir/Middlewares/ST/STM32_USB_Device_Library/Core/Src/usbd_ioreq.c.obj
                0x0000000008008b40                USBD_CtlContinueRx
 .text.USBD_CtlSendStatus
                0x0000000008008b64       0x28 CMakeFiles/accelerotor.elf.dir/Middlewares/ST/STM32_USB_Device_Library/Core/Src/usbd_ioreq.c.obj
                0x0000000008008b64                USBD_CtlSendStatus
 .text.USBD_CtlReceiveStatus
                0x0000000008008b8c       0x28 CMakeFiles/accelerotor.elf.dir/Middlewares/ST/STM32_USB_Device_Library/Core/Src/usbd_ioreq.c.obj
                0x0000000008008b8c                USBD_CtlReceiveStatus
 .text.MX_USB_DEVICE_Init
                0x0000000008008bb4       0x60 CMakeFiles/accelerotor.elf.dir/USB_DEVICE/App/usb_device.c.obj
                0x0000000008008bb4                MX_USB_DEVICE_Init
 .text.CDC_Init_FS
                0x0000000008008c14       0x28 CMakeFiles/accelerotor.elf.dir/USB_DEVICE/App/usbd_cdc_if.c.obj
 .text.CDC_DeInit_FS
                0x0000000008008c3c       0x10 CMakeFiles/accelerotor.elf.dir/USB_DEVICE/App/usbd_cdc_if.c.obj
 .text.CDC_Control_FS
                0x0000000008008c4c       0xbc CMakeFiles/accelerotor.elf.dir/USB_DEVICE/App/usbd_cdc_if.c.obj
 .text.CDC_Receive_FS
                0x0000000008008d08       0x28 CMakeFiles/accelerotor.elf.dir/USB_DEVICE/App/usbd_cdc_if.c.obj
 .text.CDC_Transmit_FS
                0x0000000008008d30       0x4c CMakeFiles/accelerotor.elf.dir/USB_DEVICE/App/usbd_cdc_if.c.obj
                0x0000000008008d30                CDC_Transmit_FS
 .text.CDC_TransmitCplt_FS
                0x0000000008008d7c       0x20 CMakeFiles/accelerotor.elf.dir/USB_DEVICE/App/usbd_cdc_if.c.obj
 .text.USBD_FS_DeviceDescriptor
                0x0000000008008d9c       0x24 CMakeFiles/accelerotor.elf.dir/USB_DEVICE/App/usbd_desc.c.obj
                0x0000000008008d9c                USBD_FS_DeviceDescriptor
 .text.USBD_FS_LangIDStrDescriptor
                0x0000000008008dc0       0x24 CMakeFiles/accelerotor.elf.dir/USB_DEVICE/App/usbd_desc.c.obj
                0x0000000008008dc0                USBD_FS_LangIDStrDescriptor
 .text.USBD_FS_ProductStrDescriptor
                0x0000000008008de4       0x3c CMakeFiles/accelerotor.elf.dir/USB_DEVICE/App/usbd_desc.c.obj
                0x0000000008008de4                USBD_FS_ProductStrDescriptor
 .text.USBD_FS_ManufacturerStrDescriptor
                0x0000000008008e20       0x28 CMakeFiles/accelerotor.elf.dir/USB_DEVICE/App/usbd_desc.c.obj
                0x0000000008008e20                USBD_FS_ManufacturerStrDescriptor
 .text.USBD_FS_SerialStrDescriptor
                0x0000000008008e48       0x24 CMakeFiles/accelerotor.elf.dir/USB_DEVICE/App/usbd_desc.c.obj
                0x0000000008008e48                USBD_FS_SerialStrDescriptor
 .text.USBD_FS_ConfigStrDescriptor
                0x0000000008008e6c       0x3c CMakeFiles/accelerotor.elf.dir/USB_DEVICE/App/usbd_desc.c.obj
                0x0000000008008e6c                USBD_FS_ConfigStrDescriptor
 .text.USBD_FS_InterfaceStrDescriptor
                0x0000000008008ea8       0x3c CMakeFiles/accelerotor.elf.dir/USB_DEVICE/App/usbd_desc.c.obj
                0x0000000008008ea8                USBD_FS_InterfaceStrDescriptor
 .text.Get_SerialNum
                0x0000000008008ee4       0x58 CMakeFiles/accelerotor.elf.dir/USB_DEVICE/App/usbd_desc.c.obj
 .text.IntToUnicode
                0x0000000008008f3c       0x7c CMakeFiles/accelerotor.elf.dir/USB_DEVICE/App/usbd_desc.c.obj
 .text.HAL_PCD_MspInit
                0x0000000008008fb8       0xa8 CMakeFiles/accelerotor.elf.dir/USB_DEVICE/Target/usbd_conf.c.obj
                0x0000000008008fb8                HAL_PCD_MspInit
 .text.HAL_PCD_SetupStageCallback
                0x0000000008009060       0x24 CMakeFiles/accelerotor.elf.dir/USB_DEVICE/Target/usbd_conf.c.obj
                0x0000000008009060                HAL_PCD_SetupStageCallback
 .text.HAL_PCD_DataOutStageCallback
                0x0000000008009084       0x38 CMakeFiles/accelerotor.elf.dir/USB_DEVICE/Target/usbd_conf.c.obj
                0x0000000008009084                HAL_PCD_DataOutStageCallback
 .text.HAL_PCD_DataInStageCallback
                0x00000000080090bc       0x34 CMakeFiles/accelerotor.elf.dir/USB_DEVICE/Target/usbd_conf.c.obj
                0x00000000080090bc                HAL_PCD_DataInStageCallback
 .text.HAL_PCD_SOFCallback
                0x00000000080090f0       0x1c CMakeFiles/accelerotor.elf.dir/USB_DEVICE/Target/usbd_conf.c.obj
                0x00000000080090f0                HAL_PCD_SOFCallback
 .text.HAL_PCD_ResetCallback
                0x000000000800910c       0x3c CMakeFiles/accelerotor.elf.dir/USB_DEVICE/Target/usbd_conf.c.obj
                0x000000000800910c                HAL_PCD_ResetCallback
 .text.HAL_PCD_SuspendCallback
                0x0000000008009148       0x50 CMakeFiles/accelerotor.elf.dir/USB_DEVICE/Target/usbd_conf.c.obj
                0x0000000008009148                HAL_PCD_SuspendCallback
 .text.HAL_PCD_ResumeCallback
                0x0000000008009198       0x1c CMakeFiles/accelerotor.elf.dir/USB_DEVICE/Target/usbd_conf.c.obj
                0x0000000008009198                HAL_PCD_ResumeCallback
 .text.HAL_PCD_ISOOUTIncompleteCallback
                0x00000000080091b4       0x24 CMakeFiles/accelerotor.elf.dir/USB_DEVICE/Target/usbd_conf.c.obj
                0x00000000080091b4                HAL_PCD_ISOOUTIncompleteCallback
 .text.HAL_PCD_ISOINIncompleteCallback
                0x00000000080091d8       0x24 CMakeFiles/accelerotor.elf.dir/USB_DEVICE/Target/usbd_conf.c.obj
                0x00000000080091d8                HAL_PCD_ISOINIncompleteCallback
 .text.HAL_PCD_ConnectCallback
                0x00000000080091fc       0x1c CMakeFiles/accelerotor.elf.dir/USB_DEVICE/Target/usbd_conf.c.obj
                0x00000000080091fc                HAL_PCD_ConnectCallback
 .text.HAL_PCD_DisconnectCallback
                0x0000000008009218       0x1c CMakeFiles/accelerotor.elf.dir/USB_DEVICE/Target/usbd_conf.c.obj
                0x0000000008009218                HAL_PCD_DisconnectCallback
 .text.USBD_LL_Init
                0x0000000008009234       0x98 CMakeFiles/accelerotor.elf.dir/USB_DEVICE/Target/usbd_conf.c.obj
                0x0000000008009234                USBD_LL_Init
 .text.USBD_LL_Start
                0x00000000080092cc       0x38 CMakeFiles/accelerotor.elf.dir/USB_DEVICE/Target/usbd_conf.c.obj
                0x00000000080092cc                USBD_LL_Start
 .text.USBD_LL_OpenEP
                0x0000000008009304       0x4c CMakeFiles/accelerotor.elf.dir/USB_DEVICE/Target/usbd_conf.c.obj
                0x0000000008009304                USBD_LL_OpenEP
 .text.USBD_LL_CloseEP
                0x0000000008009350       0x40 CMakeFiles/accelerotor.elf.dir/USB_DEVICE/Target/usbd_conf.c.obj
                0x0000000008009350                USBD_LL_CloseEP
 .text.USBD_LL_StallEP
                0x0000000008009390       0x40 CMakeFiles/accelerotor.elf.dir/USB_DEVICE/Target/usbd_conf.c.obj
                0x0000000008009390                USBD_LL_StallEP
 .text.USBD_LL_ClearStallEP
                0x00000000080093d0       0x40 CMakeFiles/accelerotor.elf.dir/USB_DEVICE/Target/usbd_conf.c.obj
                0x00000000080093d0                USBD_LL_ClearStallEP
 .text.USBD_LL_IsStallEP
                0x0000000008009410       0x58 CMakeFiles/accelerotor.elf.dir/USB_DEVICE/Target/usbd_conf.c.obj
                0x0000000008009410                USBD_LL_IsStallEP
 .text.USBD_LL_SetUSBAddress
                0x0000000008009468       0x40 CMakeFiles/accelerotor.elf.dir/USB_DEVICE/Target/usbd_conf.c.obj
                0x0000000008009468                USBD_LL_SetUSBAddress
 .text.USBD_LL_Transmit
                0x00000000080094a8       0x44 CMakeFiles/accelerotor.elf.dir/USB_DEVICE/Target/usbd_conf.c.obj
                0x00000000080094a8                USBD_LL_Transmit
 .text.USBD_LL_PrepareReceive
                0x00000000080094ec       0x44 CMakeFiles/accelerotor.elf.dir/USB_DEVICE/Target/usbd_conf.c.obj
                0x00000000080094ec                USBD_LL_PrepareReceive
 .text.USBD_LL_GetRxDataSize
                0x0000000008009530       0x28 CMakeFiles/accelerotor.elf.dir/USB_DEVICE/Target/usbd_conf.c.obj
                0x0000000008009530                USBD_LL_GetRxDataSize
 .text.USBD_Get_USB_Status
                0x0000000008009558       0x58 CMakeFiles/accelerotor.elf.dir/USB_DEVICE/Target/usbd_conf.c.obj
                0x0000000008009558                USBD_Get_USB_Status
 .text.Reset_Handler
                0x00000000080095b0       0x50 CMakeFiles/accelerotor.elf.dir/startup/startup_stm32f411xe.s.obj
                0x00000000080095b0                Reset_Handler
 .text.Default_Handler
                0x0000000008009600        0x2 CMakeFiles/accelerotor.elf.dir/startup/startup_stm32f411xe.s.obj
                0x0000000008009600                DMA2_Stream6_IRQHandler
                0x0000000008009600                EXTI2_IRQHandler
                0x0000000008009600                SPI4_IRQHandler
                0x0000000008009600                TIM1_CC_IRQHandler
                0x0000000008009600                DMA2_Stream5_IRQHandler
                0x0000000008009600                PVD_IRQHandler
                0x0000000008009600                SDIO_IRQHandler
                0x0000000008009600                TAMP_STAMP_IRQHandler
                0x0000000008009600                EXTI3_IRQHandler
                0x0000000008009600                TIM1_UP_TIM10_IRQHandler
                0x0000000008009600                I2C3_ER_IRQHandler
                0x0000000008009600                EXTI0_IRQHandler
                0x0000000008009600                I2C2_EV_IRQHandler
                0x0000000008009600                DMA1_Stream2_IRQHandler
                0x0000000008009600                FPU_IRQHandler
                0x0000000008009600                TIM1_BRK_TIM9_IRQHandler
                0x0000000008009600                DMA2_Stream3_IRQHandler
                0x0000000008009600                USART6_IRQHandler
                0x0000000008009600                TIM4_IRQHandler
                0x0000000008009600                I2C1_EV_IRQHandler
                0x0000000008009600                DMA1_Stream6_IRQHandler
                0x0000000008009600                TIM3_IRQHandler
                0x0000000008009600                RCC_IRQHandler
                0x0000000008009600                Default_Handler
                0x0000000008009600                EXTI15_10_IRQHandler
                0x0000000008009600                ADC_IRQHandler
                0x0000000008009600                DMA1_Stream7_IRQHandler
                0x0000000008009600                SPI5_IRQHandler
                0x0000000008009600                TIM5_IRQHandler
                0x0000000008009600                DMA2_Stream7_IRQHandler
                0x0000000008009600                I2C3_EV_IRQHandler
                0x0000000008009600                EXTI9_5_IRQHandler
                0x0000000008009600                RTC_WKUP_IRQHandler
                0x0000000008009600                SPI2_IRQHandler
                0x0000000008009600                EXTI4_IRQHandler
                0x0000000008009600                WWDG_IRQHandler
                0x0000000008009600                TIM2_IRQHandler
                0x0000000008009600                OTG_FS_WKUP_IRQHandler
                0x0000000008009600                TIM1_TRG_COM_TIM11_IRQHandler
                0x0000000008009600                EXTI1_IRQHandler
                0x0000000008009600                I2C2_ER_IRQHandler
                0x0000000008009600                DMA2_Stream1_IRQHandler
                0x0000000008009600                FLASH_IRQHandler
                0x0000000008009600                DMA2_Stream4_IRQHandler
                0x0000000008009600                USART1_IRQHandler
                0x0000000008009600                SPI3_IRQHandler
                0x0000000008009600                DMA1_Stream4_IRQHandler
                0x0000000008009600                I2C1_ER_IRQHandler
                0x0000000008009600                RTC_Alarm_IRQHandler
 *fill*         0x0000000008009602        0x2 
 .text.__errno  0x0000000008009604        0xc /usr/local/Cellar/gcc-arm-none-eabi/20160928/bin/../lib/gcc/arm-none-eabi/5.4.1/../../../../arm-none-eabi/lib/armv7e-m/libg_nano.a(lib_a-errno.o)
                0x0000000008009604                __errno
 .text.__libc_init_array
                0x0000000008009610       0x4c /usr/local/Cellar/gcc-arm-none-eabi/20160928/bin/../lib/gcc/arm-none-eabi/5.4.1/../../../../arm-none-eabi/lib/armv7e-m/libg_nano.a(lib_a-init.o)
                0x0000000008009610                __libc_init_array
 .text.malloc   0x000000000800965c       0x10 /usr/local/Cellar/gcc-arm-none-eabi/20160928/bin/../lib/gcc/arm-none-eabi/5.4.1/../../../../arm-none-eabi/lib/armv7e-m/libg_nano.a(lib_a-malloc.o)
                0x000000000800965c                malloc
 .text.free     0x000000000800966c       0x10 /usr/local/Cellar/gcc-arm-none-eabi/20160928/bin/../lib/gcc/arm-none-eabi/5.4.1/../../../../arm-none-eabi/lib/armv7e-m/libg_nano.a(lib_a-malloc.o)
                0x000000000800966c                free
 .text.memset   0x000000000800967c       0x10 /usr/local/Cellar/gcc-arm-none-eabi/20160928/bin/../lib/gcc/arm-none-eabi/5.4.1/../../../../arm-none-eabi/lib/armv7e-m/libg_nano.a(lib_a-memset.o)
                0x000000000800967c                memset
 .text._free_r  0x000000000800968c       0x9c /usr/local/Cellar/gcc-arm-none-eabi/20160928/bin/../lib/gcc/arm-none-eabi/5.4.1/../../../../arm-none-eabi/lib/armv7e-m/libg_nano.a(lib_a-nano-freer.o)
                0x000000000800968c                _free_r
 .text._malloc_r
                0x0000000008009728       0xbc /usr/local/Cellar/gcc-arm-none-eabi/20160928/bin/../lib/gcc/arm-none-eabi/5.4.1/../../../../arm-none-eabi/lib/armv7e-m/libg_nano.a(lib_a-nano-mallocr.o)
                0x0000000008009728                _malloc_r
 .text._sbrk_r  0x00000000080097e4       0x20 /usr/local/Cellar/gcc-arm-none-eabi/20160928/bin/../lib/gcc/arm-none-eabi/5.4.1/../../../../arm-none-eabi/lib/armv7e-m/libg_nano.a(lib_a-sbrkr.o)
                0x00000000080097e4                _sbrk_r
 .text.__malloc_lock
                0x0000000008009804        0x2 /usr/local/Cellar/gcc-arm-none-eabi/20160928/bin/../lib/gcc/arm-none-eabi/5.4.1/../../../../arm-none-eabi/lib/armv7e-m/libg_nano.a(lib_a-mlock.o)
                0x0000000008009804                __malloc_lock
 .text.__malloc_unlock
                0x0000000008009806        0x2 /usr/local/Cellar/gcc-arm-none-eabi/20160928/bin/../lib/gcc/arm-none-eabi/5.4.1/../../../../arm-none-eabi/lib/armv7e-m/libg_nano.a(lib_a-mlock.o)
                0x0000000008009806                __malloc_unlock
 *(.glue_7)
 .glue_7        0x0000000008009808        0x0 linker stubs
 *(.glue_7t)
 .glue_7t       0x0000000008009808        0x0 linker stubs
 *(.eh_frame)
 .eh_frame      0x0000000008009808        0x0 /usr/local/Cellar/gcc-arm-none-eabi/20160928/bin/../lib/gcc/arm-none-eabi/5.4.1/armv7e-m/crtbegin.o
 *(.init)
 .init          0x0000000008009808        0x4 /usr/local/Cellar/gcc-arm-none-eabi/20160928/bin/../lib/gcc/arm-none-eabi/5.4.1/armv7e-m/crti.o
                0x0000000008009808                _init
 .init          0x000000000800980c        0x8 /usr/local/Cellar/gcc-arm-none-eabi/20160928/bin/../lib/gcc/arm-none-eabi/5.4.1/armv7e-m/crtn.o
 *(.fini)
 .fini          0x0000000008009814        0x4 /usr/local/Cellar/gcc-arm-none-eabi/20160928/bin/../lib/gcc/arm-none-eabi/5.4.1/armv7e-m/crti.o
                0x0000000008009814                _fini
 .fini          0x0000000008009818        0x8 /usr/local/Cellar/gcc-arm-none-eabi/20160928/bin/../lib/gcc/arm-none-eabi/5.4.1/armv7e-m/crtn.o
                0x0000000008009820                . = ALIGN (0x4)
                0x0000000008009820                _etext = .

.vfp11_veneer   0x0000000008009820        0x0
 .vfp11_veneer  0x0000000008009820        0x0 linker stubs

.v4_bx          0x0000000008009820        0x0
 .v4_bx         0x0000000008009820        0x0 linker stubs

.iplt           0x0000000008009820        0x0
 .iplt          0x0000000008009820        0x0 /usr/local/Cellar/gcc-arm-none-eabi/20160928/bin/../lib/gcc/arm-none-eabi/5.4.1/armv7e-m/crtbegin.o

.rodata         0x0000000008009820       0x70
                0x0000000008009820                . = ALIGN (0x4)
 *(.rodata)
 .rodata        0x0000000008009820        0x5 CMakeFiles/accelerotor.elf.dir/Core/Src/main.c.obj
 *fill*         0x0000000008009825        0x3 
 .rodata        0x0000000008009828       0x46 CMakeFiles/accelerotor.elf.dir/USB_DEVICE/App/usbd_desc.c.obj
 *(.rodata*)
 *fill*         0x000000000800986e        0x2 
 .rodata.AHBPrescTable
                0x0000000008009870       0x10 CMakeFiles/accelerotor.elf.dir/Core/Src/system_stm32f4xx.c.obj
                0x0000000008009870                AHBPrescTable
 .rodata.APBPrescTable
                0x0000000008009880        0x8 CMakeFiles/accelerotor.elf.dir/Core/Src/system_stm32f4xx.c.obj
                0x0000000008009880                APBPrescTable
 .rodata.flagBitshiftOffset.7218
                0x0000000008009888        0x8 CMakeFiles/accelerotor.elf.dir/Drivers/STM32F4xx_HAL_Driver/Src/stm32f4xx_hal_dma.c.obj
                0x0000000008009890                . = ALIGN (0x4)

.ARM.extab
 *(.ARM.extab* .gnu.linkonce.armextab.*)

.ARM            0x0000000008009890        0x8
                0x0000000008009890                __exidx_start = .
 *(.ARM.exidx*)
 .ARM.exidx     0x0000000008009890        0x8 /usr/local/Cellar/gcc-arm-none-eabi/20160928/bin/../lib/gcc/arm-none-eabi/5.4.1/armv7e-m/libgcc.a(_udivmoddi4.o)
                0x0000000008009898                __exidx_end = .

.rel.dyn        0x0000000008009898        0x0
 .rel.iplt      0x0000000008009898        0x0 /usr/local/Cellar/gcc-arm-none-eabi/20160928/bin/../lib/gcc/arm-none-eabi/5.4.1/armv7e-m/crtbegin.o

.preinit_array  0x0000000008009898        0x0
                0x0000000008009898                PROVIDE (__preinit_array_start, .)
 *(.preinit_array*)
                0x0000000008009898                PROVIDE (__preinit_array_end, .)

.init_array     0x0000000008009898        0x4
                0x0000000008009898                PROVIDE (__init_array_start, .)
 *(SORT(.init_array.*))
 *(.init_array*)
 .init_array    0x0000000008009898        0x4 /usr/local/Cellar/gcc-arm-none-eabi/20160928/bin/../lib/gcc/arm-none-eabi/5.4.1/armv7e-m/crtbegin.o
                0x000000000800989c                PROVIDE (__init_array_end, .)

.fini_array     0x000000000800989c        0x4
                [!provide]                        PROVIDE (__fini_array_start, .)
 *(SORT(.fini_array.*))
 *(.fini_array*)
 .fini_array    0x000000000800989c        0x4 /usr/local/Cellar/gcc-arm-none-eabi/20160928/bin/../lib/gcc/arm-none-eabi/5.4.1/armv7e-m/crtbegin.o
                [!provide]                        PROVIDE (__fini_array_end, .)
                0x00000000080098a0                _sidata = LOADADDR (.data)

.data           0x0000000020000000      0x1e4 load address 0x00000000080098a0
                0x0000000020000000                . = ALIGN (0x4)
                0x0000000020000000                _sdata = .
 *(.data)
 *(.data*)
 .data.SystemCoreClock
                0x0000000020000000        0x4 CMakeFiles/accelerotor.elf.dir/Core/Src/system_stm32f4xx.c.obj
                0x0000000020000000                SystemCoreClock
 .data.uwTickPrio
                0x0000000020000004        0x4 CMakeFiles/accelerotor.elf.dir/Drivers/STM32F4xx_HAL_Driver/Src/stm32f4xx_hal.c.obj
                0x0000000020000004                uwTickPrio
 .data.uwTickFreq
                0x0000000020000008        0x1 CMakeFiles/accelerotor.elf.dir/Drivers/STM32F4xx_HAL_Driver/Src/stm32f4xx_hal.c.obj
                0x0000000020000008                uwTickFreq
 *fill*         0x0000000020000009        0x3 
 .data.USBD_CDC_DeviceQualifierDesc
                0x000000002000000c        0xa CMakeFiles/accelerotor.elf.dir/Middlewares/ST/STM32_USB_Device_Library/Class/CDC/Src/usbd_cdc.c.obj
 *fill*         0x0000000020000016        0x2 
 .data.USBD_CDC
                0x0000000020000018       0x38 CMakeFiles/accelerotor.elf.dir/Middlewares/ST/STM32_USB_Device_Library/Class/CDC/Src/usbd_cdc.c.obj
                0x0000000020000018                USBD_CDC
 .data.USBD_CDC_CfgHSDesc
                0x0000000020000050       0x43 CMakeFiles/accelerotor.elf.dir/Middlewares/ST/STM32_USB_Device_Library/Class/CDC/Src/usbd_cdc.c.obj
 *fill*         0x0000000020000093        0x1 
 .data.USBD_CDC_CfgFSDesc
                0x0000000020000094       0x43 CMakeFiles/accelerotor.elf.dir/Middlewares/ST/STM32_USB_Device_Library/Class/CDC/Src/usbd_cdc.c.obj
 *fill*         0x00000000200000d7        0x1 
 .data.USBD_CDC_OtherSpeedCfgDesc
                0x00000000200000d8       0x43 CMakeFiles/accelerotor.elf.dir/Middlewares/ST/STM32_USB_Device_Library/Class/CDC/Src/usbd_cdc.c.obj
 *fill*         0x000000002000011b        0x1 
 .data.USBD_Interface_fops_FS
                0x000000002000011c       0x14 CMakeFiles/accelerotor.elf.dir/USB_DEVICE/App/usbd_cdc_if.c.obj
                0x000000002000011c                USBD_Interface_fops_FS
 .data.FS_Desc  0x0000000020000130       0x1c CMakeFiles/accelerotor.elf.dir/USB_DEVICE/App/usbd_desc.c.obj
                0x0000000020000130                FS_Desc
 .data.USBD_FS_DeviceDesc
                0x000000002000014c       0x12 CMakeFiles/accelerotor.elf.dir/USB_DEVICE/App/usbd_desc.c.obj
                0x000000002000014c                USBD_FS_DeviceDesc
 *fill*         0x000000002000015e        0x2 
 .data.USBD_LangIDDesc
                0x0000000020000160        0x4 CMakeFiles/accelerotor.elf.dir/USB_DEVICE/App/usbd_desc.c.obj
                0x0000000020000160                USBD_LangIDDesc
 .data.USBD_StringSerial
                0x0000000020000164       0x1a CMakeFiles/accelerotor.elf.dir/USB_DEVICE/App/usbd_desc.c.obj
                0x0000000020000164                USBD_StringSerial
 *fill*         0x000000002000017e        0x2 
 .data.impure_data
                0x0000000020000180       0x60 /usr/local/Cellar/gcc-arm-none-eabi/20160928/bin/../lib/gcc/arm-none-eabi/5.4.1/../../../../arm-none-eabi/lib/armv7e-m/libg_nano.a(lib_a-impure.o)
 .data._impure_ptr
                0x00000000200001e0        0x4 /usr/local/Cellar/gcc-arm-none-eabi/20160928/bin/../lib/gcc/arm-none-eabi/5.4.1/../../../../arm-none-eabi/lib/armv7e-m/libg_nano.a(lib_a-impure.o)
                0x00000000200001e0                _impure_ptr
                0x00000000200001e4                . = ALIGN (0x4)
                0x00000000200001e4                _edata = .

.jcr            0x00000000200001e4        0x0 load address 0x0000000008009a84
 .jcr           0x00000000200001e4        0x0 /usr/local/Cellar/gcc-arm-none-eabi/20160928/bin/../lib/gcc/arm-none-eabi/5.4.1/armv7e-m/crtbegin.o

.igot.plt       0x00000000200001e4        0x0 load address 0x0000000008009a84
 .igot.plt      0x00000000200001e4        0x0 /usr/local/Cellar/gcc-arm-none-eabi/20160928/bin/../lib/gcc/arm-none-eabi/5.4.1/armv7e-m/crtbegin.o
                0x00000000200001e4                . = ALIGN (0x4)

.bss            0x00000000200001e4     0x1cb0 load address 0x0000000008009a84
                0x00000000200001e4                _sbss = .
                0x00000000200001e4                __bss_start__ = _sbss
 *(.bss)
 .bss           0x00000000200001e4       0x1c /usr/local/Cellar/gcc-arm-none-eabi/20160928/bin/../lib/gcc/arm-none-eabi/5.4.1/armv7e-m/crtbegin.o
 *(.bss*)
 .bss.MPU6000_busy
                0x0000000020000200        0x1 CMakeFiles/accelerotor.elf.dir/Core/Src/main.c.obj
                0x0000000020000200                MPU6000_busy
 *fill*         0x0000000020000201        0x3 
 .bss.MPU6000_tx_buffer
                0x0000000020000204        0x2 CMakeFiles/accelerotor.elf.dir/Core/Src/main.c.obj
                0x0000000020000204                MPU6000_tx_buffer
 *fill*         0x0000000020000206        0x2 
 .bss.MPU6000_rx_buffer
                0x0000000020000208        0x2 CMakeFiles/accelerotor.elf.dir/Core/Src/main.c.obj
                0x0000000020000208                MPU6000_rx_buffer
 .bss.MPU6000_data
                0x000000002000020a        0x1 CMakeFiles/accelerotor.elf.dir/Core/Src/main.c.obj
                0x000000002000020a                MPU6000_data
 *fill*         0x000000002000020b        0x1 
 .bss.hspi1     0x000000002000020c       0x58 CMakeFiles/accelerotor.elf.dir/Core/Src/main.c.obj
                0x000000002000020c                hspi1
 .bss.hdma_spi1_rx
                0x0000000020000264       0x60 CMakeFiles/accelerotor.elf.dir/Core/Src/main.c.obj
                0x0000000020000264                hdma_spi1_rx
 .bss.hdma_spi1_tx
                0x00000000200002c4       0x60 CMakeFiles/accelerotor.elf.dir/Core/Src/main.c.obj
                0x00000000200002c4                hdma_spi1_tx
 .bss.htim2     0x0000000020000324       0x40 CMakeFiles/accelerotor.elf.dir/Core/Src/main.c.obj
                0x0000000020000324                htim2
 .bss.htim4     0x0000000020000364       0x40 CMakeFiles/accelerotor.elf.dir/Core/Src/main.c.obj
                0x0000000020000364                htim4
 .bss.hdma_tim2_ch1
                0x00000000200003a4       0x60 CMakeFiles/accelerotor.elf.dir/Core/Src/main.c.obj
                0x00000000200003a4                hdma_tim2_ch1
 .bss.hdma_tim2_ch3_up
                0x0000000020000404       0x60 CMakeFiles/accelerotor.elf.dir/Core/Src/main.c.obj
                0x0000000020000404                hdma_tim2_ch3_up
 .bss.hdma_tim4_ch1
                0x0000000020000464       0x60 CMakeFiles/accelerotor.elf.dir/Core/Src/main.c.obj
                0x0000000020000464                hdma_tim4_ch1
 .bss.hdma_tim4_ch2
                0x00000000200004c4       0x60 CMakeFiles/accelerotor.elf.dir/Core/Src/main.c.obj
                0x00000000200004c4                hdma_tim4_ch2
 .bss.huart2    0x0000000020000524       0x40 CMakeFiles/accelerotor.elf.dir/Core/Src/main.c.obj
                0x0000000020000524                huart2
 .bss.SBUSBuffer
                0x0000000020000564       0x19 CMakeFiles/accelerotor.elf.dir/Core/Src/main.c.obj
                0x0000000020000564                SBUSBuffer
 *fill*         0x000000002000057d        0x3 
 .bss.SBUSChannelValues
                0x0000000020000580       0x24 CMakeFiles/accelerotor.elf.dir/Core/Src/main.c.obj
                0x0000000020000580                SBUSChannelValues
 .bss.heap_end.5922
                0x00000000200005a4        0x4 CMakeFiles/accelerotor.elf.dir/Core/Src/syscalls.c.obj
 .bss.uwTick    0x00000000200005a8        0x4 CMakeFiles/accelerotor.elf.dir/Drivers/STM32F4xx_HAL_Driver/Src/stm32f4xx_hal.c.obj
                0x00000000200005a8                uwTick
 .bss.cfgidx.9044
                0x00000000200005ac        0x1 CMakeFiles/accelerotor.elf.dir/Middlewares/ST/STM32_USB_Device_Library/Core/Src/usbd_ctlreq.c.obj
 *fill*         0x00000000200005ad        0x3 
 .bss.hUsbDeviceFS
                0x00000000200005b0      0x2d0 CMakeFiles/accelerotor.elf.dir/USB_DEVICE/App/usb_device.c.obj
                0x00000000200005b0                hUsbDeviceFS
 .bss.UserRxBufferFS
                0x0000000020000880      0x800 CMakeFiles/accelerotor.elf.dir/USB_DEVICE/App/usbd_cdc_if.c.obj
                0x0000000020000880                UserRxBufferFS
 .bss.UserTxBufferFS
                0x0000000020001080      0x800 CMakeFiles/accelerotor.elf.dir/USB_DEVICE/App/usbd_cdc_if.c.obj
                0x0000000020001080                UserTxBufferFS
 .bss.USBD_StrDesc
                0x0000000020001880      0x200 CMakeFiles/accelerotor.elf.dir/USB_DEVICE/App/usbd_desc.c.obj
                0x0000000020001880                USBD_StrDesc
 .bss.hpcd_USB_OTG_FS
                0x0000000020001a80      0x408 CMakeFiles/accelerotor.elf.dir/USB_DEVICE/Target/usbd_conf.c.obj
                0x0000000020001a80                hpcd_USB_OTG_FS
 .bss.__malloc_sbrk_start
                0x0000000020001e88        0x4 /usr/local/Cellar/gcc-arm-none-eabi/20160928/bin/../lib/gcc/arm-none-eabi/5.4.1/../../../../arm-none-eabi/lib/armv7e-m/libg_nano.a(lib_a-nano-mallocr.o)
                0x0000000020001e88                __malloc_sbrk_start
 .bss.__malloc_free_list
                0x0000000020001e8c        0x4 /usr/local/Cellar/gcc-arm-none-eabi/20160928/bin/../lib/gcc/arm-none-eabi/5.4.1/../../../../arm-none-eabi/lib/armv7e-m/libg_nano.a(lib_a-nano-mallocr.o)
                0x0000000020001e8c                __malloc_free_list
 *(COMMON)
 COMMON         0x0000000020001e90        0x4 /usr/local/Cellar/gcc-arm-none-eabi/20160928/bin/../lib/gcc/arm-none-eabi/5.4.1/../../../../arm-none-eabi/lib/armv7e-m/libg_nano.a(lib_a-reent.o)
                0x0000000020001e90                errno
                0x0000000020001e94                . = ALIGN (0x4)
                0x0000000020001e94                _ebss = .
                0x0000000020001e94                __bss_end__ = _ebss

._user_heap_stack
                0x0000000020001e94      0x604 load address 0x0000000008009a84
                0x0000000020001e98                . = ALIGN (0x8)
 *fill*         0x0000000020001e94        0x4 
                0x0000000020001e98                PROVIDE (end, .)
                [!provide]                        PROVIDE (_end, .)
                0x0000000020002098                . = (. + _Min_Heap_Size)
 *fill*         0x0000000020001e98      0x200 
                0x0000000020002498                . = (. + _Min_Stack_Size)
 *fill*         0x0000000020002098      0x400 
                0x0000000020002498                . = ALIGN (0x8)

/DISCARD/
 libc.a(*)
 libm.a(*)
 libgcc.a(*)

.ARM.attributes
                0x0000000000000000       0x2a
 *(.ARM.attributes)
 .ARM.attributes
                0x0000000000000000       0x1e /usr/local/Cellar/gcc-arm-none-eabi/20160928/bin/../lib/gcc/arm-none-eabi/5.4.1/armv7e-m/crti.o
 .ARM.attributes
                0x000000000000001e       0x2e /usr/local/Cellar/gcc-arm-none-eabi/20160928/bin/../lib/gcc/arm-none-eabi/5.4.1/armv7e-m/crtbegin.o
 .ARM.attributes
                0x000000000000004c       0x33 CMakeFiles/accelerotor.elf.dir/Core/Src/main.c.obj
 .ARM.attributes
                0x000000000000007f       0x33 CMakeFiles/accelerotor.elf.dir/Core/Src/stm32f4xx_hal_msp.c.obj
 .ARM.attributes
                0x00000000000000b2       0x33 CMakeFiles/accelerotor.elf.dir/Core/Src/stm32f4xx_it.c.obj
 .ARM.attributes
                0x00000000000000e5       0x33 CMakeFiles/accelerotor.elf.dir/Core/Src/syscalls.c.obj
 .ARM.attributes
                0x0000000000000118       0x33 CMakeFiles/accelerotor.elf.dir/Core/Src/system_stm32f4xx.c.obj
 .ARM.attributes
                0x000000000000014b       0x33 CMakeFiles/accelerotor.elf.dir/Drivers/STM32F4xx_HAL_Driver/Src/stm32f4xx_hal.c.obj
 .ARM.attributes
                0x000000000000017e       0x33 CMakeFiles/accelerotor.elf.dir/Drivers/STM32F4xx_HAL_Driver/Src/stm32f4xx_hal_cortex.c.obj
 .ARM.attributes
                0x00000000000001b1       0x33 CMakeFiles/accelerotor.elf.dir/Drivers/STM32F4xx_HAL_Driver/Src/stm32f4xx_hal_dma.c.obj
 .ARM.attributes
                0x00000000000001e4       0x33 CMakeFiles/accelerotor.elf.dir/Drivers/STM32F4xx_HAL_Driver/Src/stm32f4xx_hal_gpio.c.obj
 .ARM.attributes
                0x0000000000000217       0x33 CMakeFiles/accelerotor.elf.dir/Drivers/STM32F4xx_HAL_Driver/Src/stm32f4xx_hal_pcd.c.obj
 .ARM.attributes
                0x000000000000024a       0x33 CMakeFiles/accelerotor.elf.dir/Drivers/STM32F4xx_HAL_Driver/Src/stm32f4xx_hal_pcd_ex.c.obj
 .ARM.attributes
                0x000000000000027d       0x33 CMakeFiles/accelerotor.elf.dir/Drivers/STM32F4xx_HAL_Driver/Src/stm32f4xx_hal_rcc.c.obj
 .ARM.attributes
                0x00000000000002b0       0x33 CMakeFiles/accelerotor.elf.dir/Drivers/STM32F4xx_HAL_Driver/Src/stm32f4xx_hal_spi.c.obj
 .ARM.attributes
                0x00000000000002e3       0x33 CMakeFiles/accelerotor.elf.dir/Drivers/STM32F4xx_HAL_Driver/Src/stm32f4xx_hal_tim.c.obj
 .ARM.attributes
                0x0000000000000316       0x33 CMakeFiles/accelerotor.elf.dir/Drivers/STM32F4xx_HAL_Driver/Src/stm32f4xx_hal_tim_ex.c.obj
 .ARM.attributes
                0x0000000000000349       0x33 CMakeFiles/accelerotor.elf.dir/Drivers/STM32F4xx_HAL_Driver/Src/stm32f4xx_hal_uart.c.obj
 .ARM.attributes
                0x000000000000037c       0x33 CMakeFiles/accelerotor.elf.dir/Drivers/STM32F4xx_HAL_Driver/Src/stm32f4xx_ll_usb.c.obj
 .ARM.attributes
                0x00000000000003af       0x33 CMakeFiles/accelerotor.elf.dir/Middlewares/ST/STM32_USB_Device_Library/Class/CDC/Src/usbd_cdc.c.obj
 .ARM.attributes
                0x00000000000003e2       0x33 CMakeFiles/accelerotor.elf.dir/Middlewares/ST/STM32_USB_Device_Library/Core/Src/usbd_core.c.obj
 .ARM.attributes
                0x0000000000000415       0x33 CMakeFiles/accelerotor.elf.dir/Middlewares/ST/STM32_USB_Device_Library/Core/Src/usbd_ctlreq.c.obj
 .ARM.attributes
                0x0000000000000448       0x33 CMakeFiles/accelerotor.elf.dir/Middlewares/ST/STM32_USB_Device_Library/Core/Src/usbd_ioreq.c.obj
 .ARM.attributes
                0x000000000000047b       0x33 CMakeFiles/accelerotor.elf.dir/USB_DEVICE/App/usb_device.c.obj
 .ARM.attributes
                0x00000000000004ae       0x33 CMakeFiles/accelerotor.elf.dir/USB_DEVICE/App/usbd_cdc_if.c.obj
 .ARM.attributes
                0x00000000000004e1       0x33 CMakeFiles/accelerotor.elf.dir/USB_DEVICE/App/usbd_desc.c.obj
 .ARM.attributes
                0x0000000000000514       0x33 CMakeFiles/accelerotor.elf.dir/USB_DEVICE/Target/usbd_conf.c.obj
 .ARM.attributes
                0x0000000000000547       0x21 CMakeFiles/accelerotor.elf.dir/startup/startup_stm32f411xe.s.obj
 .ARM.attributes
                0x0000000000000568       0x1e /usr/local/Cellar/gcc-arm-none-eabi/20160928/bin/../lib/gcc/arm-none-eabi/5.4.1/armv7e-m/libgcc.a(_aeabi_uldivmod.o)
 .ARM.attributes
                0x0000000000000586       0x2e /usr/local/Cellar/gcc-arm-none-eabi/20160928/bin/../lib/gcc/arm-none-eabi/5.4.1/armv7e-m/libgcc.a(_udivmoddi4.o)
 .ARM.attributes
                0x00000000000005b4       0x1e /usr/local/Cellar/gcc-arm-none-eabi/20160928/bin/../lib/gcc/arm-none-eabi/5.4.1/armv7e-m/libgcc.a(_dvmd_tls.o)
 .ARM.attributes
                0x00000000000005d2       0x2e /usr/local/Cellar/gcc-arm-none-eabi/20160928/bin/../lib/gcc/arm-none-eabi/5.4.1/../../../../arm-none-eabi/lib/armv7e-m/libg_nano.a(lib_a-errno.o)
 .ARM.attributes
                0x0000000000000600       0x2e /usr/local/Cellar/gcc-arm-none-eabi/20160928/bin/../lib/gcc/arm-none-eabi/5.4.1/../../../../arm-none-eabi/lib/armv7e-m/libg_nano.a(lib_a-impure.o)
 .ARM.attributes
                0x000000000000062e       0x2e /usr/local/Cellar/gcc-arm-none-eabi/20160928/bin/../lib/gcc/arm-none-eabi/5.4.1/../../../../arm-none-eabi/lib/armv7e-m/libg_nano.a(lib_a-init.o)
 .ARM.attributes
                0x000000000000065c       0x2e /usr/local/Cellar/gcc-arm-none-eabi/20160928/bin/../lib/gcc/arm-none-eabi/5.4.1/../../../../arm-none-eabi/lib/armv7e-m/libg_nano.a(lib_a-malloc.o)
 .ARM.attributes
                0x000000000000068a       0x2e /usr/local/Cellar/gcc-arm-none-eabi/20160928/bin/../lib/gcc/arm-none-eabi/5.4.1/../../../../arm-none-eabi/lib/armv7e-m/libg_nano.a(lib_a-memset.o)
 .ARM.attributes
                0x00000000000006b8       0x2e /usr/local/Cellar/gcc-arm-none-eabi/20160928/bin/../lib/gcc/arm-none-eabi/5.4.1/../../../../arm-none-eabi/lib/armv7e-m/libg_nano.a(lib_a-nano-freer.o)
 .ARM.attributes
                0x00000000000006e6       0x2e /usr/local/Cellar/gcc-arm-none-eabi/20160928/bin/../lib/gcc/arm-none-eabi/5.4.1/../../../../arm-none-eabi/lib/armv7e-m/libg_nano.a(lib_a-nano-mallocr.o)
 .ARM.attributes
                0x0000000000000714       0x2e /usr/local/Cellar/gcc-arm-none-eabi/20160928/bin/../lib/gcc/arm-none-eabi/5.4.1/../../../../arm-none-eabi/lib/armv7e-m/libg_nano.a(lib_a-sbrkr.o)
 .ARM.attributes
                0x0000000000000742       0x2e /usr/local/Cellar/gcc-arm-none-eabi/20160928/bin/../lib/gcc/arm-none-eabi/5.4.1/../../../../arm-none-eabi/lib/armv7e-m/libg_nano.a(lib_a-mlock.o)
 .ARM.attributes
                0x0000000000000770       0x2e /usr/local/Cellar/gcc-arm-none-eabi/20160928/bin/../lib/gcc/arm-none-eabi/5.4.1/../../../../arm-none-eabi/lib/armv7e-m/libg_nano.a(lib_a-reent.o)
 .ARM.attributes
                0x000000000000079e       0x1e /usr/local/Cellar/gcc-arm-none-eabi/20160928/bin/../lib/gcc/arm-none-eabi/5.4.1/armv7e-m/crtn.o
OUTPUT(accelerotor.elf elf32-littlearm)

.debug_info     0x0000000000000000    0x14da5
 .debug_info    0x0000000000000000     0x1626 CMakeFiles/accelerotor.elf.dir/Core/Src/main.c.obj
 .debug_info    0x0000000000001626     0x111f CMakeFiles/accelerotor.elf.dir/Core/Src/stm32f4xx_hal_msp.c.obj
 .debug_info    0x0000000000002745      0xd16 CMakeFiles/accelerotor.elf.dir/Core/Src/stm32f4xx_it.c.obj
 .debug_info    0x000000000000345b      0x6bf CMakeFiles/accelerotor.elf.dir/Core/Src/syscalls.c.obj
 .debug_info    0x0000000000003b1a      0x50f CMakeFiles/accelerotor.elf.dir/Core/Src/system_stm32f4xx.c.obj
 .debug_info    0x0000000000004029      0x859 CMakeFiles/accelerotor.elf.dir/Drivers/STM32F4xx_HAL_Driver/Src/stm32f4xx_hal.c.obj
 .debug_info    0x0000000000004882      0xd00 CMakeFiles/accelerotor.elf.dir/Drivers/STM32F4xx_HAL_Driver/Src/stm32f4xx_hal_cortex.c.obj
 .debug_info    0x0000000000005582      0x8d9 CMakeFiles/accelerotor.elf.dir/Drivers/STM32F4xx_HAL_Driver/Src/stm32f4xx_hal_dma.c.obj
 .debug_info    0x0000000000005e5b      0x72a CMakeFiles/accelerotor.elf.dir/Drivers/STM32F4xx_HAL_Driver/Src/stm32f4xx_hal_gpio.c.obj
 .debug_info    0x0000000000006585     0x1116 CMakeFiles/accelerotor.elf.dir/Drivers/STM32F4xx_HAL_Driver/Src/stm32f4xx_hal_pcd.c.obj
 .debug_info    0x000000000000769b      0x6a7 CMakeFiles/accelerotor.elf.dir/Drivers/STM32F4xx_HAL_Driver/Src/stm32f4xx_hal_pcd_ex.c.obj
 .debug_info    0x0000000000007d42      0x8d8 CMakeFiles/accelerotor.elf.dir/Drivers/STM32F4xx_HAL_Driver/Src/stm32f4xx_hal_rcc.c.obj
 .debug_info    0x000000000000861a     0x1592 CMakeFiles/accelerotor.elf.dir/Drivers/STM32F4xx_HAL_Driver/Src/stm32f4xx_hal_spi.c.obj
 .debug_info    0x0000000000009bac     0x23de CMakeFiles/accelerotor.elf.dir/Drivers/STM32F4xx_HAL_Driver/Src/stm32f4xx_hal_tim.c.obj
 .debug_info    0x000000000000bf8a     0x1089 CMakeFiles/accelerotor.elf.dir/Drivers/STM32F4xx_HAL_Driver/Src/stm32f4xx_hal_tim_ex.c.obj
 .debug_info    0x000000000000d013     0x1199 CMakeFiles/accelerotor.elf.dir/Drivers/STM32F4xx_HAL_Driver/Src/stm32f4xx_hal_uart.c.obj
 .debug_info    0x000000000000e1ac     0x1831 CMakeFiles/accelerotor.elf.dir/Drivers/STM32F4xx_HAL_Driver/Src/stm32f4xx_ll_usb.c.obj
 .debug_info    0x000000000000f9dd      0xf3a CMakeFiles/accelerotor.elf.dir/Middlewares/ST/STM32_USB_Device_Library/Class/CDC/Src/usbd_cdc.c.obj
 .debug_info    0x0000000000010917      0x9c8 CMakeFiles/accelerotor.elf.dir/Middlewares/ST/STM32_USB_Device_Library/Core/Src/usbd_core.c.obj
 .debug_info    0x00000000000112df      0x980 CMakeFiles/accelerotor.elf.dir/Middlewares/ST/STM32_USB_Device_Library/Core/Src/usbd_ctlreq.c.obj
 .debug_info    0x0000000000011c5f      0x6cb CMakeFiles/accelerotor.elf.dir/Middlewares/ST/STM32_USB_Device_Library/Core/Src/usbd_ioreq.c.obj
 .debug_info    0x000000000001232a      0x63a CMakeFiles/accelerotor.elf.dir/USB_DEVICE/App/usb_device.c.obj
 .debug_info    0x0000000000012964      0x83f CMakeFiles/accelerotor.elf.dir/USB_DEVICE/App/usbd_cdc_if.c.obj
 .debug_info    0x00000000000131a3      0x457 CMakeFiles/accelerotor.elf.dir/USB_DEVICE/App/usbd_desc.c.obj
 .debug_info    0x00000000000135fa     0x1709 CMakeFiles/accelerotor.elf.dir/USB_DEVICE/Target/usbd_conf.c.obj
 .debug_info    0x0000000000014d03       0xa2 CMakeFiles/accelerotor.elf.dir/startup/startup_stm32f411xe.s.obj

.debug_abbrev   0x0000000000000000     0x304f
 .debug_abbrev  0x0000000000000000      0x2a9 CMakeFiles/accelerotor.elf.dir/Core/Src/main.c.obj
 .debug_abbrev  0x00000000000002a9      0x1d0 CMakeFiles/accelerotor.elf.dir/Core/Src/stm32f4xx_hal_msp.c.obj
 .debug_abbrev  0x0000000000000479      0x19a CMakeFiles/accelerotor.elf.dir/Core/Src/stm32f4xx_it.c.obj
 .debug_abbrev  0x0000000000000613      0x174 CMakeFiles/accelerotor.elf.dir/Core/Src/syscalls.c.obj
 .debug_abbrev  0x0000000000000787       0xff CMakeFiles/accelerotor.elf.dir/Core/Src/system_stm32f4xx.c.obj
 .debug_abbrev  0x0000000000000886      0x1ef CMakeFiles/accelerotor.elf.dir/Drivers/STM32F4xx_HAL_Driver/Src/stm32f4xx_hal.c.obj
 .debug_abbrev  0x0000000000000a75      0x2e2 CMakeFiles/accelerotor.elf.dir/Drivers/STM32F4xx_HAL_Driver/Src/stm32f4xx_hal_cortex.c.obj
 .debug_abbrev  0x0000000000000d57      0x1ec CMakeFiles/accelerotor.elf.dir/Drivers/STM32F4xx_HAL_Driver/Src/stm32f4xx_hal_dma.c.obj
 .debug_abbrev  0x0000000000000f43      0x1aa CMakeFiles/accelerotor.elf.dir/Drivers/STM32F4xx_HAL_Driver/Src/stm32f4xx_hal_gpio.c.obj
 .debug_abbrev  0x00000000000010ed      0x22d CMakeFiles/accelerotor.elf.dir/Drivers/STM32F4xx_HAL_Driver/Src/stm32f4xx_hal_pcd.c.obj
 .debug_abbrev  0x000000000000131a      0x196 CMakeFiles/accelerotor.elf.dir/Drivers/STM32F4xx_HAL_Driver/Src/stm32f4xx_hal_pcd_ex.c.obj
 .debug_abbrev  0x00000000000014b0      0x23e CMakeFiles/accelerotor.elf.dir/Drivers/STM32F4xx_HAL_Driver/Src/stm32f4xx_hal_rcc.c.obj
 .debug_abbrev  0x00000000000016ee      0x206 CMakeFiles/accelerotor.elf.dir/Drivers/STM32F4xx_HAL_Driver/Src/stm32f4xx_hal_spi.c.obj
 .debug_abbrev  0x00000000000018f4      0x204 CMakeFiles/accelerotor.elf.dir/Drivers/STM32F4xx_HAL_Driver/Src/stm32f4xx_hal_tim.c.obj
 .debug_abbrev  0x0000000000001af8      0x20c CMakeFiles/accelerotor.elf.dir/Drivers/STM32F4xx_HAL_Driver/Src/stm32f4xx_hal_tim_ex.c.obj
 .debug_abbrev  0x0000000000001d04      0x206 CMakeFiles/accelerotor.elf.dir/Drivers/STM32F4xx_HAL_Driver/Src/stm32f4xx_hal_uart.c.obj
 .debug_abbrev  0x0000000000001f0a      0x231 CMakeFiles/accelerotor.elf.dir/Drivers/STM32F4xx_HAL_Driver/Src/stm32f4xx_ll_usb.c.obj
 .debug_abbrev  0x000000000000213b      0x225 CMakeFiles/accelerotor.elf.dir/Middlewares/ST/STM32_USB_Device_Library/Class/CDC/Src/usbd_cdc.c.obj
 .debug_abbrev  0x0000000000002360      0x1e6 CMakeFiles/accelerotor.elf.dir/Middlewares/ST/STM32_USB_Device_Library/Core/Src/usbd_core.c.obj
 .debug_abbrev  0x0000000000002546      0x225 CMakeFiles/accelerotor.elf.dir/Middlewares/ST/STM32_USB_Device_Library/Core/Src/usbd_ctlreq.c.obj
 .debug_abbrev  0x000000000000276b      0x165 CMakeFiles/accelerotor.elf.dir/Middlewares/ST/STM32_USB_Device_Library/Core/Src/usbd_ioreq.c.obj
 .debug_abbrev  0x00000000000028d0      0x16e CMakeFiles/accelerotor.elf.dir/USB_DEVICE/App/usb_device.c.obj
 .debug_abbrev  0x0000000000002a3e      0x260 CMakeFiles/accelerotor.elf.dir/USB_DEVICE/App/usbd_cdc_if.c.obj
 .debug_abbrev  0x0000000000002c9e      0x16e CMakeFiles/accelerotor.elf.dir/USB_DEVICE/App/usbd_desc.c.obj
 .debug_abbrev  0x0000000000002e0c      0x231 CMakeFiles/accelerotor.elf.dir/USB_DEVICE/Target/usbd_conf.c.obj
 .debug_abbrev  0x000000000000303d       0x12 CMakeFiles/accelerotor.elf.dir/startup/startup_stm32f411xe.s.obj

.debug_aranges  0x0000000000000000     0x15b8
 .debug_aranges
                0x0000000000000000       0xb0 CMakeFiles/accelerotor.elf.dir/Core/Src/main.c.obj
 .debug_aranges
                0x00000000000000b0       0x58 CMakeFiles/accelerotor.elf.dir/Core/Src/stm32f4xx_hal_msp.c.obj
 .debug_aranges
                0x0000000000000108       0xa8 CMakeFiles/accelerotor.elf.dir/Core/Src/stm32f4xx_it.c.obj
 .debug_aranges
                0x00000000000001b0       0xb0 CMakeFiles/accelerotor.elf.dir/Core/Src/syscalls.c.obj
 .debug_aranges
                0x0000000000000260       0x28 CMakeFiles/accelerotor.elf.dir/Core/Src/system_stm32f4xx.c.obj
 .debug_aranges
                0x0000000000000288       0xf0 CMakeFiles/accelerotor.elf.dir/Drivers/STM32F4xx_HAL_Driver/Src/stm32f4xx_hal.c.obj
 .debug_aranges
                0x0000000000000378      0x118 CMakeFiles/accelerotor.elf.dir/Drivers/STM32F4xx_HAL_Driver/Src/stm32f4xx_hal_cortex.c.obj
 .debug_aranges
                0x0000000000000490       0x90 CMakeFiles/accelerotor.elf.dir/Drivers/STM32F4xx_HAL_Driver/Src/stm32f4xx_hal_dma.c.obj
 .debug_aranges
                0x0000000000000520       0x58 CMakeFiles/accelerotor.elf.dir/Drivers/STM32F4xx_HAL_Driver/Src/stm32f4xx_hal_gpio.c.obj
 .debug_aranges