Archive member included to satisfy reference by file (symbol)

/usr/local/Cellar/gcc-arm-none-eabi/20160928/bin/../lib/gcc/arm-none-eabi/5.4.1/armv7e-m/libgcc.a(_aeabi_uldivmod.o)
                              CMakeFiles/fc_hack.elf.dir/Drivers/STM32F4xx_HAL_Driver/Src/stm32f4xx_hal_rcc.c.obj (__aeabi_uldivmod)
/usr/local/Cellar/gcc-arm-none-eabi/20160928/bin/../lib/gcc/arm-none-eabi/5.4.1/armv7e-m/libgcc.a(_udivmoddi4.o)
                              /usr/local/Cellar/gcc-arm-none-eabi/20160928/bin/../lib/gcc/arm-none-eabi/5.4.1/armv7e-m/libgcc.a(_aeabi_uldivmod.o) (__udivmoddi4)
/usr/local/Cellar/gcc-arm-none-eabi/20160928/bin/../lib/gcc/arm-none-eabi/5.4.1/armv7e-m/libgcc.a(_dvmd_tls.o)
                              /usr/local/Cellar/gcc-arm-none-eabi/20160928/bin/../lib/gcc/arm-none-eabi/5.4.1/armv7e-m/libgcc.a(_aeabi_uldivmod.o) (__aeabi_ldiv0)
/usr/local/Cellar/gcc-arm-none-eabi/20160928/bin/../lib/gcc/arm-none-eabi/5.4.1/../../../../arm-none-eabi/lib/armv7e-m/libg_nano.a(lib_a-errno.o)
                              CMakeFiles/fc_hack.elf.dir/Src/syscalls.c.obj (__errno)
/usr/local/Cellar/gcc-arm-none-eabi/20160928/bin/../lib/gcc/arm-none-eabi/5.4.1/../../../../arm-none-eabi/lib/armv7e-m/libg_nano.a(lib_a-exit.o)
                              /usr/local/Cellar/gcc-arm-none-eabi/20160928/bin/../lib/gcc/arm-none-eabi/5.4.1/../../../../arm-none-eabi/lib/armv7e-m/crt0.o (exit)
/usr/local/Cellar/gcc-arm-none-eabi/20160928/bin/../lib/gcc/arm-none-eabi/5.4.1/../../../../arm-none-eabi/lib/armv7e-m/libg_nano.a(lib_a-impure.o)
                              /usr/local/Cellar/gcc-arm-none-eabi/20160928/bin/../lib/gcc/arm-none-eabi/5.4.1/../../../../arm-none-eabi/lib/armv7e-m/libg_nano.a(lib_a-exit.o) (_global_impure_ptr)
/usr/local/Cellar/gcc-arm-none-eabi/20160928/bin/../lib/gcc/arm-none-eabi/5.4.1/../../../../arm-none-eabi/lib/armv7e-m/libg_nano.a(lib_a-init.o)
                              /usr/local/Cellar/gcc-arm-none-eabi/20160928/bin/../lib/gcc/arm-none-eabi/5.4.1/../../../../arm-none-eabi/lib/armv7e-m/crt0.o (__libc_init_array)
/usr/local/Cellar/gcc-arm-none-eabi/20160928/bin/../lib/gcc/arm-none-eabi/5.4.1/../../../../arm-none-eabi/lib/armv7e-m/libg_nano.a(lib_a-malloc.o)
                              CMakeFiles/fc_hack.elf.dir/Middlewares/ST/STM32_USB_Device_Library/Class/CDC/Src/usbd_cdc.c.obj (malloc)
/usr/local/Cellar/gcc-arm-none-eabi/20160928/bin/../lib/gcc/arm-none-eabi/5.4.1/../../../../arm-none-eabi/lib/armv7e-m/libg_nano.a(lib_a-memset.o)
                              /usr/local/Cellar/gcc-arm-none-eabi/20160928/bin/../lib/gcc/arm-none-eabi/5.4.1/../../../../arm-none-eabi/lib/armv7e-m/crt0.o (memset)
/usr/local/Cellar/gcc-arm-none-eabi/20160928/bin/../lib/gcc/arm-none-eabi/5.4.1/../../../../arm-none-eabi/lib/armv7e-m/libg_nano.a(lib_a-nano-freer.o)
                              /usr/local/Cellar/gcc-arm-none-eabi/20160928/bin/../lib/gcc/arm-none-eabi/5.4.1/../../../../arm-none-eabi/lib/armv7e-m/libg_nano.a(lib_a-malloc.o) (_free_r)
/usr/local/Cellar/gcc-arm-none-eabi/20160928/bin/../lib/gcc/arm-none-eabi/5.4.1/../../../../arm-none-eabi/lib/armv7e-m/libg_nano.a(lib_a-nano-mallocr.o)
                              /usr/local/Cellar/gcc-arm-none-eabi/20160928/bin/../lib/gcc/arm-none-eabi/5.4.1/../../../../arm-none-eabi/lib/armv7e-m/libg_nano.a(lib_a-malloc.o) (_malloc_r)
/usr/local/Cellar/gcc-arm-none-eabi/20160928/bin/../lib/gcc/arm-none-eabi/5.4.1/../../../../arm-none-eabi/lib/armv7e-m/libg_nano.a(lib_a-sbrkr.o)
                              /usr/local/Cellar/gcc-arm-none-eabi/20160928/bin/../lib/gcc/arm-none-eabi/5.4.1/../../../../arm-none-eabi/lib/armv7e-m/libg_nano.a(lib_a-nano-mallocr.o) (_sbrk_r)
/usr/local/Cellar/gcc-arm-none-eabi/20160928/bin/../lib/gcc/arm-none-eabi/5.4.1/../../../../arm-none-eabi/lib/armv7e-m/libg_nano.a(lib_a-sprintf.o)
                              CMakeFiles/fc_hack.elf.dir/Src/main.c.obj (sprintf)
/usr/local/Cellar/gcc-arm-none-eabi/20160928/bin/../lib/gcc/arm-none-eabi/5.4.1/../../../../arm-none-eabi/lib/armv7e-m/libg_nano.a(lib_a-mlock.o)
                              /usr/local/Cellar/gcc-arm-none-eabi/20160928/bin/../lib/gcc/arm-none-eabi/5.4.1/../../../../arm-none-eabi/lib/armv7e-m/libg_nano.a(lib_a-nano-freer.o) (__malloc_lock)
/usr/local/Cellar/gcc-arm-none-eabi/20160928/bin/../lib/gcc/arm-none-eabi/5.4.1/../../../../arm-none-eabi/lib/armv7e-m/libg_nano.a(lib_a-nano-svfprintf.o)
                              /usr/local/Cellar/gcc-arm-none-eabi/20160928/bin/../lib/gcc/arm-none-eabi/5.4.1/../../../../arm-none-eabi/lib/armv7e-m/libg_nano.a(lib_a-sprintf.o) (_svfprintf_r)
/usr/local/Cellar/gcc-arm-none-eabi/20160928/bin/../lib/gcc/arm-none-eabi/5.4.1/../../../../arm-none-eabi/lib/armv7e-m/libg_nano.a(lib_a-nano-vfprintf_i.o)
                              /usr/local/Cellar/gcc-arm-none-eabi/20160928/bin/../lib/gcc/arm-none-eabi/5.4.1/../../../../arm-none-eabi/lib/armv7e-m/libg_nano.a(lib_a-nano-svfprintf.o) (_printf_i)
[...]
Memory Configuration

Name             Origin             Length             Attributes
RAM              0x0000000020000000 0x0000000000020000 xrw
FLASH            0x0000000008000000 0x0000000000080000 xr
*default*        0x0000000000000000 0xffffffffffffffff

Linker script and memory map

LOAD /usr/local/Cellar/gcc-arm-none-eabi/20160928/bin/../lib/gcc/arm-none-eabi/5.4.1/armv7e-m/crti.o
LOAD /usr/local/Cellar/gcc-arm-none-eabi/20160928/bin/../lib/gcc/arm-none-eabi/5.4.1/armv7e-m/crtbegin.o
LOAD /usr/local/Cellar/gcc-arm-none-eabi/20160928/bin/../lib/gcc/arm-none-eabi/5.4.1/../../../../arm-none-eabi/lib/armv7e-m/crt0.o
LOAD CMakeFiles/fc_hack.elf.dir/Drivers/STM32F4xx_HAL_Driver/Src/stm32f4xx_hal.c.obj
LOAD CMakeFiles/fc_hack.elf.dir/Drivers/STM32F4xx_HAL_Driver/Src/stm32f4xx_hal_cortex.c.obj
LOAD CMakeFiles/fc_hack.elf.dir/Drivers/STM32F4xx_HAL_Driver/Src/stm32f4xx_hal_dma.c.obj
LOAD CMakeFiles/fc_hack.elf.dir/Drivers/STM32F4xx_HAL_Driver/Src/stm32f4xx_hal_dma_ex.c.obj
LOAD CMakeFiles/fc_hack.elf.dir/Drivers/STM32F4xx_HAL_Driver/Src/stm32f4xx_hal_exti.c.obj
LOAD CMakeFiles/fc_hack.elf.dir/Drivers/STM32F4xx_HAL_Driver/Src/stm32f4xx_hal_flash.c.obj
LOAD CMakeFiles/fc_hack.elf.dir/Drivers/STM32F4xx_HAL_Driver/Src/stm32f4xx_hal_flash_ex.c.obj
LOAD CMakeFiles/fc_hack.elf.dir/Drivers/STM32F4xx_HAL_Driver/Src/stm32f4xx_hal_flash_ramfunc.c.obj
LOAD CMakeFiles/fc_hack.elf.dir/Drivers/STM32F4xx_HAL_Driver/Src/stm32f4xx_hal_gpio.c.obj
LOAD CMakeFiles/fc_hack.elf.dir/Drivers/STM32F4xx_HAL_Driver/Src/stm32f4xx_hal_pcd.c.obj
LOAD CMakeFiles/fc_hack.elf.dir/Drivers/STM32F4xx_HAL_Driver/Src/stm32f4xx_hal_pcd_ex.c.obj
LOAD CMakeFiles/fc_hack.elf.dir/Drivers/STM32F4xx_HAL_Driver/Src/stm32f4xx_hal_pwr.c.obj
LOAD CMakeFiles/fc_hack.elf.dir/Drivers/STM32F4xx_HAL_Driver/Src/stm32f4xx_hal_pwr_ex.c.obj
LOAD CMakeFiles/fc_hack.elf.dir/Drivers/STM32F4xx_HAL_Driver/Src/stm32f4xx_hal_rcc.c.obj
LOAD CMakeFiles/fc_hack.elf.dir/Drivers/STM32F4xx_HAL_Driver/Src/stm32f4xx_hal_rcc_ex.c.obj
LOAD CMakeFiles/fc_hack.elf.dir/Drivers/STM32F4xx_HAL_Driver/Src/stm32f4xx_hal_tim.c.obj
LOAD CMakeFiles/fc_hack.elf.dir/Drivers/STM32F4xx_HAL_Driver/Src/stm32f4xx_hal_tim_ex.c.obj
LOAD CMakeFiles/fc_hack.elf.dir/Drivers/STM32F4xx_HAL_Driver/Src/stm32f4xx_hal_uart.c.obj
LOAD CMakeFiles/fc_hack.elf.dir/Drivers/STM32F4xx_HAL_Driver/Src/stm32f4xx_ll_usb.c.obj
LOAD CMakeFiles/fc_hack.elf.dir/Middlewares/ST/STM32_USB_Device_Library/Class/CDC/Src/usbd_cdc.c.obj
LOAD CMakeFiles/fc_hack.elf.dir/Middlewares/ST/STM32_USB_Device_Library/Core/Src/usbd_core.c.obj
LOAD CMakeFiles/fc_hack.elf.dir/Middlewares/ST/STM32_USB_Device_Library/Core/Src/usbd_ctlreq.c.obj
LOAD CMakeFiles/fc_hack.elf.dir/Middlewares/ST/STM32_USB_Device_Library/Core/Src/usbd_ioreq.c.obj
LOAD CMakeFiles/fc_hack.elf.dir/Src/main.c.obj
LOAD CMakeFiles/fc_hack.elf.dir/Src/stm32f4xx_hal_msp.c.obj
LOAD CMakeFiles/fc_hack.elf.dir/Src/stm32f4xx_it.c.obj
LOAD CMakeFiles/fc_hack.elf.dir/Src/syscalls.c.obj
LOAD CMakeFiles/fc_hack.elf.dir/Src/system_stm32f4xx.c.obj
LOAD CMakeFiles/fc_hack.elf.dir/Src/usb_device.c.obj
LOAD CMakeFiles/fc_hack.elf.dir/Src/usbd_cdc_if.c.obj
LOAD CMakeFiles/fc_hack.elf.dir/Src/usbd_conf.c.obj
LOAD CMakeFiles/fc_hack.elf.dir/Src/usbd_desc.c.obj
LOAD CMakeFiles/fc_hack.elf.dir/startup/startup_stm32f411xe.s.obj
START GROUP
LOAD /usr/local/Cellar/gcc-arm-none-eabi/20160928/bin/../lib/gcc/arm-none-eabi/5.4.1/armv7e-m/libgcc.a
LOAD /usr/local/Cellar/gcc-arm-none-eabi/20160928/bin/../lib/gcc/arm-none-eabi/5.4.1/../../../../arm-none-eabi/lib/armv7e-m/libg_nano.a
LOAD /usr/local/Cellar/gcc-arm-none-eabi/20160928/bin/../lib/gcc/arm-none-eabi/5.4.1/../../../../arm-none-eabi/lib/armv7e-m/libc_nano.a
END GROUP
START GROUP
LOAD /usr/local/Cellar/gcc-arm-none-eabi/20160928/bin/../lib/gcc/arm-none-eabi/5.4.1/armv7e-m/libgcc.a
LOAD /usr/local/Cellar/gcc-arm-none-eabi/20160928/bin/../lib/gcc/arm-none-eabi/5.4.1/../../../../arm-none-eabi/lib/armv7e-m/libc_nano.a
LOAD /usr/local/Cellar/gcc-arm-none-eabi/20160928/bin/../lib/gcc/arm-none-eabi/5.4.1/../../../../arm-none-eabi/lib/armv7e-m/libnosys.a
END GROUP
START GROUP
LOAD /usr/local/Cellar/gcc-arm-none-eabi/20160928/bin/../lib/gcc/arm-none-eabi/5.4.1/armv7e-m/libgcc.a
LOAD /usr/local/Cellar/gcc-arm-none-eabi/20160928/bin/../lib/gcc/arm-none-eabi/5.4.1/../../../../arm-none-eabi/lib/armv7e-m/libc_nano.a
LOAD /usr/local/Cellar/gcc-arm-none-eabi/20160928/bin/../lib/gcc/arm-none-eabi/5.4.1/../../../../arm-none-eabi/lib/armv7e-m/libnosys.a
END GROUP
LOAD /usr/local/Cellar/gcc-arm-none-eabi/20160928/bin/../lib/gcc/arm-none-eabi/5.4.1/armv7e-m/crtend.o
LOAD /usr/local/Cellar/gcc-arm-none-eabi/20160928/bin/../lib/gcc/arm-none-eabi/5.4.1/armv7e-m/crtn.o
                0x0000000020020000                _estack = 0x20020000
                0x0000000000000200                _Min_Heap_Size = 0x200
                0x0000000000000400                _Min_Stack_Size = 0x400

.isr_vector     0x0000000008000000      0x198
                0x0000000008000000                . = ALIGN (0x4)
 *(.isr_vector)
 .isr_vector    0x0000000008000000      0x198 CMakeFiles/fc_hack.elf.dir/startup/startup_stm32f411xe.s.obj
                0x0000000008000000                g_pfnVectors
                0x0000000008000198                . = ALIGN (0x4)

.text           0x00000000080001a0     0x905c
                0x00000000080001a0                . = ALIGN (0x4)
 *(.text)
 .text          0x00000000080001a0       0x5c /usr/local/Cellar/gcc-arm-none-eabi/20160928/bin/../lib/gcc/arm-none-eabi/5.4.1/armv7e-m/crtbegin.o
 .text          0x00000000080001fc       0x30 /usr/local/Cellar/gcc-arm-none-eabi/20160928/bin/../lib/gcc/arm-none-eabi/5.4.1/armv7e-m/libgcc.a(_aeabi_uldivmod.o)
                0x00000000080001fc                __aeabi_uldivmod
 .text          0x000000000800022c      0x2e4 /usr/local/Cellar/gcc-arm-none-eabi/20160928/bin/../lib/gcc/arm-none-eabi/5.4.1/armv7e-m/libgcc.a(_udivmoddi4.o)
                0x000000000800022c                __udivmoddi4
 .text          0x0000000008000510        0x4 /usr/local/Cellar/gcc-arm-none-eabi/20160928/bin/../lib/gcc/arm-none-eabi/5.4.1/armv7e-m/libgcc.a(_dvmd_tls.o)
                0x0000000008000510                __aeabi_ldiv0
                0x0000000008000510                __aeabi_idiv0
 *fill*         0x0000000008000514        0xc 
 .text          0x0000000008000520       0xa0 /usr/local/Cellar/gcc-arm-none-eabi/20160928/bin/../lib/gcc/arm-none-eabi/5.4.1/../../../../arm-none-eabi/lib/armv7e-m/libg_nano.a(lib_a-memchr.o)
                0x0000000008000520                memchr
 *(.text*)
 .text.HAL_Init
                0x00000000080005c0       0x44 CMakeFiles/fc_hack.elf.dir/Drivers/STM32F4xx_HAL_Driver/Src/stm32f4xx_hal.c.obj
                0x00000000080005c0                HAL_Init
 .text.HAL_InitTick
                0x0000000008000604       0x60 CMakeFiles/fc_hack.elf.dir/Drivers/STM32F4xx_HAL_Driver/Src/stm32f4xx_hal.c.obj
                0x0000000008000604                HAL_InitTick
 .text.HAL_IncTick
                0x0000000008000664       0x24 CMakeFiles/fc_hack.elf.dir/Drivers/STM32F4xx_HAL_Driver/Src/stm32f4xx_hal.c.obj
                0x0000000008000664                HAL_IncTick
 .text.HAL_GetTick
                0x0000000008000688       0x14 CMakeFiles/fc_hack.elf.dir/Drivers/STM32F4xx_HAL_Driver/Src/stm32f4xx_hal.c.obj
                0x0000000008000688                HAL_GetTick
 .text.HAL_Delay
                0x000000000800069c       0x44 CMakeFiles/fc_hack.elf.dir/Drivers/STM32F4xx_HAL_Driver/Src/stm32f4xx_hal.c.obj
                0x000000000800069c                HAL_Delay
 .text.__NVIC_SetPriorityGrouping
                0x00000000080006e0       0x48 CMakeFiles/fc_hack.elf.dir/Drivers/STM32F4xx_HAL_Driver/Src/stm32f4xx_hal_cortex.c.obj
 .text.__NVIC_GetPriorityGrouping
                0x0000000008000728       0x1c CMakeFiles/fc_hack.elf.dir/Drivers/STM32F4xx_HAL_Driver/Src/stm32f4xx_hal_cortex.c.obj
 .text.__NVIC_EnableIRQ
                0x0000000008000744       0x38 CMakeFiles/fc_hack.elf.dir/Drivers/STM32F4xx_HAL_Driver/Src/stm32f4xx_hal_cortex.c.obj
 .text.__NVIC_SetPriority
                0x000000000800077c       0x54 CMakeFiles/fc_hack.elf.dir/Drivers/STM32F4xx_HAL_Driver/Src/stm32f4xx_hal_cortex.c.obj
 .text.NVIC_EncodePriority
                0x00000000080007d0       0x60 CMakeFiles/fc_hack.elf.dir/Drivers/STM32F4xx_HAL_Driver/Src/stm32f4xx_hal_cortex.c.obj
 .text.SysTick_Config
                0x0000000008000830       0x44 CMakeFiles/fc_hack.elf.dir/Drivers/STM32F4xx_HAL_Driver/Src/stm32f4xx_hal_cortex.c.obj
 .text.HAL_NVIC_SetPriorityGrouping
                0x0000000008000874       0x18 CMakeFiles/fc_hack.elf.dir/Drivers/STM32F4xx_HAL_Driver/Src/stm32f4xx_hal_cortex.c.obj
                0x0000000008000874                HAL_NVIC_SetPriorityGrouping
 .text.HAL_NVIC_SetPriority
                0x000000000800088c       0x38 CMakeFiles/fc_hack.elf.dir/Drivers/STM32F4xx_HAL_Driver/Src/stm32f4xx_hal_cortex.c.obj
                0x000000000800088c                HAL_NVIC_SetPriority
 .text.HAL_NVIC_EnableIRQ
                0x00000000080008c4       0x1c CMakeFiles/fc_hack.elf.dir/Drivers/STM32F4xx_HAL_Driver/Src/stm32f4xx_hal_cortex.c.obj
                0x00000000080008c4                HAL_NVIC_EnableIRQ
 .text.HAL_SYSTICK_Config
                0x00000000080008e0       0x18 CMakeFiles/fc_hack.elf.dir/Drivers/STM32F4xx_HAL_Driver/Src/stm32f4xx_hal_cortex.c.obj
                0x00000000080008e0                HAL_SYSTICK_Config
 .text.HAL_DMA_Init
                0x00000000080008f8      0x15c CMakeFiles/fc_hack.elf.dir/Drivers/STM32F4xx_HAL_Driver/Src/stm32f4xx_hal_dma.c.obj
                0x00000000080008f8                HAL_DMA_Init
 .text.HAL_DMA_Abort_IT
                0x0000000008000a54       0x44 CMakeFiles/fc_hack.elf.dir/Drivers/STM32F4xx_HAL_Driver/Src/stm32f4xx_hal_dma.c.obj
                0x0000000008000a54                HAL_DMA_Abort_IT
 .text.HAL_DMA_IRQHandler
                0x0000000008000a98      0x314 CMakeFiles/fc_hack.elf.dir/Drivers/STM32F4xx_HAL_Driver/Src/stm32f4xx_hal_dma.c.obj
                0x0000000008000a98                HAL_DMA_IRQHandler
 .text.DMA_CalcBaseAndBitshift
                0x0000000008000dac       0x68 CMakeFiles/fc_hack.elf.dir/Drivers/STM32F4xx_HAL_Driver/Src/stm32f4xx_hal_dma.c.obj
 .text.DMA_CheckFifoParam
                0x0000000008000e14       0xf4 CMakeFiles/fc_hack.elf.dir/Drivers/STM32F4xx_HAL_Driver/Src/stm32f4xx_hal_dma.c.obj
 .text.HAL_GPIO_Init
                0x0000000008000f08      0x304 CMakeFiles/fc_hack.elf.dir/Drivers/STM32F4xx_HAL_Driver/Src/stm32f4xx_hal_gpio.c.obj
                0x0000000008000f08                HAL_GPIO_Init
 .text.HAL_PCD_Init
                0x000000000800120c      0x23c CMakeFiles/fc_hack.elf.dir/Drivers/STM32F4xx_HAL_Driver/Src/stm32f4xx_hal_pcd.c.obj
                0x000000000800120c                HAL_PCD_Init
 .text.HAL_PCD_Start
                0x0000000008001448       0x68 CMakeFiles/fc_hack.elf.dir/Drivers/STM32F4xx_HAL_Driver/Src/stm32f4xx_hal_pcd.c.obj
                0x0000000008001448                HAL_PCD_Start
 .text.HAL_PCD_IRQHandler
                0x00000000080014b0      0x768 CMakeFiles/fc_hack.elf.dir/Drivers/STM32F4xx_HAL_Driver/Src/stm32f4xx_hal_pcd.c.obj
                0x00000000080014b0                HAL_PCD_IRQHandler
 .text.HAL_PCD_SetAddress
                0x0000000008001c18       0x4c CMakeFiles/fc_hack.elf.dir/Drivers/STM32F4xx_HAL_Driver/Src/stm32f4xx_hal_pcd.c.obj
                0x0000000008001c18                HAL_PCD_SetAddress
 .text.HAL_PCD_EP_Open
                0x0000000008001c64       0xd0 CMakeFiles/fc_hack.elf.dir/Drivers/STM32F4xx_HAL_Driver/Src/stm32f4xx_hal_pcd.c.obj
                0x0000000008001c64                HAL_PCD_EP_Open
 .text.HAL_PCD_EP_Close
                0x0000000008001d34       0x94 CMakeFiles/fc_hack.elf.dir/Drivers/STM32F4xx_HAL_Driver/Src/stm32f4xx_hal_pcd.c.obj
                0x0000000008001d34                HAL_PCD_EP_Close
 .text.HAL_PCD_EP_Receive
                0x0000000008001dc8       0x98 CMakeFiles/fc_hack.elf.dir/Drivers/STM32F4xx_HAL_Driver/Src/stm32f4xx_hal_pcd.c.obj
                0x0000000008001dc8                HAL_PCD_EP_Receive
 .text.HAL_PCD_EP_GetRxCount
                0x0000000008001e60       0x30 CMakeFiles/fc_hack.elf.dir/Drivers/STM32F4xx_HAL_Driver/Src/stm32f4xx_hal_pcd.c.obj
                0x0000000008001e60                HAL_PCD_EP_GetRxCount
 .text.HAL_PCD_EP_Transmit
                0x0000000008001e90       0x94 CMakeFiles/fc_hack.elf.dir/Drivers/STM32F4xx_HAL_Driver/Src/stm32f4xx_hal_pcd.c.obj
                0x0000000008001e90                HAL_PCD_EP_Transmit
 .text.HAL_PCD_EP_SetStall
                0x0000000008001f24       0xc8 CMakeFiles/fc_hack.elf.dir/Drivers/STM32F4xx_HAL_Driver/Src/stm32f4xx_hal_pcd.c.obj
                0x0000000008001f24                HAL_PCD_EP_SetStall
 .text.HAL_PCD_EP_ClrStall
                0x0000000008001fec       0xac CMakeFiles/fc_hack.elf.dir/Drivers/STM32F4xx_HAL_Driver/Src/stm32f4xx_hal_pcd.c.obj
                0x0000000008001fec                HAL_PCD_EP_ClrStall
 .text.PCD_WriteEmptyTxFifo
                0x0000000008002098      0x11c CMakeFiles/fc_hack.elf.dir/Drivers/STM32F4xx_HAL_Driver/Src/stm32f4xx_hal_pcd.c.obj
 .text.PCD_EP_OutXfrComplete_int
                0x00000000080021b4      0x218 CMakeFiles/fc_hack.elf.dir/Drivers/STM32F4xx_HAL_Driver/Src/stm32f4xx_hal_pcd.c.obj
 .text.PCD_EP_OutSetupPacket_int
                0x00000000080023cc       0x8c CMakeFiles/fc_hack.elf.dir/Drivers/STM32F4xx_HAL_Driver/Src/stm32f4xx_hal_pcd.c.obj
 .text.HAL_PCDEx_SetTxFiFo
                0x0000000008002458       0x8c CMakeFiles/fc_hack.elf.dir/Drivers/STM32F4xx_HAL_Driver/Src/stm32f4xx_hal_pcd_ex.c.obj
                0x0000000008002458                HAL_PCDEx_SetTxFiFo
 .text.HAL_PCDEx_SetRxFiFo
                0x00000000080024e4       0x20 CMakeFiles/fc_hack.elf.dir/Drivers/STM32F4xx_HAL_Driver/Src/stm32f4xx_hal_pcd_ex.c.obj
                0x00000000080024e4                HAL_PCDEx_SetRxFiFo
 .text.HAL_PCDEx_LPM_Callback
                0x0000000008002504       0x18 CMakeFiles/fc_hack.elf.dir/Drivers/STM32F4xx_HAL_Driver/Src/stm32f4xx_hal_pcd_ex.c.obj
                0x0000000008002504                HAL_PCDEx_LPM_Callback
 .text.HAL_RCC_OscConfig
                0x000000000800251c      0x4dc CMakeFiles/fc_hack.elf.dir/Drivers/STM32F4xx_HAL_Driver/Src/stm32f4xx_hal_rcc.c.obj
                0x000000000800251c                HAL_RCC_OscConfig
 .text.HAL_RCC_ClockConfig
                0x00000000080029f8      0x1cc CMakeFiles/fc_hack.elf.dir/Drivers/STM32F4xx_HAL_Driver/Src/stm32f4xx_hal_rcc.c.obj
                0x00000000080029f8                HAL_RCC_ClockConfig
 .text.HAL_RCC_GetSysClockFreq
                0x0000000008002bc4      0x1ac CMakeFiles/fc_hack.elf.dir/Drivers/STM32F4xx_HAL_Driver/Src/stm32f4xx_hal_rcc.c.obj
                0x0000000008002bc4                HAL_RCC_GetSysClockFreq
 .text.HAL_RCC_GetHCLKFreq
                0x0000000008002d70       0x14 CMakeFiles/fc_hack.elf.dir/Drivers/STM32F4xx_HAL_Driver/Src/stm32f4xx_hal_rcc.c.obj
                0x0000000008002d70                HAL_RCC_GetHCLKFreq
 .text.HAL_RCC_GetPCLK1Freq
                0x0000000008002d84       0x28 CMakeFiles/fc_hack.elf.dir/Drivers/STM32F4xx_HAL_Driver/Src/stm32f4xx_hal_rcc.c.obj
                0x0000000008002d84                HAL_RCC_GetPCLK1Freq
 .text.HAL_RCC_GetPCLK2Freq
                0x0000000008002dac       0x28 CMakeFiles/fc_hack.elf.dir/Drivers/STM32F4xx_HAL_Driver/Src/stm32f4xx_hal_rcc.c.obj
                0x0000000008002dac                HAL_RCC_GetPCLK2Freq
 .text.HAL_TIM_Base_Init
                0x0000000008002dd4       0x58 CMakeFiles/fc_hack.elf.dir/Drivers/STM32F4xx_HAL_Driver/Src/stm32f4xx_hal_tim.c.obj
                0x0000000008002dd4                HAL_TIM_Base_Init
 .text.HAL_TIM_PWM_Init
                0x0000000008002e2c       0x58 CMakeFiles/fc_hack.elf.dir/Drivers/STM32F4xx_HAL_Driver/Src/stm32f4xx_hal_tim.c.obj
                0x0000000008002e2c                HAL_TIM_PWM_Init
 .text.HAL_TIM_PWM_MspInit
                0x0000000008002e84       0x14 CMakeFiles/fc_hack.elf.dir/Drivers/STM32F4xx_HAL_Driver/Src/stm32f4xx_hal_tim.c.obj
                0x0000000008002e84                HAL_TIM_PWM_MspInit
 .text.HAL_TIM_PWM_ConfigChannel
                0x0000000008002e98      0x18c CMakeFiles/fc_hack.elf.dir/Drivers/STM32F4xx_HAL_Driver/Src/stm32f4xx_hal_tim.c.obj
                0x0000000008002e98                HAL_TIM_PWM_ConfigChannel
 .text.HAL_TIM_ConfigClockSource
                0x0000000008003024      0x170 CMakeFiles/fc_hack.elf.dir/Drivers/STM32F4xx_HAL_Driver/Src/stm32f4xx_hal_tim.c.obj
                0x0000000008003024                HAL_TIM_ConfigClockSource
 .text.TIM_Base_SetConfig
                0x0000000008003194       0xfc CMakeFiles/fc_hack.elf.dir/Drivers/STM32F4xx_HAL_Driver/Src/stm32f4xx_hal_tim.c.obj
                0x0000000008003194                TIM_Base_SetConfig
 .text.TIM_OC1_SetConfig
                0x0000000008003290       0xcc CMakeFiles/fc_hack.elf.dir/Drivers/STM32F4xx_HAL_Driver/Src/stm32f4xx_hal_tim.c.obj
 .text.TIM_OC2_SetConfig
                0x000000000800335c       0xd4 CMakeFiles/fc_hack.elf.dir/Drivers/STM32F4xx_HAL_Driver/Src/stm32f4xx_hal_tim.c.obj
                0x000000000800335c                TIM_OC2_SetConfig
 .text.TIM_OC3_SetConfig
                0x0000000008003430       0xd4 CMakeFiles/fc_hack.elf.dir/Drivers/STM32F4xx_HAL_Driver/Src/stm32f4xx_hal_tim.c.obj
 .text.TIM_OC4_SetConfig
                0x0000000008003504       0x9c CMakeFiles/fc_hack.elf.dir/Drivers/STM32F4xx_HAL_Driver/Src/stm32f4xx_hal_tim.c.obj
 .text.TIM_TI1_ConfigInputStage
                0x00000000080035a0       0x5c CMakeFiles/fc_hack.elf.dir/Drivers/STM32F4xx_HAL_Driver/Src/stm32f4xx_hal_tim.c.obj
 .text.TIM_TI2_ConfigInputStage
                0x00000000080035fc       0x60 CMakeFiles/fc_hack.elf.dir/Drivers/STM32F4xx_HAL_Driver/Src/stm32f4xx_hal_tim.c.obj
 .text.TIM_ITRx_SetConfig
                0x000000000800365c       0x34 CMakeFiles/fc_hack.elf.dir/Drivers/STM32F4xx_HAL_Driver/Src/stm32f4xx_hal_tim.c.obj
 .text.TIM_ETR_SetConfig
                0x0000000008003690       0x40 CMakeFiles/fc_hack.elf.dir/Drivers/STM32F4xx_HAL_Driver/Src/stm32f4xx_hal_tim.c.obj
                0x0000000008003690                TIM_ETR_SetConfig
 .text.HAL_TIMEx_MasterConfigSynchronization
                0x00000000080036d0       0xd8 CMakeFiles/fc_hack.elf.dir/Drivers/STM32F4xx_HAL_Driver/Src/stm32f4xx_hal_tim_ex.c.obj
                0x00000000080036d0                HAL_TIMEx_MasterConfigSynchronization
 .text.HAL_UART_Init
                0x00000000080037a8       0x9c CMakeFiles/fc_hack.elf.dir/Drivers/STM32F4xx_HAL_Driver/Src/stm32f4xx_hal_uart.c.obj
                0x00000000080037a8                HAL_UART_Init
 .text.HAL_UART_Receive_IT
                0x0000000008003844       0xa8 CMakeFiles/fc_hack.elf.dir/Drivers/STM32F4xx_HAL_Driver/Src/stm32f4xx_hal_uart.c.obj
                0x0000000008003844                HAL_UART_Receive_IT
 .text.HAL_UART_IRQHandler
                0x00000000080038ec      0x200 CMakeFiles/fc_hack.elf.dir/Drivers/STM32F4xx_HAL_Driver/Src/stm32f4xx_hal_uart.c.obj
                0x00000000080038ec                HAL_UART_IRQHandler
 .text.HAL_UART_TxCpltCallback
                0x0000000008003aec       0x14 CMakeFiles/fc_hack.elf.dir/Drivers/STM32F4xx_HAL_Driver/Src/stm32f4xx_hal_uart.c.obj
                0x0000000008003aec                HAL_UART_TxCpltCallback
 .text.HAL_UART_ErrorCallback
                0x0000000008003b00       0x14 CMakeFiles/fc_hack.elf.dir/Drivers/STM32F4xx_HAL_Driver/Src/stm32f4xx_hal_uart.c.obj
                0x0000000008003b00                HAL_UART_ErrorCallback
 .text.UART_EndRxTransfer
                0x0000000008003b14       0x3c CMakeFiles/fc_hack.elf.dir/Drivers/STM32F4xx_HAL_Driver/Src/stm32f4xx_hal_uart.c.obj
 .text.UART_DMAAbortOnError
                0x0000000008003b50       0x28 CMakeFiles/fc_hack.elf.dir/Drivers/STM32F4xx_HAL_Driver/Src/stm32f4xx_hal_uart.c.obj
 .text.UART_Transmit_IT
                0x0000000008003b78       0xa8 CMakeFiles/fc_hack.elf.dir/Drivers/STM32F4xx_HAL_Driver/Src/stm32f4xx_hal_uart.c.obj
 .text.UART_EndTransmit_IT
                0x0000000008003c20       0x30 CMakeFiles/fc_hack.elf.dir/Drivers/STM32F4xx_HAL_Driver/Src/stm32f4xx_hal_uart.c.obj
 .text.UART_Receive_IT
                0x0000000008003c50      0x104 CMakeFiles/fc_hack.elf.dir/Drivers/STM32F4xx_HAL_Driver/Src/stm32f4xx_hal_uart.c.obj
 .text.UART_SetConfig
                0x0000000008003d54      0x67c CMakeFiles/fc_hack.elf.dir/Drivers/STM32F4xx_HAL_Driver/Src/stm32f4xx_hal_uart.c.obj
 .text.USB_CoreInit
                0x00000000080043d0       0xc4 CMakeFiles/fc_hack.elf.dir/Drivers/STM32F4xx_HAL_Driver/Src/stm32f4xx_ll_usb.c.obj
                0x00000000080043d0                USB_CoreInit
 .text.USB_SetTurnaroundTime
                0x0000000008004494      0x144 CMakeFiles/fc_hack.elf.dir/Drivers/STM32F4xx_HAL_Driver/Src/stm32f4xx_ll_usb.c.obj
                0x0000000008004494                USB_SetTurnaroundTime
 .text.USB_EnableGlobalInt
                0x00000000080045d8       0x20 CMakeFiles/fc_hack.elf.dir/Drivers/STM32F4xx_HAL_Driver/Src/stm32f4xx_ll_usb.c.obj
                0x00000000080045d8                USB_EnableGlobalInt
 .text.USB_DisableGlobalInt
                0x00000000080045f8       0x20 CMakeFiles/fc_hack.elf.dir/Drivers/STM32F4xx_HAL_Driver/Src/stm32f4xx_ll_usb.c.obj
                0x00000000080045f8                USB_DisableGlobalInt
 .text.USB_SetCurrentMode
                0x0000000008004618       0x54 CMakeFiles/fc_hack.elf.dir/Drivers/STM32F4xx_HAL_Driver/Src/stm32f4xx_ll_usb.c.obj
                0x0000000008004618                USB_SetCurrentMode
 .text.USB_DevInit
                0x000000000800466c      0x2c0 CMakeFiles/fc_hack.elf.dir/Drivers/STM32F4xx_HAL_Driver/Src/stm32f4xx_ll_usb.c.obj
                0x000000000800466c                USB_DevInit
 .text.USB_FlushTxFifo
                0x000000000800492c       0x48 CMakeFiles/fc_hack.elf.dir/Drivers/STM32F4xx_HAL_Driver/Src/stm32f4xx_ll_usb.c.obj
                0x000000000800492c                USB_FlushTxFifo
 .text.USB_FlushRxFifo
                0x0000000008004974       0x40 CMakeFiles/fc_hack.elf.dir/Drivers/STM32F4xx_HAL_Driver/Src/stm32f4xx_ll_usb.c.obj
                0x0000000008004974                USB_FlushRxFifo
 .text.USB_SetDevSpeed
                0x00000000080049b4       0x34 CMakeFiles/fc_hack.elf.dir/Drivers/STM32F4xx_HAL_Driver/Src/stm32f4xx_ll_usb.c.obj
                0x00000000080049b4                USB_SetDevSpeed
 .text.USB_GetDevSpeed
                0x00000000080049e8       0x48 CMakeFiles/fc_hack.elf.dir/Drivers/STM32F4xx_HAL_Driver/Src/stm32f4xx_ll_usb.c.obj
                0x00000000080049e8                USB_GetDevSpeed
 .text.USB_ActivateEndpoint
                0x0000000008004a30      0x114 CMakeFiles/fc_hack.elf.dir/Drivers/STM32F4xx_HAL_Driver/Src/stm32f4xx_ll_usb.c.obj
                0x0000000008004a30                USB_ActivateEndpoint
 .text.USB_DeactivateEndpoint
                0x0000000008004b44      0x1bc CMakeFiles/fc_hack.elf.dir/Drivers/STM32F4xx_HAL_Driver/Src/stm32f4xx_ll_usb.c.obj
                0x0000000008004b44                USB_DeactivateEndpoint
 .text.USB_EPStartXfer
                0x0000000008004d00      0x4b8 CMakeFiles/fc_hack.elf.dir/Drivers/STM32F4xx_HAL_Driver/Src/stm32f4xx_ll_usb.c.obj
                0x0000000008004d00                USB_EPStartXfer
 .text.USB_EP0StartXfer
                0x00000000080051b8      0x2c4 CMakeFiles/fc_hack.elf.dir/Drivers/STM32F4xx_HAL_Driver/Src/stm32f4xx_ll_usb.c.obj
                0x00000000080051b8                USB_EP0StartXfer
 .text.USB_WritePacket
                0x000000000800547c       0x68 CMakeFiles/fc_hack.elf.dir/Drivers/STM32F4xx_HAL_Driver/Src/stm32f4xx_ll_usb.c.obj
                0x000000000800547c                USB_WritePacket
 .text.USB_ReadPacket
                0x00000000080054e4       0x50 CMakeFiles/fc_hack.elf.dir/Drivers/STM32F4xx_HAL_Driver/Src/stm32f4xx_ll_usb.c.obj
                0x00000000080054e4                USB_ReadPacket
 .text.USB_EPSetStall
                0x0000000008005534       0xe4 CMakeFiles/fc_hack.elf.dir/Drivers/STM32F4xx_HAL_Driver/Src/stm32f4xx_ll_usb.c.obj
                0x0000000008005534                USB_EPSetStall
 .text.USB_EPClearStall
                0x0000000008005618       0xd4 CMakeFiles/fc_hack.elf.dir/Drivers/STM32F4xx_HAL_Driver/Src/stm32f4xx_ll_usb.c.obj
                0x0000000008005618                USB_EPClearStall
 .text.USB_SetDevAddress
                0x00000000080056ec       0x50 CMakeFiles/fc_hack.elf.dir/Drivers/STM32F4xx_HAL_Driver/Src/stm32f4xx_ll_usb.c.obj
                0x00000000080056ec                USB_SetDevAddress
 .text.USB_DevConnect
                0x000000000800573c       0x34 CMakeFiles/fc_hack.elf.dir/Drivers/STM32F4xx_HAL_Driver/Src/stm32f4xx_ll_usb.c.obj
                0x000000000800573c                USB_DevConnect
 .text.USB_DevDisconnect
                0x0000000008005770       0x34 CMakeFiles/fc_hack.elf.dir/Drivers/STM32F4xx_HAL_Driver/Src/stm32f4xx_ll_usb.c.obj
                0x0000000008005770                USB_DevDisconnect
 .text.USB_ReadInterrupts
                0x00000000080057a4       0x24 CMakeFiles/fc_hack.elf.dir/Drivers/STM32F4xx_HAL_Driver/Src/stm32f4xx_ll_usb.c.obj
                0x00000000080057a4                USB_ReadInterrupts
 .text.USB_ReadDevAllOutEpInterrupt
                0x00000000080057c8       0x34 CMakeFiles/fc_hack.elf.dir/Drivers/STM32F4xx_HAL_Driver/Src/stm32f4xx_ll_usb.c.obj
                0x00000000080057c8                USB_ReadDevAllOutEpInterrupt
 .text.USB_ReadDevAllInEpInterrupt
                0x00000000080057fc       0x34 CMakeFiles/fc_hack.elf.dir/Drivers/STM32F4xx_HAL_Driver/Src/stm32f4xx_ll_usb.c.obj
                0x00000000080057fc                USB_ReadDevAllInEpInterrupt
 .text.USB_ReadDevOutEPInterrupt
                0x0000000008005830       0x3c CMakeFiles/fc_hack.elf.dir/Drivers/STM32F4xx_HAL_Driver/Src/stm32f4xx_ll_usb.c.obj
                0x0000000008005830                USB_ReadDevOutEPInterrupt
 .text.USB_ReadDevInEPInterrupt
                0x000000000800586c       0x5c CMakeFiles/fc_hack.elf.dir/Drivers/STM32F4xx_HAL_Driver/Src/stm32f4xx_ll_usb.c.obj
                0x000000000800586c                USB_ReadDevInEPInterrupt
 .text.USB_GetMode
                0x00000000080058c8       0x1c CMakeFiles/fc_hack.elf.dir/Drivers/STM32F4xx_HAL_Driver/Src/stm32f4xx_ll_usb.c.obj
                0x00000000080058c8                USB_GetMode
 .text.USB_ActivateSetup
                0x00000000080058e4       0x48 CMakeFiles/fc_hack.elf.dir/Drivers/STM32F4xx_HAL_Driver/Src/stm32f4xx_ll_usb.c.obj
                0x00000000080058e4                USB_ActivateSetup
 .text.USB_EP0_OutStart
                0x000000000800592c       0xbc CMakeFiles/fc_hack.elf.dir/Drivers/STM32F4xx_HAL_Driver/Src/stm32f4xx_ll_usb.c.obj
                0x000000000800592c                USB_EP0_OutStart
 .text.USB_CoreReset
                0x00000000080059e8       0x64 CMakeFiles/fc_hack.elf.dir/Drivers/STM32F4xx_HAL_Driver/Src/stm32f4xx_ll_usb.c.obj
 .text.USBD_CDC_Init
                0x0000000008005a4c      0x100 CMakeFiles/fc_hack.elf.dir/Middlewares/ST/STM32_USB_Device_Library/Class/CDC/Src/usbd_cdc.c.obj
 .text.USBD_CDC_DeInit
                0x0000000008005b4c       0x78 CMakeFiles/fc_hack.elf.dir/Middlewares/ST/STM32_USB_Device_Library/Class/CDC/Src/usbd_cdc.c.obj
 .text.USBD_CDC_Setup
                0x0000000008005bc4      0x178 CMakeFiles/fc_hack.elf.dir/Middlewares/ST/STM32_USB_Device_Library/Class/CDC/Src/usbd_cdc.c.obj
 .text.USBD_CDC_DataIn
                0x0000000008005d3c       0xc0 CMakeFiles/fc_hack.elf.dir/Middlewares/ST/STM32_USB_Device_Library/Class/CDC/Src/usbd_cdc.c.obj
 .text.USBD_CDC_DataOut
                0x0000000008005dfc       0x58 CMakeFiles/fc_hack.elf.dir/Middlewares/ST/STM32_USB_Device_Library/Class/CDC/Src/usbd_cdc.c.obj
 .text.USBD_CDC_EP0_RxReady
                0x0000000008005e54       0x50 CMakeFiles/fc_hack.elf.dir/Middlewares/ST/STM32_USB_Device_Library/Class/CDC/Src/usbd_cdc.c.obj
 .text.USBD_CDC_GetFSCfgDesc
                0x0000000008005ea4       0x20 CMakeFiles/fc_hack.elf.dir/Middlewares/ST/STM32_USB_Device_Library/Class/CDC/Src/usbd_cdc.c.obj
 .text.USBD_CDC_GetHSCfgDesc
                0x0000000008005ec4       0x20 CMakeFiles/fc_hack.elf.dir/Middlewares/ST/STM32_USB_Device_Library/Class/CDC/Src/usbd_cdc.c.obj
 .text.USBD_CDC_GetOtherSpeedCfgDesc
                0x0000000008005ee4       0x20 CMakeFiles/fc_hack.elf.dir/Middlewares/ST/STM32_USB_Device_Library/Class/CDC/Src/usbd_cdc.c.obj
 .text.USBD_CDC_GetDeviceQualifierDescriptor
                0x0000000008005f04       0x20 CMakeFiles/fc_hack.elf.dir/Middlewares/ST/STM32_USB_Device_Library/Class/CDC/Src/usbd_cdc.c.obj
                0x0000000008005f04                USBD_CDC_GetDeviceQualifierDescriptor
 .text.USBD_CDC_RegisterInterface
                0x0000000008005f24       0x28 CMakeFiles/fc_hack.elf.dir/Middlewares/ST/STM32_USB_Device_Library/Class/CDC/Src/usbd_cdc.c.obj
                0x0000000008005f24                USBD_CDC_RegisterInterface
 .text.USBD_CDC_SetTxBuffer
                0x0000000008005f4c       0x30 CMakeFiles/fc_hack.elf.dir/Middlewares/ST/STM32_USB_Device_Library/Class/CDC/Src/usbd_cdc.c.obj
                0x0000000008005f4c                USBD_CDC_SetTxBuffer
 .text.USBD_CDC_SetRxBuffer
                0x0000000008005f7c       0x28 CMakeFiles/fc_hack.elf.dir/Middlewares/ST/STM32_USB_Device_Library/Class/CDC/Src/usbd_cdc.c.obj
                0x0000000008005f7c                USBD_CDC_SetRxBuffer
 .text.USBD_CDC_TransmitPacket
                0x0000000008005fa4       0x60 CMakeFiles/fc_hack.elf.dir/Middlewares/ST/STM32_USB_Device_Library/Class/CDC/Src/usbd_cdc.c.obj
                0x0000000008005fa4                USBD_CDC_TransmitPacket
 .text.USBD_CDC_ReceivePacket
                0x0000000008006004       0x54 CMakeFiles/fc_hack.elf.dir/Middlewares/ST/STM32_USB_Device_Library/Class/CDC/Src/usbd_cdc.c.obj
                0x0000000008006004                USBD_CDC_ReceivePacket
 .text.USBD_Init
                0x0000000008006058       0x6c CMakeFiles/fc_hack.elf.dir/Middlewares/ST/STM32_USB_Device_Library/Core/Src/usbd_core.c.obj
                0x0000000008006058                USBD_Init
 .text.USBD_RegisterClass
                0x00000000080060c4       0x44 CMakeFiles/fc_hack.elf.dir/Middlewares/ST/STM32_USB_Device_Library/Core/Src/usbd_core.c.obj
                0x00000000080060c4                USBD_RegisterClass
 .text.USBD_Start
                0x0000000008006108       0x18 CMakeFiles/fc_hack.elf.dir/Middlewares/ST/STM32_USB_Device_Library/Core/Src/usbd_core.c.obj
                0x0000000008006108                USBD_Start
 .text.USBD_RunTestMode
                0x0000000008006120       0x14 CMakeFiles/fc_hack.elf.dir/Middlewares/ST/STM32_USB_Device_Library/Core/Src/usbd_core.c.obj
                0x0000000008006120                USBD_RunTestMode
 .text.USBD_SetClassConfig
                0x0000000008006134       0x38 CMakeFiles/fc_hack.elf.dir/Middlewares/ST/STM32_USB_Device_Library/Core/Src/usbd_core.c.obj
                0x0000000008006134                USBD_SetClassConfig
 .text.USBD_ClrClassConfig
                0x000000000800616c       0x30 CMakeFiles/fc_hack.elf.dir/Middlewares/ST/STM32_USB_Device_Library/Core/Src/usbd_core.c.obj
                0x000000000800616c                USBD_ClrClassConfig
 .text.USBD_LL_SetupStage
                0x000000000800619c       0xa8 CMakeFiles/fc_hack.elf.dir/Middlewares/ST/STM32_USB_Device_Library/Core/Src/usbd_core.c.obj
                0x000000000800619c                USBD_LL_SetupStage
 .text.USBD_LL_DataOutStage
                0x0000000008006244       0xc8 CMakeFiles/fc_hack.elf.dir/Middlewares/ST/STM32_USB_Device_Library/Core/Src/usbd_core.c.obj
                0x0000000008006244                USBD_LL_DataOutStage
 .text.USBD_LL_DataInStage
                0x000000000800630c      0x12c CMakeFiles/fc_hack.elf.dir/Middlewares/ST/STM32_USB_Device_Library/Core/Src/usbd_core.c.obj
                0x000000000800630c                USBD_LL_DataInStage
 .text.USBD_LL_Reset
                0x0000000008006438       0x84 CMakeFiles/fc_hack.elf.dir/Middlewares/ST/STM32_USB_Device_Library/Core/Src/usbd_core.c.obj
                0x0000000008006438                USBD_LL_Reset
 .text.USBD_LL_SetSpeed
                0x00000000080064bc       0x20 CMakeFiles/fc_hack.elf.dir/Middlewares/ST/STM32_USB_Device_Library/Core/Src/usbd_core.c.obj
                0x00000000080064bc                USBD_LL_SetSpeed
 .text.USBD_LL_Suspend
                0x00000000080064dc       0x28 CMakeFiles/fc_hack.elf.dir/Middlewares/ST/STM32_USB_Device_Library/Core/Src/usbd_core.c.obj
                0x00000000080064dc                USBD_LL_Suspend
 .text.USBD_LL_Resume
                0x0000000008006504       0x2c CMakeFiles/fc_hack.elf.dir/Middlewares/ST/STM32_USB_Device_Library/Core/Src/usbd_core.c.obj
                0x0000000008006504                USBD_LL_Resume
 .text.USBD_LL_SOF
                0x0000000008006530       0x34 CMakeFiles/fc_hack.elf.dir/Middlewares/ST/STM32_USB_Device_Library/Core/Src/usbd_core.c.obj
                0x0000000008006530                USBD_LL_SOF
 .text.USBD_LL_IsoINIncomplete
                0x0000000008006564       0x18 CMakeFiles/fc_hack.elf.dir/Middlewares/ST/STM32_USB_Device_Library/Core/Src/usbd_core.c.obj
                0x0000000008006564                USBD_LL_IsoINIncomplete
 .text.USBD_LL_IsoOUTIncomplete
                0x000000000800657c       0x18 CMakeFiles/fc_hack.elf.dir/Middlewares/ST/STM32_USB_Device_Library/Core/Src/usbd_core.c.obj
                0x000000000800657c                USBD_LL_IsoOUTIncomplete
 .text.USBD_LL_DevConnected
                0x0000000008006594       0x14 CMakeFiles/fc_hack.elf.dir/Middlewares/ST/STM32_USB_Device_Library/Core/Src/usbd_core.c.obj
                0x0000000008006594                USBD_LL_DevConnected
 .text.USBD_LL_DevDisconnected
                0x00000000080065a8       0x38 CMakeFiles/fc_hack.elf.dir/Middlewares/ST/STM32_USB_Device_Library/Core/Src/usbd_core.c.obj
                0x00000000080065a8                USBD_LL_DevDisconnected
 .text.SWAPBYTE
                0x00000000080065e0       0x3c CMakeFiles/fc_hack.elf.dir/Middlewares/ST/STM32_USB_Device_Library/Core/Src/usbd_ctlreq.c.obj
 .text.USBD_StdDevReq
                0x000000000800661c       0xdc CMakeFiles/fc_hack.elf.dir/Middlewares/ST/STM32_USB_Device_Library/Core/Src/usbd_ctlreq.c.obj
                0x000000000800661c                USBD_StdDevReq
 .text.USBD_StdItfReq
                0x00000000080066f8       0x8c CMakeFiles/fc_hack.elf.dir/Middlewares/ST/STM32_USB_Device_Library/Core/Src/usbd_ctlreq.c.obj
                0x00000000080066f8                USBD_StdItfReq
 .text.USBD_StdEPReq
                0x0000000008006784      0x2ac CMakeFiles/fc_hack.elf.dir/Middlewares/ST/STM32_USB_Device_Library/Core/Src/usbd_ctlreq.c.obj
                0x0000000008006784                USBD_StdEPReq
 .text.USBD_GetDescriptor
                0x0000000008006a30      0x2d4 CMakeFiles/fc_hack.elf.dir/Middlewares/ST/STM32_USB_Device_Library/Core/Src/usbd_ctlreq.c.obj
 .text.USBD_SetAddress
                0x0000000008006d04       0x84 CMakeFiles/fc_hack.elf.dir/Middlewares/ST/STM32_USB_Device_Library/Core/Src/usbd_ctlreq.c.obj
 .text.USBD_SetConfig
                0x0000000008006d88      0x148 CMakeFiles/fc_hack.elf.dir/Middlewares/ST/STM32_USB_Device_Library/Core/Src/usbd_ctlreq.c.obj
 .text.USBD_GetConfig
                0x0000000008006ed0       0x68 CMakeFiles/fc_hack.elf.dir/Middlewares/ST/STM32_USB_Device_Library/Core/Src/usbd_ctlreq.c.obj
 .text.USBD_GetStatus
                0x0000000008006f38       0x68 CMakeFiles/fc_hack.elf.dir/Middlewares/ST/STM32_USB_Device_Library/Core/Src/usbd_ctlreq.c.obj
 .text.USBD_SetFeature
                0x0000000008006fa0       0x28 CMakeFiles/fc_hack.elf.dir/Middlewares/ST/STM32_USB_Device_Library/Core/Src/usbd_ctlreq.c.obj
 .text.USBD_ClrFeature
                0x0000000008006fc8       0x44 CMakeFiles/fc_hack.elf.dir/Middlewares/ST/STM32_USB_Device_Library/Core/Src/usbd_ctlreq.c.obj
 .text.USBD_ParseSetupRequest
                0x000000000800700c       0x74 CMakeFiles/fc_hack.elf.dir/Middlewares/ST/STM32_USB_Device_Library/Core/Src/usbd_ctlreq.c.obj
                0x000000000800700c                USBD_ParseSetupRequest
 .text.USBD_CtlError
                0x0000000008007080       0x24 CMakeFiles/fc_hack.elf.dir/Middlewares/ST/STM32_USB_Device_Library/Core/Src/usbd_ctlreq.c.obj
                0x0000000008007080                USBD_CtlError
 .text.USBD_GetString
                0x00000000080070a4       0x8c CMakeFiles/fc_hack.elf.dir/Middlewares/ST/STM32_USB_Device_Library/Core/Src/usbd_ctlreq.c.obj
                0x00000000080070a4                USBD_GetString
 .text.USBD_GetLen
                0x0000000008007130       0x34 CMakeFiles/fc_hack.elf.dir/Middlewares/ST/STM32_USB_Device_Library/Core/Src/usbd_ctlreq.c.obj
 .text.USBD_CtlSendData
                0x0000000008007164       0x38 CMakeFiles/fc_hack.elf.dir/Middlewares/ST/STM32_USB_Device_Library/Core/Src/usbd_ioreq.c.obj
                0x0000000008007164                USBD_CtlSendData
 .text.USBD_CtlContinueSendData
                0x000000000800719c       0x24 CMakeFiles/fc_hack.elf.dir/Middlewares/ST/STM32_USB_Device_Library/Core/Src/usbd_ioreq.c.obj
                0x000000000800719c                USBD_CtlContinueSendData
 .text.USBD_CtlPrepareRx
                0x00000000080071c0       0x3c CMakeFiles/fc_hack.elf.dir/Middlewares/ST/STM32_USB_Device_Library/Core/Src/usbd_ioreq.c.obj
                0x00000000080071c0                USBD_CtlPrepareRx
 .text.USBD_CtlContinueRx
                0x00000000080071fc       0x24 CMakeFiles/fc_hack.elf.dir/Middlewares/ST/STM32_USB_Device_Library/Core/Src/usbd_ioreq.c.obj
                0x00000000080071fc                USBD_CtlContinueRx
 .text.USBD_CtlSendStatus
                0x0000000008007220       0x28 CMakeFiles/fc_hack.elf.dir/Middlewares/ST/STM32_USB_Device_Library/Core/Src/usbd_ioreq.c.obj
                0x0000000008007220                USBD_CtlSendStatus
 .text.USBD_CtlReceiveStatus
                0x0000000008007248       0x28 CMakeFiles/fc_hack.elf.dir/Middlewares/ST/STM32_USB_Device_Library/Core/Src/usbd_ioreq.c.obj
                0x0000000008007248                USBD_CtlReceiveStatus
 .text.HAL_UART_RxCpltCallback
                0x0000000008007270      0x290 CMakeFiles/fc_hack.elf.dir/Src/main.c.obj
                0x0000000008007270                HAL_UART_RxCpltCallback
 .text.main     0x0000000008007500       0x70 CMakeFiles/fc_hack.elf.dir/Src/main.c.obj
                0x0000000008007500                main
 .text.SystemClock_Config
                0x0000000008007570       0xd0 CMakeFiles/fc_hack.elf.dir/Src/main.c.obj
                0x0000000008007570                SystemClock_Config
 .text.MX_TIM2_Init
                0x0000000008007640      0x100 CMakeFiles/fc_hack.elf.dir/Src/main.c.obj
 .text.MX_TIM4_Init
                0x0000000008007740      0x100 CMakeFiles/fc_hack.elf.dir/Src/main.c.obj
 .text.MX_USART2_UART_Init
                0x0000000008007840       0x5c CMakeFiles/fc_hack.elf.dir/Src/main.c.obj
 .text.MX_DMA_Init
                0x000000000800789c       0x70 CMakeFiles/fc_hack.elf.dir/Src/main.c.obj
 .text.MX_GPIO_Init
                0x000000000800790c       0x68 CMakeFiles/fc_hack.elf.dir/Src/main.c.obj
 .text.Error_Handler
                0x0000000008007974        0xc CMakeFiles/fc_hack.elf.dir/Src/main.c.obj
                0x0000000008007974                Error_Handler
 .text.HAL_MspInit
                0x0000000008007980       0x4c CMakeFiles/fc_hack.elf.dir/Src/stm32f4xx_hal_msp.c.obj
                0x0000000008007980                HAL_MspInit
 .text.HAL_TIM_Base_MspInit
                0x00000000080079cc      0x21c CMakeFiles/fc_hack.elf.dir/Src/stm32f4xx_hal_msp.c.obj
                0x00000000080079cc                HAL_TIM_Base_MspInit
 .text.HAL_TIM_MspPostInit
                0x0000000008007be8       0xfc CMakeFiles/fc_hack.elf.dir/Src/stm32f4xx_hal_msp.c.obj
                0x0000000008007be8                HAL_TIM_MspPostInit
 .text.HAL_UART_MspInit
                0x0000000008007ce4       0xa0 CMakeFiles/fc_hack.elf.dir/Src/stm32f4xx_hal_msp.c.obj
                0x0000000008007ce4                HAL_UART_MspInit
 .text.NMI_Handler
                0x0000000008007d84        0xc CMakeFiles/fc_hack.elf.dir/Src/stm32f4xx_it.c.obj
                0x0000000008007d84                NMI_Handler
 .text.HardFault_Handler
                0x0000000008007d90        0x8 CMakeFiles/fc_hack.elf.dir/Src/stm32f4xx_it.c.obj
                0x0000000008007d90                HardFault_Handler
 .text.MemManage_Handler
                0x0000000008007d98        0x8 CMakeFiles/fc_hack.elf.dir/Src/stm32f4xx_it.c.obj
                0x0000000008007d98                MemManage_Handler
 .text.BusFault_Handler
                0x0000000008007da0        0x8 CMakeFiles/fc_hack.elf.dir/Src/stm32f4xx_it.c.obj
                0x0000000008007da0                BusFault_Handler
 .text.UsageFault_Handler
                0x0000000008007da8        0x8 CMakeFiles/fc_hack.elf.dir/Src/stm32f4xx_it.c.obj
                0x0000000008007da8                UsageFault_Handler
 .text.SVC_Handler
                0x0000000008007db0        0xc CMakeFiles/fc_hack.elf.dir/Src/stm32f4xx_it.c.obj
                0x0000000008007db0                SVC_Handler
 .text.DebugMon_Handler
                0x0000000008007dbc        0xc CMakeFiles/fc_hack.elf.dir/Src/stm32f4xx_it.c.obj
                0x0000000008007dbc                DebugMon_Handler
 .text.PendSV_Handler
                0x0000000008007dc8        0xc CMakeFiles/fc_hack.elf.dir/Src/stm32f4xx_it.c.obj
                0x0000000008007dc8                PendSV_Handler
 .text.SysTick_Handler
                0x0000000008007dd4        0xc CMakeFiles/fc_hack.elf.dir/Src/stm32f4xx_it.c.obj
                0x0000000008007dd4                SysTick_Handler
 .text.DMA1_Stream0_IRQHandler
                0x0000000008007de0       0x14 CMakeFiles/fc_hack.elf.dir/Src/stm32f4xx_it.c.obj
                0x0000000008007de0                DMA1_Stream0_IRQHandler
 .text.DMA1_Stream1_IRQHandler
                0x0000000008007df4       0x14 CMakeFiles/fc_hack.elf.dir/Src/stm32f4xx_it.c.obj
                0x0000000008007df4                DMA1_Stream1_IRQHandler
 .text.DMA1_Stream3_IRQHandler
                0x0000000008007e08       0x14 CMakeFiles/fc_hack.elf.dir/Src/stm32f4xx_it.c.obj
                0x0000000008007e08                DMA1_Stream3_IRQHandler
 .text.DMA1_Stream5_IRQHandler
                0x0000000008007e1c       0x14 CMakeFiles/fc_hack.elf.dir/Src/stm32f4xx_it.c.obj
                0x0000000008007e1c                DMA1_Stream5_IRQHandler
 .text.USART2_IRQHandler
                0x0000000008007e30       0x14 CMakeFiles/fc_hack.elf.dir/Src/stm32f4xx_it.c.obj
                0x0000000008007e30                USART2_IRQHandler
 .text.OTG_FS_IRQHandler
                0x0000000008007e44       0x14 CMakeFiles/fc_hack.elf.dir/Src/stm32f4xx_it.c.obj
                0x0000000008007e44                OTG_FS_IRQHandler
 .text._sbrk    0x0000000008007e58       0x58 CMakeFiles/fc_hack.elf.dir/Src/syscalls.c.obj
                0x0000000008007e58                _sbrk
 .text.SystemInit
                0x0000000008007eb0       0x18 CMakeFiles/fc_hack.elf.dir/Src/system_stm32f4xx.c.obj
                0x0000000008007eb0                SystemInit
 .text.MX_USB_DEVICE_Init
                0x0000000008007ec8       0x60 CMakeFiles/fc_hack.elf.dir/Src/usb_device.c.obj
                0x0000000008007ec8                MX_USB_DEVICE_Init
 .text.CDC_Init_FS
                0x0000000008007f28       0x28 CMakeFiles/fc_hack.elf.dir/Src/usbd_cdc_if.c.obj
 .text.CDC_DeInit_FS
                0x0000000008007f50       0x10 CMakeFiles/fc_hack.elf.dir/Src/usbd_cdc_if.c.obj
 .text.CDC_Control_FS
                0x0000000008007f60       0xbc CMakeFiles/fc_hack.elf.dir/Src/usbd_cdc_if.c.obj
 .text.CDC_Receive_FS
                0x000000000800801c       0x28 CMakeFiles/fc_hack.elf.dir/Src/usbd_cdc_if.c.obj
 .text.CDC_Transmit_FS
                0x0000000008008044       0x4c CMakeFiles/fc_hack.elf.dir/Src/usbd_cdc_if.c.obj
                0x0000000008008044                CDC_Transmit_FS
 .text.CDC_TransmitCplt_FS
                0x0000000008008090       0x20 CMakeFiles/fc_hack.elf.dir/Src/usbd_cdc_if.c.obj
 .text.HAL_PCD_MspInit
                0x00000000080080b0       0xa8 CMakeFiles/fc_hack.elf.dir/Src/usbd_conf.c.obj
                0x00000000080080b0                HAL_PCD_MspInit
 .text.HAL_PCD_SetupStageCallback
                0x0000000008008158       0x24 CMakeFiles/fc_hack.elf.dir/Src/usbd_conf.c.obj
                0x0000000008008158                HAL_PCD_SetupStageCallback
 .text.HAL_PCD_DataOutStageCallback
                0x000000000800817c       0x38 CMakeFiles/fc_hack.elf.dir/Src/usbd_conf.c.obj
                0x000000000800817c                HAL_PCD_DataOutStageCallback
 .text.HAL_PCD_DataInStageCallback
                0x00000000080081b4       0x34 CMakeFiles/fc_hack.elf.dir/Src/usbd_conf.c.obj
                0x00000000080081b4                HAL_PCD_DataInStageCallback
 .text.HAL_PCD_SOFCallback
                0x00000000080081e8       0x1c CMakeFiles/fc_hack.elf.dir/Src/usbd_conf.c.obj
                0x00000000080081e8                HAL_PCD_SOFCallback
 .text.HAL_PCD_ResetCallback
                0x0000000008008204       0x3c CMakeFiles/fc_hack.elf.dir/Src/usbd_conf.c.obj
                0x0000000008008204                HAL_PCD_ResetCallback
 .text.HAL_PCD_SuspendCallback
                0x0000000008008240       0x50 CMakeFiles/fc_hack.elf.dir/Src/usbd_conf.c.obj
                0x0000000008008240                HAL_PCD_SuspendCallback
 .text.HAL_PCD_ResumeCallback
                0x0000000008008290       0x1c CMakeFiles/fc_hack.elf.dir/Src/usbd_conf.c.obj
                0x0000000008008290                HAL_PCD_ResumeCallback
 .text.HAL_PCD_ISOOUTIncompleteCallback
                0x00000000080082ac       0x24 CMakeFiles/fc_hack.elf.dir/Src/usbd_conf.c.obj
                0x00000000080082ac                HAL_PCD_ISOOUTIncompleteCallback
 .text.HAL_PCD_ISOINIncompleteCallback
                0x00000000080082d0       0x24 CMakeFiles/fc_hack.elf.dir/Src/usbd_conf.c.obj
                0x00000000080082d0                HAL_PCD_ISOINIncompleteCallback
 .text.HAL_PCD_ConnectCallback
                0x00000000080082f4       0x1c CMakeFiles/fc_hack.elf.dir/Src/usbd_conf.c.obj
                0x00000000080082f4                HAL_PCD_ConnectCallback
 .text.HAL_PCD_DisconnectCallback
                0x0000000008008310       0x1c CMakeFiles/fc_hack.elf.dir/Src/usbd_conf.c.obj
                0x0000000008008310                HAL_PCD_DisconnectCallback
 .text.USBD_LL_Init
                0x000000000800832c       0x98 CMakeFiles/fc_hack.elf.dir/Src/usbd_conf.c.obj
                0x000000000800832c                USBD_LL_Init
 .text.USBD_LL_Start
                0x00000000080083c4       0x38 CMakeFiles/fc_hack.elf.dir/Src/usbd_conf.c.obj
                0x00000000080083c4                USBD_LL_Start
 .text.USBD_LL_OpenEP
                0x00000000080083fc       0x4c CMakeFiles/fc_hack.elf.dir/Src/usbd_conf.c.obj
                0x00000000080083fc                USBD_LL_OpenEP
 .text.USBD_LL_CloseEP
                0x0000000008008448       0x40 CMakeFiles/fc_hack.elf.dir/Src/usbd_conf.c.obj
                0x0000000008008448                USBD_LL_CloseEP
 .text.USBD_LL_StallEP
                0x0000000008008488       0x40 CMakeFiles/fc_hack.elf.dir/Src/usbd_conf.c.obj
                0x0000000008008488                USBD_LL_StallEP
 .text.USBD_LL_ClearStallEP
                0x00000000080084c8       0x40 CMakeFiles/fc_hack.elf.dir/Src/usbd_conf.c.obj
                0x00000000080084c8                USBD_LL_ClearStallEP
 .text.USBD_LL_IsStallEP
                0x0000000008008508       0x58 CMakeFiles/fc_hack.elf.dir/Src/usbd_conf.c.obj
                0x0000000008008508                USBD_LL_IsStallEP
 .text.USBD_LL_SetUSBAddress
                0x0000000008008560       0x40 CMakeFiles/fc_hack.elf.dir/Src/usbd_conf.c.obj
                0x0000000008008560                USBD_LL_SetUSBAddress
 .text.USBD_LL_Transmit
                0x00000000080085a0       0x44 CMakeFiles/fc_hack.elf.dir/Src/usbd_conf.c.obj
                0x00000000080085a0                USBD_LL_Transmit
 .text.USBD_LL_PrepareReceive
                0x00000000080085e4       0x44 CMakeFiles/fc_hack.elf.dir/Src/usbd_conf.c.obj
                0x00000000080085e4                USBD_LL_PrepareReceive
 .text.USBD_LL_GetRxDataSize
                0x0000000008008628       0x28 CMakeFiles/fc_hack.elf.dir/Src/usbd_conf.c.obj
                0x0000000008008628                USBD_LL_GetRxDataSize
 .text.USBD_Get_USB_Status
                0x0000000008008650       0x58 CMakeFiles/fc_hack.elf.dir/Src/usbd_conf.c.obj
                0x0000000008008650                USBD_Get_USB_Status
 .text.USBD_FS_DeviceDescriptor
                0x00000000080086a8       0x24 CMakeFiles/fc_hack.elf.dir/Src/usbd_desc.c.obj
                0x00000000080086a8                USBD_FS_DeviceDescriptor
 .text.USBD_FS_LangIDStrDescriptor
                0x00000000080086cc       0x24 CMakeFiles/fc_hack.elf.dir/Src/usbd_desc.c.obj
                0x00000000080086cc                USBD_FS_LangIDStrDescriptor
 .text.USBD_FS_ProductStrDescriptor
                0x00000000080086f0       0x3c CMakeFiles/fc_hack.elf.dir/Src/usbd_desc.c.obj
                0x00000000080086f0                USBD_FS_ProductStrDescriptor
 .text.USBD_FS_ManufacturerStrDescriptor
                0x000000000800872c       0x28 CMakeFiles/fc_hack.elf.dir/Src/usbd_desc.c.obj
                0x000000000800872c                USBD_FS_ManufacturerStrDescriptor
 .text.USBD_FS_SerialStrDescriptor
                0x0000000008008754       0x24 CMakeFiles/fc_hack.elf.dir/Src/usbd_desc.c.obj
                0x0000000008008754                USBD_FS_SerialStrDescriptor
 .text.USBD_FS_ConfigStrDescriptor
                0x0000000008008778       0x3c CMakeFiles/fc_hack.elf.dir/Src/usbd_desc.c.obj
                0x0000000008008778                USBD_FS_ConfigStrDescriptor
 .text.USBD_FS_InterfaceStrDescriptor
                0x00000000080087b4       0x3c CMakeFiles/fc_hack.elf.dir/Src/usbd_desc.c.obj
                0x00000000080087b4                USBD_FS_InterfaceStrDescriptor
 .text.Get_SerialNum
                0x00000000080087f0       0x58 CMakeFiles/fc_hack.elf.dir/Src/usbd_desc.c.obj
 .text.IntToUnicode
                0x0000000008008848       0x7c CMakeFiles/fc_hack.elf.dir/Src/usbd_desc.c.obj
 .text.Reset_Handler
                0x00000000080088c4       0x50 CMakeFiles/fc_hack.elf.dir/startup/startup_stm32f411xe.s.obj
                0x00000000080088c4                Reset_Handler
 .text.Default_Handler
                0x0000000008008914        0x2 CMakeFiles/fc_hack.elf.dir/startup/startup_stm32f411xe.s.obj
                0x0000000008008914                DMA2_Stream6_IRQHandler
                0x0000000008008914                EXTI2_IRQHandler
                0x0000000008008914                SPI4_IRQHandler
                0x0000000008008914                TIM1_CC_IRQHandler
                0x0000000008008914                DMA2_Stream5_IRQHandler
                0x0000000008008914                PVD_IRQHandler
                0x0000000008008914                SDIO_IRQHandler
                0x0000000008008914                TAMP_STAMP_IRQHandler
                0x0000000008008914                EXTI3_IRQHandler
                0x0000000008008914                TIM1_UP_TIM10_IRQHandler
                0x0000000008008914                I2C3_ER_IRQHandler
                0x0000000008008914                EXTI0_IRQHandler
                0x0000000008008914                I2C2_EV_IRQHandler
                0x0000000008008914                DMA1_Stream2_IRQHandler
                0x0000000008008914                FPU_IRQHandler
                0x0000000008008914                DMA2_Stream2_IRQHandler
                0x0000000008008914                SPI1_IRQHandler
                0x0000000008008914                TIM1_BRK_TIM9_IRQHandler
                0x0000000008008914                DMA2_Stream3_IRQHandler
                0x0000000008008914                USART6_IRQHandler
                0x0000000008008914                DMA2_Stream0_IRQHandler
                0x0000000008008914                TIM4_IRQHandler
                0x0000000008008914                I2C1_EV_IRQHandler
                0x0000000008008914                DMA1_Stream6_IRQHandler
                0x0000000008008914                TIM3_IRQHandler
                0x0000000008008914                RCC_IRQHandler
                0x0000000008008914                Default_Handler
                0x0000000008008914                EXTI15_10_IRQHandler
                0x0000000008008914                ADC_IRQHandler
                0x0000000008008914                DMA1_Stream7_IRQHandler
                0x0000000008008914                SPI5_IRQHandler
                0x0000000008008914                TIM5_IRQHandler
                0x0000000008008914                DMA2_Stream7_IRQHandler
                0x0000000008008914                I2C3_EV_IRQHandler
                0x0000000008008914                EXTI9_5_IRQHandler
                0x0000000008008914                RTC_WKUP_IRQHandler
                0x0000000008008914                SPI2_IRQHandler
                0x0000000008008914                EXTI4_IRQHandler
                0x0000000008008914                WWDG_IRQHandler
                0x0000000008008914                TIM2_IRQHandler
                0x0000000008008914                OTG_FS_WKUP_IRQHandler
                0x0000000008008914                TIM1_TRG_COM_TIM11_IRQHandler
                0x0000000008008914                EXTI1_IRQHandler
                0x0000000008008914                I2C2_ER_IRQHandler
                0x0000000008008914                DMA2_Stream1_IRQHandler
                0x0000000008008914                FLASH_IRQHandler
                0x0000000008008914                DMA2_Stream4_IRQHandler
                0x0000000008008914                USART1_IRQHandler
                0x0000000008008914                SPI3_IRQHandler
                0x0000000008008914                DMA1_Stream4_IRQHandler
                0x0000000008008914                I2C1_ER_IRQHandler
                0x0000000008008914                RTC_Alarm_IRQHandler
 *fill*         0x0000000008008916        0x2 
 .text.__errno  0x0000000008008918        0xc /usr/local/Cellar/gcc-arm-none-eabi/20160928/bin/../lib/gcc/arm-none-eabi/5.4.1/../../../../arm-none-eabi/lib/armv7e-m/libg_nano.a(lib_a-errno.o)
                0x0000000008008918                __errno
 .text.__libc_init_array
                0x0000000008008924       0x4c /usr/local/Cellar/gcc-arm-none-eabi/20160928/bin/../lib/gcc/arm-none-eabi/5.4.1/../../../../arm-none-eabi/lib/armv7e-m/libg_nano.a(lib_a-init.o)
                0x0000000008008924                __libc_init_array
 .text.malloc   0x0000000008008970       0x10 /usr/local/Cellar/gcc-arm-none-eabi/20160928/bin/../lib/gcc/arm-none-eabi/5.4.1/../../../../arm-none-eabi/lib/armv7e-m/libg_nano.a(lib_a-malloc.o)
                0x0000000008008970                malloc
 .text.free     0x0000000008008980       0x10 /usr/local/Cellar/gcc-arm-none-eabi/20160928/bin/../lib/gcc/arm-none-eabi/5.4.1/../../../../arm-none-eabi/lib/armv7e-m/libg_nano.a(lib_a-malloc.o)
                0x0000000008008980                free
 .text.memset   0x0000000008008990       0x10 /usr/local/Cellar/gcc-arm-none-eabi/20160928/bin/../lib/gcc/arm-none-eabi/5.4.1/../../../../arm-none-eabi/lib/armv7e-m/libg_nano.a(lib_a-memset.o)
                0x0000000008008990                memset
 .text._free_r  0x00000000080089a0       0x9c /usr/local/Cellar/gcc-arm-none-eabi/20160928/bin/../lib/gcc/arm-none-eabi/5.4.1/../../../../arm-none-eabi/lib/armv7e-m/libg_nano.a(lib_a-nano-freer.o)
                0x00000000080089a0                _free_r
 .text._malloc_r
                0x0000000008008a3c       0xbc /usr/local/Cellar/gcc-arm-none-eabi/20160928/bin/../lib/gcc/arm-none-eabi/5.4.1/../../../../arm-none-eabi/lib/armv7e-m/libg_nano.a(lib_a-nano-mallocr.o)
                0x0000000008008a3c                _malloc_r
 .text._sbrk_r  0x0000000008008af8       0x20 /usr/local/Cellar/gcc-arm-none-eabi/20160928/bin/../lib/gcc/arm-none-eabi/5.4.1/../../../../arm-none-eabi/lib/armv7e-m/libg_nano.a(lib_a-sbrkr.o)
                0x0000000008008af8                _sbrk_r
 .text.sprintf  0x0000000008008b18       0x48 /usr/local/Cellar/gcc-arm-none-eabi/20160928/bin/../lib/gcc/arm-none-eabi/5.4.1/../../../../arm-none-eabi/lib/armv7e-m/libg_nano.a(lib_a-sprintf.o)
                0x0000000008008b18                sprintf
                0x0000000008008b18                siprintf
 .text.__malloc_lock
                0x0000000008008b60        0x2 /usr/local/Cellar/gcc-arm-none-eabi/20160928/bin/../lib/gcc/arm-none-eabi/5.4.1/../../../../arm-none-eabi/lib/armv7e-m/libg_nano.a(lib_a-mlock.o)
                0x0000000008008b60                __malloc_lock
 .text.__malloc_unlock
                0x0000000008008b62        0x2 /usr/local/Cellar/gcc-arm-none-eabi/20160928/bin/../lib/gcc/arm-none-eabi/5.4.1/../../../../arm-none-eabi/lib/armv7e-m/libg_nano.a(lib_a-mlock.o)
                0x0000000008008b62                __malloc_unlock
 .text.__ssputs_r
                0x0000000008008b64       0xb2 /usr/local/Cellar/gcc-arm-none-eabi/20160928/bin/../lib/gcc/arm-none-eabi/5.4.1/../../../../arm-none-eabi/lib/armv7e-m/libg_nano.a(lib_a-nano-svfprintf.o)
                0x0000000008008b64                __ssputs_r
 *fill*         0x0000000008008c16        0x2 
 .text._svfprintf_r
                0x0000000008008c18      0x1e8 /usr/local/Cellar/gcc-arm-none-eabi/20160928/bin/../lib/gcc/arm-none-eabi/5.4.1/../../../../arm-none-eabi/lib/armv7e-m/libg_nano.a(lib_a-nano-svfprintf.o)
                0x0000000008008c18                _svfprintf_r
                0x0000000008008c18                _svfiprintf_r
 .text._printf_common
                0x0000000008008e00       0xec /usr/local/Cellar/gcc-arm-none-eabi/20160928/bin/../lib/gcc/arm-none-eabi/5.4.1/../../../../arm-none-eabi/lib/armv7e-m/libg_nano.a(lib_a-nano-vfprintf_i.o)
                0x0000000008008e00                _printf_common
 .text._printf_i
                0x0000000008008eec      0x24c /usr/local/Cellar/gcc-arm-none-eabi/20160928/bin/../lib/gcc/arm-none-eabi/5.4.1/../../../../arm-none-eabi/lib/armv7e-m/libg_nano.a(lib_a-nano-vfprintf_i.o)
                0x0000000008008eec                _printf_i
 .text.memcpy   0x0000000008009138       0x16 /usr/local/Cellar/gcc-arm-none-eabi/20160928/bin/../lib/gcc/arm-none-eabi/5.4.1/../../../../arm-none-eabi/lib/armv7e-m/libg_nano.a(lib_a-memcpy-stub.o)
                0x0000000008009138                memcpy
 .text.memmove  0x000000000800914e       0x36 /usr/local/Cellar/gcc-arm-none-eabi/20160928/bin/../lib/gcc/arm-none-eabi/5.4.1/../../../../arm-none-eabi/lib/armv7e-m/libg_nano.a(lib_a-memmove.o)
                0x000000000800914e                memmove
 .text._realloc_r
                0x0000000008009184       0x4c /usr/local/Cellar/gcc-arm-none-eabi/20160928/bin/../lib/gcc/arm-none-eabi/5.4.1/../../../../arm-none-eabi/lib/armv7e-m/libg_nano.a(lib_a-nano-reallocr.o)
                0x0000000008009184                _realloc_r
 .text._malloc_usable_size_r
                0x00000000080091d0       0x14 /usr/local/Cellar/gcc-arm-none-eabi/20160928/bin/../lib/gcc/arm-none-eabi/5.4.1/../../../../arm-none-eabi/lib/armv7e-m/libg_nano.a(lib_a-nano-msizer.o)
                0x00000000080091d0                _malloc_usable_size_r
 *(.glue_7)
 .glue_7        0x00000000080091e4        0x0 linker stubs
 *(.glue_7t)
 .glue_7t       0x00000000080091e4        0x0 linker stubs
 *(.eh_frame)
 .eh_frame      0x00000000080091e4        0x0 /usr/local/Cellar/gcc-arm-none-eabi/20160928/bin/../lib/gcc/arm-none-eabi/5.4.1/armv7e-m/crtbegin.o
 *(.init)
 .init          0x00000000080091e4        0x4 /usr/local/Cellar/gcc-arm-none-eabi/20160928/bin/../lib/gcc/arm-none-eabi/5.4.1/armv7e-m/crti.o
                0x00000000080091e4                _init
 .init          0x00000000080091e8        0x8 /usr/local/Cellar/gcc-arm-none-eabi/20160928/bin/../lib/gcc/arm-none-eabi/5.4.1/armv7e-m/crtn.o
 *(.fini)
 .fini          0x00000000080091f0        0x4 /usr/local/Cellar/gcc-arm-none-eabi/20160928/bin/../lib/gcc/arm-none-eabi/5.4.1/armv7e-m/crti.o
                0x00000000080091f0                _fini
 .fini          0x00000000080091f4        0x8 /usr/local/Cellar/gcc-arm-none-eabi/20160928/bin/../lib/gcc/arm-none-eabi/5.4.1/armv7e-m/crtn.o
                0x00000000080091fc                . = ALIGN (0x4)
                0x00000000080091fc                _etext = .

.vfp11_veneer   0x00000000080091fc        0x0
 .vfp11_veneer  0x00000000080091fc        0x0 linker stubs

.v4_bx          0x00000000080091fc        0x0
 .v4_bx         0x00000000080091fc        0x0 linker stubs

.iplt           0x00000000080091fc        0x0
 .iplt          0x00000000080091fc        0x0 /usr/local/Cellar/gcc-arm-none-eabi/20160928/bin/../lib/gcc/arm-none-eabi/5.4.1/armv7e-m/crtbegin.o

.rodata         0x00000000080091fc       0xa4
                0x00000000080091fc                . = ALIGN (0x4)
 *(.rodata)
 .rodata        0x00000000080091fc        0x7 CMakeFiles/fc_hack.elf.dir/Src/main.c.obj
 *fill*         0x0000000008009203        0x1 
 .rodata        0x0000000008009204       0x46 CMakeFiles/fc_hack.elf.dir/Src/usbd_desc.c.obj
 *(.rodata*)
 *fill*         0x000000000800924a        0x2 
 .rodata.flagBitshiftOffset.7092
                0x000000000800924c        0x8 CMakeFiles/fc_hack.elf.dir/Drivers/STM32F4xx_HAL_Driver/Src/stm32f4xx_hal_dma.c.obj
 .rodata.AHBPrescTable
                0x0000000008009254       0x10 CMakeFiles/fc_hack.elf.dir/Src/system_stm32f4xx.c.obj
                0x0000000008009254                AHBPrescTable
 .rodata.APBPrescTable
                0x0000000008009264        0x8 CMakeFiles/fc_hack.elf.dir/Src/system_stm32f4xx.c.obj
                0x0000000008009264                APBPrescTable
 .rodata.str1.1
                0x000000000800926c       0x11 /usr/local/Cellar/gcc-arm-none-eabi/20160928/bin/../lib/gcc/arm-none-eabi/5.4.1/../../../../arm-none-eabi/lib/armv7e-m/libg_nano.a(lib_a-nano-svfprintf.o)
 .rodata.str1.1
                0x000000000800927d       0x22 /usr/local/Cellar/gcc-arm-none-eabi/20160928/bin/../lib/gcc/arm-none-eabi/5.4.1/../../../../arm-none-eabi/lib/armv7e-m/libg_nano.a(lib_a-nano-vfprintf_i.o)
                0x00000000080092a0                . = ALIGN (0x4)
 *fill*         0x000000000800929f        0x1 

.ARM.extab
 *(.ARM.extab* .gnu.linkonce.armextab.*)

.ARM            0x00000000080092a0        0x8
                0x00000000080092a0                __exidx_start = .
 *(.ARM.exidx*)
 .ARM.exidx     0x00000000080092a0        0x8 /usr/local/Cellar/gcc-arm-none-eabi/20160928/bin/../lib/gcc/arm-none-eabi/5.4.1/armv7e-m/libgcc.a(_udivmoddi4.o)
                0x00000000080092a8                __exidx_end = .

.rel.dyn        0x00000000080092a8        0x0
 .rel.iplt      0x00000000080092a8        0x0 /usr/local/Cellar/gcc-arm-none-eabi/20160928/bin/../lib/gcc/arm-none-eabi/5.4.1/armv7e-m/crtbegin.o

.preinit_array  0x00000000080092a8        0x0
                0x00000000080092a8                PROVIDE (__preinit_array_start, .)
 *(.preinit_array*)
                0x00000000080092a8                PROVIDE (__preinit_array_end, .)

.init_array     0x00000000080092a8        0x4
                0x00000000080092a8                PROVIDE (__init_array_start, .)
 *(SORT(.init_array.*))
 *(.init_array*)
 .init_array    0x00000000080092a8        0x4 /usr/local/Cellar/gcc-arm-none-eabi/20160928/bin/../lib/gcc/arm-none-eabi/5.4.1/armv7e-m/crtbegin.o
                0x00000000080092ac                PROVIDE (__init_array_end, .)

.fini_array     0x00000000080092ac        0x4
                [!provide]                        PROVIDE (__fini_array_start, .)
 *(SORT(.fini_array.*))
 *(.fini_array*)
 .fini_array    0x00000000080092ac        0x4 /usr/local/Cellar/gcc-arm-none-eabi/20160928/bin/../lib/gcc/arm-none-eabi/5.4.1/armv7e-m/crtbegin.o
                [!provide]                        PROVIDE (__fini_array_end, .)
                0x00000000080092b0                _sidata = LOADADDR (.data)

.data           0x0000000020000000      0x1e4 load address 0x00000000080092b0
                0x0000000020000000                . = ALIGN (0x4)
                0x0000000020000000                _sdata = .
 *(.data)
 *(.data*)
 .data.uwTickPrio
                0x0000000020000000        0x4 CMakeFiles/fc_hack.elf.dir/Drivers/STM32F4xx_HAL_Driver/Src/stm32f4xx_hal.c.obj
                0x0000000020000000                uwTickPrio
 .data.uwTickFreq
                0x0000000020000004        0x1 CMakeFiles/fc_hack.elf.dir/Drivers/STM32F4xx_HAL_Driver/Src/stm32f4xx_hal.c.obj
                0x0000000020000004                uwTickFreq
 *fill*         0x0000000020000005        0x3 
 .data.USBD_CDC_DeviceQualifierDesc
                0x0000000020000008        0xa CMakeFiles/fc_hack.elf.dir/Middlewares/ST/STM32_USB_Device_Library/Class/CDC/Src/usbd_cdc.c.obj
 *fill*         0x0000000020000012        0x2 
 .data.USBD_CDC
                0x0000000020000014       0x38 CMakeFiles/fc_hack.elf.dir/Middlewares/ST/STM32_USB_Device_Library/Class/CDC/Src/usbd_cdc.c.obj
                0x0000000020000014                USBD_CDC
 .data.USBD_CDC_CfgHSDesc
                0x000000002000004c       0x43 CMakeFiles/fc_hack.elf.dir/Middlewares/ST/STM32_USB_Device_Library/Class/CDC/Src/usbd_cdc.c.obj
 *fill*         0x000000002000008f        0x1 
 .data.USBD_CDC_CfgFSDesc
                0x0000000020000090       0x43 CMakeFiles/fc_hack.elf.dir/Middlewares/ST/STM32_USB_Device_Library/Class/CDC/Src/usbd_cdc.c.obj
 *fill*         0x00000000200000d3        0x1 
 .data.USBD_CDC_OtherSpeedCfgDesc
                0x00000000200000d4       0x43 CMakeFiles/fc_hack.elf.dir/Middlewares/ST/STM32_USB_Device_Library/Class/CDC/Src/usbd_cdc.c.obj
 *fill*         0x0000000020000117        0x1 
 .data.SystemCoreClock
                0x0000000020000118        0x4 CMakeFiles/fc_hack.elf.dir/Src/system_stm32f4xx.c.obj
                0x0000000020000118                SystemCoreClock
 .data.USBD_Interface_fops_FS
                0x000000002000011c       0x14 CMakeFiles/fc_hack.elf.dir/Src/usbd_cdc_if.c.obj
                0x000000002000011c                USBD_Interface_fops_FS
 .data.FS_Desc  0x0000000020000130       0x1c CMakeFiles/fc_hack.elf.dir/Src/usbd_desc.c.obj
                0x0000000020000130                FS_Desc
 .data.USBD_FS_DeviceDesc
                0x000000002000014c       0x12 CMakeFiles/fc_hack.elf.dir/Src/usbd_desc.c.obj
                0x000000002000014c                USBD_FS_DeviceDesc
 *fill*         0x000000002000015e        0x2 
 .data.USBD_LangIDDesc
                0x0000000020000160        0x4 CMakeFiles/fc_hack.elf.dir/Src/usbd_desc.c.obj
                0x0000000020000160                USBD_LangIDDesc
 .data.USBD_StringSerial
                0x0000000020000164       0x1a CMakeFiles/fc_hack.elf.dir/Src/usbd_desc.c.obj
                0x0000000020000164                USBD_StringSerial
 *fill*         0x000000002000017e        0x2 
 .data.impure_data
                0x0000000020000180       0x60 /usr/local/Cellar/gcc-arm-none-eabi/20160928/bin/../lib/gcc/arm-none-eabi/5.4.1/../../../../arm-none-eabi/lib/armv7e-m/libg_nano.a(lib_a-impure.o)
 .data._impure_ptr
                0x00000000200001e0        0x4 /usr/local/Cellar/gcc-arm-none-eabi/20160928/bin/../lib/gcc/arm-none-eabi/5.4.1/../../../../arm-none-eabi/lib/armv7e-m/libg_nano.a(lib_a-impure.o)
                0x00000000200001e0                _impure_ptr
                0x00000000200001e4                . = ALIGN (0x4)
                0x00000000200001e4                _edata = .

.jcr            0x00000000200001e4        0x0 load address 0x0000000008009494
 .jcr           0x00000000200001e4        0x0 /usr/local/Cellar/gcc-arm-none-eabi/20160928/bin/../lib/gcc/arm-none-eabi/5.4.1/armv7e-m/crtbegin.o

.igot.plt       0x00000000200001e4        0x0 load address 0x0000000008009494
 .igot.plt      0x00000000200001e4        0x0 /usr/local/Cellar/gcc-arm-none-eabi/20160928/bin/../lib/gcc/arm-none-eabi/5.4.1/armv7e-m/crtbegin.o
                0x00000000200001e4                . = ALIGN (0x4)

.bss            0x00000000200001e4     0x1b8c load address 0x0000000008009494
                0x00000000200001e4                _sbss = .
                0x00000000200001e4                __bss_start__ = _sbss
 *(.bss)
 .bss           0x00000000200001e4       0x1c /usr/local/Cellar/gcc-arm-none-eabi/20160928/bin/../lib/gcc/arm-none-eabi/5.4.1/armv7e-m/crtbegin.o
 *(.bss*)
 .bss.uwTick    0x0000000020000200        0x4 CMakeFiles/fc_hack.elf.dir/Drivers/STM32F4xx_HAL_Driver/Src/stm32f4xx_hal.c.obj
                0x0000000020000200                uwTick
 .bss.cfgidx.8918
                0x0000000020000204        0x1 CMakeFiles/fc_hack.elf.dir/Middlewares/ST/STM32_USB_Device_Library/Core/Src/usbd_ctlreq.c.obj
 *fill*         0x0000000020000205        0x3 
 .bss.htim2     0x0000000020000208       0x40 CMakeFiles/fc_hack.elf.dir/Src/main.c.obj
                0x0000000020000208                htim2
 .bss.htim4     0x0000000020000248       0x40 CMakeFiles/fc_hack.elf.dir/Src/main.c.obj
                0x0000000020000248                htim4
 .bss.hdma_tim2_ch1
                0x0000000020000288       0x60 CMakeFiles/fc_hack.elf.dir/Src/main.c.obj
                0x0000000020000288                hdma_tim2_ch1
 .bss.hdma_tim2_ch3_up
                0x00000000200002e8       0x60 CMakeFiles/fc_hack.elf.dir/Src/main.c.obj
                0x00000000200002e8                hdma_tim2_ch3_up
 .bss.hdma_tim4_ch1
                0x0000000020000348       0x60 CMakeFiles/fc_hack.elf.dir/Src/main.c.obj
                0x0000000020000348                hdma_tim4_ch1
 .bss.hdma_tim4_ch2
                0x00000000200003a8       0x60 CMakeFiles/fc_hack.elf.dir/Src/main.c.obj
                0x00000000200003a8                hdma_tim4_ch2
 .bss.huart2    0x0000000020000408       0x40 CMakeFiles/fc_hack.elf.dir/Src/main.c.obj
                0x0000000020000408                huart2
 .bss.SBUSBuffer
                0x0000000020000448       0x19 CMakeFiles/fc_hack.elf.dir/Src/main.c.obj
                0x0000000020000448                SBUSBuffer
 *fill*         0x0000000020000461        0x3 
 .bss.SBUSChannelValues
                0x0000000020000464       0x24 CMakeFiles/fc_hack.elf.dir/Src/main.c.obj
                0x0000000020000464                SBUSChannelValues
 .bss.heap_end.5922
                0x0000000020000488        0x4 CMakeFiles/fc_hack.elf.dir/Src/syscalls.c.obj
 .bss.hUsbDeviceFS
                0x000000002000048c      0x2d0 CMakeFiles/fc_hack.elf.dir/Src/usb_device.c.obj
                0x000000002000048c                hUsbDeviceFS
 .bss.UserRxBufferFS
                0x000000002000075c      0x800 CMakeFiles/fc_hack.elf.dir/Src/usbd_cdc_if.c.obj
                0x000000002000075c                UserRxBufferFS
 .bss.UserTxBufferFS
                0x0000000020000f5c      0x800 CMakeFiles/fc_hack.elf.dir/Src/usbd_cdc_if.c.obj
                0x0000000020000f5c                UserTxBufferFS
 .bss.hpcd_USB_OTG_FS
                0x000000002000175c      0x408 CMakeFiles/fc_hack.elf.dir/Src/usbd_conf.c.obj
                0x000000002000175c                hpcd_USB_OTG_FS
 .bss.USBD_StrDesc
                0x0000000020001b64      0x200 CMakeFiles/fc_hack.elf.dir/Src/usbd_desc.c.obj
                0x0000000020001b64                USBD_StrDesc
 .bss.__malloc_sbrk_start
                0x0000000020001d64        0x4 /usr/local/Cellar/gcc-arm-none-eabi/20160928/bin/../lib/gcc/arm-none-eabi/5.4.1/../../../../arm-none-eabi/lib/armv7e-m/libg_nano.a(lib_a-nano-mallocr.o)
                0x0000000020001d64                __malloc_sbrk_start
 .bss.__malloc_free_list
                0x0000000020001d68        0x4 /usr/local/Cellar/gcc-arm-none-eabi/20160928/bin/../lib/gcc/arm-none-eabi/5.4.1/../../../../arm-none-eabi/lib/armv7e-m/libg_nano.a(lib_a-nano-mallocr.o)
                0x0000000020001d68                __malloc_free_list
 *(COMMON)
 COMMON         0x0000000020001d6c        0x4 /usr/local/Cellar/gcc-arm-none-eabi/20160928/bin/../lib/gcc/arm-none-eabi/5.4.1/../../../../arm-none-eabi/lib/armv7e-m/libg_nano.a(lib_a-reent.o)
                0x0000000020001d6c                errno
                0x0000000020001d70                . = ALIGN (0x4)
                0x0000000020001d70                _ebss = .
                0x0000000020001d70                __bss_end__ = _ebss

._user_heap_stack
                0x0000000020001d70      0x600 load address 0x0000000008009494
                0x0000000020001d70                . = ALIGN (0x8)
                0x0000000020001d70                PROVIDE (end, .)
                [!provide]                        PROVIDE (_end, .)
                0x0000000020001f70                . = (. + _Min_Heap_Size)
 *fill*         0x0000000020001d70      0x200 
                0x0000000020002370                . = (. + _Min_Stack_Size)
 *fill*         0x0000000020001f70      0x400 
                0x0000000020002370                . = ALIGN (0x8)

/DISCARD/
 libc.a(*)
 libm.a(*)
 libgcc.a(*)

.ARM.attributes
                0x0000000000000000       0x2a
 *(.ARM.attributes)
 .ARM.attributes
                0x0000000000000000       0x1e /usr/local/Cellar/gcc-arm-none-eabi/20160928/bin/../lib/gcc/arm-none-eabi/5.4.1/armv7e-m/crti.o
 .ARM.attributes
                0x000000000000001e       0x2e /usr/local/Cellar/gcc-arm-none-eabi/20160928/bin/../lib/gcc/arm-none-eabi/5.4.1/armv7e-m/crtbegin.o
 .ARM.attributes
                0x000000000000004c       0x33 CMakeFiles/fc_hack.elf.dir/Drivers/STM32F4xx_HAL_Driver/Src/stm32f4xx_hal.c.obj
 .ARM.attributes
                0x000000000000007f       0x33 CMakeFiles/fc_hack.elf.dir/Drivers/STM32F4xx_HAL_Driver/Src/stm32f4xx_hal_cortex.c.obj
 .ARM.attributes
                0x00000000000000b2       0x33 CMakeFiles/fc_hack.elf.dir/Drivers/STM32F4xx_HAL_Driver/Src/stm32f4xx_hal_dma.c.obj
 .ARM.attributes
                0x00000000000000e5       0x33 CMakeFiles/fc_hack.elf.dir/Drivers/STM32F4xx_HAL_Driver/Src/stm32f4xx_hal_gpio.c.obj
 .ARM.attributes
                0x0000000000000118       0x33 CMakeFiles/fc_hack.elf.dir/Drivers/STM32F4xx_HAL_Driver/Src/stm32f4xx_hal_pcd.c.obj
 .ARM.attributes
                0x000000000000014b       0x33 CMakeFiles/fc_hack.elf.dir/Drivers/STM32F4xx_HAL_Driver/Src/stm32f4xx_hal_pcd_ex.c.obj
 .ARM.attributes
                0x000000000000017e       0x33 CMakeFiles/fc_hack.elf.dir/Drivers/STM32F4xx_HAL_Driver/Src/stm32f4xx_hal_rcc.c.obj
 .ARM.attributes
                0x00000000000001b1       0x33 CMakeFiles/fc_hack.elf.dir/Drivers/STM32F4xx_HAL_Driver/Src/stm32f4xx_hal_tim.c.obj
 .ARM.attributes
                0x00000000000001e4       0x33 CMakeFiles/fc_hack.elf.dir/Drivers/STM32F4xx_HAL_Driver/Src/stm32f4xx_hal_tim_ex.c.obj
 .ARM.attributes
                0x0000000000000217       0x33 CMakeFiles/fc_hack.elf.dir/Drivers/STM32F4xx_HAL_Driver/Src/stm32f4xx_hal_uart.c.obj
 .ARM.attributes
                0x000000000000024a       0x33 CMakeFiles/fc_hack.elf.dir/Drivers/STM32F4xx_HAL_Driver/Src/stm32f4xx_ll_usb.c.obj
 .ARM.attributes
                0x000000000000027d       0x33 CMakeFiles/fc_hack.elf.dir/Middlewares/ST/STM32_USB_Device_Library/Class/CDC/Src/usbd_cdc.c.obj
 .ARM.attributes
                0x00000000000002b0       0x33 CMakeFiles/fc_hack.elf.dir/Middlewares/ST/STM32_USB_Device_Library/Core/Src/usbd_core.c.obj
 .ARM.attributes
                0x00000000000002e3       0x33 CMakeFiles/fc_hack.elf.dir/Middlewares/ST/STM32_USB_Device_Library/Core/Src/usbd_ctlreq.c.obj
 .ARM.attributes
                0x0000000000000316       0x33 CMakeFiles/fc_hack.elf.dir/Middlewares/ST/STM32_USB_Device_Library/Core/Src/usbd_ioreq.c.obj
 .ARM.attributes
                0x0000000000000349       0x33 CMakeFiles/fc_hack.elf.dir/Src/main.c.obj
 .ARM.attributes
                0x000000000000037c       0x33 CMakeFiles/fc_hack.elf.dir/Src/stm32f4xx_hal_msp.c.obj
 .ARM.attributes
                0x00000000000003af       0x33 CMakeFiles/fc_hack.elf.dir/Src/stm32f4xx_it.c.obj
 .ARM.attributes
                0x00000000000003e2       0x33 CMakeFiles/fc_hack.elf.dir/Src/syscalls.c.obj
 .ARM.attributes
                0x0000000000000415       0x33 CMakeFiles/fc_hack.elf.dir/Src/system_stm32f4xx.c.obj
 .ARM.attributes
                0x0000000000000448       0x33 CMakeFiles/fc_hack.elf.dir/Src/usb_device.c.obj
 .ARM.attributes
                0x000000000000047b       0x33 CMakeFiles/fc_hack.elf.dir/Src/usbd_cdc_if.c.obj
 .ARM.attributes
                0x00000000000004ae       0x33 CMakeFiles/fc_hack.elf.dir/Src/usbd_conf.c.obj
 .ARM.attributes
                0x00000000000004e1       0x33 CMakeFiles/fc_hack.elf.dir/Src/usbd_desc.c.obj
 .ARM.attributes
                0x0000000000000514       0x21 CMakeFiles/fc_hack.elf.dir/startup/startup_stm32f411xe.s.obj
 .ARM.attributes
                0x0000000000000535       0x1e /usr/local/Cellar/gcc-arm-none-eabi/20160928/bin/../lib/gcc/arm-none-eabi/5.4.1/armv7e-m/libgcc.a(_aeabi_uldivmod.o)
 .ARM.attributes
                0x0000000000000553       0x2e /usr/local/Cellar/gcc-arm-none-eabi/20160928/bin/../lib/gcc/arm-none-eabi/5.4.1/armv7e-m/libgcc.a(_udivmoddi4.o)
 .ARM.attributes
                0x0000000000000581       0x1e /usr/local/Cellar/gcc-arm-none-eabi/20160928/bin/../lib/gcc/arm-none-eabi/5.4.1/armv7e-m/libgcc.a(_dvmd_tls.o)
 .ARM.attributes
                0x000000000000059f       0x2e /usr/local/Cellar/gcc-arm-none-eabi/20160928/bin/../lib/gcc/arm-none-eabi/5.4.1/../../../../arm-none-eabi/lib/armv7e-m/libg_nano.a(lib_a-errno.o)
 .ARM.attributes
                0x00000000000005cd       0x2e /usr/local/Cellar/gcc-arm-none-eabi/20160928/bin/../lib/gcc/arm-none-eabi/5.4.1/../../../../arm-none-eabi/lib/armv7e-m/libg_nano.a(lib_a-impure.o)
 .ARM.attributes
                0x00000000000005fb       0x2e /usr/local/Cellar/gcc-arm-none-eabi/20160928/bin/../lib/gcc/arm-none-eabi/5.4.1/../../../../arm-none-eabi/lib/armv7e-m/libg_nano.a(lib_a-init.o)
 .ARM.attributes
                0x0000000000000629       0x2e /usr/local/Cellar/gcc-arm-none-eabi/20160928/bin/../lib/gcc/arm-none-eabi/5.4.1/../../../../arm-none-eabi/lib/armv7e-m/libg_nano.a(lib_a-malloc.o)
 .ARM.attributes
                0x0000000000000657       0x2e /usr/local/Cellar/gcc-arm-none-eabi/20160928/bin/../lib/gcc/arm-none-eabi/5.4.1/../../../../arm-none-eabi/lib/armv7e-m/libg_nano.a(lib_a-memset.o)
 .ARM.attributes
                0x0000000000000685       0x2e /usr/local/Cellar/gcc-arm-none-eabi/20160928/bin/../lib/gcc/arm-none-eabi/5.4.1/../../../../arm-none-eabi/lib/armv7e-m/libg_nano.a(lib_a-nano-freer.o)
 .ARM.attributes
                0x00000000000006b3       0x2e /usr/local/Cellar/gcc-arm-none-eabi/20160928/bin/../lib/gcc/arm-none-eabi/5.4.1/../../../../arm-none-eabi/lib/armv7e-m/libg_nano.a(lib_a-nano-mallocr.o)
 .ARM.attributes
                0x00000000000006e1       0x2e /usr/local/Cellar/gcc-arm-none-eabi/20160928/bin/../lib/gcc/arm-none-eabi/5.4.1/../../../../arm-none-eabi/lib/armv7e-m/libg_nano.a(lib_a-sbrkr.o)
 .ARM.attributes
                0x000000000000070f       0x2e /usr/local/Cellar/gcc-arm-none-eabi/20160928/bin/../lib/gcc/arm-none-eabi/5.4.1/../../../../arm-none-eabi/lib/armv7e-m/libg_nano.a(lib_a-sprintf.o)
 .ARM.attributes
                0x000000000000073d       0x2e /usr/local/Cellar/gcc-arm-none-eabi/20160928/bin/../lib/gcc/arm-none-eabi/5.4.1/../../../../arm-none-eabi/lib/armv7e-m/libg_nano.a(lib_a-mlock.o)
 .ARM.attributes
                0x000000000000076b       0x2e /usr/local/Cellar/gcc-arm-none-eabi/20160928/bin/../lib/gcc/arm-none-eabi/5.4.1/../../../../arm-none-eabi/lib/armv7e-m/libg_nano.a(lib_a-nano-svfprintf.o)
 .ARM.attributes
                0x0000000000000799       0x2e /usr/local/Cellar/gcc-arm-none-eabi/20160928/bin/../lib/gcc/arm-none-eabi/5.4.1/../../../../arm-none-eabi/lib/armv7e-m/libg_nano.a(lib_a-nano-vfprintf_i.o)
 .ARM.attributes
                0x00000000000007c7       0x2e /usr/local/Cellar/gcc-arm-none-eabi/20160928/bin/../lib/gcc/arm-none-eabi/5.4.1/../../../../arm-none-eabi/lib/armv7e-m/libg_nano.a(lib_a-reent.o)
 .ARM.attributes
                0x00000000000007f5       0x1c /usr/local/Cellar/gcc-arm-none-eabi/20160928/bin/../lib/gcc/arm-none-eabi/5.4.1/../../../../arm-none-eabi/lib/armv7e-m/libg_nano.a(lib_a-memchr.o)
 .ARM.attributes
                0x0000000000000811       0x2e /usr/local/Cellar/gcc-arm-none-eabi/20160928/bin/../lib/gcc/arm-none-eabi/5.4.1/../../../../arm-none-eabi/lib/armv7e-m/libg_nano.a(lib_a-memcpy-stub.o)
 .ARM.attributes
                0x000000000000083f       0x2e /usr/local/Cellar/gcc-arm-none-eabi/20160928/bin/../lib/gcc/arm-none-eabi/5.4.1/../../../../arm-none-eabi/lib/armv7e-m/libg_nano.a(lib_a-memmove.o)
 .ARM.attributes
                0x000000000000086d       0x2e /usr/local/Cellar/gcc-arm-none-eabi/20160928/bin/../lib/gcc/arm-none-eabi/5.4.1/../../../../arm-none-eabi/lib/armv7e-m/libg_nano.a(lib_a-nano-reallocr.o)
 .ARM.attributes
                0x000000000000089b       0x2e /usr/local/Cellar/gcc-arm-none-eabi/20160928/bin/../lib/gcc/arm-none-eabi/5.4.1/../../../../arm-none-eabi/lib/armv7e-m/libg_nano.a(lib_a-nano-msizer.o)
 .ARM.attributes
                0x00000000000008c9       0x1e /usr/local/Cellar/gcc-arm-none-eabi/20160928/bin/../lib/gcc/arm-none-eabi/5.4.1/armv7e-m/crtn.o
OUTPUT(fc_hack.elf elf32-littlearm)

.debug_info     0x0000000000000000    0x12d3d
 .debug_info    0x0000000000000000      0x859 CMakeFiles/fc_hack.elf.dir/Drivers/STM32F4xx_HAL_Driver/Src/stm32f4xx_hal.c.obj
 .debug_info    0x0000000000000859      0xd00 CMakeFiles/fc_hack.elf.dir/Drivers/STM32F4xx_HAL_Driver/Src/stm32f4xx_hal_cortex.c.obj
 .debug_info    0x0000000000001559      0x8d9 CMakeFiles/fc_hack.elf.dir/Drivers/STM32F4xx_HAL_Driver/Src/stm32f4xx_hal_dma.c.obj
 .debug_info    0x0000000000001e32      0x72a CMakeFiles/fc_hack.elf.dir/Drivers/STM32F4xx_HAL_Driver/Src/stm32f4xx_hal_gpio.c.obj
 .debug_info    0x000000000000255c     0x1068 CMakeFiles/fc_hack.elf.dir/Drivers/STM32F4xx_HAL_Driver/Src/stm32f4xx_hal_pcd.c.obj
 .debug_info    0x00000000000035c4      0x6a7 CMakeFiles/fc_hack.elf.dir/Drivers/STM32F4xx_HAL_Driver/Src/stm32f4xx_hal_pcd_ex.c.obj
 .debug_info    0x0000000000003c6b      0x8d8 CMakeFiles/fc_hack.elf.dir/Drivers/STM32F4xx_HAL_Driver/Src/stm32f4xx_hal_rcc.c.obj
 .debug_info    0x0000000000004543     0x23de CMakeFiles/fc_hack.elf.dir/Drivers/STM32F4xx_HAL_Driver/Src/stm32f4xx_hal_tim.c.obj
 .debug_info    0x0000000000006921     0x1089 CMakeFiles/fc_hack.elf.dir/Drivers/STM32F4xx_HAL_Driver/Src/stm32f4xx_hal_tim_ex.c.obj
 .debug_info    0x00000000000079aa     0x1199 CMakeFiles/fc_hack.elf.dir/Drivers/STM32F4xx_HAL_Driver/Src/stm32f4xx_hal_uart.c.obj
 .debug_info    0x0000000000008b43     0x1831 CMakeFiles/fc_hack.elf.dir/Drivers/STM32F4xx_HAL_Driver/Src/stm32f4xx_ll_usb.c.obj
 .debug_info    0x000000000000a374      0xf3a CMakeFiles/fc_hack.elf.dir/Middlewares/ST/STM32_USB_Device_Library/Class/CDC/Src/usbd_cdc.c.obj
 .debug_info    0x000000000000b2ae      0x9c8 CMakeFiles/fc_hack.elf.dir/Middlewares/ST/STM32_USB_Device_Library/Core/Src/usbd_core.c.obj
 .debug_info    0x000000000000bc76      0x980 CMakeFiles/fc_hack.elf.dir/Middlewares/ST/STM32_USB_Device_Library/Core/Src/usbd_ctlreq.c.obj
 .debug_info    0x000000000000c5f6      0x6cb CMakeFiles/fc_hack.elf.dir/Middlewares/ST/STM32_USB_Device_Library/Core/Src/usbd_ioreq.c.obj
 .debug_info    0x000000000000ccc1     0x11b8 CMakeFiles/fc_hack.elf.dir/Src/main.c.obj
 .debug_info    0x000000000000de79      0xe1b CMakeFiles/fc_hack.elf.dir/Src/stm32f4xx_hal_msp.c.obj
 .debug_info    0x000000000000ec94      0xa68 CMakeFiles/fc_hack.elf.dir/Src/stm32f4xx_it.c.obj
 .debug_info    0x000000000000f6fc      0x6bf CMakeFiles/fc_hack.elf.dir/Src/syscalls.c.obj
 .debug_info    0x000000000000fdbb      0x50f CMakeFiles/fc_hack.elf.dir/Src/system_stm32f4xx.c.obj
 .debug_info    0x00000000000102ca      0x63a CMakeFiles/fc_hack.elf.dir/Src/usb_device.c.obj
 .debug_info    0x0000000000010904      0x83f CMakeFiles/fc_hack.elf.dir/Src/usbd_cdc_if.c.obj
 .debug_info    0x0000000000011143     0x1709 CMakeFiles/fc_hack.elf.dir/Src/usbd_conf.c.obj
 .debug_info    0x000000000001284c      0x457 CMakeFiles/fc_hack.elf.dir/Src/usbd_desc.c.obj
 .debug_info    0x0000000000012ca3       0x9a CMakeFiles/fc_hack.elf.dir/startup/startup_stm32f411xe.s.obj

.debug_abbrev   0x0000000000000000     0x2e33
 .debug_abbrev  0x0000000000000000      0x1ef CMakeFiles/fc_hack.elf.dir/Drivers/STM32F4xx_HAL_Driver/Src/stm32f4xx_hal.c.obj
 .debug_abbrev  0x00000000000001ef      0x2e2 CMakeFiles/fc_hack.elf.dir/Drivers/STM32F4xx_HAL_Driver/Src/stm32f4xx_hal_cortex.c.obj
 .debug_abbrev  0x00000000000004d1      0x1ec CMakeFiles/fc_hack.elf.dir/Drivers/STM32F4xx_HAL_Driver/Src/stm32f4xx_hal_dma.c.obj
 .debug_abbrev  0x00000000000006bd      0x1aa CMakeFiles/fc_hack.elf.dir/Drivers/STM32F4xx_HAL_Driver/Src/stm32f4xx_hal_gpio.c.obj
 .debug_abbrev  0x0000000000000867      0x22d CMakeFiles/fc_hack.elf.dir/Drivers/STM32F4xx_HAL_Driver/Src/stm32f4xx_hal_pcd.c.obj
 .debug_abbrev  0x0000000000000a94      0x196 CMakeFiles/fc_hack.elf.dir/Drivers/STM32F4xx_HAL_Driver/Src/stm32f4xx_hal_pcd_ex.c.obj
 .debug_abbrev  0x0000000000000c2a      0x23e CMakeFiles/fc_hack.elf.dir/Drivers/STM32F4xx_HAL_Driver/Src/stm32f4xx_hal_rcc.c.obj
 .debug_abbrev  0x0000000000000e68      0x204 CMakeFiles/fc_hack.elf.dir/Drivers/STM32F4xx_HAL_Driver/Src/stm32f4xx_hal_tim.c.obj
 .debug_abbrev  0x000000000000106c      0x20c CMakeFiles/fc_hack.elf.dir/Drivers/STM32F4xx_HAL_Driver/Src/stm32f4xx_hal_tim_ex.c.obj
 .debug_abbrev  0x0000000000001278      0x206 CMakeFiles/fc_hack.elf.dir/Drivers/STM32F4xx_HAL_Driver/Src/stm32f4xx_hal_uart.c.obj
 .debug_abbrev  0x000000000000147e      0x231 CMakeFiles/fc_hack.elf.dir/Drivers/STM32F4xx_HAL_Driver/Src/stm32f4xx_ll_usb.c.obj
 .debug_abbrev  0x00000000000016af      0x225 CMakeFiles/fc_hack.elf.dir/Middlewares/ST/STM32_USB_Device_Library/Class/CDC/Src/usbd_cdc.c.obj
 .debug_abbrev  0x00000000000018d4      0x1e6 CMakeFiles/fc_hack.elf.dir/Middlewares/ST/STM32_USB_Device_Library/Core/Src/usbd_core.c.obj
 .debug_abbrev  0x0000000000001aba      0x225 CMakeFiles/fc_hack.elf.dir/Middlewares/ST/STM32_USB_Device_Library/Core/Src/usbd_ctlreq.c.obj
 .debug_abbrev  0x0000000000001cdf      0x165 CMakeFiles/fc_hack.elf.dir/Middlewares/ST/STM32_USB_Device_Library/Core/Src/usbd_ioreq.c.obj
 .debug_abbrev  0x0000000000001e44      0x293 CMakeFiles/fc_hack.elf.dir/Src/main.c.obj
 .debug_abbrev  0x00000000000020d7      0x1d0 CMakeFiles/fc_hack.elf.dir/Src/stm32f4xx_hal_msp.c.obj
 .debug_abbrev  0x00000000000022a7      0x19a CMakeFiles/fc_hack.elf.dir/Src/stm32f4xx_it.c.obj
 .debug_abbrev  0x0000000000002441      0x174 CMakeFiles/fc_hack.elf.dir/Src/syscalls.c.obj
 .debug_abbrev  0x00000000000025b5       0xff CMakeFiles/fc_hack.elf.dir/Src/system_stm32f4xx.c.obj
 .debug_abbrev  0x00000000000026b4      0x16e CMakeFiles/fc_hack.elf.dir/Src/usb_device.c.obj
 .debug_abbrev  0x0000000000002822      0x260 CMakeFiles/fc_hack.elf.dir/Src/usbd_cdc_if.c.obj
 .debug_abbrev  0x0000000000002a82      0x231 CMakeFiles/fc_hack.elf.dir/Src/usbd_conf.c.obj
 .debug_abbrev  0x0000000000002cb3      0x16e CMakeFiles/fc_hack.elf.dir/Src/usbd_desc.c.obj
 .debug_abbrev  0x0000000000002e21       0x12 CMakeFiles/fc_hack.elf.dir/startup/startup_stm32f411xe.s.obj

.debug_aranges  0x0000000000000000     0x1388
 .debug_aranges
                0x0000000000000000       0xf0 CMakeFiles/fc_hack.elf.dir/Drivers/STM32F4xx_HAL_Driver/Src/stm32f4xx_hal.c.obj
 .debug_aranges
                0x00000000000000f0      0x118 CMakeFiles/fc_hack.elf.dir/Drivers/STM32F4xx_HAL_Driver/Src/stm32f4xx_hal_cortex.c.obj
 .debug_aranges
                0x0000000000000208       0x90 CMakeFiles/fc_hack.elf.dir/Drivers/STM32F4xx_HAL_Driver/Src/stm32f4xx_hal_dma.c.obj
 .debug_aranges
                0x0000000000000298       0x58 CMakeFiles/fc_hack.elf.dir/Drivers/STM32F4xx_HAL_Driver/Src/stm32f4xx_hal_gpio.c.obj
 .debug_aranges
                0x00000000000002f0      0x130 CMakeFiles/fc_hack.elf.dir/Drivers/STM32F4xx_HAL_Driver/Src/stm32f4xx_hal_pcd.c.obj
 .debug_aranges
                0x0000000000000420       0x38 CMakeFiles/fc_hack.elf.dir/Drivers/STM32F4xx_HAL_Driver/Src/stm32f4xx_hal_pcd_ex.c.obj
 .debug_aranges
                0x0000000000000458       0x88 CMakeFiles/fc_hack.elf.dir/Drivers/STM32F4xx_HAL_Driver/Src/stm32f4xx_hal_rcc.c.obj
 .debug_aranges
                0x00000000000004e0      0x3a8 CMakeFiles/fc_hack.elf.dir/Drivers/STM32F4xx_HAL_Driver/Src/stm32f4xx_hal_tim.c.obj
 .debug_aranges
                0x0000000000000888      0x150 CMakeFiles/fc_hack.elf.dir/Drivers/STM32F4xx_HAL_Driver/Src/stm32f4xx_hal_tim_ex.c.obj
 .debug_aranges
                0x00000000000009d8      0x1d0 CMakeFiles/fc_hack.elf.dir/Drivers/STM32F4xx_HAL_Driver/Src/stm32f4xx_hal_uart.c.obj
 .debug_aranges
                0x0000000000000ba8      0x198 CMakeFiles/fc_hack.elf.dir/Drivers/STM32F4xx_HAL_Driver/Src/stm32f4xx_ll_usb.c.obj
 .debug_aranges
                0x0000000000000d40       0x90 CMakeFiles/fc_hack.elf.dir/Middlewares/ST/STM32_USB_Device_Library/Class/CDC/Src/usbd_cdc.c.obj
 .debug_aranges
                0x0000000000000dd0       0xb8 CMakeFiles/fc_hack.elf.dir/Middlewares/ST/STM32_USB_Device_Library/Core/Src/usbd_core.c.obj
 .debug_aranges
                0x0000000000000e88       0x90 CMakeFiles/fc_hack.elf.dir/Middlewares/ST/STM32_USB_Device_Library/Core/Src/usbd_ctlreq.c.obj
 .debug_aranges
                0x0000000000000f18       0x50 CMakeFiles/fc_hack.elf.dir/Middlewares/ST/STM32_USB_Device_Library/Core/Src/usbd_ioreq.c.obj
 .debug_aranges
                0x0000000000000f68       0x80 CMakeFiles/fc_hack.elf.dir/Src/main.c.obj
 .debug_aranges
                0x0000000000000fe8       0x48 CMakeFiles/fc_hack.elf.dir/Src/stm32f4xx_hal_msp.c.obj
 .debug_aranges
                0x0000000000001030       0x90 CMakeFiles/fc_hack.elf.dir/Src/stm32f4xx_it.c.obj
 .debug_aranges
                0x00000000000010c0       0xb0 CMakeFiles/fc_hack.elf.dir/Src/syscalls.c.obj
 .debug_aranges
                0x0000000000001170       0x28 CMakeFiles/fc_hack.elf.dir/Src/system_stm32f4xx.c.obj
 .debug_aranges
                0x0000000000001198       0x20 CMakeFiles/fc_hack.elf.dir/Src/usb_device.c.obj
 .debug_aranges
                0x00000000000011b8       0x48 CMakeFiles/fc_hack.elf.dir/Src/usbd_cdc_if.c.obj
 .debug_aranges
                0x0000000000001200      0x100 CMakeFiles/fc_hack.elf.dir/Src/usbd_conf.c.obj
 .debug_aranges
                0x0000000000001300       0x60 CMakeFiles/fc_hack.elf.dir/Src/usbd_desc.c.obj
 .debug_aranges
                0x0000000000001360       0x28 CMakeFiles/fc_hack.elf.dir/startup/startup_stm32f411xe.s.obj

.debug_ranges   0x0000000000000000     0x1200
 .debug_ranges  0x0000000000000000       0xe0 CMakeFiles/fc_hack.elf.dir/Drivers/STM32F4xx_HAL_Driver/Src/stm32f4xx_hal.c.obj
 .debug_ranges  0x00000000000000e0      0x108 CMakeFiles/fc_hack.elf.dir/Drivers/STM32F4xx_HAL_Driver/Src/stm32f4xx_hal_cortex.c.obj
 .debug_ranges  0x00000000000001e8       0x80 CMakeFiles/fc_hack.elf.dir/Drivers/STM32F4xx_HAL_Driver/Src/stm32f4xx_hal_dma.c.obj
 .debug_ranges  0x0000000000000268       0x48 CMakeFiles/fc_hack.elf.dir/Drivers/STM32F4xx_HAL_Driver/Src/stm32f4xx_hal_gpio.c.obj
 .debug_ranges  0x00000000000002b0      0x120 CMakeFiles/fc_hack.elf.dir/Drivers/STM32F4xx_HAL_Driver/Src/stm32f4xx_hal_pcd.c.obj
 .debug_ranges  0x00000000000003d0       0x28 CMakeFiles/fc_hack.elf.dir/Drivers/STM32F4xx_HAL_Driver/Src/stm32f4xx_hal_pcd_ex.c.obj
 .debug_ranges  0x00000000000003f8       0x78 CMakeFiles/fc_hack.elf.dir/Drivers/STM32F4xx_HAL_Driver/Src/stm32f4xx_hal_rcc.c.obj
 .debug_ranges  0x0000000000000470      0x398 CMakeFiles/fc_hack.elf.dir/Drivers/STM32F4xx_HAL_Driver/Src/stm32f4xx_hal_tim.c.obj
 .debug_ranges  0x0000000000000808      0x140 CMakeFiles/fc_hack.elf.dir/Drivers/STM32F4xx_HAL_Driver/Src/stm32f4xx_hal_tim_ex.c.obj
 .debug_ranges  0x0000000000000948      0x1c0 CMakeFiles/fc_hack.elf.dir/Drivers/STM32F4xx_HAL_Driver/Src/stm32f4xx_hal_uart.c.obj
 .debug_ranges  0x0000000000000b08      0x188 CMakeFiles/fc_hack.elf.dir/Drivers/STM32F4xx_HAL_Driver/Src/stm32f4xx_ll_usb.c.obj
 .debug_ranges  0x0000000000000c90       0x80 CMakeFiles/fc_hack.elf.dir/Middlewares/ST/STM32_USB_Device_Library/Class/CDC/Src/usbd_cdc.c.obj
 .debug_ranges  0x0000000000000d10       0xa8 CMakeFiles/fc_hack.elf.dir/Middlewares/ST/STM32_USB_Device_Library/Core/Src/usbd_core.c.obj
 .debug_ranges  0x0000000000000db8       0x80 CMakeFiles/fc_hack.elf.dir/Middlewares/ST/STM32_USB_Device_Library/Core/Src/usbd_ctlreq.c.obj
 .debug_ranges  0x0000000000000e38       0x40 CMakeFiles/fc_hack.elf.dir/Middlewares/ST/STM32_USB_Device_Library/Core/Src/usbd_ioreq.c.obj
 .debug_ranges  0x0000000000000e78       0x70 CMakeFiles/fc_hack.elf.dir/Src/main.c.obj
 .debug_ranges  0x0000000000000ee8       0x38 CMakeFiles/fc_hack.elf.dir/Src/stm32f4xx_hal_msp.c.obj
 .debug_ranges  0x0000000000000f20       0x80 CMakeFiles/fc_hack.elf.dir/Src/stm32f4xx_it.c.obj
 .debug_ranges  0x0000000000000fa0       0xa0 CMakeFiles/fc_hack.elf.dir/Src/syscalls.c.obj
 .debug_ranges  0x0000000000001040       0x18 CMakeFiles/fc_hack.elf.dir/Src/system_stm32f4xx.c.obj
 .debug_ranges  0x0000000000001058       0x10 CMakeFiles/fc_hack.elf.dir/Src/usb_device.c.obj
 .debug_ranges  0x0000000000001068       0x38 CMakeFiles/fc_hack.elf.dir/Src/usbd_cdc_if.c.obj
 .debug_ranges  0x00000000000010a0       0xf0 CMakeFiles/fc_hack.elf.dir/Src/usbd_conf.c.obj